******************************************************************************
                  TI ARM Linker Unix v5.1.2                    
******************************************************************************
>> Linked Sun Oct 13 18:47:34 2013

OUTPUT FILE NAME:   <szime2.0tesztmereshez.out>
ENTRY POINT SYMBOL: "_c_int00"  address: 0000a3a5


MEMORY CONFIGURATION

         name            origin    length      used     unused   attr    fill
----------------------  --------  ---------  --------  --------  ----  --------
  FLASH                 00000000   00040000  0000fedb  00030125  R  X
  SRAM                  20000000   00008000  00006b84  0000147c  RW X


SEGMENT ALLOCATION MAP

run origin  load origin   length   init length attrs members
----------  ----------- ---------- ----------- ----- -------
00000000    00000000    0000fee0   0000fee0    r-x
  00000000    00000000    00000360   00000360    r-- .resetVecs
  00000360    00000360    0000c432   0000c432    r-x .text
  0000c794    0000c794    00003149   00003149    r-- .const
  0000f8e0    0000f8e0    00000600   00000600    r-- .cinit
20000000    20000000    00000360   00000000    rw-
  20000000    20000000    00000360   00000000    rw- .vecs
20000400    20000400    00006824   00000000    rw-
  20000400    20000400    00004bd4   00000000    rw- .bss
  20004fd4    20004fd4    00001000   00000000    rw- .stack
  20005fd4    20005fd4    00000c50   00000000    rw- .data


SECTION ALLOCATION MAP

 output                                  attributes/
section   page    origin      length       input sections
--------  ----  ----------  ----------   ----------------
.bootVecs 
*          0    00000000    00000008     DSECT
                  00000000    00000008     boot.aem4f : boot.oem4f (.bootVecs)

.resetVecs 
*          0    00000000    00000360     
                  00000000    00000360     szime2.0_pem4f.oem4f (.resetVecs)

xdc.meta   0    00000000    000000f0     COPY SECTION
                  00000000    000000f0     szime2.0_pem4f.oem4f (xdc.meta)

.text      0    00000360    0000c432     
                  00000360    0000046c     uart_tivaware.aem4f : UARTTiva.oem4f (.text:UARTTiva_hwiIntFxn)
                  000007cc    00000440     spi_tivaware.aem4f : SPITivaDMA.oem4f (.text:SPITivaDMA_open)
                  00000c0c    00000424     sysbios.aem4f : BIOS.obj (.text:ti_sysbios_family_arm_m3_Hwi_excDumpRegs__I)
                  00001030    0000041c     uart_tivaware.aem4f : UARTTiva.oem4f (.text:UARTTiva_open)
                  0000144c    000003a8     sdspi_tivaware.aem4f : SDSPITiva.oem4f (.text:SDSPI_diskIOctrl)
                  000017f4    00000348                          : SDSPITiva.oem4f (.text:SDSPI_diskInitialize)
                  00001b3c    00000344     ti.targets.arm.rtsarm.aem4f : System.oem4f (.text:xdc_runtime_System_doPrint__I)
                  00001e80    00000310     szime2.0teszt.obj (.text:SDTask)
                  00002190    00000310     rtsv7M4_T_le_v4SPD16_eabi.lib : lowlev.obj (.text)
                  000024a0    000002f4     ti.sysbios.fatfs.aem4f : ff.oem4f (.text:chk_mounted)
                  00002794    000002d4     rtsv7M4_T_le_v4SPD16_eabi.lib : trgdrv.obj (.text)
                  00002a68    000002b0     sdspi_tivaware.aem4f : SDSPITiva.oem4f (.text:SDSPITiva_open)
                  00002d18    00000290     szime2.0teszt.obj (.text:UartTest)
                  00002fa8    00000270     sysbios.aem4f : BIOS.obj (.text:ti_sysbios_knl_Semaphore_pend__E)
                  00003218    00000260     sdspi_tivaware.aem4f : SDSPITiva.oem4f (.text:SDSPI_diskWrite)
                  00003478    00000248     sysbios.aem4f : BIOS.obj (.text:ti_sysbios_heaps_HeapMem_free__E)
                  000036c0    00000234                   : BIOS.obj (.text:ti_sysbios_family_arm_lm4_Timer_start__E)
                  000038f4    00000234                   : BIOS.obj (.text:ti_sysbios_heaps_HeapMem_alloc__E)
                  00003b28    00000234                   : BIOS.obj (.text:ti_sysbios_utils_Load_update__E)
                  00003d5c    000001fc                   : BIOS.obj (.text:ti_sysbios_family_arm_m3_Hwi_excHandlerMax__I)
                  00003f58    000001ec     uart_tivaware.aem4f : UARTTiva.oem4f (.text:UARTTiva_write)
                  00004144    000001d8     sysbios.aem4f : BIOS.obj (.text:ti_sysbios_knl_Task_sleep__E)
                  0000431c    000001cc     sdspi_tivaware.aem4f : SDSPITiva.oem4f (.text:SDSPI_diskRead)
                  000044e8    000001c8     sysbios.aem4f : BIOS.obj (.text:ti_sysbios_utils_Load_logLoads__I)
                  000046b0    000001ac     ti.uia.runtime.aem4f : LoggerStopMode.oem4f (.text:ti_uia_runtime_LoggerStopMode_write8__E)
                  0000485c    000001a6     ti.sysbios.fatfs.aem4f : ff.oem4f (.text:f_write)
                  00004a02    00000002     sysbios.aem4f : BIOS.obj (.text:ti_sysbios_BIOS_nullFunc__I)
                  00004a04    000001a4     sdspi_tivaware.aem4f : SDSPITiva.oem4f (.text:SDSPITiva_close)
                  00004ba8    0000019c     spi_tivaware.aem4f : SPITivaDMA.oem4f (.text:SPITivaDMA_configDMA)
                  00004d44    0000017c                        : SPITivaDMA.oem4f (.text:SPITivaDMA_hwiFxn)
                  00004ec0    00000174     ti.sysbios.fatfs.aem4f : ff.oem4f (.text:f_read)
                  00005034    00000170     uart_tivaware.aem4f : UARTTiva.oem4f (.text:UARTTiva_readPolling)
                  000051a4    00000168     sysbios.aem4f : BIOS.obj (.text:ti_sysbios_family_arm_m3_Hwi_excBusFault__I)
                  0000530c    00000160     uart_tivaware.aem4f : UARTTiva.oem4f (.text:readData)
                  0000546c    0000015c     ti.sysbios.fatfs.aem4f : ff.oem4f (.text:f_lseek)
                  000055c8    0000015c     ti.uia.runtime.aem4f : LoggerStopMode.oem4f (.text:ti_uia_runtime_LoggerStopMode_writeMemoryRange__E)
                  00005724    00000154     sysbios.aem4f : BIOS.obj (.text:ti_sysbios_knl_Task_exit__E)
                  00005878    00000150     ti.sysbios.fatfs.aem4f : ff.oem4f (.text:f_open)
                  000059c8    0000014c     sysbios.aem4f : BIOS.obj (.text:ti_sysbios_knl_Semaphore_post__E)
                  00005b14    00000148     sdspi_tivaware.aem4f : SDSPITiva.oem4f (.text:send_cmd)
                  00005c5c    00000148     sysbios.aem4f : BIOS.obj (.text:ti_sysbios_family_arm_m3_Hwi_excUsageFault__I)
                  00005da4    00000144                   : BIOS.obj (.text:ti_sysbios_family_arm_lm4_TimestampProvider_get64__E)
                  00005ee8    00000140     ti.uia.runtime.aem4f : LoggerStopMode.oem4f (.text:ti_uia_runtime_LoggerStopMode_write4__E)
                  00006028    0000013c     ti.targets.arm.rtsarm.aem4f : Error.oem4f (.text:xdc_runtime_Error_raiseX__F)
                  00006164    00000138     Boot.aem4f : Boot_sysctl.oem4f (.text:ti_catalog_arm_cortexm4_tiva_ce_Boot_sysCtlClockSetI__I)
                  0000629c    00000138     sysbios.aem4f : BIOS.obj (.text:ti_sysbios_heaps_HeapMem_Instance_init__F)
                  000063d4    00000134                   : m3_Hwi_asm.obj (.text:ti_sysbios_family_arm_m3_Hwi_dispatch__I)
                  00006508    00000134                   : BIOS.obj (.text:ti_sysbios_family_arm_m3_Hwi_excMemFault__I)
                  0000663c    00000130                   : BIOS.obj (.text:ti_sysbios_family_arm_lm4_Timer_initDevice__I)
                  0000676c    0000012c                   : BIOS.obj (.text:ti_sysbios_family_arm_m3_Hwi_dispatchC__I)
                  00006898    0000012c                   : BIOS.obj (.text:ti_sysbios_knl_Clock_workFunc__E)
                  000069c4    00000126     ti.sysbios.fatfs.aem4f : ff.oem4f (.text:f_rename)
                  00006aea    00000002     sysbios.aem4f : BIOS.obj (.text:ti_sysbios_gates_GateHwi_Instance_init__F)
                  00006aec    00000124     EKS_LM4F232.obj (.text:EKS_LM4F232_initUART)
                  00006c10    00000117     ti.sysbios.fatfs.aem4f : ff.oem4f (.text:create_name)
                  00006d27    00000001     --HOLE-- [fill = 0]
                  00006d28    00000114     sysbios.aem4f : BIOS.obj (.text:ti_sysbios_knl_Swi_run__I)
                  00006e3c    00000104     ti.targets.arm.rtsarm.aem4f : Core-mem.oem4f (.text:xdc_runtime_Core_createObject__I)
                  00006f40    00000104     szime2.0_pem4f.oem4f (.text:xdc_runtime_System_printfExtend__I)
                  00007044    00000100     sysbios.aem4f : BIOS.obj (.text:ti_sysbios_knl_Task_schedule__I)
                  00007144    00000100                   : BIOS.obj (.text:ti_sysbios_knl_Task_startCore__E)
                  00007244    000000fa     ti.sysbios.fatfs.aem4f : ff.oem4f (.text:dir_next)
                  0000733e    00000002     szime2.0_pem4f.oem4f (.text:xdc_runtime_Startup_reset__I)
                  00007340    000000f8     sysbios.aem4f : BIOS.obj (.text:ti_sysbios_knl_Task_postInit__I)
                  00007438    000000f8     ti.targets.arm.rtsarm.aem4f : Startup.oem4f (.text:xdc_runtime_Startup_startMods__I)
                  00007530    000000f4     gpio_tivaware.aem4f : GPIO.oem4f (.text:GPIO_toggle)
                  00007624    000000f4     rtsv7M4_T_le_v4SPD16_eabi.lib : dtor_list.obj (.text)
                  00007718    000000f0     gpio_tivaware.aem4f : GPIO.oem4f (.text:GPIO_write)
                  00007808    000000e4     sysbios.aem4f : BIOS.obj (.text:ti_sysbios_family_arm_m3_Hwi_initNVIC__E)
                  000078ec    000000de     ti.sysbios.fatfs.aem4f : ff.oem4f (.text:put_fat)
                  000079ca    000000d2     szime2.0teszt.obj (.text:PortTest)
                  00007a9c    000000cc     ti.sysbios.fatfs.aem4f : ff.oem4f (.text:get_fat)
                  00007b68    000000c8     EKS_LM4F232.obj (.text:EKS_LM4F232_initGPIO)
                  00007c30    000000c8     sdspi_tivaware.aem4f : SDSPITiva.oem4f (.text:send_initial_clock_train)
                  00007cf8    000000c8     sysbios.aem4f : BIOS.obj (.text:ti_sysbios_family_arm_lm4_TimestampProvider_get32__E)
                  00007dc0    000000c2     ti.sysbios.fatfs.aem4f : ff.oem4f (.text:f_unlink)
                  00007e82    00000002     --HOLE-- [fill = 0]
                  00007e84    000000c0     szime2.0teszt.obj (.text:main)
                  00007f44    000000c0     ti.sysbios.fatfs.aem4f : ff.oem4f (.text:sync)
                  00008004    000000c0     sysbios.aem4f : BIOS.obj (.text:ti_sysbios_knl_Task_unblockI__E)
                  000080c4    000000bc                   : BIOS.obj (.text:ti_sysbios_utils_Load_taskDeleteHook__E)
                  00008180    000000b8     driverlib.lib : gpio.obj (.text:GPIOPadConfigSet)
                  00008238    000000b8     sysbios.aem4f : BIOS.obj (.text:ti_sysbios_utils_Load_idleFxn__E)
                  000082f0    000000b4     ti.sysbios.fatfs.aem4f : ff.oem4f (.text:f_sync)
                  000083a4    000000b4     sysbios.aem4f : BIOS.obj (.text:ti_sysbios_gates_GateMutex_enter__E)
                  00008458    000000b4                   : BIOS.obj (.text:ti_sysbios_knl_Task_checkStacks__E)
                  0000850c    000000b0     ti.sysbios.fatfs.aem4f : ffcio.oem4f (.text:ffcio_open)
                  000085bc    000000b0     sysbios.aem4f : BIOS.obj (.text:ti_sysbios_family_arm_m3_Hwi_excHardFault__I)
                  0000866c    000000b0                   : BIOS.obj (.text:ti_sysbios_knl_Swi_post__E)
                  0000871c    000000b0                   : BIOS.obj (.text:ti_sysbios_knl_Swi_schedule__I)
                  000087cc    000000ac     uart_tivaware.aem4f : UARTTiva.oem4f (.text:UARTTiva_close)
                  00008878    000000a8     spi_tivaware.aem4f : SPITivaDMA.oem4f (.text:SPITivaDMA_transfer)
                  00008920    000000a8     sysbios.aem4f : BIOS.obj (.text:ti_sysbios_family_arm_lm4_Timer_Module_startup__F)
                  000089c8    000000a8                   : BIOS.obj (.text:ti_sysbios_family_arm_m3_Hwi_excDebugMon__I)
                  00008a70    000000a8                   : BIOS.obj (.text:ti_sysbios_knl_Semaphore_Instance_init__F)
                  00008b18    000000a4                   : BIOS.obj (.text:ti_sysbios_family_arm_m3_Hwi_Module_startup__F)
                  00008bbc    000000a0     auto_init.aem4f : auto_init.oem4f (.text)
                  00008c5c    000000a0     sysbios.aem4f : BIOS.obj (.text:ti_sysbios_knl_Task_blockI__E)
                  00008cfc    0000009c     rtsv7M4_T_le_v4SPD16_eabi.lib : memcpy_t2.obj (.text)
                  00008d98    0000009a     ti.targets.arm.rtsarm.aem4f : Text.oem4f (.text:xdc_runtime_Text_putSite__F)
                  00008e32    0000009a     sdspi_tivaware.aem4f : SDSPITiva.oem4f (.text:xmit_datablock)
                  00008ecc    00000098     ti.sysbios.fatfs.aem4f : ff.oem4f (.text:create_chain)
                  00008f64    00000094     spi_tivaware.aem4f : SPITivaDMA.oem4f (.text:SPITivaDMA_close)
                  00008ff8    00000094     Boot.aem4f : Boot.oem4f (.text:ti_catalog_arm_cortexm4_tiva_ce_Boot_sysCtlClockSet__E)
                  0000908c    00000094     sysbios.aem4f : BIOS.obj (.text:ti_sysbios_family_arm_m3_Hwi_Instance_init__F)
                  00009120    00000094     ti.targets.arm.rtsarm.aem4f : Text.oem4f (.text:xdc_runtime_Text_putMod__F)
                  000091b4    00000090     EKS_LM4F232.obj (.text:EKS_LM4F232_initGeneral)
                  00009244    00000090     sysbios.aem4f : BIOS.obj (.text:ti_sysbios_family_arm_lm4_Timer_setNextTick__E)
                  000092d4    0000008e     sdspi_tivaware.aem4f : SDSPITiva.oem4f (.text:rcvr_datablock)
                  00009362    00000002     --HOLE-- [fill = 0]
                  00009364    0000008c     sysbios.aem4f : m3_TaskSupport_asm.obj (.text:_ti_sysbios_family_arm_m3_TaskSupport_buildTaskStack)
                  000093f0    0000008c                   : BIOS.obj (.text:ti_sysbios_utils_Load_taskCreateHook__E)
                  0000947c    00000084     ti.uia.runtime.aem4f : LoggerStopMode.oem4f (.text:ti_uia_runtime_LoggerStopMode_setFilterLevel__E)
                  00009500    00000080     EKS_LM4F232.obj (.text:EKS_LM4F232_initSPI)
                  00009580    00000080     sysbios.aem4f : BIOS.obj (.text:ti_sysbios_knl_Task_Module_startup__F)
                  00009600    00000080     driverlib.lib : udma.obj (.text:uDMAChannelTransferSet)
                  00009680    0000007e     ti.uia.runtime.aem4f : LoggerStopMode.oem4f (.text:ti_uia_runtime_LoggerStopMode_getContents__E)
                  000096fe    00000002     --HOLE-- [fill = 0]
                  00009700    0000007c     EKS_LM4F232.obj (.text:EKS_LM4F232_initDMA)
                  0000977c    0000007c     ti.sysbios.fatfs.aem4f : ff.oem4f (.text:dir_sdi)
                  000097f8    00000078     rtsv7M4_T_le_v4SPD16_eabi.lib : memset_t2.obj (.text)
                  00009870    00000078     sysbios.aem4f : BIOS.obj (.text:ti_sysbios_family_arm_lm4_Timer_getExpiredCounts__E)
                  000098e8    00000078                   : BIOS.obj (.text:ti_sysbios_utils_Load_addTask__E)
                  00009960    00000076     ti.sysbios.fatfs.aem4f : ff.oem4f (.text:follow_path)
                  000099d6    00000002     --HOLE-- [fill = 0]
                  000099d8    00000074     sysbios.aem4f : BIOS.obj (.text:ti_sysbios_family_arm_lm4_Timer_isrStub__E)
                  00009a4c    00000074                   : BIOS.obj (.text:ti_sysbios_knl_Clock_startI__E)
                  00009ac0    00000070     ti.sysbios.fatfs.aem4f : ff.oem4f (.text:check_fs)
                  00009b30    00000070     szime2.0_pem4f.oem4f (.text:ti_sysbios_family_arm_m3_Hwi_Object__create__S)
                  00009ba0    00000070     sysbios.aem4f : BIOS.obj (.text:ti_sysbios_family_arm_m3_Hwi_reconfig__E)
                  00009c10    00000070     szime2.0_pem4f.oem4f (.text:ti_sysbios_hal_Hwi_Object__create__S)
                  00009c80    00000070     ti.uia.runtime.aem4f : LoggerStopMode.oem4f (.text:ti_uia_runtime_LoggerStopMode_getFilterLevel__E)
                  00009cf0    00000070                          : QueueDescriptor.oem4f (.text:ti_uia_runtime_QueueDescriptor_addToList__E)
                  00009d60    00000070     ti.targets.arm.rtsarm.aem4f : Memory.oem4f (.text:xdc_runtime_Memory_alloc__F)
                  00009dd0    0000006e     ti.sysbios.fatfs.aem4f : ff.oem4f (.text:move_window)
                  00009e3e    0000006e     ti.uia.runtime.aem4f : LoggerStopMode.oem4f (.text:ti_uia_runtime_LoggerStopMode_writeBlockOfMemory__I)
                  00009eac    0000006c     ti.targets.arm.rtsarm.aem4f : Error.oem4f (.text:xdc_runtime_Error_print__F)
                  00009f18    00000066                                 : Core-mem.oem4f (.text:xdc_runtime_Core_deleteObject__I)
                  00009f7e    00000064     uart_tivaware.aem4f : UARTTiva.oem4f (.text:UARTTiva_read)
                  00009fe2    00000064     ti.sysbios.fatfs.aem4f : ff.oem4f (.text:remove_chain)
                  0000a046    00000002     --HOLE-- [fill = 0]
                  0000a048    00000064     sysbios.aem4f : BIOS.obj (.text:ti_sysbios_BIOS_rtsUnlock__I)
                  0000a0ac    00000062     ti.sysbios.fatfs.aem4f : ff.oem4f (.text:dir_register)
                  0000a10e    00000002     --HOLE-- [fill = 0]
                  0000a110    00000060     rtsv7M4_T_le_v4SPD16_eabi.lib : trgmsg.obj (.text)
                  0000a170    00000060     sysbios.aem4f : BIOS.obj (.text:ti_sysbios_knl_Clock_logTick__E)
                  0000a1d0    00000060     szime2.0_pem4f.oem4f (.text:ti_uia_runtime_LoggerStopMode_Object__create__S)
                  0000a230    0000005e     rtsv7M4_T_le_v4SPD16_eabi.lib : copy_decompress_rle.obj (.text)
                  0000a28e    00000002     --HOLE-- [fill = 0]
                  0000a290    0000005c     sysbios.aem4f : BIOS.obj (.text:ti_sysbios_knl_Swi_restoreHwi__E)
                  0000a2ec    0000005b     ti.targets.arm.rtsarm.aem4f : Text.oem4f (.text:xdc_runtime_Text_putLab__F)
                  0000a347    00000001     --HOLE-- [fill = 0]
                  0000a348    0000005a     ti.uia.runtime.aem4f : LoggerStopMode.oem4f (.text:ti_uia_runtime_LoggerStopMode_readBlockOfMemory__I)
                  0000a3a2    00000002     --HOLE-- [fill = 0]
                  0000a3a4    00000058     boot.aem4f : boot.oem4f (.text)
                  0000a3fc    00000058     sysbios.aem4f : BIOS.obj (.text:ti_sysbios_utils_Load_taskSwitchHook__E)
                  0000a454    00000054     ti.uia.runtime.aem4f : QueueDescriptor.oem4f (.text:ti_uia_runtime_QueueDescriptor_removeFromList__E)
                  0000a4a8    00000050     ti.targets.arm.rtsarm.aem4f : Startup.oem4f (.text:xdc_runtime_Startup_exec__F)
                  0000a4f8    00000050                                 : System.oem4f (.text:xdc_runtime_System_formatNum__I)
                  0000a548    00000050                                 : Text.oem4f (.text:xdc_runtime_Text_visitRope2__I)
                  0000a598    0000004c     sdspi_tivaware.aem4f : SDSPI.oem4f (.text:SDSPI_open)
                  0000a5e4    0000004c     uart_tivaware.aem4f : UART.oem4f (.text:UART_Params_init)
                  0000a630    0000004c     szime2.0_pem4f.oem4f (.text:ti_sysbios_fatfs_startup)
                  0000a67c    0000004c     sysbios.aem4f : BIOS.obj (.text:ti_sysbios_knl_Clock_getTicks__E)
                  0000a6c8    0000004c                   : BIOS.obj (.text:ti_sysbios_knl_Task_allBlockedFunction__I)
                  0000a714    0000004a     ti.sysbios.fatfs.aem4f : ff.oem4f (.text:dir_find)
                  0000a75e    0000004a     sdspi_tivaware.aem4f : SDSPITiva.oem4f (.text:wait_ready)
                  0000a7a8    00000048     driverlib.lib : gpio.obj (.text:GPIOPinConfigure)
                  0000a7f0    00000048     sysbios.aem4f : BIOS.obj (.text:ti_sysbios_family_arm_m3_Hwi_excReserved__I)
                  0000a838    00000048                   : BIOS.obj (.text:ti_sysbios_heaps_HeapMem_getStats__E)
                  0000a880    00000048                   : BIOS.obj (.text:ti_sysbios_knl_Semaphore_pendTimeout__I)
                  0000a8c8    00000048     ti.targets.arm.rtsarm.aem4f : Assert.oem4f (.text:xdc_runtime_Assert_raise__I)
                  0000a910    00000048                                 : Core-params.oem4f (.text:xdc_runtime_Core_assignParams__I)
                  0000a958    00000046     ti.uia.runtime.aem4f : LoggerStopMode.oem4f (.text:ti_uia_runtime_LoggerStopMode_Instance_init__F)
                  0000a99e    00000002     --HOLE-- [fill = 0]
                  0000a9a0    00000044     uart_tivaware.aem4f : UART.oem4f (.text:UART_open)
                  0000a9e4    00000044     ti.sysbios.fatfs.aem4f : ff.oem4f (.text:f_mount)
                  0000aa28    00000044     rtsv7M4_T_le_v4SPD16_eabi.lib : cpy_tbl.obj (.text)
                  0000aa6c    00000044                                   : exit.obj (.text)
                  0000aab0    00000044     sysbios.aem4f : BIOS.obj (.text:ti_sysbios_BIOS_errorRaiseHook__I)
                  0000aaf4    00000044                   : BIOS.obj (.text:ti_sysbios_family_arm_m3_Hwi_disableInterrupt__E)
                  0000ab38    00000044                   : BIOS.obj (.text:ti_sysbios_family_arm_m3_Hwi_enableInterrupt__E)
                  0000ab7c    00000044     ti.uia.runtime.aem4f : LoggerStopMode.oem4f (.text:ti_uia_runtime_LoggerStopMode_filterOutEvent__I)
                  0000abc0    00000044                          : LoggerStopMode.oem4f (.text:ti_uia_runtime_LoggerStopMode_reset__F)
                  0000ac04    00000044     ti.targets.arm.rtsarm.aem4f : SysMin.oem4f (.text:xdc_runtime_SysMin_flush__F)
                  0000ac48    00000042     driverlib.lib : ssi.obj (.text:SSIConfigSetExpClk)
                  0000ac8a    00000040                   : uart.obj (.text:UARTConfigSetExpClk)
                  0000acca    00000040     uart_tivaware.aem4f : UARTTiva.oem4f (.text:UARTTiva_writePolling)
                  0000ad0a    00000040     ti.sysbios.fatfs.aem4f : ff.oem4f (.text:dir_read)
                  0000ad4a    00000002     --HOLE-- [fill = 0]
                  0000ad4c    00000040     sysbios.aem4f : BIOS.obj (.text:ti_sysbios_family_arm_lm4_Timer_startup__E)
                  0000ad8c    00000040     szime2.0_pem4f.oem4f (.text:ti_sysbios_knl_Semaphore_Object__create__S)
                  0000adcc    00000040     sysbios.aem4f : BIOS.obj (.text:ti_sysbios_knl_Swi_startup__E)
                  0000ae0c    00000040     ti.targets.arm.rtsarm.aem4f : System.oem4f (.text:xdc_runtime_System_atexit__F)
                  0000ae4c    0000003c     EKS_LM4F232.obj (.text:EKS_LM4F232_errorDMAHwi)
                  0000ae88    0000003c     EKS_LM4F232.obj (.text:EKS_LM4F232_initSDSPI)
                  0000aec4    0000003c     sysbios.aem4f : BIOS.obj (.text:ti_sysbios_family_arm_m3_Hwi_excSvCall__I)
                  0000af00    0000003c                   : BIOS.obj (.text:ti_sysbios_family_arm_m3_TaskSupport_start__E)
                  0000af3c    0000003c                   : BIOS.obj (.text:ti_sysbios_heaps_HeapMem_init__I)
                  0000af78    0000003c     ti.targets.arm.rtsarm.aem4f : Text.oem4f (.text:xdc_runtime_Text_xprintf__I)
                  0000afb4    00000038     sdspi_tivaware.aem4f : SDSPI.oem4f (.text:SDSPI_close)
                  0000afec    00000038                          : SDSPI.oem4f (.text:SDSPI_init)
                  0000b024    00000038     spi_tivaware.aem4f : SPI.oem4f (.text:SPI_Params_init)
                  0000b05c    00000038                        : SPI.oem4f (.text:SPI_init)
                  0000b094    00000038     uart_tivaware.aem4f : UART.oem4f (.text:UART_init)
                  0000b0cc    00000038     sysbios.aem4f : BIOS.obj (.text:ti_sysbios_family_arm_m3_Hwi_excNoIsr__I)
                  0000b104    00000038                   : BIOS.obj (.text:ti_sysbios_family_arm_m3_Hwi_getStackInfo__E)
                  0000b13c    00000038     szime2.0_pem4f.oem4f (.text:ti_sysbios_gates_GateHwi_Object__create__S)
                  0000b174    00000038     szime2.0_pem4f.oem4f (.text:ti_sysbios_gates_GateMutex_Object__create__S)
                  0000b1ac    00000038     szime2.0_pem4f.oem4f (.text:ti_sysbios_heaps_HeapMem_Object__create__S)
                  0000b1e4    00000038     szime2.0_pem4f.oem4f (.text:ti_sysbios_knl_Queue_Object__create__S)
                  0000b21c    00000038     ti.targets.arm.rtsarm.aem4f : SysMin.oem4f (.text:xdc_runtime_SysMin_putch__F)
                  0000b254    00000034     driverlib.lib : sysctl.obj (.text:SysCtlPeripheralEnable)
                  0000b288    00000034     uart_tivaware.aem4f : UART.oem4f (.text:UART_read)
                  0000b2bc    00000034                         : UART.oem4f (.text:UART_write)
                  0000b2f0    00000034     ti.sysbios.fatfs.aem4f : ffcio.oem4f (.text:ffcio_lseek)
                  0000b324    00000034     sysbios.aem4f : BIOS.obj (.text:ti_sysbios_family_arm_m3_Hwi_excNmi__I)
                  0000b358    00000034                   : BIOS.obj (.text:ti_sysbios_hal_Hwi_checkStack:ti_sysbios_hal_Hwi_checkStack)
                  0000b38c    00000034                   : BIOS.obj (.text:ti_sysbios_knl_Task_restore__E)
                  0000b3c0    00000034                   : BIOS.obj (.text:ti_sysbios_knl_Task_sleepTimeout__I)
                  0000b3f4    00000032                   : BIOS.obj (.text:ti_sysbios_hal_Hwi_Instance_init__F)
                  0000b426    00000030     uart_tivaware.aem4f : UARTTiva.oem4f (.text:UARTTiva_readCancel)
                  0000b456    00000030                         : UARTTiva.oem4f (.text:UARTTiva_writeCancel)
                  0000b486    00000030     rtsv7M4_T_le_v4SPD16_eabi.lib : strncpy.obj (.text)
                  0000b4b6    00000002     --HOLE-- [fill = 0]
                  0000b4b8    00000030     szime2.0_pem4f.oem4f (.text:ti_sysbios_BIOS_exitFunc__I)
                  0000b4e8    00000030     sysbios.aem4f : BIOS.obj (.text:ti_sysbios_family_arm_lm4_Timer_enableTimers__I)
                  0000b518    00000030                   : BIOS.obj (.text:ti_sysbios_knl_Clock_Module_startup__F)
                  0000b548    00000030                   : BIOS.obj (.text:ti_sysbios_knl_Idle_run__E)
                  0000b578    00000030     ti.sysbios.fatfs.aem4f : ff.oem4f (.text:validate)
                  0000b5a8    00000030     ti.targets.arm.rtsarm.aem4f : Core-label.oem4f (.text:xdc_runtime_Core_assignLabel__I)
                  0000b5d8    00000030                                 : SysMin.oem4f (.text:xdc_runtime_SysMin_abort__F)
                  0000b608    0000002f                                 : Text.oem4f (.text:xdc_runtime_Text_printVisFxn__I)
                  0000b637    00000001     --HOLE-- [fill = 0]
                  0000b638    0000002e     szime2.0_pem4f.oem4f (.text:malloc)
                  0000b666    0000002e     EKS_LM4F232.obj (.text:ti_sysbios_hal_Hwi_create)
                  0000b694    0000002c     sdspi_tivaware.aem4f : SDSPI.oem4f (.text:SDSPI_Params_init)
                  0000b6c0    0000002c     ti.sysbios.fatfs.aem4f : diskio.oem4f (.text:disk_register)
                  0000b6ec    0000002c     sysbios.aem4f : BIOS.obj (.text:ti_sysbios_hal_Hwi_initStack:ti_sysbios_hal_Hwi_initStack)
                  0000b718    0000002c     szime2.0_pem4f.oem4f (.text:ti_sysbios_knl_Clock_doTick__I)
                  0000b744    0000002c     ti.uia.runtime.aem4f : LoggerStopMode.oem4f (.text:ti_uia_runtime_LoggerStopMode_Module_startup__F)
                  0000b770    0000002c                          : LoggerStopMode.oem4f (.text:ti_uia_runtime_LoggerStopMode_disable__E)
                  0000b79c    0000002c                          : LoggerStopMode.oem4f (.text:ti_uia_runtime_LoggerStopMode_enable__E)
                  0000b7c8    0000002c     driverlib.lib : udma.obj (.text:uDMAChannelAssign)
                  0000b7f4    0000002c     ti.targets.arm.rtsarm.aem4f : System.oem4f (.text:xdc_runtime_System_rtsExit__I)
                  0000b820    0000002c                                 : Text.oem4f (.text:xdc_runtime_Text_cordText__F)
                  0000b84c    0000002a     driverlib.lib : gpio.obj (.text:GPIODirModeSet)
                  0000b876    0000002a     szime2.0teszt.obj (.text:GPIOTicker)
                  0000b8a0    0000002a     ti.sysbios.fatfs.aem4f : syncsysbios.oem4f (.text:ff_cre_syncobj)
                  0000b8ca    0000002a     ti.targets.arm.rtsarm.aem4f : System.oem4f (.text:xdc_runtime_System_putchar__I)
                  0000b8f4    00000028     sysbios.aem4f : m3_Hwi_asm_switch.obj (.text:_ti_sysbios_family_arm_m3_Hwi_initStacks__E)
                  0000b91c    00000028     szime2.0_pem4f.oem4f (.text:ti_sysbios_BIOS_startFunc__I)
                  0000b944    00000028     sysbios.aem4f : BIOS.obj (.text:ti_sysbios_family_arm_m3_Hwi_Instance_finalize__F)
                  0000b96c    00000028                   : BIOS.obj (.text:ti_sysbios_gates_GateMutex_Instance_init__F)
                  0000b994    00000028     ti.uia.runtime.aem4f : LogSync.oem4f (.text:ti_uia_runtime_LogSync_Module_startup__F)
                  0000b9bc    00000028                          : QueueDescriptor.oem4f (.text:ti_uia_runtime_QueueDescriptor_initHeader__E)
                  0000b9e4    00000026     ti.targets.arm.rtsarm.aem4f : System.oem4f (.text:xdc_runtime_System_avprintf__F)
                  0000ba0a    00000002     --HOLE-- [fill = 0]
                  0000ba0c    00000024     gpio_tivaware.aem4f : GPIO.oem4f (.text:GPIO_init)
                  0000ba30    00000024     ti.sysbios.fatfs.aem4f : ff.oem4f (.text:dir_remove)
                  0000ba54    00000024                            : diskio.oem4f (.text:disk_unregister)
                  0000ba78    00000024                            : ffcio.oem4f (.text:ffcio_close)
                  0000ba9c    00000024     sysbios.aem4f : BIOS.obj (.text:ti_sysbios_BIOS_registerRTSLock__I)
                  0000bac0    00000024                   : BIOS.obj (.text:ti_sysbios_family_arm_m3_Hwi_doTaskRestore__I)
                  0000bae4    00000024     szime2.0_pem4f.oem4f (.text:ti_sysbios_gates_GateMutex_Object__delete__S)
                  0000bb08    00000024     szime2.0_pem4f.oem4f (.text:ti_sysbios_knl_Semaphore_Object__delete__S)
                  0000bb2c    00000024     sysbios.aem4f : BIOS.obj (.text:ti_sysbios_knl_Swi_Module_startup__F)
                  0000bb50    00000024     ti.uia.runtime.aem4f : LoggerStopMode.oem4f (.text:ti_uia_runtime_LoggerStopMode_Instance_finalize__F)
                  0000bb74    00000024     driverlib.lib : udma.obj (.text:uDMAChannelControlSet)
                  0000bb98    00000024     ti.targets.arm.rtsarm.aem4f : System.oem4f (.text:xdc_runtime_System_vprintf__F)
                  0000bbbc    00000022     szime2.0_pem4f.oem4f (.text:xdc_runtime_SysMin_output__I)
                  0000bbde    00000002     --HOLE-- [fill = 0]
                  0000bbe0    00000020     ti.sysbios.fatfs.aem4f : ffcio.oem4f (.text:ffcio_read)
                  0000bc00    00000020                            : ffcio.oem4f (.text:ffcio_write)
                  0000bc20    00000020     szime2.0_pem4f.oem4f (.text:ti_sysbios_family_arm_m3_Hwi_Object__delete__S)
                  0000bc40    00000020     szime2.0_pem4f.oem4f (.text:ti_sysbios_gates_GateHwi_Object__delete__S)
                  0000bc60    00000020     szime2.0_pem4f.oem4f (.text:ti_sysbios_hal_Hwi_Object__delete__S)
                  0000bc80    00000020     szime2.0_pem4f.oem4f (.text:ti_sysbios_heaps_HeapMem_Object__delete__S)
                  0000bca0    00000020     szime2.0_pem4f.oem4f (.text:ti_sysbios_knl_Semaphore_Object__destruct__S)
                  0000bcc0    00000020     sysbios.aem4f : BIOS.obj (.text:ti_sysbios_knl_Task_enter__I)
                  0000bce0    00000020     szime2.0_pem4f.oem4f (.text:ti_uia_runtime_LoggerStopMode_Object__delete__S)
                  0000bd00    00000020     ti.targets.arm.rtsarm.aem4f : Registry.oem4f (.text:xdc_runtime_Registry_findById__F)
                  0000bd20    00000020                                 : SysMin.oem4f (.text:xdc_runtime_SysMin_Module_startup__F)
                  0000bd40    0000001c     driverlib.lib : uart.obj (.text:UARTDisable)
                  0000bd5c    0000001c     ti.sysbios.fatfs.aem4f : diskio.oem4f (.text:disk_initialize)
                  0000bd78    0000001c                            : diskio.oem4f (.text:disk_ioctl)
                  0000bd94    0000001c                            : diskio.oem4f (.text:disk_read)
                  0000bdb0    0000001c                            : diskio.oem4f (.text:disk_status)
                  0000bdcc    0000001c                            : diskio.oem4f (.text:disk_write)
                  0000bde8    0000001c                            : ff.oem4f (.text:mem_cmp)
                  0000be04    0000001c     sysbios.aem4f : BIOS.obj (.text:ti_sysbios_BIOS_rtsLock__I)
                  0000be20    0000001c                   : BIOS.obj (.text:ti_sysbios_family_arm_m3_Hwi_clearInterrupt__E)
                  0000be3c    0000001c     szime2.0_pem4f.oem4f (.text:ti_sysbios_knl_Queue_Object__destruct__S)
                  0000be58    0000001c     ti.targets.arm.rtsarm.aem4f : Error.oem4f (.text:xdc_runtime_Error_check__F)
                  0000be74    0000001c                                 : Memory.oem4f (.text:xdc_runtime_Memory_valloc__F)
                  0000be90    0000001c                                 : SysMin.oem4f (.text:xdc_runtime_SysMin_exit__F)
                  0000beac    0000001a     szime2.0_pem4f.oem4f (.text:ti_sysbios_family_arm_m3_Hwi_Handle__label__S)
                  0000bec6    0000001a     szime2.0_pem4f.oem4f (.text:ti_sysbios_gates_GateHwi_Handle__label__S)
                  0000bee0    0000001a     szime2.0_pem4f.oem4f (.text:ti_sysbios_gates_GateMutex_Handle__label__S)
                  0000befa    0000001a     szime2.0_pem4f.oem4f (.text:ti_sysbios_heaps_HeapMem_Handle__label__S)
                  0000bf14    0000001a     szime2.0_pem4f.oem4f (.text:ti_sysbios_knl_Swi_Handle__label__S)
                  0000bf2e    0000001a     szime2.0_pem4f.oem4f (.text:ti_sysbios_knl_Task_Handle__label__S)
                  0000bf48    0000001a     szime2.0_pem4f.oem4f (.text:ti_uia_runtime_LoggerStopMode_Handle__label__S)
                  0000bf62    0000001a     szime2.0_pem4f.oem4f (.text:xdc_runtime_System_aprintf__E)
                  0000bf7c    0000001a     szime2.0_pem4f.oem4f (.text:xdc_runtime_System_printf__E)
                  0000bf96    00000018     sysbios.aem4f : m3_TaskSupport_asm.obj (.text:_ti_sysbios_family_arm_m3_TaskSupport_swap__E)
                  0000bfae    00000018     ti.sysbios.fatfs.aem4f : ff.oem4f (.text:clust2sect)
                  0000bfc6    00000018     szime2.0_pem4f.oem4f (.text:free)
                  0000bfde    00000002     --HOLE-- [fill = 0]
                  0000bfe0    00000018     rtsv7M4_T_le_v4SPD16_eabi.lib : args_main.obj (.text)
                  0000bff8    00000018                                   : strcmp.obj (.text)
                  0000c010    00000018     szime2.0_pem4f.oem4f (.text:ti_sysbios_family_arm_lm4_Timer_Module__startupDone__F)
                  0000c028    00000018     szime2.0_pem4f.oem4f (.text:ti_sysbios_family_arm_m3_Hwi_Module__startupDone__F)
                  0000c040    00000018     sysbios.aem4f : BIOS.obj (.text:ti_sysbios_gates_GateMutex_leave__E)
                  0000c058    00000018     szime2.0_pem4f.oem4f (.text:ti_sysbios_hal_Timer_Module__startupDone__F)
                  0000c070    00000018     driverlib.lib : udma.obj (.text:uDMAChannelEnable)
                  0000c088    00000018                   : udma.obj (.text:uDMAChannelIsEnabled)
                  0000c0a0    00000018     ti.sysbios.fatfs.aem4f : ff.oem4f (.text:unlock_fs)
                  0000c0b8    00000018     ti.targets.arm.rtsarm.aem4f : Text.oem4f (.text:xdc_runtime_Text_ropeText__F)
                  0000c0d0    00000016     rtsv7M4_T_le_v4SPD16_eabi.lib : strchr.obj (.text)
                  0000c0e6    00000016     EKS_LM4F232.obj (.text:ti_sysbios_hal_Hwi_Params_init)
                  0000c0fc    00000016     ti.uia.runtime.aem4f : LoggerStopMode.oem4f (.text:ti_uia_runtime_LoggerStopMode_getFreeSize__E)
                  0000c112    00000016                          : LoggerStopMode.oem4f (.text:ti_uia_runtime_LoggerStopMode_getUnreadSize__E)
                  0000c128    00000014     driverlib.lib : uart.obj (.text:UARTEnable)
                  0000c13c    00000014     rtsv7M4_T_le_v4SPD16_eabi.lib : _lock.obj (.text)
                  0000c150    00000014                                   : strlen.obj (.text)
                  0000c164    00000014     sysbios.aem4f : BIOS.obj (.text:ti_sysbios_family_arm_m3_Hwi_disableFxn__E)
                  0000c178    00000014                   : BIOS.obj (.text:ti_sysbios_family_arm_m3_Hwi_switchFromBootStack__E)
                  0000c18c    00000014                   : BIOS.obj (.text:ti_sysbios_gates_GateHwi_enter__E)
                  0000c1a0    00000014     szime2.0_pem4f.oem4f (.text:ti_sysbios_heaps_HeapMem_Object__get__S)
                  0000c1b4    00000014     szime2.0_pem4f.oem4f (.text:ti_sysbios_knl_Swi_Object__get__S)
                  0000c1c8    00000014     szime2.0_pem4f.oem4f (.text:ti_sysbios_knl_Task_Object__first__S)
                  0000c1dc    00000014     szime2.0_pem4f.oem4f (.text:ti_sysbios_knl_Task_Object__get__S)
                  0000c1f0    00000014     szime2.0_pem4f.oem4f (.text:ti_sysbios_knl_Task_Object__next__S)
                  0000c204    00000014     ti.uia.runtime.aem4f : LoggerStopMode.oem4f (.text:ti_uia_runtime_LoggerStopMode_write2__E)
                  0000c218    00000014     ti.targets.arm.rtsarm.aem4f : System.oem4f (.text:xdc_runtime_System_abort__F)
                  0000c22c    00000012     driverlib.lib : gpio.obj (.text:GPIOPinTypeGPIOOutput)
                  0000c23e    00000012                   : gpio.obj (.text:GPIOPinTypeSSI)
                  0000c250    00000012                   : gpio.obj (.text:GPIOPinTypeUART)
                  0000c262    00000012     sdspi_tivaware.aem4f : SDSPITiva.oem4f (.text:SDSPITiva_init)
                  0000c274    00000012     driverlib.lib : ssi.obj (.text:SSIDataGetNonBlocking)
                  0000c286    00000012     ti.sysbios.fatfs.aem4f : ff.oem4f (.text:chk_chr)
                  0000c298    00000012     rtsv7M4_T_le_v4SPD16_eabi.lib : copy_zero_init.obj (.text:decompress:ZI)
                  0000c2aa    00000012     ti.sysbios.fatfs.aem4f : ffcio.oem4f (.text:ffcio_rename)
                  0000c2bc    00000012                            : ffcio.oem4f (.text:ffcio_unlink)
                  0000c2ce    00000012     sysbios.aem4f : BIOS.obj (.text:ti_sysbios_hal_Hwi_Module_startup__F)
                  0000c2e0    00000012                   : BIOS.obj (.text:ti_sysbios_hal_Timer_Module_startup__F)
                  0000c2f2    00000012     ti.uia.runtime.aem4f : LoggerStopMode.oem4f (.text:ti_uia_runtime_LoggerStopMode_write1__E)
                  0000c304    00000012     szime2.0_pem4f.oem4f (.text:xdc_runtime_Startup_exec__I)
                  0000c316    00000002     --HOLE-- [fill = 0]
                  0000c318    00000010     sdspi_tivaware.aem4f : SDSPITiva.oem4f (.text:SDSPI_diskStatus)
                  0000c328    00000010     sysbios.aem4f : m3_TaskSupport_asm.obj (.text:_ti_sysbios_family_arm_m3_TaskSupport_glue)
                  0000c338    00000010                   : m3_Hwi_asm_switch.obj (.text:_ti_sysbios_family_xxx_Hwi_switchToIsrStack)
                  0000c348    00000010     ti.sysbios.fatfs.aem4f : ff.oem4f (.text:f_close)
                  0000c358    00000010                            : ff.oem4f (.text:mem_cpy)
                  0000c368    00000010     rtsv7M4_T_le_v4SPD16_eabi.lib : strcpy.obj (.text)
                  0000c378    00000010     sysbios.aem4f : BIOS.obj (.text:ti_sysbios_BIOS_getCpuFreq__E)
                  0000c388    00000010                   : BIOS.obj (.text:ti_sysbios_BIOS_setThreadType__E)
                  0000c398    00000010                   : BIOS.obj (.text:ti_sysbios_BIOS_start__E)
                  0000c3a8    00000010                   : BIOS.obj (.text:ti_sysbios_family_arm_lm4_TimestampProvider_rolloverFunc__E)
                  0000c3b8    00000010                   : BIOS.obj (.text:ti_sysbios_family_arm_m3_Hwi_excHandler__I)
                  0000c3c8    00000010                   : BIOS.obj (.text:ti_sysbios_gates_GateMutex_Instance_finalize__F)
                  0000c3d8    00000010     szime2.0_pem4f.oem4f (.text:ti_sysbios_hal_Hwi_HwiProxy_Object__create__S)
                  0000c3e8    00000010     sysbios.aem4f : BIOS.obj (.text:ti_sysbios_knl_Semaphore_Instance_finalize__F)
                  0000c3f8    00000010                   : BIOS.obj (.text:ti_sysbios_knl_Swi_disable__E)
                  0000c408    00000010                   : BIOS.obj (.text:ti_sysbios_knl_Task_disable__E)
                  0000c418    00000010     szime2.0_pem4f.oem4f (.text:ti_uia_runtime_LoggerStopMode_Object__get__S)
                  0000c428    00000010     ti.uia.runtime.aem4f : LoggerStopMode.oem4f (.text:ti_uia_runtime_LoggerStopMode_write0__E)
                  0000c438    00000010     driverlib.lib : udma.obj (.text:uDMAEnable)
                  0000c448    00000010     ti.targets.arm.rtsarm.aem4f : Gate.oem4f (.text:xdc_runtime_Gate_leaveSystem__F)
                  0000c458    00000010                                 : Memory.oem4f (.text:xdc_runtime_Memory_free__F)
                  0000c468    00000010                                 : SysMin.oem4f (.text:xdc_runtime_SysMin_ready__F)
                  0000c478    00000010                                 : System.oem4f (.text:xdc_runtime_System_vsnprintf__F)
                  0000c488    00000010     szime2.0_pem4f.oem4f (.text:xdc_runtime_Text_visitRope__I)
                  0000c498    0000000e     driverlib.lib : uart.obj (.text:UARTCharGetNonBlocking)
                  0000c4a6    0000000e                   : uart.obj (.text:UARTCharPutNonBlocking)
                  0000c4b4    0000000e     rtsv7M4_T_le_v4SPD16_eabi.lib : copy_decompress_none.obj (.text:decompress:none)
                  0000c4c2    0000000e     ti.sysbios.fatfs.aem4f : syncsysbios.oem4f (.text:ff_del_syncobj)
                  0000c4d0    0000000e                            : ff.oem4f (.text:mem_set)
                  0000c4de    0000000e     sysbios.aem4f : BIOS.obj (.text:ti_sysbios_family_arm_m3_TaskSupport_checkStack__E)
                  0000c4ec    0000000e                   : BIOS.obj (.text:ti_sysbios_knl_Queue_empty__E)
                  0000c4fa    0000000e     ti.uia.runtime.aem4f : LoggerStopMode.oem4f (.text:ti_uia_runtime_LoggerStopMode_isEmpty__E)
                  0000c508    0000000c     szime2.0_pem4f.oem4f (.text:.bootCodeSection:ti_catalog_arm_cortexm4_tiva_ce_Boot_init__I)
                  0000c514    0000000c     driverlib.lib : ssi.obj (.text:SSIDataGet)
                  0000c520    0000000c     sysbios.aem4f : m3_Hwi_asm_switch.obj (.text:_ti_sysbios_family_xxx_Hwi_switchToTaskStack)
                  0000c52c    0000000c                   : BIOS.obj (.text:ti_sysbios_family_arm_lm4_Timer_masterDisable__I)
                  0000c538    0000000c                   : BIOS.obj (.text:ti_sysbios_family_arm_lm4_TimestampProvider_startTimer__E)
                  0000c544    0000000c     szime2.0_pem4f.oem4f (.text:ti_sysbios_hal_Hwi_Params__init__S)
                  0000c550    0000000c     szime2.0_pem4f.oem4f (.text:ti_sysbios_knl_Queue_Object__get__S)
                  0000c55c    0000000c     szime2.0_pem4f.oem4f (.text:ti_sysbios_knl_Semaphore_Params__init__S)
                  0000c568    0000000c     sysbios.aem4f : BIOS.obj (.text:ti_sysbios_utils_Load_taskRegHook__E)
                  0000c574    0000000c     driverlib.lib : udma.obj (.text:uDMAControlBaseSet)
                  0000c580    0000000c                   : udma.obj (.text:uDMAErrorStatusClear)
                  0000c58c    0000000c                   : udma.obj (.text:uDMAErrorStatusGet)
                  0000c598    0000000c     ti.targets.arm.rtsarm.aem4f : Error.oem4f (.text:xdc_runtime_Error_init__F)
                  0000c5a4    0000000c                                 : Gate.oem4f (.text:xdc_runtime_Gate_enterSystem__F)
                  0000c5b0    0000000c                                 : Memory.oem4f (.text:xdc_runtime_Memory_calloc__F)
                  0000c5bc    0000000c                                 : Memory.oem4f (.text:xdc_runtime_Memory_getMaxDefaultTypeAlign__F)
                  0000c5c8    0000000c                                 : System.oem4f (.text:xdc_runtime_System_exit__F)
                  0000c5d4    0000000c                                 : System.oem4f (.text:xdc_runtime_System_lastFxn__I)
                  0000c5e0    0000000a     driverlib.lib : ssi.obj (.text:SSIDataPut)
                  0000c5ea    0000000a                   : ssi.obj (.text:SSIDisable)
                  0000c5f4    0000000a                   : ssi.obj (.text:SSIEnable)
                  0000c5fe    0000000a                   : ssi.obj (.text:SSIIntDisable)
                  0000c608    0000000a                   : uart.obj (.text:UARTCharGet)
                  0000c612    0000000a                   : uart.obj (.text:UARTCharPut)
                  0000c61c    0000000a                   : uart.obj (.text:UARTIntDisable)
                  0000c626    0000000a                   : uart.obj (.text:UARTIntStatus)
                  0000c630    0000000a     sysbios.aem4f : BIOS.obj (.text:ti_sysbios_hal_Hwi_Instance_finalize__F)
                  0000c63a    0000000a     szime2.0_pem4f.oem4f (.text:xdc_runtime_IHeap_alloc)
                  0000c644    0000000a     szime2.0_pem4f.oem4f (.text:xdc_runtime_IHeap_free)
                  0000c64e    00000008     spi_tivaware.aem4f : SPITivaDMA.oem4f (.text:SPITivaDMA_init)
                  0000c656    00000008                        : SPITivaDMA.oem4f (.text:SPITivaDMA_transferCallback)
                  0000c65e    00000008     driverlib.lib : ssi.obj (.text:SSIDMAEnable)
                  0000c666    00000008                   : uart.obj (.text:UARTIntEnable)
                  0000c66e    00000008     uart_tivaware.aem4f : UARTTiva.oem4f (.text:UARTTiva_init)
                  0000c676    00000008     ti.sysbios.fatfs.aem4f : syncsysbios.oem4f (.text:ff_req_grant)
                  0000c67e    00000008     uart_tivaware.aem4f : UARTTiva.oem4f (.text:readSemCallback)
                  0000c686    00000008     sysbios.aem4f : BIOS.obj (.text:ti_sysbios_family_arm_m3_Hwi_doSwiRestore__I)
                  0000c68e    00000008                   : BIOS.obj (.text:ti_sysbios_family_arm_m3_Hwi_startup__E)
                  0000c696    00000002     --HOLE-- [fill = 0]
                  0000c698    00000008     szime2.0_pem4f.oem4f (.text:ti_sysbios_fatfs_getFatTime)
                  0000c6a0    00000008     sysbios.aem4f : BIOS.obj (.text:ti_sysbios_knl_Idle_loop__E)
                  0000c6a8    00000008     uart_tivaware.aem4f : UARTTiva.oem4f (.text:writeSemCallback)
                  0000c6b0    00000006     driverlib.lib : gpio.obj (.text:GPIOPinRead)
                  0000c6b6    00000006                   : gpio.obj (.text:GPIOPinWrite)
                  0000c6bc    00000006                   : uart.obj (.text:UARTFIFOLevelSet)
                  0000c6c2    00000006     ti.targets.arm.rtsarm.aem4f : xdc_noinit.oem4f (.text:__xdc__init)
                  0000c6c8    00000006     rtsv7M4_T_le_v4SPD16_eabi.lib : copy_decompress_rle.obj (.text:decompress:rle24)
                  0000c6ce    00000006     ti.sysbios.fatfs.aem4f : ff.oem4f (.text:lock_fs)
                  0000c6d4    00000006     Boot.aem4f : Boot_sysctl.oem4f (.text:ti_catalog_arm_cortexm4_tiva_ce_Boot_sysCtlDelayI__I)
                  0000c6da    00000006     sysbios.aem4f : BIOS.obj (.text:ti_sysbios_family_arm_lm4_TimestampProvider_Module_startup__F)
                  0000c6e0    00000006                   : BIOS.obj (.text:ti_sysbios_family_arm_m3_Hwi_restoreFxn__E)
                  0000c6e6    00000006                   : BIOS.obj (.text:ti_sysbios_gates_GateHwi_leave__E)
                  0000c6ec    00000006                   : BIOS.obj (.text:ti_sysbios_heaps_HeapMem_isBlocking__E)
                  0000c6f2    00000006                   : BIOS.obj (.text:ti_sysbios_knl_Queue_Instance_init__F)
                  0000c6f8    00000006     ti.uia.runtime.aem4f : LoggerStopMode.oem4f (.text:ti_uia_runtime_LoggerStopMode_getPriority__E)
                  0000c6fe    00000006                          : LoggerStopMode.oem4f (.text:ti_uia_runtime_LoggerStopMode_getTransferType__F)
                  0000c704    00000006     ti.targets.arm.rtsarm.aem4f : System.oem4f (.text:xdc_runtime_System_Module_startup__F)
                  0000c70a    00000004     driverlib.lib : uart.obj (.text:UARTIntClear)
                  0000c70e    00000004     ti.sysbios.fatfs.aem4f : syncsysbios.oem4f (.text:ff_rel_grant)
                  0000c712    00000004     szime2.0_pem4f.oem4f (.text:ti_sysbios_BIOS_RtsGateProxy_enter__E)
                  0000c716    00000004     szime2.0_pem4f.oem4f (.text:ti_sysbios_BIOS_RtsGateProxy_leave__E)
                  0000c71a    00000004     sysbios.aem4f : BIOS.obj (.text:ti_sysbios_family_arm_lm4_Timer_getPeriod__E)
                  0000c71e    00000004                   : BIOS.obj (.text:ti_sysbios_family_arm_lm4_Timer_masterEnable__I)
                  0000c722    00000004     szime2.0_pem4f.oem4f (.text:ti_sysbios_family_arm_m3_TaskSupport_Module__startupDone__S)
                  0000c726    00000004     sysbios.aem4f : BIOS.obj (.text:ti_sysbios_gates_GateHwi_query__F)
                  0000c72a    00000004                   : BIOS.obj (.text:ti_sysbios_gates_GateMutex_query__F)
                  0000c72e    00000004     szime2.0_pem4f.oem4f (.text:ti_sysbios_hal_Hwi_HwiProxy_Module__startupDone__S)
                  0000c732    00000004     szime2.0_pem4f.oem4f (.text:ti_sysbios_hal_Hwi_HwiProxy_Object__delete__S)
                  0000c736    00000004     szime2.0_pem4f.oem4f (.text:ti_sysbios_hal_Timer_TimerProxy_Module__startupDone__S)
                  0000c73a    00000004     szime2.0_pem4f.oem4f (.text:ti_sysbios_hal_Timer_TimerProxy_getExpiredCounts__E)
                  0000c73e    00000004     szime2.0_pem4f.oem4f (.text:ti_sysbios_hal_Timer_TimerProxy_getPeriod__E)
                  0000c742    00000004     szime2.0_pem4f.oem4f (.text:ti_sysbios_hal_Timer_TimerProxy_setNextTick__E)
                  0000c746    00000004     szime2.0_pem4f.oem4f (.text:ti_sysbios_heaps_HeapMem_Module_GateProxy_enter__E)
                  0000c74a    00000004     szime2.0_pem4f.oem4f (.text:ti_sysbios_heaps_HeapMem_Module_GateProxy_leave__E)
                  0000c74e    00000004     szime2.0_pem4f.oem4f (.text:ti_sysbios_knl_Task_SupportProxy_Module__startupDone__S)
                  0000c752    00000004     sysbios.aem4f : BIOS.obj (.text:ti_sysbios_knl_Task_startup__E)
                  0000c756    00000004     szime2.0_pem4f.oem4f (.text:ti_uia_runtime_LogSync_CpuTimestampProxy_Module__startupDone__S)
                  0000c75a    00000004     szime2.0_pem4f.oem4f (.text:ti_uia_runtime_LogSync_GlobalTimestampProxy_Module__startupDone__S)
                  0000c75e    00000004     ti.uia.runtime.aem4f : LoggerStopMode.oem4f (.text:ti_uia_runtime_LoggerStopMode_getInstanceId__E)
                  0000c762    00000004                          : LoggerStopMode.oem4f (.text:ti_uia_runtime_LoggerStopMode_getMaxLength__E)
                  0000c766    00000004                          : LoggerStopMode.oem4f (.text:ti_uia_runtime_LoggerStopMode_setPriority__E)
                  0000c76a    00000004     ti.targets.arm.rtsarm.aem4f : Error.oem4f (.text:xdc_runtime_Error_getSite__F)
                  0000c76e    00000004     szime2.0_pem4f.oem4f (.text:xdc_runtime_Memory_HeapProxy_alloc__E)
                  0000c772    00000004     szime2.0_pem4f.oem4f (.text:xdc_runtime_Memory_HeapProxy_free__E)
                  0000c776    00000004     szime2.0_pem4f.oem4f (.text:xdc_runtime_System_Module_GateProxy_enter__E)
                  0000c77a    00000004     szime2.0_pem4f.oem4f (.text:xdc_runtime_System_Module_GateProxy_leave__E)
                  0000c77e    00000004     ti.targets.arm.rtsarm.aem4f : System.oem4f (.text:xdc_runtime_System_aprintf_va__F)
                  0000c782    00000004                                 : System.oem4f (.text:xdc_runtime_System_printf_va__F)
                  0000c786    00000004     szime2.0_pem4f.oem4f (.text:xdc_runtime_System_vsnprintf__E)
                  0000c78a    00000004     szime2.0_pem4f.oem4f (.text:xdc_runtime_TimestampNull_Module__startupDone__S)
                  0000c78e    00000004     szime2.0_pem4f.oem4f (.text:xdc_runtime_Timestamp_Module__startupDone__S)

.const     0    0000c794    00003149     
                  0000c794    00002299     szime2.0_pem4f.oem4f (.const:xdc_runtime_Text_charTab__A)
                  0000ea2d    00000241     szime2.0teszt.obj (.const:.string:textarray)
                  0000ec6e    00000114     szime2.0_pem4f.oem4f (.const:xdc_runtime_Text_nodeTab__A)
                  0000ed82    000000d8     szime2.0_pem4f.oem4f (.const:ti_sysbios_family_arm_m3_Hwi_priorities__A)
                  0000ee5a    00000002     szime2.0_pem4f.oem4f (.const:ti_catalog_arm_cortexm4_tiva_ce_Boot_Module__id__C)
                  0000ee5c    000000c0     EKS_LM4F232.obj (.const:gpioHWAttrs)
                  0000ef1c    00000078     driverlib.lib : gpio.obj (.const:g_pui32GPIOBaseAddrs)
                  0000ef94    00000070     EKS_LM4F232.obj (.const:spiTivaDMAHWAttrs)
                  0000f004    00000060     EKS_LM4F232.obj (.const:UART_config)
                  0000f064    00000060     szime2.0_pem4f.oem4f (.const:ti_uia_runtime_LoggerStopMode_Module__FXNS__C)
                  0000f0c4    00000048     szime2.0_pem4f.oem4f (.const:.string)
                  0000f10c    00000044     EKS_LM4F232.obj (.const:GPIO_config)
                  0000f150    0000003c     EKS_LM4F232.obj (.const:SPI_config)
                  0000f18c    00000038     EKS_LM4F232.obj (.const:uartTivaHWAttrs)
                  0000f1c4    00000030     szime2.0_pem4f.oem4f (.const:ti_sysbios_family_arm_m3_Hwi_Object__PARAMS__C)
                  0000f1f4    00000030     szime2.0_pem4f.oem4f (.const:ti_sysbios_knl_Task_hooks__A)
                  0000f224    00000030     szime2.0_pem4f.oem4f (.const:ti_uia_runtime_LoggerStopMode_Object__PARAMS__C)
                  0000f254    00000030     szime2.0_pem4f.oem4f (.const:xdc_runtime_Startup_sfxnTab__A)
                  0000f284    0000002c     szime2.0_pem4f.oem4f (.const:ti_sysbios_hal_Hwi_Object__PARAMS__C)
                  0000f2b0    00000029     szime2.0teszt.obj (.const:.string)
                  0000f2d9    00000001     szime2.0_pem4f.oem4f (.const:ti_sysbios_knl_Clock_tickMode__C)
                  0000f2da    00000002     szime2.0_pem4f.oem4f (.const:ti_sysbios_BIOS_Module__id__C)
                  0000f2dc    00000028     szime2.0_pem4f.oem4f (.const:ti_sysbios_heaps_HeapMem_Module__FXNS__C)
                  0000f304    00000024     uart_tivaware.aem4f : UARTTiva.oem4f (.const:UARTTiva_fxnTable)
                  0000f328    00000024     EKS_LM4F232.obj (.const:sdspiTivaHWattrs)
                  0000f34c    00000024     szime2.0_pem4f.oem4f (.const:ti_sysbios_gates_GateHwi_Module__FXNS__C)
                  0000f370    00000024     szime2.0_pem4f.oem4f (.const:ti_sysbios_gates_GateMutex_Module__FXNS__C)
                  0000f394    00000024     szime2.0_pem4f.oem4f (.const:ti_sysbios_heaps_HeapMem_Object__PARAMS__C)
                  0000f3b8    00000024     szime2.0_pem4f.oem4f (.const:ti_sysbios_knl_Semaphore_Object__PARAMS__C)
                  0000f3dc    00000020     spi_tivaware.aem4f : SPITivaDMA.oem4f (.const)
                  0000f3fc    00000020     szime2.0_pem4f.oem4f (.const:ti_sysbios_family_arm_m3_Hwi_Object__DESC__C)
                  0000f41c    00000020     szime2.0_pem4f.oem4f (.const:ti_sysbios_gates_GateHwi_Object__DESC__C)
                  0000f43c    00000020     szime2.0_pem4f.oem4f (.const:ti_sysbios_gates_GateMutex_Object__DESC__C)
                  0000f45c    00000020     szime2.0_pem4f.oem4f (.const:ti_sysbios_hal_Hwi_Object__DESC__C)
                  0000f47c    00000020     szime2.0_pem4f.oem4f (.const:ti_sysbios_heaps_HeapMem_Object__DESC__C)
                  0000f49c    00000020     szime2.0_pem4f.oem4f (.const:ti_sysbios_knl_Queue_Object__DESC__C)
                  0000f4bc    00000020     szime2.0_pem4f.oem4f (.const:ti_sysbios_knl_Semaphore_Object__DESC__C)
                  0000f4dc    00000020     szime2.0_pem4f.oem4f (.const:ti_uia_runtime_LoggerStopMode_Object__DESC__C)
                  0000f4fc    00000018     EKS_LM4F232.obj (.const)
                  0000f514    00000018     szime2.0_pem4f.oem4f (.const:ti_sysbios_gates_GateHwi_Object__PARAMS__C)
                  0000f52c    00000018     szime2.0_pem4f.oem4f (.const:ti_sysbios_gates_GateMutex_Object__PARAMS__C)
                  0000f544    00000018     szime2.0_pem4f.oem4f (.const:ti_sysbios_knl_Queue_Object__PARAMS__C)
                  0000f55c    00000018     szime2.0_pem4f.oem4f (.const:xdc_runtime_Startup_sfxnRts__A)
                  0000f574    00000014     szime2.0_pem4f.oem4f (.const:xdc_runtime_Startup_firstFxns__A)
                  0000f588    00000011     ti.targets.arm.rtsarm.aem4f : System.oem4f (.const)
                  0000f599    00000001     szime2.0_pem4f.oem4f (.const:ti_sysbios_knl_Clock_tickSource__C)
                  0000f59a    00000002     szime2.0_pem4f.oem4f (.const:ti_sysbios_family_arm_lm4_TimestampProvider_useClockTimer__C)
                  0000f59c    0000000c     sdspi_tivaware.aem4f : SDSPITiva.oem4f (.const)
                  0000f5a8    00000008     szime2.0_pem4f.oem4f (.const:ti_sysbios_family_arm_m3_Hwi_excHookFuncs__A)
                  0000f5b0    00000008     szime2.0_pem4f.oem4f (.const:ti_sysbios_knl_Idle_coreList__A)
                  0000f5b8    00000008     szime2.0_pem4f.oem4f (.const:ti_sysbios_knl_Idle_coreList__C)
                  0000f5c0    00000008     szime2.0_pem4f.oem4f (.const:ti_sysbios_knl_Idle_funcList__A)
                  0000f5c8    00000008     szime2.0_pem4f.oem4f (.const:ti_sysbios_knl_Idle_funcList__C)
                  0000f5d0    00000008     szime2.0_pem4f.oem4f (.const:ti_sysbios_knl_Task_hooks__C)
                  0000f5d8    00000008     szime2.0_pem4f.oem4f (.const:xdc_runtime_Startup_firstFxns__C)
                  0000f5e0    00000008     szime2.0_pem4f.oem4f (.const:xdc_runtime_Startup_lastFxns__A)
                  0000f5e8    00000008     szime2.0_pem4f.oem4f (.const:xdc_runtime_Startup_lastFxns__C)
                  0000f5f0    00000004     szime2.0_pem4f.oem4f (.const:ti_catalog_arm_cortexm4_tiva_ce_Boot_A_mustUseEnhancedClockMode__C)
                  0000f5f4    00000004     szime2.0_pem4f.oem4f (.const:ti_catalog_arm_cortexm4_tiva_ce_Boot_Module__diagsEnabled__C)
                  0000f5f8    00000004     szime2.0_pem4f.oem4f (.const:ti_catalog_arm_cortexm4_tiva_ce_Boot_Module__diagsIncluded__C)
                  0000f5fc    00000004     szime2.0_pem4f.oem4f (.const:ti_catalog_arm_cortexm4_tiva_ce_Boot_Module__diagsMask__C)
                  0000f600    00000004     szime2.0_pem4f.oem4f (.const:ti_sysbios_BIOS_Module__diagsEnabled__C)
                  0000f604    00000004     szime2.0_pem4f.oem4f (.const:ti_sysbios_BIOS_Module__diagsIncluded__C)
                  0000f608    00000004     szime2.0_pem4f.oem4f (.const:ti_sysbios_BIOS_Module__diagsMask__C)
                  0000f60c    00000004     szime2.0_pem4f.oem4f (.const:ti_sysbios_BIOS_installedErrorHook__C)
                  0000f610    00000004     szime2.0_pem4f.oem4f (.const:ti_sysbios_family_arm_lm4_Timer_numTimerDevices__C)
                  0000f614    00000004     szime2.0_pem4f.oem4f (.const:ti_sysbios_family_arm_lm4_Timer_startupNeeded__C)
                  0000f618    00000004     szime2.0_pem4f.oem4f (.const:ti_sysbios_family_arm_m3_Hwi_E_NMI__C)
                  0000f61c    00000004     szime2.0_pem4f.oem4f (.const:ti_sysbios_family_arm_m3_Hwi_E_alreadyDefined__C)
                  0000f620    00000004     szime2.0_pem4f.oem4f (.const:ti_sysbios_family_arm_m3_Hwi_E_busFault__C)
                  0000f624    00000004     szime2.0_pem4f.oem4f (.const:ti_sysbios_family_arm_m3_Hwi_E_debugMon__C)
                  0000f628    00000004     szime2.0_pem4f.oem4f (.const:ti_sysbios_family_arm_m3_Hwi_E_hardFault__C)
                  0000f62c    00000004     szime2.0_pem4f.oem4f (.const:ti_sysbios_family_arm_m3_Hwi_E_memFault__C)
                  0000f630    00000004     szime2.0_pem4f.oem4f (.const:ti_sysbios_family_arm_m3_Hwi_E_noIsr__C)
                  0000f634    00000004     szime2.0_pem4f.oem4f (.const:ti_sysbios_family_arm_m3_Hwi_E_reserved__C)
                  0000f638    00000004     szime2.0_pem4f.oem4f (.const:ti_sysbios_family_arm_m3_Hwi_E_svCall__C)
                  0000f63c    00000004     szime2.0_pem4f.oem4f (.const:ti_sysbios_family_arm_m3_Hwi_E_usageFault__C)
                  0000f640    00000004     szime2.0_pem4f.oem4f (.const:ti_sysbios_family_arm_m3_Hwi_LD_end__C)
                  0000f644    00000004     szime2.0_pem4f.oem4f (.const:ti_sysbios_family_arm_m3_Hwi_LM_begin__C)
                  0000f648    00000004     szime2.0_pem4f.oem4f (.const:ti_sysbios_family_arm_m3_Hwi_Module__diagsEnabled__C)
                  0000f64c    00000004     szime2.0_pem4f.oem4f (.const:ti_sysbios_family_arm_m3_Hwi_Module__diagsIncluded__C)
                  0000f650    00000004     szime2.0_pem4f.oem4f (.const:ti_sysbios_family_arm_m3_Hwi_Module__diagsMask__C)
                  0000f654    00000004     szime2.0_pem4f.oem4f (.const:ti_sysbios_family_arm_m3_Hwi_Module__loggerFxn1__C)
                  0000f658    00000004     szime2.0_pem4f.oem4f (.const:ti_sysbios_family_arm_m3_Hwi_Module__loggerFxn8__C)
                  0000f65c    00000004     szime2.0_pem4f.oem4f (.const:ti_sysbios_family_arm_m3_Hwi_Module__loggerObj__C)
                  0000f660    00000004     szime2.0_pem4f.oem4f (.const:ti_sysbios_family_arm_m3_Hwi_NUM_INTERRUPTS__C)
                  0000f664    00000004     szime2.0_pem4f.oem4f (.const:ti_sysbios_family_arm_m3_Hwi_ccr__C)
                  0000f668    00000004     szime2.0_pem4f.oem4f (.const:ti_sysbios_family_arm_m3_Hwi_disablePriority__C)
                  0000f66c    00000004     szime2.0_pem4f.oem4f (.const:ti_sysbios_family_arm_m3_Hwi_dispatchTable__C)
                  0000f670    00000004     szime2.0_pem4f.oem4f (.const:ti_sysbios_family_arm_m3_Hwi_excHandlerFunc__C)
                  0000f674    00000004     szime2.0_pem4f.oem4f (.const:ti_sysbios_family_arm_m3_Hwi_excHookFuncs__C)
                  0000f678    00000004     szime2.0_pem4f.oem4f (.const:ti_sysbios_family_arm_m3_Hwi_priGroup__C)
                  0000f67c    00000004     szime2.0_pem4f.oem4f (.const:ti_sysbios_family_arm_m3_Hwi_priorities__C)
                  0000f680    00000004     szime2.0_pem4f.oem4f (.const:ti_sysbios_gates_GateMutex_A_badContext__C)
                  0000f684    00000004     szime2.0_pem4f.oem4f (.const:ti_sysbios_gates_GateMutex_Instance_State_sem__O)
                  0000f688    00000004     szime2.0_pem4f.oem4f (.const:ti_sysbios_gates_GateMutex_Module__diagsEnabled__C)
                  0000f68c    00000004     szime2.0_pem4f.oem4f (.const:ti_sysbios_gates_GateMutex_Module__diagsIncluded__C)
                  0000f690    00000004     szime2.0_pem4f.oem4f (.const:ti_sysbios_gates_GateMutex_Module__diagsMask__C)
                  0000f694    00000004     szime2.0_pem4f.oem4f (.const:ti_sysbios_hal_Hwi_E_stackOverflow__C)
                  0000f698    00000004     szime2.0_pem4f.oem4f (.const:ti_sysbios_heaps_HeapMem_A_align__C)
                  0000f69c    00000004     szime2.0_pem4f.oem4f (.const:ti_sysbios_heaps_HeapMem_A_heapSize__C)
                  0000f6a0    00000004     szime2.0_pem4f.oem4f (.const:ti_sysbios_heaps_HeapMem_A_invalidFree__C)
                  0000f6a4    00000004     szime2.0_pem4f.oem4f (.const:ti_sysbios_heaps_HeapMem_A_zeroBlock__C)
                  0000f6a8    00000004     szime2.0_pem4f.oem4f (.const:ti_sysbios_heaps_HeapMem_E_memory__C)
                  0000f6ac    00000004     szime2.0_pem4f.oem4f (.const:ti_sysbios_heaps_HeapMem_Module__diagsEnabled__C)
                  0000f6b0    00000004     szime2.0_pem4f.oem4f (.const:ti_sysbios_heaps_HeapMem_Module__diagsIncluded__C)
                  0000f6b4    00000004     szime2.0_pem4f.oem4f (.const:ti_sysbios_heaps_HeapMem_Module__diagsMask__C)
                  0000f6b8    00000004     szime2.0_pem4f.oem4f (.const:ti_sysbios_heaps_HeapMem_Module__gateObj__C)
                  0000f6bc    00000004     szime2.0_pem4f.oem4f (.const:ti_sysbios_heaps_HeapMem_Object__count__C)
                  0000f6c0    00000004     szime2.0_pem4f.oem4f (.const:ti_sysbios_heaps_HeapMem_reqAlign__C)
                  0000f6c4    00000004     szime2.0_pem4f.oem4f (.const:ti_sysbios_knl_Clock_LM_begin__C)
                  0000f6c8    00000004     szime2.0_pem4f.oem4f (.const:ti_sysbios_knl_Clock_LM_tick__C)
                  0000f6cc    00000004     szime2.0_pem4f.oem4f (.const:ti_sysbios_knl_Clock_LW_delayed__C)
                  0000f6d0    00000004     szime2.0_pem4f.oem4f (.const:ti_sysbios_knl_Clock_Module_State_clockQ__O)
                  0000f6d4    00000004     szime2.0_pem4f.oem4f (.const:ti_sysbios_knl_Clock_Module__diagsEnabled__C)
                  0000f6d8    00000004     szime2.0_pem4f.oem4f (.const:ti_sysbios_knl_Clock_Module__diagsIncluded__C)
                  0000f6dc    00000004     szime2.0_pem4f.oem4f (.const:ti_sysbios_knl_Clock_Module__diagsMask__C)
                  0000f6e0    00000004     szime2.0_pem4f.oem4f (.const:ti_sysbios_knl_Clock_Module__loggerFxn1__C)
                  0000f6e4    00000004     szime2.0_pem4f.oem4f (.const:ti_sysbios_knl_Clock_Module__loggerFxn2__C)
                  0000f6e8    00000004     szime2.0_pem4f.oem4f (.const:ti_sysbios_knl_Clock_Module__loggerObj__C)
                  0000f6ec    00000004     szime2.0_pem4f.oem4f (.const:ti_sysbios_knl_Semaphore_A_badContext__C)
                  0000f6f0    00000004     szime2.0_pem4f.oem4f (.const:ti_sysbios_knl_Semaphore_A_noEvents__C)
                  0000f6f4    00000004     szime2.0_pem4f.oem4f (.const:ti_sysbios_knl_Semaphore_A_overflow__C)
                  0000f6f8    00000004     szime2.0_pem4f.oem4f (.const:ti_sysbios_knl_Semaphore_A_pendTaskDisabled__C)
                  0000f6fc    00000004     szime2.0_pem4f.oem4f (.const:ti_sysbios_knl_Semaphore_Instance_State_pendQ__O)
                  0000f700    00000004     szime2.0_pem4f.oem4f (.const:ti_sysbios_knl_Semaphore_LM_pend__C)
                  0000f704    00000004     szime2.0_pem4f.oem4f (.const:ti_sysbios_knl_Semaphore_LM_post__C)
                  0000f708    00000004     szime2.0_pem4f.oem4f (.const:ti_sysbios_knl_Semaphore_Module__diagsEnabled__C)
                  0000f70c    00000004     szime2.0_pem4f.oem4f (.const:ti_sysbios_knl_Semaphore_Module__diagsIncluded__C)
                  0000f710    00000004     szime2.0_pem4f.oem4f (.const:ti_sysbios_knl_Semaphore_Module__diagsMask__C)
                  0000f714    00000004     szime2.0_pem4f.oem4f (.const:ti_sysbios_knl_Semaphore_Module__loggerFxn2__C)
                  0000f718    00000004     szime2.0_pem4f.oem4f (.const:ti_sysbios_knl_Semaphore_Module__loggerFxn4__C)
                  0000f71c    00000004     szime2.0_pem4f.oem4f (.const:ti_sysbios_knl_Semaphore_Module__loggerObj__C)
                  0000f720    00000004     szime2.0_pem4f.oem4f (.const:ti_sysbios_knl_Swi_LD_end__C)
                  0000f724    00000004     szime2.0_pem4f.oem4f (.const:ti_sysbios_knl_Swi_LM_begin__C)
                  0000f728    00000004     szime2.0_pem4f.oem4f (.const:ti_sysbios_knl_Swi_LM_post__C)
                  0000f72c    00000004     szime2.0_pem4f.oem4f (.const:ti_sysbios_knl_Swi_Module__diagsEnabled__C)
                  0000f730    00000004     szime2.0_pem4f.oem4f (.const:ti_sysbios_knl_Swi_Module__diagsIncluded__C)
                  0000f734    00000004     szime2.0_pem4f.oem4f (.const:ti_sysbios_knl_Swi_Module__diagsMask__C)
                  0000f738    00000004     szime2.0_pem4f.oem4f (.const:ti_sysbios_knl_Swi_Module__loggerFxn1__C)
                  0000f73c    00000004     szime2.0_pem4f.oem4f (.const:ti_sysbios_knl_Swi_Module__loggerFxn4__C)
                  0000f740    00000004     szime2.0_pem4f.oem4f (.const:ti_sysbios_knl_Swi_Module__loggerObj__C)
                  0000f744    00000004     szime2.0_pem4f.oem4f (.const:ti_sysbios_knl_Swi_Object__count__C)
                  0000f748    00000004     szime2.0_pem4f.oem4f (.const:ti_sysbios_knl_Task_A_badTimeout__C)
                  0000f74c    00000004     szime2.0_pem4f.oem4f (.const:ti_sysbios_knl_Task_A_sleepTaskDisabled__C)
                  0000f750    00000004     szime2.0_pem4f.oem4f (.const:ti_sysbios_knl_Task_E_spOutOfBounds__C)
                  0000f754    00000004     szime2.0_pem4f.oem4f (.const:ti_sysbios_knl_Task_E_stackOverflow__C)
                  0000f758    00000004     szime2.0_pem4f.oem4f (.const:ti_sysbios_knl_Task_LD_block__C)
                  0000f75c    00000004     szime2.0_pem4f.oem4f (.const:ti_sysbios_knl_Task_LD_exit__C)
                  0000f760    00000004     szime2.0_pem4f.oem4f (.const:ti_sysbios_knl_Task_LD_ready__C)
                  0000f764    00000004     szime2.0_pem4f.oem4f (.const:ti_sysbios_knl_Task_LM_sleep__C)
                  0000f768    00000004     szime2.0_pem4f.oem4f (.const:ti_sysbios_knl_Task_LM_switch__C)
                  0000f76c    00000004     szime2.0_pem4f.oem4f (.const:ti_sysbios_knl_Task_Module_State_inactiveQ__O)
                  0000f770    00000004     szime2.0_pem4f.oem4f (.const:ti_sysbios_knl_Task_Module_State_terminatedQ__O)
                  0000f774    00000004     szime2.0_pem4f.oem4f (.const:ti_sysbios_knl_Task_Module__diagsEnabled__C)
                  0000f778    00000004     szime2.0_pem4f.oem4f (.const:ti_sysbios_knl_Task_Module__diagsIncluded__C)
                  0000f77c    00000004     szime2.0_pem4f.oem4f (.const:ti_sysbios_knl_Task_Module__diagsMask__C)
                  0000f780    00000004     szime2.0_pem4f.oem4f (.const:ti_sysbios_knl_Task_Module__loggerFxn2__C)
                  0000f784    00000004     szime2.0_pem4f.oem4f (.const:ti_sysbios_knl_Task_Module__loggerFxn4__C)
                  0000f788    00000004     szime2.0_pem4f.oem4f (.const:ti_sysbios_knl_Task_Module__loggerObj__C)
                  0000f78c    00000004     szime2.0_pem4f.oem4f (.const:ti_sysbios_knl_Task_Object__count__C)
                  0000f790    00000004     szime2.0_pem4f.oem4f (.const:ti_sysbios_knl_Task_Object__heap__C)
                  0000f794    00000004     szime2.0_pem4f.oem4f (.const:ti_sysbios_knl_Task_allBlockedFunc__C)
                  0000f798    00000004     szime2.0_pem4f.oem4f (.const:ti_sysbios_knl_Task_numConstructedTasks__C)
                  0000f79c    00000004     szime2.0_pem4f.oem4f (.const:ti_sysbios_utils_Load_LS_cpuLoad__C)
                  0000f7a0    00000004     szime2.0_pem4f.oem4f (.const:ti_sysbios_utils_Load_LS_hwiLoad__C)
                  0000f7a4    00000004     szime2.0_pem4f.oem4f (.const:ti_sysbios_utils_Load_LS_swiLoad__C)
                  0000f7a8    00000004     szime2.0_pem4f.oem4f (.const:ti_sysbios_utils_Load_LS_taskLoad__C)
                  0000f7ac    00000004     szime2.0_pem4f.oem4f (.const:ti_sysbios_utils_Load_Module_State_taskList__O)
                  0000f7b0    00000004     szime2.0_pem4f.oem4f (.const:ti_sysbios_utils_Load_Module__diagsEnabled__C)
                  0000f7b4    00000004     szime2.0_pem4f.oem4f (.const:ti_sysbios_utils_Load_Module__diagsIncluded__C)
                  0000f7b8    00000004     szime2.0_pem4f.oem4f (.const:ti_sysbios_utils_Load_Module__diagsMask__C)
                  0000f7bc    00000004     szime2.0_pem4f.oem4f (.const:ti_sysbios_utils_Load_Module__loggerFxn1__C)
                  0000f7c0    00000004     szime2.0_pem4f.oem4f (.const:ti_sysbios_utils_Load_Module__loggerFxn2__C)
                  0000f7c4    00000004     szime2.0_pem4f.oem4f (.const:ti_sysbios_utils_Load_Module__loggerFxn4__C)
                  0000f7c8    00000004     szime2.0_pem4f.oem4f (.const:ti_sysbios_utils_Load_Module__loggerObj__C)
                  0000f7cc    00000004     szime2.0_pem4f.oem4f (.const:ti_sysbios_utils_Load_postUpdate__C)
                  0000f7d0    00000004     szime2.0_pem4f.oem4f (.const:ti_sysbios_utils_Load_windowInMs__C)
                  0000f7d4    00000004     szime2.0_pem4f.oem4f (.const:ti_uia_runtime_ILoggerSnapshot_Interface__BASE__C)
                  0000f7d8    00000004     szime2.0_pem4f.oem4f (.const:ti_uia_runtime_IUIATransfer_Interface__BASE__C)
                  0000f7dc    00000004     szime2.0_pem4f.oem4f (.const:ti_uia_runtime_LoggerStopMode_E_badLevel__C)
                  0000f7e0    00000004     szime2.0_pem4f.oem4f (.const:ti_uia_runtime_LoggerStopMode_Object__count__C)
                  0000f7e4    00000004     szime2.0_pem4f.oem4f (.const:ti_uia_runtime_LoggerStopMode_overflowLogger__C)
                  0000f7e8    00000004     szime2.0_pem4f.oem4f (.const:ti_uia_runtime_LoggerStopMode_statusLogger__C)
                  0000f7ec    00000004     szime2.0_pem4f.oem4f (.const:xdc_runtime_Assert_E_assertFailed__C)
                  0000f7f0    00000004     szime2.0_pem4f.oem4f (.const:xdc_runtime_Core_A_initializedParams__C)
                  0000f7f4    00000004     szime2.0_pem4f.oem4f (.const:xdc_runtime_Core_Module__diagsEnabled__C)
                  0000f7f8    00000004     szime2.0_pem4f.oem4f (.const:xdc_runtime_Core_Module__diagsIncluded__C)
                  0000f7fc    00000004     szime2.0_pem4f.oem4f (.const:xdc_runtime_Core_Module__diagsMask__C)
                  0000f800    00000004     szime2.0_pem4f.oem4f (.const:xdc_runtime_Error_E_memory__C)
                  0000f804    00000004     szime2.0_pem4f.oem4f (.const:xdc_runtime_Error_Module__diagsEnabled__C)
                  0000f808    00000004     szime2.0_pem4f.oem4f (.const:xdc_runtime_Error_Module__diagsIncluded__C)
                  0000f80c    00000004     szime2.0_pem4f.oem4f (.const:xdc_runtime_Error_Module__diagsMask__C)
                  0000f810    00000004     szime2.0_pem4f.oem4f (.const:xdc_runtime_Error_Module__loggerFxn8__C)
                  0000f814    00000004     szime2.0_pem4f.oem4f (.const:xdc_runtime_Error_Module__loggerObj__C)
                  0000f818    00000004     szime2.0_pem4f.oem4f (.const:xdc_runtime_Error_raiseHook__C)
                  0000f81c    00000004     szime2.0_pem4f.oem4f (.const:xdc_runtime_IFilterLogger_Interface__BASE__C)
                  0000f820    00000004     szime2.0_pem4f.oem4f (.const:xdc_runtime_IGateProvider_Interface__BASE__C)
                  0000f824    00000004     szime2.0_pem4f.oem4f (.const:xdc_runtime_IHeap_Interface__BASE__C)
                  0000f828    00000004     szime2.0_pem4f.oem4f (.const:xdc_runtime_ILogger_Interface__BASE__C)
                  0000f82c    00000004     szime2.0_pem4f.oem4f (.const:xdc_runtime_IModule_Interface__BASE__C)
                  0000f830    00000004     szime2.0_pem4f.oem4f (.const:xdc_runtime_Log_L_error__C)
                  0000f834    00000004     szime2.0_pem4f.oem4f (.const:xdc_runtime_Log_L_warning__C)
                  0000f838    00000004     szime2.0_pem4f.oem4f (.const:xdc_runtime_Main_Module__diagsEnabled__C)
                  0000f83c    00000004     szime2.0_pem4f.oem4f (.const:xdc_runtime_Main_Module__diagsIncluded__C)
                  0000f840    00000004     szime2.0_pem4f.oem4f (.const:xdc_runtime_Main_Module__diagsMask__C)
                  0000f844    00000004     szime2.0_pem4f.oem4f (.const:xdc_runtime_Main_Module__loggerFxn2__C)
                  0000f848    00000004     szime2.0_pem4f.oem4f (.const:xdc_runtime_Main_Module__loggerFxn4__C)
                  0000f84c    00000004     szime2.0_pem4f.oem4f (.const:xdc_runtime_Main_Module__loggerFxn8__C)
                  0000f850    00000004     szime2.0_pem4f.oem4f (.const:xdc_runtime_Main_Module__loggerObj__C)
                  0000f854    00000004     szime2.0_pem4f.oem4f (.const:xdc_runtime_Memory_defaultHeapInstance__C)
                  0000f858    00000004     szime2.0_pem4f.oem4f (.const:xdc_runtime_Startup_execImpl__C)
                  0000f85c    00000004     szime2.0_pem4f.oem4f (.const:xdc_runtime_Startup_maxPasses__C)
                  0000f860    00000004     szime2.0_pem4f.oem4f (.const:xdc_runtime_Startup_sfxnRts__C)
                  0000f864    00000004     szime2.0_pem4f.oem4f (.const:xdc_runtime_Startup_sfxnTab__C)
                  0000f868    00000004     szime2.0_pem4f.oem4f (.const:xdc_runtime_SysMin_bufSize__C)
                  0000f86c    00000004     szime2.0_pem4f.oem4f (.const:xdc_runtime_SysMin_outputFunc__C)
                  0000f870    00000004     szime2.0_pem4f.oem4f (.const:xdc_runtime_System_Module__gateObj__C)
                  0000f874    00000004     szime2.0_pem4f.oem4f (.const:xdc_runtime_System_extendFxn__C)
                  0000f878    00000004     szime2.0_pem4f.oem4f (.const:xdc_runtime_System_maxAtexitHandlers__C)
                  0000f87c    00000004     szime2.0_pem4f.oem4f (.const:xdc_runtime_Text_charTab__C)
                  0000f880    00000004     szime2.0_pem4f.oem4f (.const:xdc_runtime_Text_nameEmpty__C)
                  0000f884    00000004     szime2.0_pem4f.oem4f (.const:xdc_runtime_Text_nameStatic__C)
                  0000f888    00000004     szime2.0_pem4f.oem4f (.const:xdc_runtime_Text_nameUnknown__C)
                  0000f88c    00000004     szime2.0_pem4f.oem4f (.const:xdc_runtime_Text_nodeTab__C)
                  0000f890    00000004     szime2.0_pem4f.oem4f (.const:xdc_runtime_Text_visitRopeFxn__C)
                  0000f894    00000002     szime2.0_pem4f.oem4f (.const:ti_sysbios_family_arm_m3_Hwi_Module__id__C)
                  0000f896    00000002     szime2.0_pem4f.oem4f (.const:ti_sysbios_family_arm_m3_Hwi_Module__loggerDefined__C)
                  0000f898    00000002     szime2.0_pem4f.oem4f (.const:ti_sysbios_gates_GateMutex_Module__id__C)
                  0000f89a    00000002     szime2.0_pem4f.oem4f (.const:ti_sysbios_hal_Hwi_Module__id__C)
                  0000f89c    00000002     szime2.0_pem4f.oem4f (.const:ti_sysbios_heaps_HeapMem_Module__id__C)
                  0000f89e    00000002     szime2.0_pem4f.oem4f (.const:ti_sysbios_knl_Clock_Module__id__C)
                  0000f8a0    00000002     szime2.0_pem4f.oem4f (.const:ti_sysbios_knl_Clock_Module__loggerDefined__C)
                  0000f8a2    00000002     szime2.0_pem4f.oem4f (.const:ti_sysbios_knl_Semaphore_Module__id__C)
                  0000f8a4    00000002     szime2.0_pem4f.oem4f (.const:ti_sysbios_knl_Semaphore_Module__loggerDefined__C)
[...]
0000c71f   ti_sysbios_family_arm_lm4_Timer_masterEnable__I
0000c723   ti_sysbios_family_arm_m3_TaskSupport_Module__startupDone__S
0000c727   ti_sysbios_gates_GateHwi_query__E
0000c727   ti_sysbios_gates_GateHwi_query__F
0000c727   xdc_runtime_Main_Module_GateProxy_query__E
0000c727   xdc_runtime_System_Module_GateProxy_query__E
0000c72b   ti_sysbios_BIOS_RtsGateProxy_query__E
0000c72b   ti_sysbios_gates_GateMutex_query__E
0000c72b   ti_sysbios_gates_GateMutex_query__F
0000c72b   ti_sysbios_heaps_HeapMem_Module_GateProxy_query__E
0000c72f   ti_sysbios_hal_Hwi_HwiProxy_Module__startupDone__S
0000c733   ti_sysbios_hal_Hwi_HwiProxy_Object__delete__S
0000c737   ti_sysbios_hal_Timer_TimerProxy_Module__startupDone__S
0000c73b   ti_sysbios_hal_Timer_TimerProxy_getExpiredCounts__E
0000c73f   ti_sysbios_hal_Timer_TimerProxy_getPeriod__E
0000c743   ti_sysbios_hal_Timer_TimerProxy_setNextTick__E
0000c747   ti_sysbios_heaps_HeapMem_Module_GateProxy_enter__E
0000c74b   ti_sysbios_heaps_HeapMem_Module_GateProxy_leave__E
0000c74f   ti_sysbios_knl_Task_SupportProxy_Module__startupDone__S
0000c753   ti_sysbios_knl_Task_startup__E
0000c757   ti_uia_runtime_LogSync_CpuTimestampProxy_Module__startupDone__S
0000c75b   ti_uia_runtime_LogSync_GlobalTimestampProxy_Module__startupDone__S
0000c75f   ti_uia_runtime_LoggerStopMode_getInstanceId__E
0000c763   ti_uia_runtime_LoggerStopMode_getMaxLength__E
0000c767   ti_uia_runtime_LoggerStopMode_setPriority__E
0000c76b   xdc_runtime_Error_getSite__E
0000c76b   xdc_runtime_Error_getSite__F
0000c76f   xdc_runtime_Memory_HeapProxy_alloc__E
0000c773   xdc_runtime_Memory_HeapProxy_free__E
0000c777   xdc_runtime_System_Module_GateProxy_enter__E
0000c77b   xdc_runtime_System_Module_GateProxy_leave__E
0000c77f   xdc_runtime_System_aprintf_va__F
0000c783   xdc_runtime_System_printf_va__F
0000c787   xdc_runtime_System_vsnprintf__E
0000c78b   xdc_runtime_TimestampNull_Module__startupDone__S
0000c78f   xdc_runtime_Timestamp_Module__startupDone__S
0000c794   xdc_runtime_Text_charTab__A
0000ea2d   textarray
0000ec6e   xdc_runtime_Text_nodeTab__A
0000ed82   ti_sysbios_family_arm_m3_Hwi_priorities__A
0000ee5a   ti_catalog_arm_cortexm4_tiva_ce_Boot_Module__id__C
0000ee5c   gpioHWAttrs
0000ef94   spiTivaDMAHWAttrs
0000f004   UART_config
0000f064   ti_uia_runtime_LoggerStopMode_Module__FXNS__C
0000f10c   GPIO_config
0000f150   SPI_config
0000f18c   uartTivaHWAttrs
0000f1c4   ti_sysbios_family_arm_m3_Hwi_Object__PARAMS__C
0000f1f4   ti_sysbios_knl_Task_hooks__A
0000f224   ti_uia_runtime_LoggerStopMode_Object__PARAMS__C
0000f254   xdc_runtime_Startup_sfxnTab__A
0000f284   ti_sysbios_hal_Hwi_Object__PARAMS__C
0000f2b0   inputfile
0000f2bc   outputfile
0000f2d9   ti_sysbios_knl_Clock_tickMode__C
0000f2da   ti_sysbios_BIOS_Module__id__C
0000f2dc   ti_sysbios_heaps_HeapMem_Module__FXNS__C
0000f304   UARTTiva_fxnTable
0000f328   sdspiTivaHWattrs
0000f34c   ti_sysbios_gates_GateHwi_Module__FXNS__C
0000f370   ti_sysbios_gates_GateMutex_Module__FXNS__C
0000f394   ti_sysbios_heaps_HeapMem_Object__PARAMS__C
0000f3b8   ti_sysbios_knl_Semaphore_Object__PARAMS__C
0000f3dc   SPITivaDMA_fxnTable
0000f3ec   dmaTxConfig
0000f3f4   dmaRxConfig
0000f3fc   ti_sysbios_family_arm_m3_Hwi_Object__DESC__C
0000f41c   ti_sysbios_gates_GateHwi_Object__DESC__C
0000f43c   ti_sysbios_gates_GateMutex_Object__DESC__C
0000f45c   ti_sysbios_hal_Hwi_Object__DESC__C
0000f47c   ti_sysbios_heaps_HeapMem_Object__DESC__C
0000f49c   ti_sysbios_knl_Queue_Object__DESC__C
0000f4bc   ti_sysbios_knl_Semaphore_Object__DESC__C
0000f4dc   ti_uia_runtime_LoggerStopMode_Object__DESC__C
0000f4fc   SDSPI_config
0000f514   ti_sysbios_gates_GateHwi_Object__PARAMS__C
0000f52c   ti_sysbios_gates_GateMutex_Object__PARAMS__C
0000f544   ti_sysbios_knl_Queue_Object__PARAMS__C
0000f55c   xdc_runtime_Startup_sfxnRts__A
0000f574   xdc_runtime_Startup_firstFxns__A
0000f599   ti_sysbios_knl_Clock_tickSource__C
0000f59a   ti_sysbios_family_arm_lm4_TimestampProvider_useClockTimer__C
0000f59c   SDSPITiva_fxnTable
0000f5a8   ti_sysbios_family_arm_m3_Hwi_excHookFuncs__A
0000f5b0   ti_sysbios_knl_Idle_coreList__A
0000f5b8   ti_sysbios_knl_Idle_coreList__C
0000f5c0   ti_sysbios_knl_Idle_funcList__A
0000f5c8   ti_sysbios_knl_Idle_funcList__C
0000f5d0   ti_sysbios_knl_Task_hooks__C
0000f5d8   xdc_runtime_Startup_firstFxns__C
0000f5e0   xdc_runtime_Startup_lastFxns__A
0000f5e8   xdc_runtime_Startup_lastFxns__C
0000f5f0   ti_catalog_arm_cortexm4_tiva_ce_Boot_A_mustUseEnhancedClockMode__C
0000f5f4   ti_catalog_arm_cortexm4_tiva_ce_Boot_Module__diagsEnabled__C
0000f5f8   ti_catalog_arm_cortexm4_tiva_ce_Boot_Module__diagsIncluded__C
0000f5fc   ti_catalog_arm_cortexm4_tiva_ce_Boot_Module__diagsMask__C
0000f600   ti_sysbios_BIOS_Module__diagsEnabled__C
0000f604   ti_sysbios_BIOS_Module__diagsIncluded__C
0000f608   ti_sysbios_BIOS_Module__diagsMask__C
0000f60c   ti_sysbios_BIOS_installedErrorHook__C
0000f610   ti_sysbios_family_arm_lm4_Timer_numTimerDevices__C
0000f614   ti_sysbios_family_arm_lm4_Timer_startupNeeded__C
0000f618   ti_sysbios_family_arm_m3_Hwi_E_NMI__C
0000f61c   ti_sysbios_family_arm_m3_Hwi_E_alreadyDefined__C
0000f620   ti_sysbios_family_arm_m3_Hwi_E_busFault__C
0000f624   ti_sysbios_family_arm_m3_Hwi_E_debugMon__C
0000f628   ti_sysbios_family_arm_m3_Hwi_E_hardFault__C
0000f62c   ti_sysbios_family_arm_m3_Hwi_E_memFault__C
0000f630   ti_sysbios_family_arm_m3_Hwi_E_noIsr__C
0000f634   ti_sysbios_family_arm_m3_Hwi_E_reserved__C
0000f638   ti_sysbios_family_arm_m3_Hwi_E_svCall__C
0000f63c   ti_sysbios_family_arm_m3_Hwi_E_usageFault__C
0000f640   ti_sysbios_family_arm_m3_Hwi_LD_end__C
0000f644   ti_sysbios_family_arm_m3_Hwi_LM_begin__C
0000f648   ti_sysbios_family_arm_m3_Hwi_Module__diagsEnabled__C
0000f64c   ti_sysbios_family_arm_m3_Hwi_Module__diagsIncluded__C
0000f650   ti_sysbios_family_arm_m3_Hwi_Module__diagsMask__C
0000f654   ti_sysbios_family_arm_m3_Hwi_Module__loggerFxn1__C
0000f658   ti_sysbios_family_arm_m3_Hwi_Module__loggerFxn8__C
0000f65c   ti_sysbios_family_arm_m3_Hwi_Module__loggerObj__C
0000f660   ti_sysbios_family_arm_m3_Hwi_NUM_INTERRUPTS__C
0000f664   ti_sysbios_family_arm_m3_Hwi_ccr__C
0000f668   ti_sysbios_family_arm_m3_Hwi_disablePriority__C
0000f66c   ti_sysbios_family_arm_m3_Hwi_dispatchTable__C
0000f670   ti_sysbios_family_arm_m3_Hwi_excHandlerFunc__C
0000f674   ti_sysbios_family_arm_m3_Hwi_excHookFuncs__C
0000f678   ti_sysbios_family_arm_m3_Hwi_priGroup__C
0000f67c   ti_sysbios_family_arm_m3_Hwi_priorities__C
0000f680   ti_sysbios_gates_GateMutex_A_badContext__C
0000f684   ti_sysbios_gates_GateMutex_Instance_State_sem__O
0000f688   ti_sysbios_gates_GateMutex_Module__diagsEnabled__C
0000f68c   ti_sysbios_gates_GateMutex_Module__diagsIncluded__C
0000f690   ti_sysbios_gates_GateMutex_Module__diagsMask__C
0000f694   ti_sysbios_hal_Hwi_E_stackOverflow__C
0000f698   ti_sysbios_heaps_HeapMem_A_align__C
0000f69c   ti_sysbios_heaps_HeapMem_A_heapSize__C
0000f6a0   ti_sysbios_heaps_HeapMem_A_invalidFree__C
0000f6a4   ti_sysbios_heaps_HeapMem_A_zeroBlock__C
0000f6a8   ti_sysbios_heaps_HeapMem_E_memory__C
0000f6ac   ti_sysbios_heaps_HeapMem_Module__diagsEnabled__C
0000f6b0   ti_sysbios_heaps_HeapMem_Module__diagsIncluded__C
0000f6b4   ti_sysbios_heaps_HeapMem_Module__diagsMask__C
0000f6b8   ti_sysbios_heaps_HeapMem_Module__gateObj__C
0000f6bc   ti_sysbios_heaps_HeapMem_Object__count__C
0000f6c0   ti_sysbios_heaps_HeapMem_reqAlign__C
0000f6c4   ti_sysbios_knl_Clock_LM_begin__C
0000f6c8   ti_sysbios_knl_Clock_LM_tick__C
0000f6cc   ti_sysbios_knl_Clock_LW_delayed__C
0000f6d0   ti_sysbios_knl_Clock_Module_State_clockQ__O
0000f6d4   ti_sysbios_knl_Clock_Module__diagsEnabled__C
0000f6d8   ti_sysbios_knl_Clock_Module__diagsIncluded__C
0000f6dc   ti_sysbios_knl_Clock_Module__diagsMask__C
0000f6e0   ti_sysbios_knl_Clock_Module__loggerFxn1__C
0000f6e4   ti_sysbios_knl_Clock_Module__loggerFxn2__C
0000f6e8   ti_sysbios_knl_Clock_Module__loggerObj__C
0000f6ec   ti_sysbios_knl_Semaphore_A_badContext__C
0000f6f0   ti_sysbios_knl_Semaphore_A_noEvents__C
0000f6f4   ti_sysbios_knl_Semaphore_A_overflow__C
0000f6f8   ti_sysbios_knl_Semaphore_A_pendTaskDisabled__C
0000f6fc   ti_sysbios_knl_Semaphore_Instance_State_pendQ__O
0000f700   ti_sysbios_knl_Semaphore_LM_pend__C
0000f704   ti_sysbios_knl_Semaphore_LM_post__C
0000f708   ti_sysbios_knl_Semaphore_Module__diagsEnabled__C
0000f70c   ti_sysbios_knl_Semaphore_Module__diagsIncluded__C
0000f710   ti_sysbios_knl_Semaphore_Module__diagsMask__C
0000f714   ti_sysbios_knl_Semaphore_Module__loggerFxn2__C
0000f718   ti_sysbios_knl_Semaphore_Module__loggerFxn4__C
0000f71c   ti_sysbios_knl_Semaphore_Module__loggerObj__C
0000f720   ti_sysbios_knl_Swi_LD_end__C
0000f724   ti_sysbios_knl_Swi_LM_begin__C
0000f728   ti_sysbios_knl_Swi_LM_post__C
0000f72c   ti_sysbios_knl_Swi_Module__diagsEnabled__C
0000f730   ti_sysbios_knl_Swi_Module__diagsIncluded__C
0000f734   ti_sysbios_knl_Swi_Module__diagsMask__C
0000f738   ti_sysbios_knl_Swi_Module__loggerFxn1__C
0000f73c   ti_sysbios_knl_Swi_Module__loggerFxn4__C
0000f740   ti_sysbios_knl_Swi_Module__loggerObj__C
0000f744   ti_sysbios_knl_Swi_Object__count__C
0000f748   ti_sysbios_knl_Task_A_badTimeout__C
0000f74c   ti_sysbios_knl_Task_A_sleepTaskDisabled__C
0000f750   ti_sysbios_knl_Task_E_spOutOfBounds__C
0000f754   ti_sysbios_knl_Task_E_stackOverflow__C
0000f758   ti_sysbios_knl_Task_LD_block__C
0000f75c   ti_sysbios_knl_Task_LD_exit__C
0000f760   ti_sysbios_knl_Task_LD_ready__C
0000f764   ti_sysbios_knl_Task_LM_sleep__C
0000f768   ti_sysbios_knl_Task_LM_switch__C
0000f76c   ti_sysbios_knl_Task_Module_State_inactiveQ__O
0000f770   ti_sysbios_knl_Task_Module_State_terminatedQ__O
0000f774   ti_sysbios_knl_Task_Module__diagsEnabled__C
0000f778   ti_sysbios_knl_Task_Module__diagsIncluded__C
0000f77c   ti_sysbios_knl_Task_Module__diagsMask__C
0000f780   ti_sysbios_knl_Task_Module__loggerFxn2__C
0000f784   ti_sysbios_knl_Task_Module__loggerFxn4__C
0000f788   ti_sysbios_knl_Task_Module__loggerObj__C
0000f78c   ti_sysbios_knl_Task_Object__count__C
0000f790   ti_sysbios_knl_Task_Object__heap__C
0000f794   ti_sysbios_knl_Task_allBlockedFunc__C
0000f798   ti_sysbios_knl_Task_numConstructedTasks__C
0000f79c   ti_sysbios_utils_Load_LS_cpuLoad__C
0000f7a0   ti_sysbios_utils_Load_LS_hwiLoad__C
0000f7a4   ti_sysbios_utils_Load_LS_swiLoad__C
0000f7a8   ti_sysbios_utils_Load_LS_taskLoad__C
0000f7ac   ti_sysbios_utils_Load_Module_State_taskList__O
0000f7b0   ti_sysbios_utils_Load_Module__diagsEnabled__C
0000f7b4   ti_sysbios_utils_Load_Module__diagsIncluded__C
0000f7b8   ti_sysbios_utils_Load_Module__diagsMask__C
0000f7bc   ti_sysbios_utils_Load_Module__loggerFxn1__C
0000f7c0   ti_sysbios_utils_Load_Module__loggerFxn2__C
0000f7c4   ti_sysbios_utils_Load_Module__loggerFxn4__C
0000f7c8   ti_sysbios_utils_Load_Module__loggerObj__C
0000f7cc   ti_sysbios_utils_Load_postUpdate__C
0000f7d0   ti_sysbios_utils_Load_windowInMs__C
0000f7d4   ti_uia_runtime_ILoggerSnapshot_Interface__BASE__C
0000f7d8   ti_uia_runtime_IUIATransfer_Interface__BASE__C
0000f7dc   ti_uia_runtime_LoggerStopMode_E_badLevel__C
0000f7e0   ti_uia_runtime_LoggerStopMode_Object__count__C
0000f7e4   ti_uia_runtime_LoggerStopMode_overflowLogger__C
0000f7e8   ti_uia_runtime_LoggerStopMode_statusLogger__C
0000f7ec   xdc_runtime_Assert_E_assertFailed__C
0000f7f0   xdc_runtime_Core_A_initializedParams__C
0000f7f4   xdc_runtime_Core_Module__diagsEnabled__C
0000f7f8   xdc_runtime_Core_Module__diagsIncluded__C
0000f7fc   xdc_runtime_Core_Module__diagsMask__C
0000f800   xdc_runtime_Error_E_memory__C
0000f804   xdc_runtime_Error_Module__diagsEnabled__C
0000f808   xdc_runtime_Error_Module__diagsIncluded__C
0000f80c   xdc_runtime_Error_Module__diagsMask__C
0000f810   xdc_runtime_Error_Module__loggerFxn8__C
0000f814   xdc_runtime_Error_Module__loggerObj__C
0000f818   xdc_runtime_Error_raiseHook__C
0000f81c   xdc_runtime_IFilterLogger_Interface__BASE__C
0000f820   xdc_runtime_IGateProvider_Interface__BASE__C
0000f824   xdc_runtime_IHeap_Interface__BASE__C
0000f828   xdc_runtime_ILogger_Interface__BASE__C
0000f82c   xdc_runtime_IModule_Interface__BASE__C
0000f830   xdc_runtime_Log_L_error__C
0000f834   xdc_runtime_Log_L_warning__C
0000f838   xdc_runtime_Main_Module__diagsEnabled__C
0000f83c   xdc_runtime_Main_Module__diagsIncluded__C
0000f840   xdc_runtime_Main_Module__diagsMask__C
0000f844   xdc_runtime_Main_Module__loggerFxn2__C
0000f848   xdc_runtime_Main_Module__loggerFxn4__C
0000f84c   xdc_runtime_Main_Module__loggerFxn8__C
0000f850   xdc_runtime_Main_Module__loggerObj__C
0000f854   xdc_runtime_Memory_defaultHeapInstance__C
0000f858   xdc_runtime_Startup_execImpl__C
0000f85c   xdc_runtime_Startup_maxPasses__C
0000f860   xdc_runtime_Startup_sfxnRts__C
0000f864   xdc_runtime_Startup_sfxnTab__C
0000f868   xdc_runtime_SysMin_bufSize__C
0000f86c   xdc_runtime_SysMin_outputFunc__C
0000f870   xdc_runtime_System_Module__gateObj__C
0000f874   xdc_runtime_System_extendFxn__C
0000f878   xdc_runtime_System_maxAtexitHandlers__C
0000f87c   xdc_runtime_Text_charTab__C
0000f880   xdc_runtime_Text_nameEmpty__C
0000f884   xdc_runtime_Text_nameStatic__C
0000f888   xdc_runtime_Text_nameUnknown__C
0000f88c   xdc_runtime_Text_nodeTab__C
0000f890   xdc_runtime_Text_visitRopeFxn__C
0000f894   ti_sysbios_family_arm_m3_Hwi_Module__id__C
0000f896   ti_sysbios_family_arm_m3_Hwi_Module__loggerDefined__C
0000f898   ti_sysbios_gates_GateMutex_Module__id__C
0000f89a   ti_sysbios_hal_Hwi_Module__id__C
0000f89c   ti_sysbios_heaps_HeapMem_Module__id__C
0000f89e   ti_sysbios_knl_Clock_Module__id__C
0000f8a0   ti_sysbios_knl_Clock_Module__loggerDefined__C
0000f8a2   ti_sysbios_knl_Semaphore_Module__id__C
0000f8a4   ti_sysbios_knl_Semaphore_Module__loggerDefined__C
0000f8a6   ti_sysbios_knl_Swi_Module__id__C
0000f8a8   ti_sysbios_knl_Swi_Module__loggerDefined__C
0000f8aa   ti_sysbios_knl_Task_Module__id__C
0000f8ac   ti_sysbios_knl_Task_Module__loggerDefined__C
0000f8ae   ti_sysbios_knl_Task_deleteTerminatedTasks__C
0000f8b0   ti_sysbios_knl_Task_initStackFlag__C
0000f8b2   ti_sysbios_utils_Load_Module__id__C
0000f8b4   ti_sysbios_utils_Load_Module__loggerDefined__C
0000f8b6   ti_sysbios_utils_Load_autoAddTasks__C
0000f8b8   ti_sysbios_utils_Load_hwiEnabled__C
0000f8ba   ti_sysbios_utils_Load_swiEnabled__C
0000f8bc   ti_sysbios_utils_Load_taskEnabled__C
0000f8be   ti_sysbios_utils_Load_updateInIdle__C
0000f8c0   ti_uia_runtime_LoggerStopMode_Module__id__C
0000f8c2   ti_uia_runtime_LoggerStopMode_filterByLevel__C
0000f8c4   ti_uia_runtime_LoggerStopMode_isTimestampEnabled__C
0000f8c6   xdc_runtime_Core_Module__id__C
0000f8c8   xdc_runtime_Error_Module__loggerDefined__C
0000f8ca   xdc_runtime_Error_maxDepth__C
0000f8cc   xdc_runtime_Main_Module__id__C
0000f8ce   xdc_runtime_Main_Module__loggerDefined__C
0000f8d0   xdc_runtime_Memory_Module__id__C
0000f8d2   xdc_runtime_SysMin_flushAtExit__C
0000f8d4   xdc_runtime_Text_charCnt__C
0000f8d6   xdc_runtime_Text_isLoaded__C
0000f8d8   xdc_runtime_Text_registryModsLastId__C
0000f8da   xdc_runtime_Text_unnamedModsLastId__C
0000f8dc   xdc_runtime_Error_policy__C
0000fea8   __TI_Handler_Table_Base
0000feb4   __TI_Handler_Table_Limit
0000fec8   __TI_CINIT_Base
0000fee0   __TI_CINIT_Limit
20000000   ti_sysbios_family_arm_m3_Hwi_ramVectors
20000400   ti_sysbios_knl_Task_Instance_State_0_stack__A
20000800   ti_sysbios_knl_Task_Instance_State_1_stack__A
20001000   ti_sysbios_knl_Task_Instance_State_2_stack__A
20001800   ti_sysbios_knl_Task_Instance_State_3_stack__A
20002000   ti_sysbios_heaps_HeapMem_Instance_State_0_buf__A
20003000   cpy_buff
20003800   ti_uia_runtime_LoggerStopMode_Instance_State_1_bufferArray__A
20003c80   ti_uia_runtime_LoggerStopMode_Instance_State_2_bufferArray__A
20004100   xdc_runtime_SysMin_Module_State_0_outbuf__A
20004500   ti_uia_runtime_LoggerStopMode_Instance_State_0_bufferArray__A
20004780   sdspiTivaobjects
200049c0   uartTivaObjects
20004be0   uartParams
20004e00   __CIOBUF_
20004f20   spiTivaDMAobjects
20004f98   ti_sysbios_knl_Task_Instance_State_0_hookEnv__A
20004fa0   ti_sysbios_knl_Task_Instance_State_1_hookEnv__A
20004fa8   ti_sysbios_knl_Task_Instance_State_2_hookEnv__A
20004fb0   ti_sysbios_knl_Task_Instance_State_3_hookEnv__A
20004fb8   uart1
20004fbc   uart2
20004fc0   uart3
20004fc4   uart4
20004fc8   uart5
20004fcc   uart6
20004fd0   uart7
20004fd4   __stack
200050d4   __STACK_TOP
20005fd4   __STACK_END
20005fd4   ti_sysbios_family_arm_m3_Hwi_Module_State_0_dispatchTable__A
20006334   ti_sysbios_BIOS_Module__state__V
20006354   ti_sysbios_family_arm_lm4_Timer_Module__root__V
2000635c   ti_sysbios_family_arm_lm4_Timer_Module_State_0_handles__A
20006374   ti_sysbios_family_arm_lm4_Timer_Module__state__V
20006380   ti_sysbios_family_arm_lm4_TimestampProvider_Module__state__V
20006388   ti_sysbios_family_arm_m3_Hwi_Module__root__V
20006390   ti_sysbios_family_arm_m3_Hwi_Module_State_0_excActive__A
20006394   ti_sysbios_family_arm_m3_Hwi_Module_State_0_excContext__A
20006398   ti_sysbios_family_arm_m3_Hwi_Module_State_0_excStack__A
2000639c   ti_sysbios_gates_GateHwi_Module__root__V
200063a4   ti_sysbios_gates_GateHwi_Object__table__V
200063a8   ti_sysbios_gates_GateMutex_Module__root__V
200063b0   ti_sysbios_hal_Hwi_Module__root__V
200063b8   ti_sysbios_hal_Timer_Module__root__V
200063c0   ti_sysbios_hal_Timer_Object__table__V
200063c8   ti_sysbios_heaps_HeapMem_Module__root__V
200063d0   ti_sysbios_heaps_HeapMem_Object__table__V
200063e8   ti_sysbios_knl_Clock_Module__root__V
200063f0   ti_sysbios_knl_Clock_Object__table__V
20006410   ti_sysbios_knl_Event_Module__root__V
2000641c   ti_sysbios_knl_Queue_Module__root__V
20006424   ti_sysbios_knl_Semaphore_Module__root__V
20006430   ti_sysbios_knl_Swi_Module__root__V
20006438   ti_sysbios_knl_Swi_Module__state__V
20006454   ti_sysbios_knl_Task_Module__root__V
20006460   ti_sysbios_knl_Task_Module_State_0_idleTask__A
20006464   ti_sysbios_utils_Load_Module__root__V
20006468   ti_sysbios_utils_Load_Module_State_0_taskStartTime__A
2000646c   ti_sysbios_utils_Load_Module_State_0_runningTask__A
20006470   ti_uia_runtime_LogSync_Module__root__V
20006478   ti_uia_runtime_LogSync_Module__state__V
20006484   ti_uia_runtime_LoggerStopMode_Module__root__V
2000648c   ti_uia_runtime_LoggerStopMode_Module__state__V
20006494   ti_uia_runtime_QueueDescriptor_Module__state__V
200064a0   xdc_runtime_Error_Module__state__V
200064a2   xdc_runtime_Main_Module__root__V
200064a4   xdc_runtime_Memory_Module__state__V
200064a8   xdc_runtime_Registry_Module__state__V
200064b0   xdc_runtime_Startup_Module__state__V
200064b8   xdc_runtime_SysMin_Module__state__V
200064c4   xdc_runtime_System_Module_State_0_atexitHandlers__A
200064e4   xdc_runtime_System_Module__state__V
200064f0   xdc_runtime_Text_Module__state__V
200064f8   __xdc__init__addr
200064fc   ti_sysbios_knl_Task_Object__table__V
200065ec   TSK_idle
2000663c   ti_uia_runtime_LoggerStopMode_Object__table__V
20006814   ti_sysbios_knl_Swi_Module_State_0_readyQ__A
20006894   ti_sysbios_knl_Task_Module_State_0_readyQ__A
20006914   ti_sysbios_utils_Load_Module__state__V
20006990   ti_sysbios_family_arm_lm4_Timer_Object__table__V
20006a00   ti_sysbios_family_arm_m3_Hwi_Module__state__V
20006aa4   ti_sysbios_knl_Task_Module__state__V
20006ae8   ti_sysbios_gates_GateMutex_Object__table__V
20006b20   ti_sysbios_family_arm_lm4_Timer_Module_State_0_device__A
20006b50   ti_sysbios_family_arm_m3_Hwi_Object__table__V
20006b80   ti_sysbios_knl_Swi_Object__table__V
20006bb0   ti_sysbios_knl_Clock_Module__state__V
20006bec   _lock
20006bf0   _unlock
20006bf4   __TI_cleanup_ptr
20006bf8   __TI_dtors_ptr
20006bfc   ti_uia_runtime_QueueDescriptor_gPtrToFirstDescriptor
20006c00   ti_uia_runtime_QueueDescriptor_gUpdateCount
20006c10   main_func_sp
40000400   ti_sysbios_family_arm_ducati_CTM_ctm
e000e000   ti_sysbios_family_arm_m3_Hwi_nvic
ffffffff   __binit__
ffffffff   __c_args__
ffffffff   binit
UNDEFED    SHT$$INIT_ARRAY$$Base
UNDEFED    SHT$$INIT_ARRAY$$Limit

[912 symbols]
