******************************************************************************
                  TI ARM Linker Unix v5.1.2                    
******************************************************************************
>> Linked Tue Oct 15 21:07:25 2013

OUTPUT FILE NAME:   <szime2.0tesztmereshez.out>
ENTRY POINT SYMBOL: "_c_int00"  address: 0000a04d


MEMORY CONFIGURATION

         name            origin    length      used     unused   attr    fill
----------------------  --------  ---------  --------  --------  ----  --------
  FLASH                 00000000   00040000  0000faed  00030513  R  X
  SRAM                  20000000   00008000  0000691c  000016e4  RW X


SEGMENT ALLOCATION MAP

run origin  load origin   length   init length attrs members
----------  ----------- ---------- ----------- ----- -------
00000000    00000000    0000faf0   0000faf0    r-x
  00000000    00000000    00000360   00000360    r-- .resetVecs
  00000360    00000360    0000c046   0000c046    r-x .text
  0000c3a8    0000c3a8    00003147   00003147    r-- .const
  0000f4f0    0000f4f0    00000600   00000600    r-- .cinit
20000000    20000000    0000691c   00000000    rw-
  20000000    20000000    00000360   00000000    rw- .vecs
  20000360    20000360    00004974   00000000    rw- .bss
  20004cd4    20004cd4    00001000   00000000    rw- .stack
  20005cd4    20005cd4    00000c48   00000000    rw- .data


SECTION ALLOCATION MAP

 output                                  attributes/
section   page    origin      length       input sections
--------  ----  ----------  ----------   ----------------
.bootVecs 
*          0    00000000    00000008     DSECT
                  00000000    00000008     boot.aem4f : boot.oem4f (.bootVecs)

.resetVecs 
*          0    00000000    00000360     
                  00000000    00000360     szime2.0_pem4f.oem4f (.resetVecs)

xdc.meta   0    00000000    000000f0     COPY SECTION
                  00000000    000000f0     szime2.0_pem4f.oem4f (xdc.meta)

.text      0    00000360    0000c046     
                  00000360    0000046c     uart_tivaware.aem4f : UARTTiva.oem4f (.text:UARTTiva_hwiIntFxn)
                  000007cc    00000438     ustdlib.obj (.text:uvsnprintf)
                  00000c04    00000424     sysbios.aem4f : BIOS.obj (.text:ti_sysbios_family_arm_m3_Hwi_excDumpRegs__I)
                  00001028    0000041c     uart_tivaware.aem4f : UARTTiva.oem4f (.text:UARTTiva_open)
                  00001444    000003a8     sdspi_tivaware.aem4f : SDSPITiva.oem4f (.text:SDSPI_diskIOctrl)
                  000017ec    00000348                          : SDSPITiva.oem4f (.text:SDSPI_diskInitialize)
                  00001b34    00000344     ti.targets.arm.rtsarm.aem4f : System.oem4f (.text:xdc_runtime_System_doPrint__I)
                  00001e78    00000310     rtsv7M4_T_le_v4SPD16_eabi.lib : lowlev.obj (.text)
                  00002188    000002f4     ti.sysbios.fatfs.aem4f : ff.oem4f (.text:chk_mounted)
                  0000247c    000002ec     szime2.0teszt.obj (.text:SDTask)
                  00002768    000002d4     szime2.0teszt.obj (.text:UartTest)
                  00002a3c    000002d4     rtsv7M4_T_le_v4SPD16_eabi.lib : trgdrv.obj (.text)
                  00002d10    000002b0     sdspi_tivaware.aem4f : SDSPITiva.oem4f (.text:SDSPITiva_open)
                  00002fc0    00000270     sysbios.aem4f : BIOS.obj (.text:ti_sysbios_knl_Semaphore_pend__E)
                  00003230    00000260     sdspi_tivaware.aem4f : SDSPITiva.oem4f (.text:SDSPI_diskWrite)
                  00003490    00000248     sysbios.aem4f : BIOS.obj (.text:ti_sysbios_heaps_HeapMem_free__E)
                  000036d8    00000234                   : BIOS.obj (.text:ti_sysbios_family_arm_lm4_Timer_start__E)
                  0000390c    00000234                   : BIOS.obj (.text:ti_sysbios_heaps_HeapMem_alloc__E)
                  00003b40    00000234                   : BIOS.obj (.text:ti_sysbios_utils_Load_update__E)
                  00003d74    000001fc                   : BIOS.obj (.text:ti_sysbios_family_arm_m3_Hwi_excHandlerMax__I)
                  00003f70    000001ec     uart_tivaware.aem4f : UARTTiva.oem4f (.text:UARTTiva_write)
                  0000415c    000001d8     sysbios.aem4f : BIOS.obj (.text:ti_sysbios_knl_Task_sleep__E)
                  00004334    000001cc     sdspi_tivaware.aem4f : SDSPITiva.oem4f (.text:SDSPI_diskRead)
                  00004500    000001c8     sysbios.aem4f : BIOS.obj (.text:ti_sysbios_utils_Load_logLoads__I)
                  000046c8    000001ac     ti.uia.runtime.aem4f : LoggerStopMode.oem4f (.text:ti_uia_runtime_LoggerStopMode_write8__E)
                  00004874    000001a6     ti.sysbios.fatfs.aem4f : ff.oem4f (.text:f_write)
                  00004a1a    00000002     sysbios.aem4f : BIOS.obj (.text:ti_sysbios_BIOS_nullFunc__I)
                  00004a1c    000001a4     sdspi_tivaware.aem4f : SDSPITiva.oem4f (.text:SDSPITiva_close)
                  00004bc0    00000174     ti.sysbios.fatfs.aem4f : ff.oem4f (.text:f_read)
                  00004d34    00000170     uart_tivaware.aem4f : UARTTiva.oem4f (.text:UARTTiva_readPolling)
                  00004ea4    00000168     sysbios.aem4f : BIOS.obj (.text:ti_sysbios_family_arm_m3_Hwi_excBusFault__I)
                  0000500c    00000160     uart_tivaware.aem4f : UARTTiva.oem4f (.text:readData)
                  0000516c    0000015c     ti.sysbios.fatfs.aem4f : ff.oem4f (.text:f_lseek)
                  000052c8    0000015c     ti.uia.runtime.aem4f : LoggerStopMode.oem4f (.text:ti_uia_runtime_LoggerStopMode_writeMemoryRange__E)
                  00005424    00000154     sysbios.aem4f : BIOS.obj (.text:ti_sysbios_knl_Task_exit__E)
                  00005578    00000150     ti.sysbios.fatfs.aem4f : ff.oem4f (.text:f_open)
                  000056c8    00000150     szime2.0teszt.obj (.text:main)
                  00005818    0000014c     sysbios.aem4f : BIOS.obj (.text:ti_sysbios_knl_Semaphore_post__E)
                  00005964    00000148     sdspi_tivaware.aem4f : SDSPITiva.oem4f (.text:send_cmd)
                  00005aac    00000148     sysbios.aem4f : BIOS.obj (.text:ti_sysbios_family_arm_m3_Hwi_excUsageFault__I)
                  00005bf4    00000144                   : BIOS.obj (.text:ti_sysbios_family_arm_lm4_TimestampProvider_get64__E)
                  00005d38    00000140     ti.uia.runtime.aem4f : LoggerStopMode.oem4f (.text:ti_uia_runtime_LoggerStopMode_write4__E)
                  00005e78    0000013c     ti.targets.arm.rtsarm.aem4f : Error.oem4f (.text:xdc_runtime_Error_raiseX__F)
                  00005fb4    00000138     Boot.aem4f : Boot_sysctl.oem4f (.text:ti_catalog_arm_cortexm4_tiva_ce_Boot_sysCtlClockSetI__I)
                  000060ec    00000138     sysbios.aem4f : BIOS.obj (.text:ti_sysbios_heaps_HeapMem_Instance_init__F)
                  00006224    00000134                   : m3_Hwi_asm.obj (.text:ti_sysbios_family_arm_m3_Hwi_dispatch__I)
                  00006358    00000134                   : BIOS.obj (.text:ti_sysbios_family_arm_m3_Hwi_excMemFault__I)
                  0000648c    00000130                   : BIOS.obj (.text:ti_sysbios_family_arm_lm4_Timer_initDevice__I)
                  000065bc    0000012c                   : BIOS.obj (.text:ti_sysbios_family_arm_m3_Hwi_dispatchC__I)
                  000066e8    0000012c                   : BIOS.obj (.text:ti_sysbios_knl_Clock_workFunc__E)
                  00006814    00000126     ti.sysbios.fatfs.aem4f : ff.oem4f (.text:f_rename)
                  0000693a    00000002     sysbios.aem4f : BIOS.obj (.text:ti_sysbios_gates_GateHwi_Instance_init__F)
                  0000693c    00000124     EKS_LM4F232.obj (.text:EKS_LM4F232_initUART)
                  00006a60    0000011c     ustdlib.obj (.text:ulocaltime)
                  00006b7c    00000117     ti.sysbios.fatfs.aem4f : ff.oem4f (.text:create_name)
                  00006c93    00000001     --HOLE-- [fill = 0]
                  00006c94    00000114     sysbios.aem4f : BIOS.obj (.text:ti_sysbios_knl_Swi_run__I)
                  00006da8    00000104     ti.targets.arm.rtsarm.aem4f : Core-mem.oem4f (.text:xdc_runtime_Core_createObject__I)
                  00006eac    00000104     szime2.0_pem4f.oem4f (.text:xdc_runtime_System_printfExtend__I)
                  00006fb0    00000100     sysbios.aem4f : BIOS.obj (.text:ti_sysbios_knl_Task_schedule__I)
                  000070b0    00000100                   : BIOS.obj (.text:ti_sysbios_knl_Task_startCore__E)
                  000071b0    000000fa     ti.sysbios.fatfs.aem4f : ff.oem4f (.text:dir_next)
                  000072aa    00000002     szime2.0_pem4f.oem4f (.text:xdc_runtime_Startup_reset__I)
                  000072ac    000000f8     sysbios.aem4f : BIOS.obj (.text:ti_sysbios_knl_Task_postInit__I)
                  000073a4    000000f8     ti.targets.arm.rtsarm.aem4f : Startup.oem4f (.text:xdc_runtime_Startup_startMods__I)
                  0000749c    000000f4     gpio_tivaware.aem4f : GPIO.oem4f (.text:GPIO_toggle)
                  00007590    000000f4     rtsv7M4_T_le_v4SPD16_eabi.lib : dtor_list.obj (.text)
                  00007684    000000f0     gpio_tivaware.aem4f : GPIO.oem4f (.text:GPIO_write)
                  00007774    000000e4     sysbios.aem4f : BIOS.obj (.text:ti_sysbios_family_arm_m3_Hwi_initNVIC__E)
                  00007858    000000de     ti.sysbios.fatfs.aem4f : ff.oem4f (.text:put_fat)
                  00007936    000000d2     szime2.0teszt.obj (.text:PortTest)
                  00007a08    000000cc     ti.sysbios.fatfs.aem4f : ff.oem4f (.text:get_fat)
                  00007ad4    000000c8     EKS_LM4F232.obj (.text:EKS_LM4F232_initGPIO)
                  00007b9c    000000c8     sdspi_tivaware.aem4f : SDSPITiva.oem4f (.text:send_initial_clock_train)
                  00007c64    000000c8     sysbios.aem4f : BIOS.obj (.text:ti_sysbios_family_arm_lm4_TimestampProvider_get32__E)
                  00007d2c    000000c2     ti.sysbios.fatfs.aem4f : ff.oem4f (.text:f_unlink)
                  00007dee    000000c0                            : ff.oem4f (.text:sync)
                  00007eae    00000002     --HOLE-- [fill = 0]
                  00007eb0    000000c0     sysbios.aem4f : BIOS.obj (.text:ti_sysbios_knl_Task_unblockI__E)
                  00007f70    000000bc                   : BIOS.obj (.text:ti_sysbios_utils_Load_taskDeleteHook__E)
                  0000802c    000000b8     driverlib.lib : gpio.obj (.text:GPIOPadConfigSet)
                  000080e4    000000b8     sysbios.aem4f : BIOS.obj (.text:ti_sysbios_utils_Load_idleFxn__E)
                  0000819c    000000b4     driverlib.lib : sysctl.obj (.text:SysCtlClockGet)
                  00008250    000000b4     ti.sysbios.fatfs.aem4f : ff.oem4f (.text:f_sync)
                  00008304    000000b4     sysbios.aem4f : BIOS.obj (.text:ti_sysbios_gates_GateMutex_enter__E)
                  000083b8    000000b4                   : BIOS.obj (.text:ti_sysbios_knl_Task_checkStacks__E)
                  0000846c    000000b0     ti.sysbios.fatfs.aem4f : ffcio.oem4f (.text:ffcio_open)
                  0000851c    000000b0     sysbios.aem4f : BIOS.obj (.text:ti_sysbios_family_arm_m3_Hwi_excHardFault__I)
                  000085cc    000000b0                   : BIOS.obj (.text:ti_sysbios_knl_Swi_post__E)
                  0000867c    000000b0                   : BIOS.obj (.text:ti_sysbios_knl_Swi_schedule__I)
                  0000872c    000000ac     uart_tivaware.aem4f : UARTTiva.oem4f (.text:UARTTiva_close)
                  000087d8    000000a8     sysbios.aem4f : BIOS.obj (.text:ti_sysbios_family_arm_lm4_Timer_Module_startup__F)
                  00008880    000000a8                   : BIOS.obj (.text:ti_sysbios_family_arm_m3_Hwi_excDebugMon__I)
                  00008928    000000a8                   : BIOS.obj (.text:ti_sysbios_knl_Semaphore_Instance_init__F)
                  000089d0    000000a4                   : BIOS.obj (.text:ti_sysbios_family_arm_m3_Hwi_Module_startup__F)
                  00008a74    000000a0     auto_init.aem4f : auto_init.oem4f (.text)
                  00008b14    000000a0     sysbios.aem4f : BIOS.obj (.text:ti_sysbios_knl_Task_blockI__E)
                  00008bb4    0000009c     rtsv7M4_T_le_v4SPD16_eabi.lib : memcpy_t2.obj (.text)
                  00008c50    0000009a     ti.targets.arm.rtsarm.aem4f : Text.oem4f (.text:xdc_runtime_Text_putSite__F)
                  00008cea    0000009a     sdspi_tivaware.aem4f : SDSPITiva.oem4f (.text:xmit_datablock)
                  00008d84    00000098     ti.sysbios.fatfs.aem4f : ff.oem4f (.text:create_chain)
                  00008e1c    00000094     Boot.aem4f : Boot.oem4f (.text:ti_catalog_arm_cortexm4_tiva_ce_Boot_sysCtlClockSet__E)
                  00008eb0    00000094     sysbios.aem4f : BIOS.obj (.text:ti_sysbios_family_arm_m3_Hwi_Instance_init__F)
                  00008f44    00000094     ti.targets.arm.rtsarm.aem4f : Text.oem4f (.text:xdc_runtime_Text_putMod__F)
                  00008fd8    00000090     EKS_LM4F232.obj (.text:EKS_LM4F232_initGeneral)
                  00009068    00000090     sysbios.aem4f : BIOS.obj (.text:ti_sysbios_family_arm_lm4_Timer_setNextTick__E)
                  000090f8    0000008e     sdspi_tivaware.aem4f : SDSPITiva.oem4f (.text:rcvr_datablock)
                  00009186    00000002     --HOLE-- [fill = 0]
                  00009188    0000008c     sysbios.aem4f : m3_TaskSupport_asm.obj (.text:_ti_sysbios_family_arm_m3_TaskSupport_buildTaskStack)
                  00009214    0000008c                   : BIOS.obj (.text:ti_sysbios_utils_Load_taskCreateHook__E)
                  000092a0    00000084     ti.uia.runtime.aem4f : LoggerStopMode.oem4f (.text:ti_uia_runtime_LoggerStopMode_setFilterLevel__E)
                  00009324    00000080     sysbios.aem4f : BIOS.obj (.text:ti_sysbios_knl_Task_Module_startup__F)
                  000093a4    0000007e     ti.uia.runtime.aem4f : LoggerStopMode.oem4f (.text:ti_uia_runtime_LoggerStopMode_getContents__E)
                  00009422    0000007c     ti.sysbios.fatfs.aem4f : ff.oem4f (.text:dir_sdi)
                  0000949e    00000078     rtsv7M4_T_le_v4SPD16_eabi.lib : memset_t2.obj (.text)
                  00009516    00000002     --HOLE-- [fill = 0]
                  00009518    00000078     sysbios.aem4f : BIOS.obj (.text:ti_sysbios_family_arm_lm4_Timer_getExpiredCounts__E)
                  00009590    00000078                   : BIOS.obj (.text:ti_sysbios_utils_Load_addTask__E)
                  00009608    00000076     ti.sysbios.fatfs.aem4f : ff.oem4f (.text:follow_path)
                  0000967e    00000002     --HOLE-- [fill = 0]
                  00009680    00000074     sysbios.aem4f : BIOS.obj (.text:ti_sysbios_family_arm_lm4_Timer_isrStub__E)
                  000096f4    00000074                   : BIOS.obj (.text:ti_sysbios_knl_Clock_startI__E)
                  00009768    00000070     ti.sysbios.fatfs.aem4f : ff.oem4f (.text:check_fs)
                  000097d8    00000070     szime2.0_pem4f.oem4f (.text:ti_sysbios_family_arm_m3_Hwi_Object__create__S)
                  00009848    00000070     sysbios.aem4f : BIOS.obj (.text:ti_sysbios_family_arm_m3_Hwi_reconfig__E)
                  000098b8    00000070     szime2.0_pem4f.oem4f (.text:ti_sysbios_hal_Hwi_Object__create__S)
                  00009928    00000070     ti.uia.runtime.aem4f : LoggerStopMode.oem4f (.text:ti_uia_runtime_LoggerStopMode_getFilterLevel__E)
                  00009998    00000070                          : QueueDescriptor.oem4f (.text:ti_uia_runtime_QueueDescriptor_addToList__E)
                  00009a08    00000070     ti.targets.arm.rtsarm.aem4f : Memory.oem4f (.text:xdc_runtime_Memory_alloc__F)
                  00009a78    0000006e     ti.sysbios.fatfs.aem4f : ff.oem4f (.text:move_window)
                  00009ae6    0000006e     ti.uia.runtime.aem4f : LoggerStopMode.oem4f (.text:ti_uia_runtime_LoggerStopMode_writeBlockOfMemory__I)
                  00009b54    0000006c     ti.targets.arm.rtsarm.aem4f : Error.oem4f (.text:xdc_runtime_Error_print__F)
                  00009bc0    00000066                                 : Core-mem.oem4f (.text:xdc_runtime_Core_deleteObject__I)
                  00009c26    00000064     uart_tivaware.aem4f : UARTTiva.oem4f (.text:UARTTiva_read)
                  00009c8a    00000064     ti.sysbios.fatfs.aem4f : ff.oem4f (.text:remove_chain)
                  00009cee    00000002     --HOLE-- [fill = 0]
                  00009cf0    00000064     sysbios.aem4f : BIOS.obj (.text:ti_sysbios_BIOS_rtsUnlock__I)
                  00009d54    00000062     ti.sysbios.fatfs.aem4f : ff.oem4f (.text:dir_register)
                  00009db6    00000002     --HOLE-- [fill = 0]
                  00009db8    00000060     rtsv7M4_T_le_v4SPD16_eabi.lib : trgmsg.obj (.text)
                  00009e18    00000060     sysbios.aem4f : BIOS.obj (.text:ti_sysbios_knl_Clock_logTick__E)
                  00009e78    00000060     szime2.0_pem4f.oem4f (.text:ti_uia_runtime_LoggerStopMode_Object__create__S)
                  00009ed8    0000005e     rtsv7M4_T_le_v4SPD16_eabi.lib : copy_decompress_rle.obj (.text)
                  00009f36    00000002     --HOLE-- [fill = 0]
                  00009f38    0000005c     sysbios.aem4f : BIOS.obj (.text:ti_sysbios_knl_Swi_restoreHwi__E)
                  00009f94    0000005b     ti.targets.arm.rtsarm.aem4f : Text.oem4f (.text:xdc_runtime_Text_putLab__F)
                  00009fef    00000001     --HOLE-- [fill = 0]
                  00009ff0    0000005a     ti.uia.runtime.aem4f : LoggerStopMode.oem4f (.text:ti_uia_runtime_LoggerStopMode_readBlockOfMemory__I)
                  0000a04a    00000002     --HOLE-- [fill = 0]
                  0000a04c    00000058     boot.aem4f : boot.oem4f (.text)
                  0000a0a4    00000058     sysbios.aem4f : BIOS.obj (.text:ti_sysbios_utils_Load_taskSwitchHook__E)
                  0000a0fc    00000058     ustdlib.obj (.text:ustrncpy)
                  0000a154    00000054     ti.uia.runtime.aem4f : QueueDescriptor.oem4f (.text:ti_uia_runtime_QueueDescriptor_removeFromList__E)
                  0000a1a8    00000050     ti.targets.arm.rtsarm.aem4f : Startup.oem4f (.text:xdc_runtime_Startup_exec__F)
                  0000a1f8    00000050                                 : System.oem4f (.text:xdc_runtime_System_formatNum__I)
                  0000a248    00000050                                 : Text.oem4f (.text:xdc_runtime_Text_visitRope2__I)
                  0000a298    0000004c     sdspi_tivaware.aem4f : SDSPI.oem4f (.text:SDSPI_open)
                  0000a2e4    0000004c     uart_tivaware.aem4f : UART.oem4f (.text:UART_Params_init)
                  0000a330    0000004c     szime2.0_pem4f.oem4f (.text:ti_sysbios_fatfs_startup)
                  0000a37c    0000004c     sysbios.aem4f : BIOS.obj (.text:ti_sysbios_knl_Clock_getTicks__E)
                  0000a3c8    0000004c                   : BIOS.obj (.text:ti_sysbios_knl_Task_allBlockedFunction__I)
                  0000a414    0000004a     ti.sysbios.fatfs.aem4f : ff.oem4f (.text:dir_find)
                  0000a45e    0000004a     sdspi_tivaware.aem4f : SDSPITiva.oem4f (.text:wait_ready)
                  0000a4a8    00000048     driverlib.lib : gpio.obj (.text:GPIOPinConfigure)
                  0000a4f0    00000048     sysbios.aem4f : BIOS.obj (.text:ti_sysbios_family_arm_m3_Hwi_excReserved__I)
                  0000a538    00000048                   : BIOS.obj (.text:ti_sysbios_heaps_HeapMem_getStats__E)
                  0000a580    00000048                   : BIOS.obj (.text:ti_sysbios_knl_Semaphore_pendTimeout__I)
                  0000a5c8    00000048     ti.targets.arm.rtsarm.aem4f : Assert.oem4f (.text:xdc_runtime_Assert_raise__I)
                  0000a610    00000048                                 : Core-params.oem4f (.text:xdc_runtime_Core_assignParams__I)
                  0000a658    00000046     ti.uia.runtime.aem4f : LoggerStopMode.oem4f (.text:ti_uia_runtime_LoggerStopMode_Instance_init__F)
                  0000a69e    00000002     --HOLE-- [fill = 0]
                  0000a6a0    00000044     uart_tivaware.aem4f : UART.oem4f (.text:UART_open)
                  0000a6e4    00000044     ti.sysbios.fatfs.aem4f : ff.oem4f (.text:f_mount)
                  0000a728    00000044     rtsv7M4_T_le_v4SPD16_eabi.lib : cpy_tbl.obj (.text)
                  0000a76c    00000044                                   : exit.obj (.text)
                  0000a7b0    00000044     sysbios.aem4f : BIOS.obj (.text:ti_sysbios_BIOS_errorRaiseHook__I)
                  0000a7f4    00000044                   : BIOS.obj (.text:ti_sysbios_family_arm_m3_Hwi_disableInterrupt__E)
                  0000a838    00000044                   : BIOS.obj (.text:ti_sysbios_family_arm_m3_Hwi_enableInterrupt__E)
                  0000a87c    00000044     ti.uia.runtime.aem4f : LoggerStopMode.oem4f (.text:ti_uia_runtime_LoggerStopMode_filterOutEvent__I)
                  0000a8c0    00000044                          : LoggerStopMode.oem4f (.text:ti_uia_runtime_LoggerStopMode_reset__F)
                  0000a904    00000044     ti.targets.arm.rtsarm.aem4f : SysMin.oem4f (.text:xdc_runtime_SysMin_flush__F)
                  0000a948    00000042     driverlib.lib : ssi.obj (.text:SSIConfigSetExpClk)
                  0000a98a    00000042     rtsv7M4_T_le_v4SPD16_eabi.lib : u_divt2.obj (.text)
                  0000a9cc    00000042     szime2.0teszt.obj (.text:timefname)
                  0000aa0e    00000040     driverlib.lib : uart.obj (.text:UARTConfigSetExpClk)
                  0000aa4e    00000040     uart_tivaware.aem4f : UARTTiva.oem4f (.text:UARTTiva_writePolling)
                  0000aa8e    00000040     ti.sysbios.fatfs.aem4f : ff.oem4f (.text:dir_read)
                  0000aace    00000002     --HOLE-- [fill = 0]
                  0000aad0    00000040     sysbios.aem4f : BIOS.obj (.text:ti_sysbios_family_arm_lm4_Timer_startup__E)
                  0000ab10    00000040     szime2.0_pem4f.oem4f (.text:ti_sysbios_knl_Semaphore_Object__create__S)
                  0000ab50    00000040     sysbios.aem4f : BIOS.obj (.text:ti_sysbios_knl_Swi_startup__E)
                  0000ab90    00000040     ti.targets.arm.rtsarm.aem4f : System.oem4f (.text:xdc_runtime_System_atexit__F)
                  0000abd0    0000003c     EKS_LM4F232.obj (.text:EKS_LM4F232_initSDSPI)
                  0000ac0c    0000003c     sysbios.aem4f : BIOS.obj (.text:ti_sysbios_family_arm_m3_Hwi_excSvCall__I)
                  0000ac48    0000003c                   : BIOS.obj (.text:ti_sysbios_family_arm_m3_TaskSupport_start__E)
                  0000ac84    0000003c                   : BIOS.obj (.text:ti_sysbios_heaps_HeapMem_init__I)
                  0000acc0    0000003c     ti.targets.arm.rtsarm.aem4f : Text.oem4f (.text:xdc_runtime_Text_xprintf__I)
                  0000acfc    00000038     sdspi_tivaware.aem4f : SDSPI.oem4f (.text:SDSPI_close)
                  0000ad34    00000038                          : SDSPI.oem4f (.text:SDSPI_init)
                  0000ad6c    00000038     uart_tivaware.aem4f : UART.oem4f (.text:UART_init)
                  0000ada4    00000038     sysbios.aem4f : BIOS.obj (.text:ti_sysbios_family_arm_m3_Hwi_excNoIsr__I)
                  0000addc    00000038                   : BIOS.obj (.text:ti_sysbios_family_arm_m3_Hwi_getStackInfo__E)
                  0000ae14    00000038     szime2.0_pem4f.oem4f (.text:ti_sysbios_gates_GateHwi_Object__create__S)
                  0000ae4c    00000038     szime2.0_pem4f.oem4f (.text:ti_sysbios_gates_GateMutex_Object__create__S)
                  0000ae84    00000038     szime2.0_pem4f.oem4f (.text:ti_sysbios_heaps_HeapMem_Object__create__S)
                  0000aebc    00000038     szime2.0_pem4f.oem4f (.text:ti_sysbios_knl_Queue_Object__create__S)
                  0000aef4    00000038     ti.targets.arm.rtsarm.aem4f : SysMin.oem4f (.text:xdc_runtime_SysMin_putch__F)
                  0000af2c    00000034     driverlib.lib : sysctl.obj (.text:SysCtlPeripheralEnable)
                  0000af60    00000034     uart_tivaware.aem4f : UART.oem4f (.text:UART_read)
                  0000af94    00000034                         : UART.oem4f (.text:UART_write)
                  0000afc8    00000034     ti.sysbios.fatfs.aem4f : ffcio.oem4f (.text:ffcio_lseek)
                  0000affc    00000034     sysbios.aem4f : BIOS.obj (.text:ti_sysbios_family_arm_m3_Hwi_excNmi__I)
                  0000b030    00000034                   : BIOS.obj (.text:ti_sysbios_hal_Hwi_checkStack:ti_sysbios_hal_Hwi_checkStack)
                  0000b064    00000034                   : BIOS.obj (.text:ti_sysbios_knl_Task_restore__E)
                  0000b098    00000034                   : BIOS.obj (.text:ti_sysbios_knl_Task_sleepTimeout__I)
                  0000b0cc    00000032                   : BIOS.obj (.text:ti_sysbios_hal_Hwi_Instance_init__F)
                  0000b0fe    00000032     ustdlib.obj (.text:usprintf)
                  0000b130    00000030     uart_tivaware.aem4f : UARTTiva.oem4f (.text:UARTTiva_readCancel)
                  0000b160    00000030                         : UARTTiva.oem4f (.text:UARTTiva_writeCancel)
                  0000b190    00000030     rtsv7M4_T_le_v4SPD16_eabi.lib : strncpy.obj (.text)
                  0000b1c0    00000030     szime2.0_pem4f.oem4f (.text:ti_sysbios_BIOS_exitFunc__I)
                  0000b1f0    00000030     sysbios.aem4f : BIOS.obj (.text:ti_sysbios_family_arm_lm4_Timer_enableTimers__I)
                  0000b220    00000030                   : BIOS.obj (.text:ti_sysbios_knl_Clock_Module_startup__F)
                  0000b250    00000030                   : BIOS.obj (.text:ti_sysbios_knl_Idle_run__E)
                  0000b280    00000030     ti.sysbios.fatfs.aem4f : ff.oem4f (.text:validate)
                  0000b2b0    00000030     ti.targets.arm.rtsarm.aem4f : Core-label.oem4f (.text:xdc_runtime_Core_assignLabel__I)
                  0000b2e0    00000030                                 : SysMin.oem4f (.text:xdc_runtime_SysMin_abort__F)
                  0000b310    0000002f                                 : Text.oem4f (.text:xdc_runtime_Text_printVisFxn__I)
                  0000b33f    00000001     --HOLE-- [fill = 0]
                  0000b340    0000002e     szime2.0_pem4f.oem4f (.text:malloc)
                  0000b36e    00000002     --HOLE-- [fill = 0]
                  0000b370    0000002c     sdspi_tivaware.aem4f : SDSPI.oem4f (.text:SDSPI_Params_init)
                  0000b39c    0000002c     ti.sysbios.fatfs.aem4f : diskio.oem4f (.text:disk_register)
                  0000b3c8    0000002c     sysbios.aem4f : BIOS.obj (.text:ti_sysbios_hal_Hwi_initStack:ti_sysbios_hal_Hwi_initStack)
                  0000b3f4    0000002c     szime2.0_pem4f.oem4f (.text:ti_sysbios_knl_Clock_doTick__I)
                  0000b420    0000002c     ti.uia.runtime.aem4f : LoggerStopMode.oem4f (.text:ti_uia_runtime_LoggerStopMode_Module_startup__F)
                  0000b44c    0000002c                          : LoggerStopMode.oem4f (.text:ti_uia_runtime_LoggerStopMode_disable__E)
                  0000b478    0000002c                          : LoggerStopMode.oem4f (.text:ti_uia_runtime_LoggerStopMode_enable__E)
                  0000b4a4    0000002c     ti.targets.arm.rtsarm.aem4f : System.oem4f (.text:xdc_runtime_System_rtsExit__I)
                  0000b4d0    0000002c                                 : Text.oem4f (.text:xdc_runtime_Text_cordText__F)
                  0000b4fc    0000002a     driverlib.lib : gpio.obj (.text:GPIODirModeSet)
                  0000b526    0000002a     szime2.0teszt.obj (.text:GPIOTicker)
                  0000b550    0000002a     ti.sysbios.fatfs.aem4f : syncsysbios.oem4f (.text:ff_cre_syncobj)
                  0000b57a    0000002a     ti.targets.arm.rtsarm.aem4f : System.oem4f (.text:xdc_runtime_System_putchar__I)
                  0000b5a4    00000028     sysbios.aem4f : m3_Hwi_asm_switch.obj (.text:_ti_sysbios_family_arm_m3_Hwi_initStacks__E)
                  0000b5cc    00000028     szime2.0_pem4f.oem4f (.text:ti_sysbios_BIOS_startFunc__I)
                  0000b5f4    00000028     sysbios.aem4f : BIOS.obj (.text:ti_sysbios_family_arm_m3_Hwi_Instance_finalize__F)
                  0000b61c    00000028                   : BIOS.obj (.text:ti_sysbios_gates_GateMutex_Instance_init__F)
                  0000b644    00000028     ti.uia.runtime.aem4f : LogSync.oem4f (.text:ti_uia_runtime_LogSync_Module_startup__F)
                  0000b66c    00000028                          : QueueDescriptor.oem4f (.text:ti_uia_runtime_QueueDescriptor_initHeader__E)
                  0000b694    00000026     ti.targets.arm.rtsarm.aem4f : System.oem4f (.text:xdc_runtime_System_avprintf__F)
                  0000b6ba    00000002     --HOLE-- [fill = 0]
                  0000b6bc    00000024     gpio_tivaware.aem4f : GPIO.oem4f (.text:GPIO_init)
                  0000b6e0    00000024     ti.sysbios.fatfs.aem4f : ff.oem4f (.text:dir_remove)
                  0000b704    00000024                            : diskio.oem4f (.text:disk_unregister)
                  0000b728    00000024                            : ffcio.oem4f (.text:ffcio_close)
                  0000b74c    00000024     sysbios.aem4f : BIOS.obj (.text:ti_sysbios_BIOS_registerRTSLock__I)
                  0000b770    00000024                   : BIOS.obj (.text:ti_sysbios_family_arm_m3_Hwi_doTaskRestore__I)
                  0000b794    00000024     szime2.0_pem4f.oem4f (.text:ti_sysbios_gates_GateMutex_Object__delete__S)
                  0000b7b8    00000024     szime2.0_pem4f.oem4f (.text:ti_sysbios_knl_Semaphore_Object__delete__S)
                  0000b7dc    00000024     sysbios.aem4f : BIOS.obj (.text:ti_sysbios_knl_Swi_Module_startup__F)
                  0000b800    00000024     ti.uia.runtime.aem4f : LoggerStopMode.oem4f (.text:ti_uia_runtime_LoggerStopMode_Instance_finalize__F)
                  0000b824    00000024     ti.targets.arm.rtsarm.aem4f : System.oem4f (.text:xdc_runtime_System_vprintf__F)
                  0000b848    00000022     szime2.0_pem4f.oem4f (.text:xdc_runtime_SysMin_output__I)
                  0000b86a    00000002     --HOLE-- [fill = 0]
                  0000b86c    00000020     ti.sysbios.fatfs.aem4f : ffcio.oem4f (.text:ffcio_read)
                  0000b88c    00000020                            : ffcio.oem4f (.text:ffcio_write)
                  0000b8ac    00000020     szime2.0_pem4f.oem4f (.text:ti_sysbios_family_arm_m3_Hwi_Object__delete__S)
                  0000b8cc    00000020     szime2.0_pem4f.oem4f (.text:ti_sysbios_gates_GateHwi_Object__delete__S)
                  0000b8ec    00000020     szime2.0_pem4f.oem4f (.text:ti_sysbios_hal_Hwi_Object__delete__S)
                  0000b90c    00000020     szime2.0_pem4f.oem4f (.text:ti_sysbios_heaps_HeapMem_Object__delete__S)
                  0000b92c    00000020     szime2.0_pem4f.oem4f (.text:ti_sysbios_knl_Semaphore_Object__destruct__S)
                  0000b94c    00000020     sysbios.aem4f : BIOS.obj (.text:ti_sysbios_knl_Task_enter__I)
                  0000b96c    00000020     szime2.0_pem4f.oem4f (.text:ti_uia_runtime_LoggerStopMode_Object__delete__S)
                  0000b98c    00000020     ti.targets.arm.rtsarm.aem4f : Registry.oem4f (.text:xdc_runtime_Registry_findById__F)
                  0000b9ac    00000020                                 : SysMin.oem4f (.text:xdc_runtime_SysMin_Module_startup__F)
                  0000b9cc    0000001c     driverlib.lib : uart.obj (.text:UARTDisable)
                  0000b9e8    0000001c     ti.sysbios.fatfs.aem4f : diskio.oem4f (.text:disk_initialize)
                  0000ba04    0000001c                            : diskio.oem4f (.text:disk_ioctl)
                  0000ba20    0000001c                            : diskio.oem4f (.text:disk_read)
                  0000ba3c    0000001c                            : diskio.oem4f (.text:disk_status)
                  0000ba58    0000001c                            : diskio.oem4f (.text:disk_write)
                  0000ba74    0000001c                            : ff.oem4f (.text:mem_cmp)
                  0000ba90    0000001c     sysbios.aem4f : BIOS.obj (.text:ti_sysbios_BIOS_rtsLock__I)
                  0000baac    0000001c     szime2.0_pem4f.oem4f (.text:ti_sysbios_knl_Queue_Object__destruct__S)
                  0000bac8    0000001c     ti.targets.arm.rtsarm.aem4f : Error.oem4f (.text:xdc_runtime_Error_check__F)
                  0000bae4    0000001c                                 : Memory.oem4f (.text:xdc_runtime_Memory_valloc__F)
                  0000bb00    0000001c                                 : SysMin.oem4f (.text:xdc_runtime_SysMin_exit__F)
                  0000bb1c    0000001a     szime2.0_pem4f.oem4f (.text:ti_sysbios_family_arm_m3_Hwi_Handle__label__S)
                  0000bb36    0000001a     szime2.0_pem4f.oem4f (.text:ti_sysbios_gates_GateHwi_Handle__label__S)
                  0000bb50    0000001a     szime2.0_pem4f.oem4f (.text:ti_sysbios_gates_GateMutex_Handle__label__S)
                  0000bb6a    0000001a     szime2.0_pem4f.oem4f (.text:ti_sysbios_heaps_HeapMem_Handle__label__S)
                  0000bb84    0000001a     szime2.0_pem4f.oem4f (.text:ti_sysbios_knl_Swi_Handle__label__S)
                  0000bb9e    0000001a     szime2.0_pem4f.oem4f (.text:ti_sysbios_knl_Task_Handle__label__S)
                  0000bbb8    0000001a     szime2.0_pem4f.oem4f (.text:ti_uia_runtime_LoggerStopMode_Handle__label__S)
                  0000bbd2    0000001a     szime2.0_pem4f.oem4f (.text:xdc_runtime_System_aprintf__E)
                  0000bbec    0000001a     szime2.0_pem4f.oem4f (.text:xdc_runtime_System_printf__E)
                  0000bc06    00000018     sysbios.aem4f : m3_TaskSupport_asm.obj (.text:_ti_sysbios_family_arm_m3_TaskSupport_swap__E)
                  0000bc1e    00000018     ti.sysbios.fatfs.aem4f : ff.oem4f (.text:clust2sect)
                  0000bc36    00000018     szime2.0_pem4f.oem4f (.text:free)
                  0000bc4e    00000002     --HOLE-- [fill = 0]
                  0000bc50    00000018     rtsv7M4_T_le_v4SPD16_eabi.lib : args_main.obj (.text)
                  0000bc68    00000018                                   : strcmp.obj (.text)
                  0000bc80    00000018     szime2.0_pem4f.oem4f (.text:ti_sysbios_family_arm_lm4_Timer_Module__startupDone__F)
                  0000bc98    00000018     szime2.0_pem4f.oem4f (.text:ti_sysbios_family_arm_m3_Hwi_Module__startupDone__F)
                  0000bcb0    00000018     sysbios.aem4f : BIOS.obj (.text:ti_sysbios_gates_GateMutex_leave__E)
                  0000bcc8    00000018     szime2.0_pem4f.oem4f (.text:ti_sysbios_hal_Timer_Module__startupDone__F)
                  0000bce0    00000018     ti.sysbios.fatfs.aem4f : ff.oem4f (.text:unlock_fs)
                  0000bcf8    00000018     ti.targets.arm.rtsarm.aem4f : Text.oem4f (.text:xdc_runtime_Text_ropeText__F)
                  0000bd10    00000016     rtsv7M4_T_le_v4SPD16_eabi.lib : strchr.obj (.text)
                  0000bd26    00000016     ti.uia.runtime.aem4f : LoggerStopMode.oem4f (.text:ti_uia_runtime_LoggerStopMode_getFreeSize__E)
                  0000bd3c    00000016                          : LoggerStopMode.oem4f (.text:ti_uia_runtime_LoggerStopMode_getUnreadSize__E)
                  0000bd52    00000002     --HOLE-- [fill = 0]
                  0000bd54    00000014     driverlib.lib : hibernate.obj (.text:HibernateEnableExpClk)
                  0000bd68    00000014                   : hibernate.obj (.text:HibernateRTCEnable)
                  0000bd7c    00000014                   : uart.obj (.text:UARTEnable)
                  0000bd90    00000014     rtsv7M4_T_le_v4SPD16_eabi.lib : _lock.obj (.text)
                  0000bda4    00000014                                   : strlen.obj (.text)
                  0000bdb8    00000014     sysbios.aem4f : BIOS.obj (.text:ti_sysbios_family_arm_m3_Hwi_disableFxn__E)
                  0000bdcc    00000014                   : BIOS.obj (.text:ti_sysbios_family_arm_m3_Hwi_switchFromBootStack__E)
                  0000bde0    00000014                   : BIOS.obj (.text:ti_sysbios_gates_GateHwi_enter__E)
                  0000bdf4    00000014     szime2.0_pem4f.oem4f (.text:ti_sysbios_heaps_HeapMem_Object__get__S)
                  0000be08    00000014     szime2.0_pem4f.oem4f (.text:ti_sysbios_knl_Swi_Object__get__S)
                  0000be1c    00000014     szime2.0_pem4f.oem4f (.text:ti_sysbios_knl_Task_Object__first__S)
                  0000be30    00000014     szime2.0_pem4f.oem4f (.text:ti_sysbios_knl_Task_Object__get__S)
                  0000be44    00000014     szime2.0_pem4f.oem4f (.text:ti_sysbios_knl_Task_Object__next__S)
                  0000be58    00000014     ti.uia.runtime.aem4f : LoggerStopMode.oem4f (.text:ti_uia_runtime_LoggerStopMode_write2__E)
                  0000be6c    00000014     ti.targets.arm.rtsarm.aem4f : System.oem4f (.text:xdc_runtime_System_abort__F)
                  0000be80    00000012     driverlib.lib : gpio.obj (.text:GPIOPinTypeGPIOOutput)
                  0000be92    00000012                   : gpio.obj (.text:GPIOPinTypeUART)
                  0000bea4    00000012     sdspi_tivaware.aem4f : SDSPITiva.oem4f (.text:SDSPITiva_init)
                  0000beb6    00000012     ti.sysbios.fatfs.aem4f : ff.oem4f (.text:chk_chr)
                  0000bec8    00000012     rtsv7M4_T_le_v4SPD16_eabi.lib : copy_zero_init.obj (.text:decompress:ZI)
                  0000beda    00000012     ti.sysbios.fatfs.aem4f : ffcio.oem4f (.text:ffcio_rename)
                  0000beec    00000012                            : ffcio.oem4f (.text:ffcio_unlink)
                  0000befe    00000012     sysbios.aem4f : BIOS.obj (.text:ti_sysbios_hal_Hwi_Module_startup__F)
                  0000bf10    00000012                   : BIOS.obj (.text:ti_sysbios_hal_Timer_Module_startup__F)
                  0000bf22    00000012     ti.uia.runtime.aem4f : LoggerStopMode.oem4f (.text:ti_uia_runtime_LoggerStopMode_write1__E)
                  0000bf34    00000012     szime2.0_pem4f.oem4f (.text:xdc_runtime_Startup_exec__I)
                  0000bf46    00000002     --HOLE-- [fill = 0]
                  0000bf48    00000010     driverlib.lib : hibernate.obj (.text:HibernateRTCSSGet)
                  0000bf58    00000010                   : hibernate.obj (.text:HibernateRTCTrimSet)
                  0000bf68    00000010                   : hibernate.obj (.text:HibernateWriteComplete)
                  0000bf78    00000010     sdspi_tivaware.aem4f : SDSPITiva.oem4f (.text:SDSPI_diskStatus)
                  0000bf88    00000010     sysbios.aem4f : m3_TaskSupport_asm.obj (.text:_ti_sysbios_family_arm_m3_TaskSupport_glue)
                  0000bf98    00000010                   : m3_Hwi_asm_switch.obj (.text:_ti_sysbios_family_xxx_Hwi_switchToIsrStack)
                  0000bfa8    00000010     ti.sysbios.fatfs.aem4f : ff.oem4f (.text:f_close)
                  0000bfb8    00000010                            : ff.oem4f (.text:mem_cpy)
                  0000bfc8    00000010     rtsv7M4_T_le_v4SPD16_eabi.lib : strcpy.obj (.text)
                  0000bfd8    00000010     sysbios.aem4f : BIOS.obj (.text:ti_sysbios_BIOS_getCpuFreq__E)
                  0000bfe8    00000010                   : BIOS.obj (.text:ti_sysbios_BIOS_setThreadType__E)
                  0000bff8    00000010                   : BIOS.obj (.text:ti_sysbios_BIOS_start__E)
                  0000c008    00000010                   : BIOS.obj (.text:ti_sysbios_family_arm_lm4_TimestampProvider_rolloverFunc__E)
                  0000c018    00000010                   : BIOS.obj (.text:ti_sysbios_family_arm_m3_Hwi_excHandler__I)
                  0000c028    00000010                   : BIOS.obj (.text:ti_sysbios_gates_GateMutex_Instance_finalize__F)
                  0000c038    00000010     szime2.0_pem4f.oem4f (.text:ti_sysbios_hal_Hwi_HwiProxy_Object__create__S)
                  0000c048    00000010     sysbios.aem4f : BIOS.obj (.text:ti_sysbios_knl_Semaphore_Instance_finalize__F)
                  0000c058    00000010                   : BIOS.obj (.text:ti_sysbios_knl_Swi_disable__E)
                  0000c068    00000010                   : BIOS.obj (.text:ti_sysbios_knl_Task_disable__E)
                  0000c078    00000010     szime2.0_pem4f.oem4f (.text:ti_uia_runtime_LoggerStopMode_Object__get__S)
                  0000c088    00000010     ti.uia.runtime.aem4f : LoggerStopMode.oem4f (.text:ti_uia_runtime_LoggerStopMode_write0__E)
                  0000c098    00000010     ti.targets.arm.rtsarm.aem4f : Gate.oem4f (.text:xdc_runtime_Gate_leaveSystem__F)
                  0000c0a8    00000010                                 : Memory.oem4f (.text:xdc_runtime_Memory_free__F)
                  0000c0b8    00000010                                 : SysMin.oem4f (.text:xdc_runtime_SysMin_ready__F)
                  0000c0c8    00000010                                 : System.oem4f (.text:xdc_runtime_System_vsnprintf__F)
                  0000c0d8    00000010     szime2.0_pem4f.oem4f (.text:xdc_runtime_Text_visitRope__I)
                  0000c0e8    0000000e     driverlib.lib : uart.obj (.text:UARTCharGetNonBlocking)
                  0000c0f6    0000000e                   : uart.obj (.text:UARTCharPutNonBlocking)
                  0000c104    0000000e     rtsv7M4_T_le_v4SPD16_eabi.lib : copy_decompress_none.obj (.text:decompress:none)
                  0000c112    0000000e     ti.sysbios.fatfs.aem4f : syncsysbios.oem4f (.text:ff_del_syncobj)
                  0000c120    0000000e                            : ff.oem4f (.text:mem_set)
                  0000c12e    0000000e     sysbios.aem4f : BIOS.obj (.text:ti_sysbios_family_arm_m3_TaskSupport_checkStack__E)
                  0000c13c    0000000e                   : BIOS.obj (.text:ti_sysbios_knl_Queue_empty__E)
                  0000c14a    0000000e     ti.uia.runtime.aem4f : LoggerStopMode.oem4f (.text:ti_uia_runtime_LoggerStopMode_isEmpty__E)
                  0000c158    0000000c     szime2.0_pem4f.oem4f (.text:.bootCodeSection:ti_catalog_arm_cortexm4_tiva_ce_Boot_init__I)
                  0000c164    0000000c     driverlib.lib : hibernate.obj (.text:HibernateRTCGet)
                  0000c170    0000000c                   : ssi.obj (.text:SSIDataGet)
                  0000c17c    0000000c     sysbios.aem4f : m3_Hwi_asm_switch.obj (.text:_ti_sysbios_family_xxx_Hwi_switchToTaskStack)
                  0000c188    0000000c                   : BIOS.obj (.text:ti_sysbios_family_arm_lm4_Timer_masterDisable__I)
                  0000c194    0000000c                   : BIOS.obj (.text:ti_sysbios_family_arm_lm4_TimestampProvider_startTimer__E)
                  0000c1a0    0000000c     szime2.0_pem4f.oem4f (.text:ti_sysbios_hal_Hwi_Params__init__S)
                  0000c1ac    0000000c     szime2.0_pem4f.oem4f (.text:ti_sysbios_knl_Queue_Object__get__S)
                  0000c1b8    0000000c     szime2.0_pem4f.oem4f (.text:ti_sysbios_knl_Semaphore_Params__init__S)
                  0000c1c4    0000000c     sysbios.aem4f : BIOS.obj (.text:ti_sysbios_utils_Load_taskRegHook__E)
                  0000c1d0    0000000c     ti.targets.arm.rtsarm.aem4f : Error.oem4f (.text:xdc_runtime_Error_init__F)
                  0000c1dc    0000000c                                 : Gate.oem4f (.text:xdc_runtime_Gate_enterSystem__F)
                  0000c1e8    0000000c                                 : Memory.oem4f (.text:xdc_runtime_Memory_calloc__F)
                  0000c1f4    0000000c                                 : Memory.oem4f (.text:xdc_runtime_Memory_getMaxDefaultTypeAlign__F)
                  0000c200    0000000c                                 : System.oem4f (.text:xdc_runtime_System_exit__F)
                  0000c20c    0000000c                                 : System.oem4f (.text:xdc_runtime_System_lastFxn__I)
                  0000c218    0000000a     driverlib.lib : ssi.obj (.text:SSIDataPut)
                  0000c222    0000000a                   : ssi.obj (.text:SSIDisable)
                  0000c22c    0000000a                   : ssi.obj (.text:SSIEnable)
                  0000c236    0000000a                   : uart.obj (.text:UARTCharGet)
                  0000c240    0000000a                   : uart.obj (.text:UARTCharPut)
                  0000c24a    0000000a                   : uart.obj (.text:UARTIntDisable)
                  0000c254    0000000a                   : uart.obj (.text:UARTIntStatus)
                  0000c25e    0000000a     sysbios.aem4f : BIOS.obj (.text:ti_sysbios_hal_Hwi_Instance_finalize__F)
                  0000c268    0000000a     szime2.0_pem4f.oem4f (.text:xdc_runtime_IHeap_alloc)
                  0000c272    0000000a     szime2.0_pem4f.oem4f (.text:xdc_runtime_IHeap_free)
                  0000c27c    00000008     driverlib.lib : uart.obj (.text:UARTIntEnable)
                  0000c284    00000008     uart_tivaware.aem4f : UARTTiva.oem4f (.text:UARTTiva_init)
                  0000c28c    00000008     ti.sysbios.fatfs.aem4f : syncsysbios.oem4f (.text:ff_req_grant)
                  0000c294    00000008     uart_tivaware.aem4f : UARTTiva.oem4f (.text:readSemCallback)
                  0000c29c    00000008     sysbios.aem4f : BIOS.obj (.text:ti_sysbios_family_arm_m3_Hwi_doSwiRestore__I)
                  0000c2a4    00000008                   : BIOS.obj (.text:ti_sysbios_family_arm_m3_Hwi_startup__E)
                  0000c2ac    00000008     szime2.0_pem4f.oem4f (.text:ti_sysbios_fatfs_getFatTime)
                  0000c2b4    00000008     sysbios.aem4f : BIOS.obj (.text:ti_sysbios_knl_Idle_loop__E)
                  0000c2bc    00000008     uart_tivaware.aem4f : UARTTiva.oem4f (.text:writeSemCallback)
                  0000c2c4    00000006     driverlib.lib : gpio.obj (.text:GPIOPinRead)
                  0000c2ca    00000006                   : gpio.obj (.text:GPIOPinWrite)
                  0000c2d0    00000006                   : uart.obj (.text:UARTFIFOLevelSet)
                  0000c2d6    00000006     ti.targets.arm.rtsarm.aem4f : xdc_noinit.oem4f (.text:__xdc__init)
                  0000c2dc    00000006     rtsv7M4_T_le_v4SPD16_eabi.lib : copy_decompress_rle.obj (.text:decompress:rle24)
                  0000c2e2    00000006     ti.sysbios.fatfs.aem4f : ff.oem4f (.text:lock_fs)
                  0000c2e8    00000006     Boot.aem4f : Boot_sysctl.oem4f (.text:ti_catalog_arm_cortexm4_tiva_ce_Boot_sysCtlDelayI__I)
                  0000c2ee    00000006     sysbios.aem4f : BIOS.obj (.text:ti_sysbios_family_arm_lm4_TimestampProvider_Module_startup__F)
                  0000c2f4    00000006                   : BIOS.obj (.text:ti_sysbios_family_arm_m3_Hwi_restoreFxn__E)
                  0000c2fa    00000006                   : BIOS.obj (.text:ti_sysbios_gates_GateHwi_leave__E)
                  0000c300    00000006                   : BIOS.obj (.text:ti_sysbios_heaps_HeapMem_isBlocking__E)
                  0000c306    00000006                   : BIOS.obj (.text:ti_sysbios_knl_Queue_Instance_init__F)
                  0000c30c    00000006     ti.uia.runtime.aem4f : LoggerStopMode.oem4f (.text:ti_uia_runtime_LoggerStopMode_getPriority__E)
                  0000c312    00000006                          : LoggerStopMode.oem4f (.text:ti_uia_runtime_LoggerStopMode_getTransferType__F)
                  0000c318    00000006     ti.targets.arm.rtsarm.aem4f : System.oem4f (.text:xdc_runtime_System_Module_startup__F)
                  0000c31e    00000004     driverlib.lib : uart.obj (.text:UARTIntClear)
                  0000c322    00000004     ti.sysbios.fatfs.aem4f : syncsysbios.oem4f (.text:ff_rel_grant)
                  0000c326    00000004     szime2.0_pem4f.oem4f (.text:ti_sysbios_BIOS_RtsGateProxy_enter__E)
                  0000c32a    00000004     szime2.0_pem4f.oem4f (.text:ti_sysbios_BIOS_RtsGateProxy_leave__E)
                  0000c32e    00000004     sysbios.aem4f : BIOS.obj (.text:ti_sysbios_family_arm_lm4_Timer_getPeriod__E)
                  0000c332    00000004                   : BIOS.obj (.text:ti_sysbios_family_arm_lm4_Timer_masterEnable__I)
                  0000c336    00000004     szime2.0_pem4f.oem4f (.text:ti_sysbios_family_arm_m3_TaskSupport_Module__startupDone__S)
                  0000c33a    00000004     sysbios.aem4f : BIOS.obj (.text:ti_sysbios_gates_GateHwi_query__F)
                  0000c33e    00000004                   : BIOS.obj (.text:ti_sysbios_gates_GateMutex_query__F)
                  0000c342    00000004     szime2.0_pem4f.oem4f (.text:ti_sysbios_hal_Hwi_HwiProxy_Module__startupDone__S)
                  0000c346    00000004     szime2.0_pem4f.oem4f (.text:ti_sysbios_hal_Hwi_HwiProxy_Object__delete__S)
                  0000c34a    00000004     szime2.0_pem4f.oem4f (.text:ti_sysbios_hal_Timer_TimerProxy_Module__startupDone__S)
                  0000c34e    00000004     szime2.0_pem4f.oem4f (.text:ti_sysbios_hal_Timer_TimerProxy_getExpiredCounts__E)
                  0000c352    00000004     szime2.0_pem4f.oem4f (.text:ti_sysbios_hal_Timer_TimerProxy_getPeriod__E)
                  0000c356    00000004     szime2.0_pem4f.oem4f (.text:ti_sysbios_hal_Timer_TimerProxy_setNextTick__E)
                  0000c35a    00000004     szime2.0_pem4f.oem4f (.text:ti_sysbios_heaps_HeapMem_Module_GateProxy_enter__E)
                  0000c35e    00000004     szime2.0_pem4f.oem4f (.text:ti_sysbios_heaps_HeapMem_Module_GateProxy_leave__E)
                  0000c362    00000004     szime2.0_pem4f.oem4f (.text:ti_sysbios_knl_Task_SupportProxy_Module__startupDone__S)
                  0000c366    00000004     sysbios.aem4f : BIOS.obj (.text:ti_sysbios_knl_Task_startup__E)
                  0000c36a    00000004     szime2.0_pem4f.oem4f (.text:ti_uia_runtime_LogSync_CpuTimestampProxy_Module__startupDone__S)
                  0000c36e    00000004     szime2.0_pem4f.oem4f (.text:ti_uia_runtime_LogSync_GlobalTimestampProxy_Module__startupDone__S)
                  0000c372    00000004     ti.uia.runtime.aem4f : LoggerStopMode.oem4f (.text:ti_uia_runtime_LoggerStopMode_getInstanceId__E)
                  0000c376    00000004                          : LoggerStopMode.oem4f (.text:ti_uia_runtime_LoggerStopMode_getMaxLength__E)
                  0000c37a    00000004                          : LoggerStopMode.oem4f (.text:ti_uia_runtime_LoggerStopMode_setPriority__E)
                  0000c37e    00000004     ti.targets.arm.rtsarm.aem4f : Error.oem4f (.text:xdc_runtime_Error_getSite__F)
                  0000c382    00000004     szime2.0_pem4f.oem4f (.text:xdc_runtime_Memory_HeapProxy_alloc__E)
                  0000c386    00000004     szime2.0_pem4f.oem4f (.text:xdc_runtime_Memory_HeapProxy_free__E)
                  0000c38a    00000004     szime2.0_pem4f.oem4f (.text:xdc_runtime_System_Module_GateProxy_enter__E)
                  0000c38e    00000004     szime2.0_pem4f.oem4f (.text:xdc_runtime_System_Module_GateProxy_leave__E)
                  0000c392    00000004     ti.targets.arm.rtsarm.aem4f : System.oem4f (.text:xdc_runtime_System_aprintf_va__F)
                  0000c396    00000004                                 : System.oem4f (.text:xdc_runtime_System_printf_va__F)
                  0000c39a    00000004     szime2.0_pem4f.oem4f (.text:xdc_runtime_System_vsnprintf__E)
                  0000c39e    00000004     szime2.0_pem4f.oem4f (.text:xdc_runtime_TimestampNull_Module__startupDone__S)
                  0000c3a2    00000004     szime2.0_pem4f.oem4f (.text:xdc_runtime_Timestamp_Module__startupDone__S)

.const     0    0000c3a8    00003147     
                  0000c3a8    00002299     szime2.0_pem4f.oem4f (.const:xdc_runtime_Text_charTab__A)
                  0000e641    00000241     szime2.0teszt.obj (.const:.string:textarray)
                  0000e882    00000114     szime2.0_pem4f.oem4f (.const:xdc_runtime_Text_nodeTab__A)
                  0000e996    000000d8     szime2.0_pem4f.oem4f (.const:ti_sysbios_family_arm_m3_Hwi_priorities__A)
                  0000ea6e    00000002     szime2.0_pem4f.oem4f (.const:ti_catalog_arm_cortexm4_tiva_ce_Boot_Module__id__C)
                  0000ea70    000000c0     EKS_LM4F232.obj (.const:gpioHWAttrs)
                  0000eb30    00000078     driverlib.lib : gpio.obj (.const:g_pui32GPIOBaseAddrs)
                  0000eba8    0000006c                   : sysctl.obj (.const:g_pui32Xtals)
                  0000ec14    00000060     EKS_LM4F232.obj (.const:UART_config)
                  0000ec74    00000060     szime2.0_pem4f.oem4f (.const:ti_uia_runtime_LoggerStopMode_Module__FXNS__C)
                  0000ecd4    00000048     szime2.0_pem4f.oem4f (.const:.string)
                  0000ed1c    00000044     EKS_LM4F232.obj (.const:GPIO_config)
                  0000ed60    00000038     EKS_LM4F232.obj (.const:uartTivaHWAttrs)
                  0000ed98    00000030     ustdlib.obj (.const:g_psDaysToMonth)
                  0000edc8    00000030     szime2.0_pem4f.oem4f (.const:ti_sysbios_family_arm_m3_Hwi_Object__PARAMS__C)
                  0000edf8    00000030     szime2.0_pem4f.oem4f (.const:ti_sysbios_knl_Task_hooks__A)
                  0000ee28    00000030     szime2.0_pem4f.oem4f (.const:ti_uia_runtime_LoggerStopMode_Object__PARAMS__C)
                  0000ee58    00000030     szime2.0_pem4f.oem4f (.const:xdc_runtime_Startup_sfxnTab__A)
                  0000ee88    0000002c     szime2.0_pem4f.oem4f (.const:ti_sysbios_hal_Hwi_Object__PARAMS__C)
                  0000eeb4    00000029     szime2.0teszt.obj (.const:.string)
                  0000eedd    00000001     szime2.0_pem4f.oem4f (.const:ti_sysbios_knl_Clock_tickMode__C)
                  0000eede    00000002     szime2.0_pem4f.oem4f (.const:ti_sysbios_BIOS_Module__id__C)
                  0000eee0    00000028     szime2.0_pem4f.oem4f (.const:ti_sysbios_heaps_HeapMem_Module__FXNS__C)
                  0000ef08    00000024     uart_tivaware.aem4f : UARTTiva.oem4f (.const:UARTTiva_fxnTable)
                  0000ef2c    00000024     EKS_LM4F232.obj (.const:sdspiTivaHWattrs)
                  0000ef50    00000024     szime2.0_pem4f.oem4f (.const:ti_sysbios_gates_GateHwi_Module__FXNS__C)
                  0000ef74    00000024     szime2.0_pem4f.oem4f (.const:ti_sysbios_gates_GateMutex_Module__FXNS__C)
                  0000ef98    00000024     szime2.0_pem4f.oem4f (.const:ti_sysbios_heaps_HeapMem_Object__PARAMS__C)
                  0000efbc    00000024     szime2.0_pem4f.oem4f (.const:ti_sysbios_knl_Semaphore_Object__PARAMS__C)
                  0000efe0    00000020     szime2.0_pem4f.oem4f (.const:ti_sysbios_family_arm_m3_Hwi_Object__DESC__C)
                  0000f000    00000020     szime2.0_pem4f.oem4f (.const:ti_sysbios_gates_GateHwi_Object__DESC__C)
                  0000f020    00000020     szime2.0_pem4f.oem4f (.const:ti_sysbios_gates_GateMutex_Object__DESC__C)
                  0000f040    00000020     szime2.0_pem4f.oem4f (.const:ti_sysbios_hal_Hwi_Object__DESC__C)
                  0000f060    00000020     szime2.0_pem4f.oem4f (.const:ti_sysbios_heaps_HeapMem_Object__DESC__C)
                  0000f080    00000020     szime2.0_pem4f.oem4f (.const:ti_sysbios_knl_Queue_Object__DESC__C)
                  0000f0a0    00000020     szime2.0_pem4f.oem4f (.const:ti_sysbios_knl_Semaphore_Object__DESC__C)
                  0000f0c0    00000020     szime2.0_pem4f.oem4f (.const:ti_uia_runtime_LoggerStopMode_Object__DESC__C)
                  0000f0e0    0000001c     ustdlib.obj (.const)
                  0000f0fc    00000018     EKS_LM4F232.obj (.const)
                  0000f114    00000018     szime2.0_pem4f.oem4f (.const:ti_sysbios_gates_GateHwi_Object__PARAMS__C)
                  0000f12c    00000018     szime2.0_pem4f.oem4f (.const:ti_sysbios_gates_GateMutex_Object__PARAMS__C)
                  0000f144    00000018     szime2.0_pem4f.oem4f (.const:ti_sysbios_knl_Queue_Object__PARAMS__C)
                  0000f15c    00000018     szime2.0_pem4f.oem4f (.const:xdc_runtime_Startup_sfxnRts__A)
                  0000f174    00000014     szime2.0_pem4f.oem4f (.const:xdc_runtime_Startup_firstFxns__A)
                  0000f188    00000012     ustdlib.obj (.const:.string)
                  0000f19a    00000002     szime2.0_pem4f.oem4f (.const:ti_sysbios_family_arm_lm4_TimestampProvider_useClockTimer__C)
                  0000f19c    00000011     ti.targets.arm.rtsarm.aem4f : System.oem4f (.const)
                  0000f1ad    00000001     szime2.0_pem4f.oem4f (.const:ti_sysbios_knl_Clock_tickSource__C)
                  0000f1ae    00000002     szime2.0_pem4f.oem4f (.const:ti_sysbios_family_arm_m3_Hwi_Module__id__C)
                  0000f1b0    0000000c     sdspi_tivaware.aem4f : SDSPITiva.oem4f (.const)
                  0000f1bc    00000008     szime2.0_pem4f.oem4f (.const:ti_sysbios_family_arm_m3_Hwi_excHookFuncs__A)
                  0000f1c4    00000008     szime2.0_pem4f.oem4f (.const:ti_sysbios_knl_Idle_coreList__A)
                  0000f1cc    00000008     szime2.0_pem4f.oem4f (.const:ti_sysbios_knl_Idle_coreList__C)
                  0000f1d4    00000008     szime2.0_pem4f.oem4f (.const:ti_sysbios_knl_Idle_funcList__A)
                  0000f1dc    00000008     szime2.0_pem4f.oem4f (.const:ti_sysbios_knl_Idle_funcList__C)
                  0000f1e4    00000008     szime2.0_pem4f.oem4f (.const:ti_sysbios_knl_Task_hooks__C)
                  0000f1ec    00000008     szime2.0_pem4f.oem4f (.const:xdc_runtime_Startup_firstFxns__C)
                  0000f1f4    00000008     szime2.0_pem4f.oem4f (.const:xdc_runtime_Startup_lastFxns__A)
                  0000f1fc    00000008     szime2.0_pem4f.oem4f (.const:xdc_runtime_Startup_lastFxns__C)
                  0000f204    00000004     szime2.0_pem4f.oem4f (.const:ti_catalog_arm_cortexm4_tiva_ce_Boot_A_mustUseEnhancedClockMode__C)
                  0000f208    00000004     szime2.0_pem4f.oem4f (.const:ti_catalog_arm_cortexm4_tiva_ce_Boot_Module__diagsEnabled__C)
                  0000f20c    00000004     szime2.0_pem4f.oem4f (.const:ti_catalog_arm_cortexm4_tiva_ce_Boot_Module__diagsIncluded__C)
                  0000f210    00000004     szime2.0_pem4f.oem4f (.const:ti_catalog_arm_cortexm4_tiva_ce_Boot_Module__diagsMask__C)
                  0000f214    00000004     szime2.0_pem4f.oem4f (.const:ti_sysbios_BIOS_Module__diagsEnabled__C)
                  0000f218    00000004     szime2.0_pem4f.oem4f (.const:ti_sysbios_BIOS_Module__diagsIncluded__C)
                  0000f21c    00000004     szime2.0_pem4f.oem4f (.const:ti_sysbios_BIOS_Module__diagsMask__C)
                  0000f220    00000004     szime2.0_pem4f.oem4f (.const:ti_sysbios_BIOS_installedErrorHook__C)
                  0000f224    00000004     szime2.0_pem4f.oem4f (.const:ti_sysbios_family_arm_lm4_Timer_numTimerDevices__C)
                  0000f228    00000004     szime2.0_pem4f.oem4f (.const:ti_sysbios_family_arm_lm4_Timer_startupNeeded__C)
                  0000f22c    00000004     szime2.0_pem4f.oem4f (.const:ti_sysbios_family_arm_m3_Hwi_E_NMI__C)
                  0000f230    00000004     szime2.0_pem4f.oem4f (.const:ti_sysbios_family_arm_m3_Hwi_E_alreadyDefined__C)
                  0000f234    00000004     szime2.0_pem4f.oem4f (.const:ti_sysbios_family_arm_m3_Hwi_E_busFault__C)
                  0000f238    00000004     szime2.0_pem4f.oem4f (.const:ti_sysbios_family_arm_m3_Hwi_E_debugMon__C)
                  0000f23c    00000004     szime2.0_pem4f.oem4f (.const:ti_sysbios_family_arm_m3_Hwi_E_hardFault__C)
                  0000f240    00000004     szime2.0_pem4f.oem4f (.const:ti_sysbios_family_arm_m3_Hwi_E_memFault__C)
                  0000f244    00000004     szime2.0_pem4f.oem4f (.const:ti_sysbios_family_arm_m3_Hwi_E_noIsr__C)
                  0000f248    00000004     szime2.0_pem4f.oem4f (.const:ti_sysbios_family_arm_m3_Hwi_E_reserved__C)
                  0000f24c    00000004     szime2.0_pem4f.oem4f (.const:ti_sysbios_family_arm_m3_Hwi_E_svCall__C)
                  0000f250    00000004     szime2.0_pem4f.oem4f (.const:ti_sysbios_family_arm_m3_Hwi_E_usageFault__C)
                  0000f254    00000004     szime2.0_pem4f.oem4f (.const:ti_sysbios_family_arm_m3_Hwi_LD_end__C)
                  0000f258    00000004     szime2.0_pem4f.oem4f (.const:ti_sysbios_family_arm_m3_Hwi_LM_begin__C)
                  0000f25c    00000004     szime2.0_pem4f.oem4f (.const:ti_sysbios_family_arm_m3_Hwi_Module__diagsEnabled__C)
                  0000f260    00000004     szime2.0_pem4f.oem4f (.const:ti_sysbios_family_arm_m3_Hwi_Module__diagsIncluded__C)
                  0000f264    00000004     szime2.0_pem4f.oem4f (.const:ti_sysbios_family_arm_m3_Hwi_Module__diagsMask__C)
                  0000f268    00000004     szime2.0_pem4f.oem4f (.const:ti_sysbios_family_arm_m3_Hwi_Module__loggerFxn1__C)
                  0000f26c    00000004     szime2.0_pem4f.oem4f (.const:ti_sysbios_family_arm_m3_Hwi_Module__loggerFxn8__C)
                  0000f270    00000004     szime2.0_pem4f.oem4f (.const:ti_sysbios_family_arm_m3_Hwi_Module__loggerObj__C)
                  0000f274    00000004     szime2.0_pem4f.oem4f (.const:ti_sysbios_family_arm_m3_Hwi_NUM_INTERRUPTS__C)
                  0000f278    00000004     szime2.0_pem4f.oem4f (.const:ti_sysbios_family_arm_m3_Hwi_ccr__C)
                  0000f27c    00000004     szime2.0_pem4f.oem4f (.const:ti_sysbios_family_arm_m3_Hwi_disablePriority__C)
                  0000f280    00000004     szime2.0_pem4f.oem4f (.const:ti_sysbios_family_arm_m3_Hwi_dispatchTable__C)
                  0000f284    00000004     szime2.0_pem4f.oem4f (.const:ti_sysbios_family_arm_m3_Hwi_excHandlerFunc__C)
                  0000f288    00000004     szime2.0_pem4f.oem4f (.const:ti_sysbios_family_arm_m3_Hwi_excHookFuncs__C)
                  0000f28c    00000004     szime2.0_pem4f.oem4f (.const:ti_sysbios_family_arm_m3_Hwi_priGroup__C)
                  0000f290    00000004     szime2.0_pem4f.oem4f (.const:ti_sysbios_family_arm_m3_Hwi_priorities__C)
                  0000f294    00000004     szime2.0_pem4f.oem4f (.const:ti_sysbios_gates_GateMutex_A_badContext__C)
                  0000f298    00000004     szime2.0_pem4f.oem4f (.const:ti_sysbios_gates_GateMutex_Instance_State_sem__O)
                  0000f29c    00000004     szime2.0_pem4f.oem4f (.const:ti_sysbios_gates_GateMutex_Module__diagsEnabled__C)
                  0000f2a0    00000004     szime2.0_pem4f.oem4f (.const:ti_sysbios_gates_GateMutex_Module__diagsIncluded__C)
                  0000f2a4    00000004     szime2.0_pem4f.oem4f (.const:ti_sysbios_gates_GateMutex_Module__diagsMask__C)
                  0000f2a8    00000004     szime2.0_pem4f.oem4f (.const:ti_sysbios_hal_Hwi_E_stackOverflow__C)
                  0000f2ac    00000004     szime2.0_pem4f.oem4f (.const:ti_sysbios_heaps_HeapMem_A_align__C)
                  0000f2b0    00000004     szime2.0_pem4f.oem4f (.const:ti_sysbios_heaps_HeapMem_A_heapSize__C)
                  0000f2b4    00000004     szime2.0_pem4f.oem4f (.const:ti_sysbios_heaps_HeapMem_A_invalidFree__C)
                  0000f2b8    00000004     szime2.0_pem4f.oem4f (.const:ti_sysbios_heaps_HeapMem_A_zeroBlock__C)
                  0000f2bc    00000004     szime2.0_pem4f.oem4f (.const:ti_sysbios_heaps_HeapMem_E_memory__C)
                  0000f2c0    00000004     szime2.0_pem4f.oem4f (.const:ti_sysbios_heaps_HeapMem_Module__diagsEnabled__C)
                  0000f2c4    00000004     szime2.0_pem4f.oem4f (.const:ti_sysbios_heaps_HeapMem_Module__diagsIncluded__C)
                  0000f2c8    00000004     szime2.0_pem4f.oem4f (.const:ti_sysbios_heaps_HeapMem_Module__diagsMask__C)
                  0000f2cc    00000004     szime2.0_pem4f.oem4f (.const:ti_sysbios_heaps_HeapMem_Module__gateObj__C)
                  0000f2d0    00000004     szime2.0_pem4f.oem4f (.const:ti_sysbios_heaps_HeapMem_Object__count__C)
                  0000f2d4    00000004     szime2.0_pem4f.oem4f (.const:ti_sysbios_heaps_HeapMem_reqAlign__C)
                  0000f2d8    00000004     szime2.0_pem4f.oem4f (.const:ti_sysbios_knl_Clock_LM_begin__C)
                  0000f2dc    00000004     szime2.0_pem4f.oem4f (.const:ti_sysbios_knl_Clock_LM_tick__C)
                  0000f2e0    00000004     szime2.0_pem4f.oem4f (.const:ti_sysbios_knl_Clock_LW_delayed__C)
                  0000f2e4    00000004     szime2.0_pem4f.oem4f (.const:ti_sysbios_knl_Clock_Module_State_clockQ__O)
                  0000f2e8    00000004     szime2.0_pem4f.oem4f (.const:ti_sysbios_knl_Clock_Module__diagsEnabled__C)
                  0000f2ec    00000004     szime2.0_pem4f.oem4f (.const:ti_sysbios_knl_Clock_Module__diagsIncluded__C)
                  0000f2f0    00000004     szime2.0_pem4f.oem4f (.const:ti_sysbios_knl_Clock_Module__diagsMask__C)
                  0000f2f4    00000004     szime2.0_pem4f.oem4f (.const:ti_sysbios_knl_Clock_Module__loggerFxn1__C)
                  0000f2f8    00000004     szime2.0_pem4f.oem4f (.const:ti_sysbios_knl_Clock_Module__loggerFxn2__C)
                  0000f2fc    00000004     szime2.0_pem4f.oem4f (.const:ti_sysbios_knl_Clock_Module__loggerObj__C)
                  0000f300    00000004     szime2.0_pem4f.oem4f (.const:ti_sysbios_knl_Semaphore_A_badContext__C)
                  0000f304    00000004     szime2.0_pem4f.oem4f (.const:ti_sysbios_knl_Semaphore_A_noEvents__C)
                  0000f308    00000004     szime2.0_pem4f.oem4f (.const:ti_sysbios_knl_Semaphore_A_overflow__C)
                  0000f30c    00000004     szime2.0_pem4f.oem4f (.const:ti_sysbios_knl_Semaphore_A_pendTaskDisabled__C)
                  0000f310    00000004     szime2.0_pem4f.oem4f (.const:ti_sysbios_knl_Semaphore_Instance_State_pendQ__O)
                  0000f314    00000004     szime2.0_pem4f.oem4f (.const:ti_sysbios_knl_Semaphore_LM_pend__C)
                  0000f318    00000004     szime2.0_pem4f.oem4f (.const:ti_sysbios_knl_Semaphore_LM_post__C)
                  0000f31c    00000004     szime2.0_pem4f.oem4f (.const:ti_sysbios_knl_Semaphore_Module__diagsEnabled__C)
                  0000f320    00000004     szime2.0_pem4f.oem4f (.const:ti_sysbios_knl_Semaphore_Module__diagsIncluded__C)
                  0000f324    00000004     szime2.0_pem4f.oem4f (.const:ti_sysbios_knl_Semaphore_Module__diagsMask__C)
                  0000f328    00000004     szime2.0_pem4f.oem4f (.const:ti_sysbios_knl_Semaphore_Module__loggerFxn2__C)
                  0000f32c    00000004     szime2.0_pem4f.oem4f (.const:ti_sysbios_knl_Semaphore_Module__loggerFxn4__C)
                  0000f330    00000004     szime2.0_pem4f.oem4f (.const:ti_sysbios_knl_Semaphore_Module__loggerObj__C)
                  0000f334    00000004     szime2.0_pem4f.oem4f (.const:ti_sysbios_knl_Swi_LD_end__C)
                  0000f338    00000004     szime2.0_pem4f.oem4f (.const:ti_sysbios_knl_Swi_LM_begin__C)
                  0000f33c    00000004     szime2.0_pem4f.oem4f (.const:ti_sysbios_knl_Swi_LM_post__C)
                  0000f340    00000004     szime2.0_pem4f.oem4f (.const:ti_sysbios_knl_Swi_Module__diagsEnabled__C)
                  0000f344    00000004     szime2.0_pem4f.oem4f (.const:ti_sysbios_knl_Swi_Module__diagsIncluded__C)
                  0000f348    00000004     szime2.0_pem4f.oem4f (.const:ti_sysbios_knl_Swi_Module__diagsMask__C)
                  0000f34c    00000004     szime2.0_pem4f.oem4f (.const:ti_sysbios_knl_Swi_Module__loggerFxn1__C)
                  0000f350    00000004     szime2.0_pem4f.oem4f (.const:ti_sysbios_knl_Swi_Module__loggerFxn4__C)
                  0000f354    00000004     szime2.0_pem4f.oem4f (.const:ti_sysbios_knl_Swi_Module__loggerObj__C)
                  0000f358    00000004     szime2.0_pem4f.oem4f (.const:ti_sysbios_knl_Swi_Object__count__C)
                  0000f35c    00000004     szime2.0_pem4f.oem4f (.const:ti_sysbios_knl_Task_A_badTimeout__C)
                  0000f360    00000004     szime2.0_pem4f.oem4f (.const:ti_sysbios_knl_Task_A_sleepTaskDisabled__C)
                  0000f364    00000004     szime2.0_pem4f.oem4f (.const:ti_sysbios_knl_Task_E_spOutOfBounds__C)
                  0000f368    00000004     szime2.0_pem4f.oem4f (.const:ti_sysbios_knl_Task_E_stackOverflow__C)
                  0000f36c    00000004     szime2.0_pem4f.oem4f (.const:ti_sysbios_knl_Task_LD_block__C)
                  0000f370    00000004     szime2.0_pem4f.oem4f (.const:ti_sysbios_knl_Task_LD_exit__C)
                  0000f374    00000004     szime2.0_pem4f.oem4f (.const:ti_sysbios_knl_Task_LD_ready__C)
                  0000f378    00000004     szime2.0_pem4f.oem4f (.const:ti_sysbios_knl_Task_LM_sleep__C)
                  0000f37c    00000004     szime2.0_pem4f.oem4f (.const:ti_sysbios_knl_Task_LM_switch__C)
                  0000f380    00000004     szime2.0_pem4f.oem4f (.const:ti_sysbios_knl_Task_Module_State_inactiveQ__O)
                  0000f384    00000004     szime2.0_pem4f.oem4f (.const:ti_sysbios_knl_Task_Module_State_terminatedQ__O)
                  0000f388    00000004     szime2.0_pem4f.oem4f (.const:ti_sysbios_knl_Task_Module__diagsEnabled__C)
                  0000f38c    00000004     szime2.0_pem4f.oem4f (.const:ti_sysbios_knl_Task_Module__diagsIncluded__C)
                  0000f390    00000004     szime2.0_pem4f.oem4f (.const:ti_sysbios_knl_Task_Module__diagsMask__C)
                  0000f394    00000004     szime2.0_pem4f.oem4f (.const:ti_sysbios_knl_Task_Module__loggerFxn2__C)
                  0000f398    00000004     szime2.0_pem4f.oem4f (.const:ti_sysbios_knl_Task_Module__loggerFxn4__C)
                  0000f39c    00000004     szime2.0_pem4f.oem4f (.const:ti_sysbios_knl_Task_Module__loggerObj__C)
                  0000f3a0    00000004     szime2.0_pem4f.oem4f (.const:ti_sysbios_knl_Task_Object__count__C)
                  0000f3a4    00000004     szime2.0_pem4f.oem4f (.const:ti_sysbios_knl_Task_Object__heap__C)
                  0000f3a8    00000004     szime2.0_pem4f.oem4f (.const:ti_sysbios_knl_Task_allBlockedFunc__C)
                  0000f3ac    00000004     szime2.0_pem4f.oem4f (.const:ti_sysbios_knl_Task_numConstructedTasks__C)
                  0000f3b0    00000004     szime2.0_pem4f.oem4f (.const:ti_sysbios_utils_Load_LS_cpuLoad__C)
                  0000f3b4    00000004     szime2.0_pem4f.oem4f (.const:ti_sysbios_utils_Load_LS_hwiLoad__C)
                  0000f3b8    00000004     szime2.0_pem4f.oem4f (.const:ti_sysbios_utils_Load_LS_swiLoad__C)
                  0000f3bc    00000004     szime2.0_pem4f.oem4f (.const:ti_sysbios_utils_Load_LS_taskLoad__C)
                  0000f3c0    00000004     szime2.0_pem4f.oem4f (.const:ti_sysbios_utils_Load_Module_State_taskList__O)
                  0000f3c4    00000004     szime2.0_pem4f.oem4f (.const:ti_sysbios_utils_Load_Module__diagsEnabled__C)
                  0000f3c8    00000004     szime2.0_pem4f.oem4f (.const:ti_sysbios_utils_Load_Module__diagsIncluded__C)
                  0000f3cc    00000004     szime2.0_pem4f.oem4f (.const:ti_sysbios_utils_Load_Module__diagsMask__C)
                  0000f3d0    00000004     szime2.0_pem4f.oem4f (.const:ti_sysbios_utils_Load_Module__loggerFxn1__C)
                  0000f3d4    00000004     szime2.0_pem4f.oem4f (.const:ti_sysbios_utils_Load_Module__loggerFxn2__C)
                  0000f3d8    00000004     szime2.0_pem4f.oem4f (.const:ti_sysbios_utils_Load_Module__loggerFxn4__C)
                  0000f3dc    00000004     szime2.0_pem4f.oem4f (.const:ti_sysbios_utils_Load_Module__loggerObj__C)
                  0000f3e0    00000004     szime2.0_pem4f.oem4f (.const:ti_sysbios_utils_Load_postUpdate__C)
                  0000f3e4    00000004     szime2.0_pem4f.oem4f (.const:ti_sysbios_utils_Load_windowInMs__C)
                  0000f3e8    00000004     szime2.0_pem4f.oem4f (.const:ti_uia_runtime_ILoggerSnapshot_Interface__BASE__C)
                  0000f3ec    00000004     szime2.0_pem4f.oem4f (.const:ti_uia_runtime_IUIATransfer_Interface__BASE__C)
                  0000f3f0    00000004     szime2.0_pem4f.oem4f (.const:ti_uia_runtime_LoggerStopMode_E_badLevel__C)
                  0000f3f4    00000004     szime2.0_pem4f.oem4f (.const:ti_uia_runtime_LoggerStopMode_Object__count__C)
                  0000f3f8    00000004     szime2.0_pem4f.oem4f (.const:ti_uia_runtime_LoggerStopMode_overflowLogger__C)
                  0000f3fc    00000004     szime2.0_pem4f.oem4f (.const:ti_uia_runtime_LoggerStopMode_statusLogger__C)
                  0000f400    00000004     szime2.0_pem4f.oem4f (.const:xdc_runtime_Assert_E_assertFailed__C)
                  0000f404    00000004     szime2.0_pem4f.oem4f (.const:xdc_runtime_Core_A_initializedParams__C)
                  0000f408    00000004     szime2.0_pem4f.oem4f (.const:xdc_runtime_Core_Module__diagsEnabled__C)
                  0000f40c    00000004     szime2.0_pem4f.oem4f (.const:xdc_runtime_Core_Module__diagsIncluded__C)
                  0000f410    00000004     szime2.0_pem4f.oem4f (.const:xdc_runtime_Core_Module__diagsMask__C)
                  0000f414    00000004     szime2.0_pem4f.oem4f (.const:xdc_runtime_Error_E_memory__C)
                  0000f418    00000004     szime2.0_pem4f.oem4f (.const:xdc_runtime_Error_Module__diagsEnabled__C)
                  0000f41c    00000004     szime2.0_pem4f.oem4f (.const:xdc_runtime_Error_Module__diagsIncluded__C)
                  0000f420    00000004     szime2.0_pem4f.oem4f (.const:xdc_runtime_Error_Module__diagsMask__C)
                  0000f424    00000004     szime2.0_pem4f.oem4f (.const:xdc_runtime_Error_Module__loggerFxn8__C)
                  0000f428    00000004     szime2.0_pem4f.oem4f (.const:xdc_runtime_Error_Module__loggerObj__C)
                  0000f42c    00000004     szime2.0_pem4f.oem4f (.const:xdc_runtime_Error_raiseHook__C)
                  0000f430    00000004     szime2.0_pem4f.oem4f (.const:xdc_runtime_IFilterLogger_Interface__BASE__C)
                  0000f434    00000004     szime2.0_pem4f.oem4f (.const:xdc_runtime_IGateProvider_Interface__BASE__C)
                  0000f438    00000004     szime2.0_pem4f.oem4f (.const:xdc_runtime_IHeap_Interface__BASE__C)
                  0000f43c    00000004     szime2.0_pem4f.oem4f (.const:xdc_runtime_ILogger_Interface__BASE__C)
                  0000f440    00000004     szime2.0_pem4f.oem4f (.const:xdc_runtime_IModule_Interface__BASE__C)
                  0000f444    00000004     szime2.0_pem4f.oem4f (.const:xdc_runtime_Log_L_error__C)
                  0000f448    00000004     szime2.0_pem4f.oem4f (.const:xdc_runtime_Log_L_warning__C)
                  0000f44c    00000004     szime2.0_pem4f.oem4f (.const:xdc_runtime_Main_Module__diagsEnabled__C)
                  0000f450    00000004     szime2.0_pem4f.oem4f (.const:xdc_runtime_Main_Module__diagsIncluded__C)
                  0000f454    00000004     szime2.0_pem4f.oem4f (.const:xdc_runtime_Main_Module__diagsMask__C)
                  0000f458    00000004     szime2.0_pem4f.oem4f (.const:xdc_runtime_Main_Module__loggerFxn2__C)
                  0000f45c    00000004     szime2.0_pem4f.oem4f (.const:xdc_runtime_Main_Module__loggerFxn4__C)
                  0000f460    00000004     szime2.0_pem4f.oem4f (.const:xdc_runtime_Main_Module__loggerFxn8__C)
                  0000f464    00000004     szime2.0_pem4f.oem4f (.const:xdc_runtime_Main_Module__loggerObj__C)
                  0000f468    00000004     szime2.0_pem4f.oem4f (.const:xdc_runtime_Memory_defaultHeapInstance__C)
                  0000f46c    00000004     szime2.0_pem4f.oem4f (.const:xdc_runtime_Startup_execImpl__C)
                  0000f470    00000004     szime2.0_pem4f.oem4f (.const:xdc_runtime_Startup_maxPasses__C)
                  0000f474    00000004     szime2.0_pem4f.oem4f (.const:xdc_runtime_Startup_sfxnRts__C)
                  0000f478    00000004     szime2.0_pem4f.oem4f (.const:xdc_runtime_Startup_sfxnTab__C)
                  0000f47c    00000004     szime2.0_pem4f.oem4f (.const:xdc_runtime_SysMin_bufSize__C)
                  0000f480    00000004     szime2.0_pem4f.oem4f (.const:xdc_runtime_SysMin_outputFunc__C)
                  0000f484    00000004     szime2.0_pem4f.oem4f (.const:xdc_runtime_System_Module__gateObj__C)
                  0000f488    00000004     szime2.0_pem4f.oem4f (.const:xdc_runtime_System_extendFxn__C)
                  0000f48c    00000004     szime2.0_pem4f.oem4f (.const:xdc_runtime_System_maxAtexitHandlers__C)
                  0000f490    00000004     szime2.0_pem4f.oem4f (.const:xdc_runtime_Text_charTab__C)
                  0000f494    00000004     szime2.0_pem4f.oem4f (.const:xdc_runtime_Text_nameEmpty__C)
                  0000f498    00000004     szime2.0_pem4f.oem4f (.const:xdc_runtime_Text_nameStatic__C)
                  0000f49c    00000004     szime2.0_pem4f.oem4f (.const:xdc_runtime_Text_nameUnknown__C)
                  0000f4a0    00000004     szime2.0_pem4f.oem4f (.const:xdc_runtime_Text_nodeTab__C)
                  0000f4a4    00000004     szime2.0_pem4f.oem4f (.const:xdc_runtime_Text_visitRopeFxn__C)
                  0000f4a8    00000002     szime2.0_pem4f.oem4f (.const:ti_sysbios_family_arm_m3_Hwi_Module__loggerDefined__C)
                  0000f4aa    00000002     szime2.0_pem4f.oem4f (.const:ti_sysbios_gates_GateMutex_Module__id__C)
                  0000f4ac    00000002     szime2.0_pem4f.oem4f (.const:ti_sysbios_hal_Hwi_Module__id__C)
                  0000f4ae    00000002     szime2.0_pem4f.oem4f (.const:ti_sysbios_heaps_HeapMem_Module__id__C)
                  0000f4b0    00000002     szime2.0_pem4f.oem4f (.const:ti_sysbios_knl_Clock_Module__id__C)
                  0000f4b2    00000002     szime2.0_pem4f.oem4f (.const:ti_sysbios_knl_Clock_Module__loggerDefined__C)
                  0000f4b4    00000002     szime2.0_pem4f.oem4f (.const:ti_sysbios_knl_Semaphore_Module__id__C)
                  0000f4b6    00000002     szime2.0_pem4f.oem4f (.const:ti_sysbios_knl_Semaphore_Module__loggerDefined__C)
                  0000f4b8    00000002     szime2.0_pem4f.oem4f (.const:ti_sysbios_knl_Swi_Module__id__C)
                  0000f4ba    00000002     szime2.0_pem4f.oem4f (.const:ti_sysbios_knl_Swi_Module__loggerDefined__C)
                  0000f4bc    00000002     szime2.0_pem4f.oem4f (.const:ti_sysbios_knl_Task_Module__id__C)
                  0000f4be    00000002     szime2.0_pem4f.oem4f (.const:ti_sysbios_knl_Task_Module__loggerDefined__C)
                  0000f4c0    00000002     szime2.0_pem4f.oem4f (.const:ti_sysbios_knl_Task_deleteTerminatedTasks__C)
                  0000f4c2    00000002     szime2.0_pem4f.oem4f (.const:ti_sysbios_knl_Task_initStackFlag__C)
                  0000f4c4    00000002     szime2.0_pem4f.oem4f (.const:ti_sysbios_utils_Load_Module__id__C)
                  0000f4c6    00000002     szime2.0_pem4f.oem4f (.const:ti_sysbios_utils_Load_Module__loggerDefined__C)
                  0000f4c8    00000002     szime2.0_pem4f.oem4f (.const:ti_sysbios_utils_Load_autoAddTasks__C)
                  0000f4ca    00000002     szime2.0_pem4f.oem4f (.const:ti_sysbios_utils_Load_hwiEnabled__C)
                  0000f4cc    00000002     szime2.0_pem4f.oem4f (.const:ti_sysbios_utils_Load_swiEnabled__C)
                  0000f4ce    00000002     szime2.0_pem4f.oem4f (.const:ti_sysbios_utils_Load_taskEnabled__C)
                  0000f4d0    00000002     szime2.0_pem4f.oem4f (.const:ti_sysbios_utils_Load_updateInIdle__C)
                  0000f4d2    00000002     szime2.0_pem4f.oem4f (.const:ti_uia_runtime_LoggerStopMode_Module__id__C)
[...]
0000c327   ti_sysbios_BIOS_RtsGateProxy_enter__E
0000c32b   ti_sysbios_BIOS_RtsGateProxy_leave__E
0000c32f   ti_sysbios_family_arm_lm4_Timer_getPeriod__E
0000c333   ti_sysbios_family_arm_lm4_Timer_masterEnable__I
0000c337   ti_sysbios_family_arm_m3_TaskSupport_Module__startupDone__S
0000c33b   ti_sysbios_gates_GateHwi_query__E
0000c33b   ti_sysbios_gates_GateHwi_query__F
0000c33b   xdc_runtime_Main_Module_GateProxy_query__E
0000c33b   xdc_runtime_System_Module_GateProxy_query__E
0000c33f   ti_sysbios_BIOS_RtsGateProxy_query__E
0000c33f   ti_sysbios_gates_GateMutex_query__E
0000c33f   ti_sysbios_gates_GateMutex_query__F
0000c33f   ti_sysbios_heaps_HeapMem_Module_GateProxy_query__E
0000c343   ti_sysbios_hal_Hwi_HwiProxy_Module__startupDone__S
0000c347   ti_sysbios_hal_Hwi_HwiProxy_Object__delete__S
0000c34b   ti_sysbios_hal_Timer_TimerProxy_Module__startupDone__S
0000c34f   ti_sysbios_hal_Timer_TimerProxy_getExpiredCounts__E
0000c353   ti_sysbios_hal_Timer_TimerProxy_getPeriod__E
0000c357   ti_sysbios_hal_Timer_TimerProxy_setNextTick__E
0000c35b   ti_sysbios_heaps_HeapMem_Module_GateProxy_enter__E
0000c35f   ti_sysbios_heaps_HeapMem_Module_GateProxy_leave__E
0000c363   ti_sysbios_knl_Task_SupportProxy_Module__startupDone__S
0000c367   ti_sysbios_knl_Task_startup__E
0000c36b   ti_uia_runtime_LogSync_CpuTimestampProxy_Module__startupDone__S
0000c36f   ti_uia_runtime_LogSync_GlobalTimestampProxy_Module__startupDone__S
0000c373   ti_uia_runtime_LoggerStopMode_getInstanceId__E
0000c377   ti_uia_runtime_LoggerStopMode_getMaxLength__E
0000c37b   ti_uia_runtime_LoggerStopMode_setPriority__E
0000c37f   xdc_runtime_Error_getSite__E
0000c37f   xdc_runtime_Error_getSite__F
0000c383   xdc_runtime_Memory_HeapProxy_alloc__E
0000c387   xdc_runtime_Memory_HeapProxy_free__E
0000c38b   xdc_runtime_System_Module_GateProxy_enter__E
0000c38f   xdc_runtime_System_Module_GateProxy_leave__E
0000c393   xdc_runtime_System_aprintf_va__F
0000c397   xdc_runtime_System_printf_va__F
0000c39b   xdc_runtime_System_vsnprintf__E
0000c39f   xdc_runtime_TimestampNull_Module__startupDone__S
0000c3a3   xdc_runtime_Timestamp_Module__startupDone__S
0000c3a8   xdc_runtime_Text_charTab__A
0000e641   textarray
0000e882   xdc_runtime_Text_nodeTab__A
0000e996   ti_sysbios_family_arm_m3_Hwi_priorities__A
0000ea6e   ti_catalog_arm_cortexm4_tiva_ce_Boot_Module__id__C
0000ea70   gpioHWAttrs
0000ec14   UART_config
0000ec74   ti_uia_runtime_LoggerStopMode_Module__FXNS__C
0000ed1c   GPIO_config
0000ed60   uartTivaHWAttrs
0000edc8   ti_sysbios_family_arm_m3_Hwi_Object__PARAMS__C
0000edf8   ti_sysbios_knl_Task_hooks__A
0000ee28   ti_uia_runtime_LoggerStopMode_Object__PARAMS__C
0000ee58   xdc_runtime_Startup_sfxnTab__A
0000ee88   ti_sysbios_hal_Hwi_Object__PARAMS__C
0000eeb4   inputfile
0000eec0   outputfile
0000eedd   ti_sysbios_knl_Clock_tickMode__C
0000eede   ti_sysbios_BIOS_Module__id__C
0000eee0   ti_sysbios_heaps_HeapMem_Module__FXNS__C
0000ef08   UARTTiva_fxnTable
0000ef2c   sdspiTivaHWattrs
0000ef50   ti_sysbios_gates_GateHwi_Module__FXNS__C
0000ef74   ti_sysbios_gates_GateMutex_Module__FXNS__C
0000ef98   ti_sysbios_heaps_HeapMem_Object__PARAMS__C
0000efbc   ti_sysbios_knl_Semaphore_Object__PARAMS__C
0000efe0   ti_sysbios_family_arm_m3_Hwi_Object__DESC__C
0000f000   ti_sysbios_gates_GateHwi_Object__DESC__C
0000f020   ti_sysbios_gates_GateMutex_Object__DESC__C
0000f040   ti_sysbios_hal_Hwi_Object__DESC__C
0000f060   ti_sysbios_heaps_HeapMem_Object__DESC__C
0000f080   ti_sysbios_knl_Queue_Object__DESC__C
0000f0a0   ti_sysbios_knl_Semaphore_Object__DESC__C
0000f0c0   ti_uia_runtime_LoggerStopMode_Object__DESC__C
0000f0fc   SDSPI_config
0000f114   ti_sysbios_gates_GateHwi_Object__PARAMS__C
0000f12c   ti_sysbios_gates_GateMutex_Object__PARAMS__C
0000f144   ti_sysbios_knl_Queue_Object__PARAMS__C
0000f15c   xdc_runtime_Startup_sfxnRts__A
0000f174   xdc_runtime_Startup_firstFxns__A
0000f19a   ti_sysbios_family_arm_lm4_TimestampProvider_useClockTimer__C
0000f1ad   ti_sysbios_knl_Clock_tickSource__C
0000f1ae   ti_sysbios_family_arm_m3_Hwi_Module__id__C
0000f1b0   SDSPITiva_fxnTable
0000f1bc   ti_sysbios_family_arm_m3_Hwi_excHookFuncs__A
0000f1c4   ti_sysbios_knl_Idle_coreList__A
0000f1cc   ti_sysbios_knl_Idle_coreList__C
0000f1d4   ti_sysbios_knl_Idle_funcList__A
0000f1dc   ti_sysbios_knl_Idle_funcList__C
0000f1e4   ti_sysbios_knl_Task_hooks__C
0000f1ec   xdc_runtime_Startup_firstFxns__C
0000f1f4   xdc_runtime_Startup_lastFxns__A
0000f1fc   xdc_runtime_Startup_lastFxns__C
0000f204   ti_catalog_arm_cortexm4_tiva_ce_Boot_A_mustUseEnhancedClockMode__C
0000f208   ti_catalog_arm_cortexm4_tiva_ce_Boot_Module__diagsEnabled__C
0000f20c   ti_catalog_arm_cortexm4_tiva_ce_Boot_Module__diagsIncluded__C
0000f210   ti_catalog_arm_cortexm4_tiva_ce_Boot_Module__diagsMask__C
0000f214   ti_sysbios_BIOS_Module__diagsEnabled__C
0000f218   ti_sysbios_BIOS_Module__diagsIncluded__C
0000f21c   ti_sysbios_BIOS_Module__diagsMask__C
0000f220   ti_sysbios_BIOS_installedErrorHook__C
0000f224   ti_sysbios_family_arm_lm4_Timer_numTimerDevices__C
0000f228   ti_sysbios_family_arm_lm4_Timer_startupNeeded__C
0000f22c   ti_sysbios_family_arm_m3_Hwi_E_NMI__C
0000f230   ti_sysbios_family_arm_m3_Hwi_E_alreadyDefined__C
0000f234   ti_sysbios_family_arm_m3_Hwi_E_busFault__C
0000f238   ti_sysbios_family_arm_m3_Hwi_E_debugMon__C
0000f23c   ti_sysbios_family_arm_m3_Hwi_E_hardFault__C
0000f240   ti_sysbios_family_arm_m3_Hwi_E_memFault__C
0000f244   ti_sysbios_family_arm_m3_Hwi_E_noIsr__C
0000f248   ti_sysbios_family_arm_m3_Hwi_E_reserved__C
0000f24c   ti_sysbios_family_arm_m3_Hwi_E_svCall__C
0000f250   ti_sysbios_family_arm_m3_Hwi_E_usageFault__C
0000f254   ti_sysbios_family_arm_m3_Hwi_LD_end__C
0000f258   ti_sysbios_family_arm_m3_Hwi_LM_begin__C
0000f25c   ti_sysbios_family_arm_m3_Hwi_Module__diagsEnabled__C
0000f260   ti_sysbios_family_arm_m3_Hwi_Module__diagsIncluded__C
0000f264   ti_sysbios_family_arm_m3_Hwi_Module__diagsMask__C
0000f268   ti_sysbios_family_arm_m3_Hwi_Module__loggerFxn1__C
0000f26c   ti_sysbios_family_arm_m3_Hwi_Module__loggerFxn8__C
0000f270   ti_sysbios_family_arm_m3_Hwi_Module__loggerObj__C
0000f274   ti_sysbios_family_arm_m3_Hwi_NUM_INTERRUPTS__C
0000f278   ti_sysbios_family_arm_m3_Hwi_ccr__C
0000f27c   ti_sysbios_family_arm_m3_Hwi_disablePriority__C
0000f280   ti_sysbios_family_arm_m3_Hwi_dispatchTable__C
0000f284   ti_sysbios_family_arm_m3_Hwi_excHandlerFunc__C
0000f288   ti_sysbios_family_arm_m3_Hwi_excHookFuncs__C
0000f28c   ti_sysbios_family_arm_m3_Hwi_priGroup__C
0000f290   ti_sysbios_family_arm_m3_Hwi_priorities__C
0000f294   ti_sysbios_gates_GateMutex_A_badContext__C
0000f298   ti_sysbios_gates_GateMutex_Instance_State_sem__O
0000f29c   ti_sysbios_gates_GateMutex_Module__diagsEnabled__C
0000f2a0   ti_sysbios_gates_GateMutex_Module__diagsIncluded__C
0000f2a4   ti_sysbios_gates_GateMutex_Module__diagsMask__C
0000f2a8   ti_sysbios_hal_Hwi_E_stackOverflow__C
0000f2ac   ti_sysbios_heaps_HeapMem_A_align__C
0000f2b0   ti_sysbios_heaps_HeapMem_A_heapSize__C
0000f2b4   ti_sysbios_heaps_HeapMem_A_invalidFree__C
0000f2b8   ti_sysbios_heaps_HeapMem_A_zeroBlock__C
0000f2bc   ti_sysbios_heaps_HeapMem_E_memory__C
0000f2c0   ti_sysbios_heaps_HeapMem_Module__diagsEnabled__C
0000f2c4   ti_sysbios_heaps_HeapMem_Module__diagsIncluded__C
0000f2c8   ti_sysbios_heaps_HeapMem_Module__diagsMask__C
0000f2cc   ti_sysbios_heaps_HeapMem_Module__gateObj__C
0000f2d0   ti_sysbios_heaps_HeapMem_Object__count__C
0000f2d4   ti_sysbios_heaps_HeapMem_reqAlign__C
0000f2d8   ti_sysbios_knl_Clock_LM_begin__C
0000f2dc   ti_sysbios_knl_Clock_LM_tick__C
0000f2e0   ti_sysbios_knl_Clock_LW_delayed__C
0000f2e4   ti_sysbios_knl_Clock_Module_State_clockQ__O
0000f2e8   ti_sysbios_knl_Clock_Module__diagsEnabled__C
0000f2ec   ti_sysbios_knl_Clock_Module__diagsIncluded__C
0000f2f0   ti_sysbios_knl_Clock_Module__diagsMask__C
0000f2f4   ti_sysbios_knl_Clock_Module__loggerFxn1__C
0000f2f8   ti_sysbios_knl_Clock_Module__loggerFxn2__C
0000f2fc   ti_sysbios_knl_Clock_Module__loggerObj__C
0000f300   ti_sysbios_knl_Semaphore_A_badContext__C
0000f304   ti_sysbios_knl_Semaphore_A_noEvents__C
0000f308   ti_sysbios_knl_Semaphore_A_overflow__C
0000f30c   ti_sysbios_knl_Semaphore_A_pendTaskDisabled__C
0000f310   ti_sysbios_knl_Semaphore_Instance_State_pendQ__O
0000f314   ti_sysbios_knl_Semaphore_LM_pend__C
0000f318   ti_sysbios_knl_Semaphore_LM_post__C
0000f31c   ti_sysbios_knl_Semaphore_Module__diagsEnabled__C
0000f320   ti_sysbios_knl_Semaphore_Module__diagsIncluded__C
0000f324   ti_sysbios_knl_Semaphore_Module__diagsMask__C
0000f328   ti_sysbios_knl_Semaphore_Module__loggerFxn2__C
0000f32c   ti_sysbios_knl_Semaphore_Module__loggerFxn4__C
0000f330   ti_sysbios_knl_Semaphore_Module__loggerObj__C
0000f334   ti_sysbios_knl_Swi_LD_end__C
0000f338   ti_sysbios_knl_Swi_LM_begin__C
0000f33c   ti_sysbios_knl_Swi_LM_post__C
0000f340   ti_sysbios_knl_Swi_Module__diagsEnabled__C
0000f344   ti_sysbios_knl_Swi_Module__diagsIncluded__C
0000f348   ti_sysbios_knl_Swi_Module__diagsMask__C
0000f34c   ti_sysbios_knl_Swi_Module__loggerFxn1__C
0000f350   ti_sysbios_knl_Swi_Module__loggerFxn4__C
0000f354   ti_sysbios_knl_Swi_Module__loggerObj__C
0000f358   ti_sysbios_knl_Swi_Object__count__C
0000f35c   ti_sysbios_knl_Task_A_badTimeout__C
0000f360   ti_sysbios_knl_Task_A_sleepTaskDisabled__C
0000f364   ti_sysbios_knl_Task_E_spOutOfBounds__C
0000f368   ti_sysbios_knl_Task_E_stackOverflow__C
0000f36c   ti_sysbios_knl_Task_LD_block__C
0000f370   ti_sysbios_knl_Task_LD_exit__C
0000f374   ti_sysbios_knl_Task_LD_ready__C
0000f378   ti_sysbios_knl_Task_LM_sleep__C
0000f37c   ti_sysbios_knl_Task_LM_switch__C
0000f380   ti_sysbios_knl_Task_Module_State_inactiveQ__O
0000f384   ti_sysbios_knl_Task_Module_State_terminatedQ__O
0000f388   ti_sysbios_knl_Task_Module__diagsEnabled__C
0000f38c   ti_sysbios_knl_Task_Module__diagsIncluded__C
0000f390   ti_sysbios_knl_Task_Module__diagsMask__C
0000f394   ti_sysbios_knl_Task_Module__loggerFxn2__C
0000f398   ti_sysbios_knl_Task_Module__loggerFxn4__C
0000f39c   ti_sysbios_knl_Task_Module__loggerObj__C
0000f3a0   ti_sysbios_knl_Task_Object__count__C
0000f3a4   ti_sysbios_knl_Task_Object__heap__C
0000f3a8   ti_sysbios_knl_Task_allBlockedFunc__C
0000f3ac   ti_sysbios_knl_Task_numConstructedTasks__C
0000f3b0   ti_sysbios_utils_Load_LS_cpuLoad__C
0000f3b4   ti_sysbios_utils_Load_LS_hwiLoad__C
0000f3b8   ti_sysbios_utils_Load_LS_swiLoad__C
0000f3bc   ti_sysbios_utils_Load_LS_taskLoad__C
0000f3c0   ti_sysbios_utils_Load_Module_State_taskList__O
0000f3c4   ti_sysbios_utils_Load_Module__diagsEnabled__C
0000f3c8   ti_sysbios_utils_Load_Module__diagsIncluded__C
0000f3cc   ti_sysbios_utils_Load_Module__diagsMask__C
0000f3d0   ti_sysbios_utils_Load_Module__loggerFxn1__C
0000f3d4   ti_sysbios_utils_Load_Module__loggerFxn2__C
0000f3d8   ti_sysbios_utils_Load_Module__loggerFxn4__C
0000f3dc   ti_sysbios_utils_Load_Module__loggerObj__C
0000f3e0   ti_sysbios_utils_Load_postUpdate__C
0000f3e4   ti_sysbios_utils_Load_windowInMs__C
0000f3e8   ti_uia_runtime_ILoggerSnapshot_Interface__BASE__C
0000f3ec   ti_uia_runtime_IUIATransfer_Interface__BASE__C
0000f3f0   ti_uia_runtime_LoggerStopMode_E_badLevel__C
0000f3f4   ti_uia_runtime_LoggerStopMode_Object__count__C
0000f3f8   ti_uia_runtime_LoggerStopMode_overflowLogger__C
0000f3fc   ti_uia_runtime_LoggerStopMode_statusLogger__C
0000f400   xdc_runtime_Assert_E_assertFailed__C
0000f404   xdc_runtime_Core_A_initializedParams__C
0000f408   xdc_runtime_Core_Module__diagsEnabled__C
0000f40c   xdc_runtime_Core_Module__diagsIncluded__C
0000f410   xdc_runtime_Core_Module__diagsMask__C
0000f414   xdc_runtime_Error_E_memory__C
0000f418   xdc_runtime_Error_Module__diagsEnabled__C
0000f41c   xdc_runtime_Error_Module__diagsIncluded__C
0000f420   xdc_runtime_Error_Module__diagsMask__C
0000f424   xdc_runtime_Error_Module__loggerFxn8__C
0000f428   xdc_runtime_Error_Module__loggerObj__C
0000f42c   xdc_runtime_Error_raiseHook__C
0000f430   xdc_runtime_IFilterLogger_Interface__BASE__C
0000f434   xdc_runtime_IGateProvider_Interface__BASE__C
0000f438   xdc_runtime_IHeap_Interface__BASE__C
0000f43c   xdc_runtime_ILogger_Interface__BASE__C
0000f440   xdc_runtime_IModule_Interface__BASE__C
0000f444   xdc_runtime_Log_L_error__C
0000f448   xdc_runtime_Log_L_warning__C
0000f44c   xdc_runtime_Main_Module__diagsEnabled__C
0000f450   xdc_runtime_Main_Module__diagsIncluded__C
0000f454   xdc_runtime_Main_Module__diagsMask__C
0000f458   xdc_runtime_Main_Module__loggerFxn2__C
0000f45c   xdc_runtime_Main_Module__loggerFxn4__C
0000f460   xdc_runtime_Main_Module__loggerFxn8__C
0000f464   xdc_runtime_Main_Module__loggerObj__C
0000f468   xdc_runtime_Memory_defaultHeapInstance__C
0000f46c   xdc_runtime_Startup_execImpl__C
0000f470   xdc_runtime_Startup_maxPasses__C
0000f474   xdc_runtime_Startup_sfxnRts__C
0000f478   xdc_runtime_Startup_sfxnTab__C
0000f47c   xdc_runtime_SysMin_bufSize__C
0000f480   xdc_runtime_SysMin_outputFunc__C
0000f484   xdc_runtime_System_Module__gateObj__C
0000f488   xdc_runtime_System_extendFxn__C
0000f48c   xdc_runtime_System_maxAtexitHandlers__C
0000f490   xdc_runtime_Text_charTab__C
0000f494   xdc_runtime_Text_nameEmpty__C
0000f498   xdc_runtime_Text_nameStatic__C
0000f49c   xdc_runtime_Text_nameUnknown__C
0000f4a0   xdc_runtime_Text_nodeTab__C
0000f4a4   xdc_runtime_Text_visitRopeFxn__C
0000f4a8   ti_sysbios_family_arm_m3_Hwi_Module__loggerDefined__C
0000f4aa   ti_sysbios_gates_GateMutex_Module__id__C
0000f4ac   ti_sysbios_hal_Hwi_Module__id__C
0000f4ae   ti_sysbios_heaps_HeapMem_Module__id__C
0000f4b0   ti_sysbios_knl_Clock_Module__id__C
0000f4b2   ti_sysbios_knl_Clock_Module__loggerDefined__C
0000f4b4   ti_sysbios_knl_Semaphore_Module__id__C
0000f4b6   ti_sysbios_knl_Semaphore_Module__loggerDefined__C
0000f4b8   ti_sysbios_knl_Swi_Module__id__C
0000f4ba   ti_sysbios_knl_Swi_Module__loggerDefined__C
0000f4bc   ti_sysbios_knl_Task_Module__id__C
0000f4be   ti_sysbios_knl_Task_Module__loggerDefined__C
0000f4c0   ti_sysbios_knl_Task_deleteTerminatedTasks__C
0000f4c2   ti_sysbios_knl_Task_initStackFlag__C
0000f4c4   ti_sysbios_utils_Load_Module__id__C
0000f4c6   ti_sysbios_utils_Load_Module__loggerDefined__C
0000f4c8   ti_sysbios_utils_Load_autoAddTasks__C
0000f4ca   ti_sysbios_utils_Load_hwiEnabled__C
0000f4cc   ti_sysbios_utils_Load_swiEnabled__C
0000f4ce   ti_sysbios_utils_Load_taskEnabled__C
0000f4d0   ti_sysbios_utils_Load_updateInIdle__C
0000f4d2   ti_uia_runtime_LoggerStopMode_Module__id__C
0000f4d4   ti_uia_runtime_LoggerStopMode_filterByLevel__C
0000f4d6   ti_uia_runtime_LoggerStopMode_isTimestampEnabled__C
0000f4d8   xdc_runtime_Core_Module__id__C
0000f4da   xdc_runtime_Error_Module__loggerDefined__C
0000f4dc   xdc_runtime_Error_maxDepth__C
0000f4de   xdc_runtime_Main_Module__id__C
0000f4e0   xdc_runtime_Main_Module__loggerDefined__C
0000f4e2   xdc_runtime_Memory_Module__id__C
0000f4e4   xdc_runtime_SysMin_flushAtExit__C
0000f4e6   xdc_runtime_Text_charCnt__C
0000f4e8   xdc_runtime_Text_isLoaded__C
0000f4ea   xdc_runtime_Text_registryModsLastId__C
0000f4ec   xdc_runtime_Text_unnamedModsLastId__C
0000f4ee   xdc_runtime_Error_policy__C
0000fabc   __TI_Handler_Table_Base
0000fac8   __TI_Handler_Table_Limit
0000fad8   __TI_CINIT_Base
0000faf0   __TI_CINIT_Limit
20000000   ti_sysbios_family_arm_m3_Hwi_ramVectors
20000360   ti_sysbios_knl_Task_Instance_State_0_stack__A
20000760   ti_sysbios_knl_Task_Instance_State_1_stack__A
20000f60   ti_sysbios_knl_Task_Instance_State_2_stack__A
20001760   ti_sysbios_knl_Task_Instance_State_3_stack__A
20001f60   ti_sysbios_heaps_HeapMem_Instance_State_0_buf__A
20002f60   cpy_buff
20003760   ti_uia_runtime_LoggerStopMode_Instance_State_1_bufferArray__A
20003be0   ti_uia_runtime_LoggerStopMode_Instance_State_2_bufferArray__A
20004060   xdc_runtime_SysMin_Module_State_0_outbuf__A
20004460   ti_uia_runtime_LoggerStopMode_Instance_State_0_bufferArray__A
200046e0   sdspiTivaobjects
20004920   uartTivaObjects
20004b18   __CIOBUF_
20004c60   uartParams
20004c98   ti_sysbios_knl_Task_Instance_State_0_hookEnv__A
20004ca0   ti_sysbios_knl_Task_Instance_State_1_hookEnv__A
20004ca8   ti_sysbios_knl_Task_Instance_State_2_hookEnv__A
20004cb0   ti_sysbios_knl_Task_Instance_State_3_hookEnv__A
20004cb8   uart1
20004cbc   uart2
20004cc0   uart3
20004cc4   uart4
20004cc8   uart5
20004ccc   uart6
20004cd0   uart7
20004cd4   __stack
20004dd4   __STACK_TOP
20005cd4   __STACK_END
20005cd4   ti_sysbios_family_arm_m3_Hwi_Module_State_0_dispatchTable__A
20006034   ti_sysbios_BIOS_Module__state__V
20006054   ti_sysbios_family_arm_lm4_Timer_Module__root__V
2000605c   ti_sysbios_family_arm_lm4_Timer_Module_State_0_handles__A
20006074   ti_sysbios_family_arm_lm4_Timer_Module__state__V
20006080   ti_sysbios_family_arm_lm4_TimestampProvider_Module__state__V
20006088   ti_sysbios_family_arm_m3_Hwi_Module__root__V
20006090   ti_sysbios_family_arm_m3_Hwi_Module_State_0_excActive__A
20006094   ti_sysbios_family_arm_m3_Hwi_Module_State_0_excContext__A
20006098   ti_sysbios_family_arm_m3_Hwi_Module_State_0_excStack__A
2000609c   ti_sysbios_gates_GateHwi_Module__root__V
200060a4   ti_sysbios_gates_GateHwi_Object__table__V
200060a8   ti_sysbios_gates_GateMutex_Module__root__V
200060b0   ti_sysbios_hal_Hwi_Module__root__V
200060b8   ti_sysbios_hal_Timer_Module__root__V
200060c0   ti_sysbios_hal_Timer_Object__table__V
200060c8   ti_sysbios_heaps_HeapMem_Module__root__V
200060d0   ti_sysbios_heaps_HeapMem_Object__table__V
200060e8   ti_sysbios_knl_Clock_Module__root__V
200060f0   ti_sysbios_knl_Clock_Object__table__V
20006110   ti_sysbios_knl_Event_Module__root__V
2000611c   ti_sysbios_knl_Queue_Module__root__V
20006124   ti_sysbios_knl_Semaphore_Module__root__V
20006130   ti_sysbios_knl_Swi_Module__root__V
20006138   ti_sysbios_knl_Swi_Module__state__V
20006154   ti_sysbios_knl_Task_Module__root__V
20006160   ti_sysbios_knl_Task_Module_State_0_idleTask__A
20006164   ti_sysbios_utils_Load_Module__root__V
20006168   ti_sysbios_utils_Load_Module_State_0_taskStartTime__A
2000616c   ti_sysbios_utils_Load_Module_State_0_runningTask__A
20006170   ti_uia_runtime_LogSync_Module__root__V
20006178   ti_uia_runtime_LogSync_Module__state__V
20006184   ti_uia_runtime_LoggerStopMode_Module__root__V
2000618c   ti_uia_runtime_LoggerStopMode_Module__state__V
20006194   ti_uia_runtime_QueueDescriptor_Module__state__V
200061a0   xdc_runtime_Error_Module__state__V
200061a2   xdc_runtime_Main_Module__root__V
200061a4   xdc_runtime_Memory_Module__state__V
200061a8   xdc_runtime_Registry_Module__state__V
200061b0   xdc_runtime_Startup_Module__state__V
200061b8   xdc_runtime_SysMin_Module__state__V
200061c4   xdc_runtime_System_Module_State_0_atexitHandlers__A
200061e4   xdc_runtime_System_Module__state__V
200061f0   xdc_runtime_Text_Module__state__V
200061f8   __xdc__init__addr
200061fc   ti_sysbios_knl_Task_Object__table__V
200062ec   TSK_idle
2000633c   ti_uia_runtime_LoggerStopMode_Object__table__V
20006514   ti_sysbios_knl_Swi_Module_State_0_readyQ__A
20006594   ti_sysbios_knl_Task_Module_State_0_readyQ__A
20006614   ti_sysbios_utils_Load_Module__state__V
20006690   ti_sysbios_family_arm_lm4_Timer_Object__table__V
20006700   ti_sysbios_family_arm_m3_Hwi_Module__state__V
200067a4   ti_sysbios_knl_Task_Module__state__V
200067e8   ti_sysbios_gates_GateMutex_Object__table__V
20006820   ti_sysbios_family_arm_lm4_Timer_Module_State_0_device__A
20006850   ti_sysbios_family_arm_m3_Hwi_Object__table__V
20006880   ti_sysbios_knl_Swi_Object__table__V
200068b0   ti_sysbios_knl_Clock_Module__state__V
200068ec   _lock
200068f0   _unlock
200068f4   __TI_cleanup_ptr
200068f8   __TI_dtors_ptr
200068fc   ti_uia_runtime_QueueDescriptor_gPtrToFirstDescriptor
20006900   ti_uia_runtime_QueueDescriptor_gUpdateCount
2000690c   main_func_sp
40000400   ti_sysbios_family_arm_ducati_CTM_ctm
e000e000   ti_sysbios_family_arm_m3_Hwi_nvic
ffffffff   __binit__
ffffffff   __c_args__
ffffffff   binit
UNDEFED    SHT$$INIT_ARRAY$$Base
UNDEFED    SHT$$INIT_ARRAY$$Limit

[899 symbols]
