******************************************************************************
                  TI ARM Linker Unix v5.1.2                    
******************************************************************************
>> Linked Sat Oct 12 08:57:39 2013

OUTPUT FILE NAME:   <szime2.0tesztmereshez.out>
ENTRY POINT SYMBOL: "_c_int00"  address: 00008f61


MEMORY CONFIGURATION

         name            origin    length      used     unused   attr    fill
----------------------  --------  ---------  --------  --------  ----  --------
  FLASH                 00000000   00040000  0000e65f  000319a1  R  X
  SRAM                  20000000   00008000  00006df4  0000120c  RW X


SEGMENT ALLOCATION MAP

run origin  load origin   length   init length attrs members
----------  ----------- ---------- ----------- ----- -------
00000000    00000000    0000e668   0000e668    r-x
  00000000    00000000    00000360   00000360    r-- .resetVecs
  00000360    00000360    0000adfa   0000adfa    r-x .text
  0000b15c    0000b15c    00002ea5   00002ea5    r-- .const
  0000e008    0000e008    00000660   00000660    r-- .cinit
20000000    20000000    00000360   00000000    rw-
  20000000    20000000    00000360   00000000    rw- .vecs
20000400    20000400    00006a94   00000000    rw-
  20000400    20000400    00004dc4   00000000    rw- .bss
  200051c4    200051c4    00001000   00000000    rw- .stack
  200061c4    200061c4    00000cd0   00000000    rw- .data


SECTION ALLOCATION MAP

 output                                  attributes/
section   page    origin      length       input sections
--------  ----  ----------  ----------   ----------------
.bootVecs 
*          0    00000000    00000008     DSECT
                  00000000    00000008     boot.aem4f : boot.oem4f (.bootVecs)

.resetVecs 
*          0    00000000    00000360     
                  00000000    00000360     szime2.0_pem4f.oem4f (.resetVecs)

xdc.meta   0    00000000    000000f0     COPY SECTION
                  00000000    000000f0     szime2.0_pem4f.oem4f (xdc.meta)

.text      0    00000360    0000adfa     
                  00000360    0000046c     uart_tivaware.aem4f : UARTTiva.oem4f (.text:UARTTiva_hwiIntFxn)
                  000007cc    00000440     spi_tivaware.aem4f : SPITivaDMA.oem4f (.text:SPITivaDMA_open)
                  00000c0c    00000424     sysbios.aem4f : BIOS.obj (.text:ti_sysbios_family_arm_m3_Hwi_excDumpRegs__I)
                  00001030    0000041c     uart_tivaware.aem4f : UARTTiva.oem4f (.text:UARTTiva_open)
                  0000144c    00000344     ti.targets.arm.rtsarm.aem4f : System.oem4f (.text:xdc_runtime_System_doPrint__I)
                  00001790    00000310     rtsv7M4_T_le_v4SPD16_eabi.lib : lowlev.obj (.text)
                  00001aa0    000002f4     ti.sysbios.fatfs.aem4f : ff.oem4f (.text:chk_mounted)
                  00001d94    000002d4     rtsv7M4_T_le_v4SPD16_eabi.lib : trgdrv.obj (.text)
                  00002068    00000270     sysbios.aem4f : BIOS.obj (.text:ti_sysbios_knl_Semaphore_pend__E)
                  000022d8    0000026c     szime2.0teszt.obj (.text:UartTest)
                  00002544    00000248     sysbios.aem4f : BIOS.obj (.text:ti_sysbios_heaps_HeapMem_free__E)
                  0000278c    00000234                   : BIOS.obj (.text:ti_sysbios_family_arm_lm4_Timer_start__E)
                  000029c0    00000234                   : BIOS.obj (.text:ti_sysbios_heaps_HeapMem_alloc__E)
                  00002bf4    00000234                   : BIOS.obj (.text:ti_sysbios_utils_Load_update__E)
                  00002e28    000001fc                   : BIOS.obj (.text:ti_sysbios_family_arm_m3_Hwi_excHandlerMax__I)
                  00003024    000001ec     uart_tivaware.aem4f : UARTTiva.oem4f (.text:UARTTiva_write)
                  00003210    000001d8     sysbios.aem4f : BIOS.obj (.text:ti_sysbios_knl_Task_sleep__E)
                  000033e8    000001c8                   : BIOS.obj (.text:ti_sysbios_utils_Load_logLoads__I)
                  000035b0    000001ac     ti.uia.runtime.aem4f : LoggerStopMode.oem4f (.text:ti_uia_runtime_LoggerStopMode_write8__E)
                  0000375c    000001a6     ti.sysbios.fatfs.aem4f : ff.oem4f (.text:f_write)
                  00003902    00000002     sysbios.aem4f : BIOS.obj (.text:ti_sysbios_BIOS_nullFunc__I)
                  00003904    0000019c     spi_tivaware.aem4f : SPITivaDMA.oem4f (.text:SPITivaDMA_configDMA)
                  00003aa0    0000017c                        : SPITivaDMA.oem4f (.text:SPITivaDMA_hwiFxn)
                  00003c1c    00000174     ti.sysbios.fatfs.aem4f : ff.oem4f (.text:f_read)
                  00003d90    00000170     uart_tivaware.aem4f : UARTTiva.oem4f (.text:UARTTiva_readPolling)
                  00003f00    00000168     sysbios.aem4f : BIOS.obj (.text:ti_sysbios_family_arm_m3_Hwi_excBusFault__I)
                  00004068    00000160     uart_tivaware.aem4f : UARTTiva.oem4f (.text:readData)
                  000041c8    0000015c     ti.sysbios.fatfs.aem4f : ff.oem4f (.text:f_lseek)
                  00004324    0000015c     ti.uia.runtime.aem4f : LoggerStopMode.oem4f (.text:ti_uia_runtime_LoggerStopMode_writeMemoryRange__E)
                  00004480    00000154     sysbios.aem4f : BIOS.obj (.text:ti_sysbios_knl_Task_exit__E)
                  000045d4    00000150     ti.sysbios.fatfs.aem4f : ff.oem4f (.text:f_open)
                  00004724    0000014c     sysbios.aem4f : BIOS.obj (.text:ti_sysbios_knl_Semaphore_post__E)
                  00004870    00000148                   : BIOS.obj (.text:ti_sysbios_family_arm_m3_Hwi_excUsageFault__I)
                  000049b8    00000144                   : BIOS.obj (.text:ti_sysbios_family_arm_lm4_TimestampProvider_get64__E)
                  00004afc    00000140     ti.uia.runtime.aem4f : LoggerStopMode.oem4f (.text:ti_uia_runtime_LoggerStopMode_write4__E)
                  00004c3c    0000013c     ti.targets.arm.rtsarm.aem4f : Error.oem4f (.text:xdc_runtime_Error_raiseX__F)
                  00004d78    00000138     Boot.aem4f : Boot_sysctl.oem4f (.text:ti_catalog_arm_cortexm4_tiva_ce_Boot_sysCtlClockSetI__I)
                  00004eb0    00000138     sysbios.aem4f : BIOS.obj (.text:ti_sysbios_heaps_HeapMem_Instance_init__F)
                  00004fe8    00000134                   : m3_Hwi_asm.obj (.text:ti_sysbios_family_arm_m3_Hwi_dispatch__I)
                  0000511c    00000134                   : BIOS.obj (.text:ti_sysbios_family_arm_m3_Hwi_excMemFault__I)
                  00005250    00000130                   : BIOS.obj (.text:ti_sysbios_family_arm_lm4_Timer_initDevice__I)
                  00005380    0000012c                   : BIOS.obj (.text:ti_sysbios_family_arm_m3_Hwi_dispatchC__I)
                  000054ac    0000012c                   : BIOS.obj (.text:ti_sysbios_knl_Clock_workFunc__E)
                  000055d8    00000126     ti.sysbios.fatfs.aem4f : ff.oem4f (.text:f_rename)
                  000056fe    00000002     sysbios.aem4f : BIOS.obj (.text:ti_sysbios_gates_GateHwi_Instance_init__F)
                  00005700    00000124     EKS_LM4F232.obj (.text:EKS_LM4F232_initUART)
                  00005824    00000117     ti.sysbios.fatfs.aem4f : ff.oem4f (.text:create_name)
                  0000593b    00000001     --HOLE-- [fill = 0]
                  0000593c    00000114     sysbios.aem4f : BIOS.obj (.text:ti_sysbios_knl_Swi_run__I)
                  00005a50    00000104     ti.targets.arm.rtsarm.aem4f : Core-mem.oem4f (.text:xdc_runtime_Core_createObject__I)
                  00005b54    00000104     szime2.0_pem4f.oem4f (.text:xdc_runtime_System_printfExtend__I)
                  00005c58    00000100     sysbios.aem4f : BIOS.obj (.text:ti_sysbios_knl_Task_schedule__I)
                  00005d58    00000100                   : BIOS.obj (.text:ti_sysbios_knl_Task_startCore__E)
                  00005e58    000000fa     ti.sysbios.fatfs.aem4f : ff.oem4f (.text:dir_next)
                  00005f52    00000002     szime2.0_pem4f.oem4f (.text:xdc_runtime_Startup_reset__I)
                  00005f54    000000f8     sysbios.aem4f : BIOS.obj (.text:ti_sysbios_knl_Task_postInit__I)
                  0000604c    000000f8     ti.targets.arm.rtsarm.aem4f : Startup.oem4f (.text:xdc_runtime_Startup_startMods__I)
                  00006144    000000f4     gpio_tivaware.aem4f : GPIO.oem4f (.text:GPIO_toggle)
                  00006238    000000f4     rtsv7M4_T_le_v4SPD16_eabi.lib : dtor_list.obj (.text)
                  0000632c    000000f0     gpio_tivaware.aem4f : GPIO.oem4f (.text:GPIO_write)
                  0000641c    000000e4     sysbios.aem4f : BIOS.obj (.text:ti_sysbios_family_arm_m3_Hwi_initNVIC__E)
                  00006500    000000de     ti.sysbios.fatfs.aem4f : ff.oem4f (.text:put_fat)
                  000065de    00000002     --HOLE-- [fill = 0]
                  000065e0    000000d4     szime2.0teszt.obj (.text:masterTaskFxn)
                  000066b4    000000d2     szime2.0teszt.obj (.text:PortTest)
                  00006786    00000002     --HOLE-- [fill = 0]
                  00006788    000000d0     szime2.0teszt.obj (.text:slaveTaskFxn)
                  00006858    000000cc     ti.sysbios.fatfs.aem4f : ff.oem4f (.text:get_fat)
                  00006924    000000c8     sysbios.aem4f : BIOS.obj (.text:ti_sysbios_family_arm_lm4_TimestampProvider_get32__E)
                  000069ec    000000c2     ti.sysbios.fatfs.aem4f : ff.oem4f (.text:f_unlink)
                  00006aae    000000c0                            : ff.oem4f (.text:sync)
                  00006b6e    00000002     --HOLE-- [fill = 0]
                  00006b70    000000c0     sysbios.aem4f : BIOS.obj (.text:ti_sysbios_knl_Task_unblockI__E)
                  00006c30    000000bc     EKS_LM4F232.obj (.text:EKS_LM4F232_initGPIO)
                  00006cec    000000bc     szime2.0teszt.obj (.text:main)
                  00006da8    000000bc     sysbios.aem4f : BIOS.obj (.text:ti_sysbios_utils_Load_taskDeleteHook__E)
                  00006e64    000000b8     driverlib.lib : gpio.obj (.text:GPIOPadConfigSet)
                  00006f1c    000000b8     sysbios.aem4f : BIOS.obj (.text:ti_sysbios_utils_Load_idleFxn__E)
                  00006fd4    000000b4     ti.sysbios.fatfs.aem4f : ff.oem4f (.text:f_sync)
                  00007088    000000b4     sysbios.aem4f : BIOS.obj (.text:ti_sysbios_gates_GateMutex_enter__E)
                  0000713c    000000b4                   : BIOS.obj (.text:ti_sysbios_knl_Task_checkStacks__E)
                  000071f0    000000b0     ti.sysbios.fatfs.aem4f : ffcio.oem4f (.text:ffcio_open)
                  000072a0    000000b0     sysbios.aem4f : BIOS.obj (.text:ti_sysbios_family_arm_m3_Hwi_excHardFault__I)
                  00007350    000000b0                   : BIOS.obj (.text:ti_sysbios_knl_Swi_post__E)
                  00007400    000000b0                   : BIOS.obj (.text:ti_sysbios_knl_Swi_schedule__I)
                  000074b0    000000ac     uart_tivaware.aem4f : UARTTiva.oem4f (.text:UARTTiva_close)
                  0000755c    000000a8     spi_tivaware.aem4f : SPITivaDMA.oem4f (.text:SPITivaDMA_transfer)
                  00007604    000000a8     sysbios.aem4f : BIOS.obj (.text:ti_sysbios_family_arm_lm4_Timer_Module_startup__F)
                  000076ac    000000a8                   : BIOS.obj (.text:ti_sysbios_family_arm_m3_Hwi_excDebugMon__I)
                  00007754    000000a8                   : BIOS.obj (.text:ti_sysbios_knl_Semaphore_Instance_init__F)
                  000077fc    000000a4                   : BIOS.obj (.text:ti_sysbios_family_arm_m3_Hwi_Module_startup__F)
                  000078a0    000000a0     auto_init.aem4f : auto_init.oem4f (.text)
                  00007940    000000a0     sysbios.aem4f : BIOS.obj (.text:ti_sysbios_knl_Task_blockI__E)
                  000079e0    0000009c     rtsv7M4_T_le_v4SPD16_eabi.lib : memcpy_t2.obj (.text)
                  00007a7c    0000009a     ti.targets.arm.rtsarm.aem4f : Text.oem4f (.text:xdc_runtime_Text_putSite__F)
                  00007b16    00000098     ti.sysbios.fatfs.aem4f : ff.oem4f (.text:create_chain)
                  00007bae    00000002     --HOLE-- [fill = 0]
                  00007bb0    00000094     spi_tivaware.aem4f : SPITivaDMA.oem4f (.text:SPITivaDMA_close)
                  00007c44    00000094     Boot.aem4f : Boot.oem4f (.text:ti_catalog_arm_cortexm4_tiva_ce_Boot_sysCtlClockSet__E)
                  00007cd8    00000094     sysbios.aem4f : BIOS.obj (.text:ti_sysbios_family_arm_m3_Hwi_Instance_init__F)
                  00007d6c    00000094     ti.targets.arm.rtsarm.aem4f : Text.oem4f (.text:xdc_runtime_Text_putMod__F)
                  00007e00    00000090     EKS_LM4F232.obj (.text:EKS_LM4F232_initGeneral)
                  00007e90    00000090     sysbios.aem4f : BIOS.obj (.text:ti_sysbios_family_arm_lm4_Timer_setNextTick__E)
                  00007f20    0000008c                   : m3_TaskSupport_asm.obj (.text:_ti_sysbios_family_arm_m3_TaskSupport_buildTaskStack)
                  00007fac    0000008c                   : BIOS.obj (.text:ti_sysbios_utils_Load_taskCreateHook__E)
                  00008038    00000084     ti.uia.runtime.aem4f : LoggerStopMode.oem4f (.text:ti_uia_runtime_LoggerStopMode_setFilterLevel__E)
                  000080bc    00000080     EKS_LM4F232.obj (.text:EKS_LM4F232_initSPI)
                  0000813c    00000080     sysbios.aem4f : BIOS.obj (.text:ti_sysbios_knl_Task_Module_startup__F)
                  000081bc    00000080     driverlib.lib : udma.obj (.text:uDMAChannelTransferSet)
                  0000823c    0000007e     ti.uia.runtime.aem4f : LoggerStopMode.oem4f (.text:ti_uia_runtime_LoggerStopMode_getContents__E)
                  000082ba    00000002     --HOLE-- [fill = 0]
                  000082bc    0000007c     EKS_LM4F232.obj (.text:EKS_LM4F232_initDMA)
                  00008338    0000007c     ti.sysbios.fatfs.aem4f : ff.oem4f (.text:dir_sdi)
                  000083b4    00000078     rtsv7M4_T_le_v4SPD16_eabi.lib : memset_t2.obj (.text)
                  0000842c    00000078     sysbios.aem4f : BIOS.obj (.text:ti_sysbios_family_arm_lm4_Timer_getExpiredCounts__E)
                  000084a4    00000078                   : BIOS.obj (.text:ti_sysbios_utils_Load_addTask__E)
                  0000851c    00000076     ti.sysbios.fatfs.aem4f : ff.oem4f (.text:follow_path)
                  00008592    00000002     --HOLE-- [fill = 0]
                  00008594    00000074     sysbios.aem4f : BIOS.obj (.text:ti_sysbios_family_arm_lm4_Timer_isrStub__E)
                  00008608    00000074                   : BIOS.obj (.text:ti_sysbios_knl_Clock_startI__E)
                  0000867c    00000070     ti.sysbios.fatfs.aem4f : ff.oem4f (.text:check_fs)
                  000086ec    00000070     szime2.0_pem4f.oem4f (.text:ti_sysbios_family_arm_m3_Hwi_Object__create__S)
                  0000875c    00000070     sysbios.aem4f : BIOS.obj (.text:ti_sysbios_family_arm_m3_Hwi_reconfig__E)
                  000087cc    00000070     szime2.0_pem4f.oem4f (.text:ti_sysbios_hal_Hwi_Object__create__S)
                  0000883c    00000070     ti.uia.runtime.aem4f : LoggerStopMode.oem4f (.text:ti_uia_runtime_LoggerStopMode_getFilterLevel__E)
                  000088ac    00000070                          : QueueDescriptor.oem4f (.text:ti_uia_runtime_QueueDescriptor_addToList__E)
                  0000891c    00000070     ti.targets.arm.rtsarm.aem4f : Memory.oem4f (.text:xdc_runtime_Memory_alloc__F)
                  0000898c    0000006e     ti.sysbios.fatfs.aem4f : ff.oem4f (.text:move_window)
                  000089fa    0000006e     ti.uia.runtime.aem4f : LoggerStopMode.oem4f (.text:ti_uia_runtime_LoggerStopMode_writeBlockOfMemory__I)
                  00008a68    0000006c     ti.targets.arm.rtsarm.aem4f : Error.oem4f (.text:xdc_runtime_Error_print__F)
                  00008ad4    00000066                                 : Core-mem.oem4f (.text:xdc_runtime_Core_deleteObject__I)
                  00008b3a    00000064     uart_tivaware.aem4f : UARTTiva.oem4f (.text:UARTTiva_read)
                  00008b9e    00000064     ti.sysbios.fatfs.aem4f : ff.oem4f (.text:remove_chain)
                  00008c02    00000002     --HOLE-- [fill = 0]
                  00008c04    00000064     sysbios.aem4f : BIOS.obj (.text:ti_sysbios_BIOS_rtsUnlock__I)
                  00008c68    00000062     ti.sysbios.fatfs.aem4f : ff.oem4f (.text:dir_register)
                  00008cca    00000002     --HOLE-- [fill = 0]
                  00008ccc    00000060     rtsv7M4_T_le_v4SPD16_eabi.lib : trgmsg.obj (.text)
                  00008d2c    00000060     sysbios.aem4f : BIOS.obj (.text:ti_sysbios_knl_Clock_logTick__E)
                  00008d8c    00000060     szime2.0_pem4f.oem4f (.text:ti_uia_runtime_LoggerStopMode_Object__create__S)
                  00008dec    0000005e     rtsv7M4_T_le_v4SPD16_eabi.lib : copy_decompress_rle.obj (.text)
                  00008e4a    00000002     --HOLE-- [fill = 0]
                  00008e4c    0000005c     sysbios.aem4f : BIOS.obj (.text:ti_sysbios_knl_Swi_restoreHwi__E)
                  00008ea8    0000005b     ti.targets.arm.rtsarm.aem4f : Text.oem4f (.text:xdc_runtime_Text_putLab__F)
                  00008f03    00000001     --HOLE-- [fill = 0]
                  00008f04    0000005a     ti.uia.runtime.aem4f : LoggerStopMode.oem4f (.text:ti_uia_runtime_LoggerStopMode_readBlockOfMemory__I)
                  00008f5e    00000002     --HOLE-- [fill = 0]
                  00008f60    00000058     boot.aem4f : boot.oem4f (.text)
                  00008fb8    00000058     sysbios.aem4f : BIOS.obj (.text:ti_sysbios_utils_Load_taskSwitchHook__E)
                  00009010    00000054     ti.uia.runtime.aem4f : QueueDescriptor.oem4f (.text:ti_uia_runtime_QueueDescriptor_removeFromList__E)
                  00009064    00000050     ti.targets.arm.rtsarm.aem4f : Startup.oem4f (.text:xdc_runtime_Startup_exec__F)
                  000090b4    00000050                                 : System.oem4f (.text:xdc_runtime_System_formatNum__I)
                  00009104    00000050                                 : Text.oem4f (.text:xdc_runtime_Text_visitRope2__I)
                  00009154    0000004c     uart_tivaware.aem4f : UART.oem4f (.text:UART_Params_init)
                  000091a0    0000004c     szime2.0_pem4f.oem4f (.text:ti_sysbios_fatfs_startup)
                  000091ec    0000004c     sysbios.aem4f : BIOS.obj (.text:ti_sysbios_knl_Clock_getTicks__E)
                  00009238    0000004c                   : BIOS.obj (.text:ti_sysbios_knl_Task_allBlockedFunction__I)
                  00009284    0000004a     ti.sysbios.fatfs.aem4f : ff.oem4f (.text:dir_find)
                  000092ce    00000002     --HOLE-- [fill = 0]
                  000092d0    00000048     driverlib.lib : gpio.obj (.text:GPIOPinConfigure)
                  00009318    00000048     sysbios.aem4f : BIOS.obj (.text:ti_sysbios_family_arm_m3_Hwi_excReserved__I)
                  00009360    00000048                   : BIOS.obj (.text:ti_sysbios_heaps_HeapMem_getStats__E)
                  000093a8    00000048                   : BIOS.obj (.text:ti_sysbios_knl_Semaphore_pendTimeout__I)
                  000093f0    00000048     ti.targets.arm.rtsarm.aem4f : Assert.oem4f (.text:xdc_runtime_Assert_raise__I)
                  00009438    00000048                                 : Core-params.oem4f (.text:xdc_runtime_Core_assignParams__I)
                  00009480    00000046     ti.uia.runtime.aem4f : LoggerStopMode.oem4f (.text:ti_uia_runtime_LoggerStopMode_Instance_init__F)
                  000094c6    00000002     --HOLE-- [fill = 0]
                  000094c8    00000044     spi_tivaware.aem4f : SPI.oem4f (.text:SPI_open)
                  0000950c    00000044     uart_tivaware.aem4f : UART.oem4f (.text:UART_open)
                  00009550    00000044     rtsv7M4_T_le_v4SPD16_eabi.lib : cpy_tbl.obj (.text)
                  00009594    00000044                                   : exit.obj (.text)
                  000095d8    00000044     sysbios.aem4f : BIOS.obj (.text:ti_sysbios_BIOS_errorRaiseHook__I)
                  0000961c    00000044                   : BIOS.obj (.text:ti_sysbios_family_arm_m3_Hwi_disableInterrupt__E)
                  00009660    00000044                   : BIOS.obj (.text:ti_sysbios_family_arm_m3_Hwi_enableInterrupt__E)
                  000096a4    00000044     ti.uia.runtime.aem4f : LoggerStopMode.oem4f (.text:ti_uia_runtime_LoggerStopMode_filterOutEvent__I)
                  000096e8    00000044                          : LoggerStopMode.oem4f (.text:ti_uia_runtime_LoggerStopMode_reset__F)
                  0000972c    00000044     ti.targets.arm.rtsarm.aem4f : SysMin.oem4f (.text:xdc_runtime_SysMin_flush__F)
                  00009770    00000042     driverlib.lib : ssi.obj (.text:SSIConfigSetExpClk)
                  000097b2    00000040                   : uart.obj (.text:UARTConfigSetExpClk)
                  000097f2    00000040     uart_tivaware.aem4f : UARTTiva.oem4f (.text:UARTTiva_writePolling)
                  00009832    00000040     ti.sysbios.fatfs.aem4f : ff.oem4f (.text:dir_read)
                  00009872    00000002     --HOLE-- [fill = 0]
                  00009874    00000040     sysbios.aem4f : BIOS.obj (.text:ti_sysbios_family_arm_lm4_Timer_startup__E)
                  000098b4    00000040     szime2.0_pem4f.oem4f (.text:ti_sysbios_knl_Semaphore_Object__create__S)
                  000098f4    00000040     sysbios.aem4f : BIOS.obj (.text:ti_sysbios_knl_Swi_startup__E)
                  00009934    00000040     ti.targets.arm.rtsarm.aem4f : System.oem4f (.text:xdc_runtime_System_atexit__F)
                  00009974    0000003c     EKS_LM4F232.obj (.text:EKS_LM4F232_errorDMAHwi)
                  000099b0    0000003c     sysbios.aem4f : BIOS.obj (.text:ti_sysbios_family_arm_m3_Hwi_excSvCall__I)
                  000099ec    0000003c                   : BIOS.obj (.text:ti_sysbios_family_arm_m3_TaskSupport_start__E)
                  00009a28    0000003c                   : BIOS.obj (.text:ti_sysbios_heaps_HeapMem_init__I)
                  00009a64    0000003c     ti.targets.arm.rtsarm.aem4f : Text.oem4f (.text:xdc_runtime_Text_xprintf__I)
                  00009aa0    00000038     spi_tivaware.aem4f : SPI.oem4f (.text:SPI_Params_init)
                  00009ad8    00000038                        : SPI.oem4f (.text:SPI_close)
                  00009b10    00000038                        : SPI.oem4f (.text:SPI_init)
                  00009b48    00000038     uart_tivaware.aem4f : UART.oem4f (.text:UART_init)
                  00009b80    00000038     sysbios.aem4f : BIOS.obj (.text:ti_sysbios_family_arm_m3_Hwi_excNoIsr__I)
                  00009bb8    00000038                   : BIOS.obj (.text:ti_sysbios_family_arm_m3_Hwi_getStackInfo__E)
                  00009bf0    00000038     szime2.0_pem4f.oem4f (.text:ti_sysbios_gates_GateHwi_Object__create__S)
                  00009c28    00000038     szime2.0_pem4f.oem4f (.text:ti_sysbios_gates_GateMutex_Object__create__S)
                  00009c60    00000038     szime2.0_pem4f.oem4f (.text:ti_sysbios_heaps_HeapMem_Object__create__S)
                  00009c98    00000038     szime2.0_pem4f.oem4f (.text:ti_sysbios_knl_Queue_Object__create__S)
                  00009cd0    00000038     ti.targets.arm.rtsarm.aem4f : SysMin.oem4f (.text:xdc_runtime_SysMin_putch__F)
                  00009d08    00000034     spi_tivaware.aem4f : SPI.oem4f (.text:SPI_transfer)
                  00009d3c    00000034     driverlib.lib : sysctl.obj (.text:SysCtlPeripheralEnable)
                  00009d70    00000034     uart_tivaware.aem4f : UART.oem4f (.text:UART_write)
                  00009da4    00000034     ti.sysbios.fatfs.aem4f : ffcio.oem4f (.text:ffcio_lseek)
                  00009dd8    00000034     sysbios.aem4f : BIOS.obj (.text:ti_sysbios_family_arm_m3_Hwi_excNmi__I)
                  00009e0c    00000034                   : BIOS.obj (.text:ti_sysbios_hal_Hwi_checkStack:ti_sysbios_hal_Hwi_checkStack)
                  00009e40    00000034                   : BIOS.obj (.text:ti_sysbios_knl_Task_restore__E)
                  00009e74    00000034                   : BIOS.obj (.text:ti_sysbios_knl_Task_sleepTimeout__I)
                  00009ea8    00000032                   : BIOS.obj (.text:ti_sysbios_hal_Hwi_Instance_init__F)
                  00009eda    00000030     uart_tivaware.aem4f : UARTTiva.oem4f (.text:UARTTiva_readCancel)
                  00009f0a    00000030                         : UARTTiva.oem4f (.text:UARTTiva_writeCancel)
                  00009f3a    00000030     rtsv7M4_T_le_v4SPD16_eabi.lib : strncpy.obj (.text)
                  00009f6a    00000002     --HOLE-- [fill = 0]
                  00009f6c    00000030     szime2.0_pem4f.oem4f (.text:ti_sysbios_BIOS_exitFunc__I)
                  00009f9c    00000030     sysbios.aem4f : BIOS.obj (.text:ti_sysbios_family_arm_lm4_Timer_enableTimers__I)
                  00009fcc    00000030                   : BIOS.obj (.text:ti_sysbios_knl_Clock_Module_startup__F)
                  00009ffc    00000030                   : BIOS.obj (.text:ti_sysbios_knl_Idle_run__E)
                  0000a02c    00000030     ti.sysbios.fatfs.aem4f : ff.oem4f (.text:validate)
                  0000a05c    00000030     ti.targets.arm.rtsarm.aem4f : Core-label.oem4f (.text:xdc_runtime_Core_assignLabel__I)
                  0000a08c    00000030                                 : SysMin.oem4f (.text:xdc_runtime_SysMin_abort__F)
                  0000a0bc    0000002f                                 : Text.oem4f (.text:xdc_runtime_Text_printVisFxn__I)
                  0000a0eb    00000001     --HOLE-- [fill = 0]
                  0000a0ec    0000002e     szime2.0_pem4f.oem4f (.text:malloc)
                  0000a11a    0000002e     EKS_LM4F232.obj (.text:ti_sysbios_hal_Hwi_create)
                  0000a148    0000002c     sysbios.aem4f : BIOS.obj (.text:ti_sysbios_hal_Hwi_initStack:ti_sysbios_hal_Hwi_initStack)
                  0000a174    0000002c     szime2.0_pem4f.oem4f (.text:ti_sysbios_knl_Clock_doTick__I)
                  0000a1a0    0000002c     ti.uia.runtime.aem4f : LoggerStopMode.oem4f (.text:ti_uia_runtime_LoggerStopMode_Module_startup__F)
                  0000a1cc    0000002c                          : LoggerStopMode.oem4f (.text:ti_uia_runtime_LoggerStopMode_disable__E)
                  0000a1f8    0000002c                          : LoggerStopMode.oem4f (.text:ti_uia_runtime_LoggerStopMode_enable__E)
                  0000a224    0000002c     driverlib.lib : udma.obj (.text:uDMAChannelAssign)
                  0000a250    0000002c     ti.targets.arm.rtsarm.aem4f : System.oem4f (.text:xdc_runtime_System_rtsExit__I)
                  0000a27c    0000002c                                 : Text.oem4f (.text:xdc_runtime_Text_cordText__F)
                  0000a2a8    0000002a     driverlib.lib : gpio.obj (.text:GPIODirModeSet)
                  0000a2d2    0000002a     szime2.0teszt.obj (.text:GPIOTicker)
                  0000a2fc    0000002a     ti.targets.arm.rtsarm.aem4f : System.oem4f (.text:xdc_runtime_System_putchar__I)
                  0000a326    00000002     --HOLE-- [fill = 0]
                  0000a328    00000028     sysbios.aem4f : m3_Hwi_asm_switch.obj (.text:_ti_sysbios_family_arm_m3_Hwi_initStacks__E)
                  0000a350    00000028     szime2.0_pem4f.oem4f (.text:ti_sysbios_BIOS_startFunc__I)
                  0000a378    00000028     sysbios.aem4f : BIOS.obj (.text:ti_sysbios_family_arm_m3_Hwi_Instance_finalize__F)
                  0000a3a0    00000028                   : BIOS.obj (.text:ti_sysbios_gates_GateMutex_Instance_init__F)
                  0000a3c8    00000028     ti.uia.runtime.aem4f : LogSync.oem4f (.text:ti_uia_runtime_LogSync_Module_startup__F)
                  0000a3f0    00000028                          : QueueDescriptor.oem4f (.text:ti_uia_runtime_QueueDescriptor_initHeader__E)
                  0000a418    00000026     ti.targets.arm.rtsarm.aem4f : System.oem4f (.text:xdc_runtime_System_avprintf__F)
                  0000a43e    00000002     --HOLE-- [fill = 0]
                  0000a440    00000024     gpio_tivaware.aem4f : GPIO.oem4f (.text:GPIO_init)
                  0000a464    00000024     ti.sysbios.fatfs.aem4f : ff.oem4f (.text:dir_remove)
                  0000a488    00000024                            : ffcio.oem4f (.text:ffcio_close)
                  0000a4ac    00000024     sysbios.aem4f : BIOS.obj (.text:ti_sysbios_BIOS_registerRTSLock__I)
                  0000a4d0    00000024                   : BIOS.obj (.text:ti_sysbios_family_arm_m3_Hwi_doTaskRestore__I)
                  0000a4f4    00000024     szime2.0_pem4f.oem4f (.text:ti_sysbios_gates_GateMutex_Object__delete__S)
                  0000a518    00000024     szime2.0_pem4f.oem4f (.text:ti_sysbios_knl_Semaphore_Object__delete__S)
                  0000a53c    00000024     sysbios.aem4f : BIOS.obj (.text:ti_sysbios_knl_Swi_Module_startup__F)
                  0000a560    00000024     ti.uia.runtime.aem4f : LoggerStopMode.oem4f (.text:ti_uia_runtime_LoggerStopMode_Instance_finalize__F)
                  0000a584    00000024     driverlib.lib : udma.obj (.text:uDMAChannelControlSet)
                  0000a5a8    00000024     ti.targets.arm.rtsarm.aem4f : System.oem4f (.text:xdc_runtime_System_vprintf__F)
                  0000a5cc    00000022     szime2.0_pem4f.oem4f (.text:xdc_runtime_SysMin_output__I)
                  0000a5ee    00000002     --HOLE-- [fill = 0]
                  0000a5f0    00000020     ti.sysbios.fatfs.aem4f : ffcio.oem4f (.text:ffcio_read)
                  0000a610    00000020                            : ffcio.oem4f (.text:ffcio_write)
                  0000a630    00000020     szime2.0_pem4f.oem4f (.text:ti_sysbios_family_arm_m3_Hwi_Object__delete__S)
                  0000a650    00000020     szime2.0_pem4f.oem4f (.text:ti_sysbios_gates_GateHwi_Object__delete__S)
                  0000a670    00000020     szime2.0_pem4f.oem4f (.text:ti_sysbios_hal_Hwi_Object__delete__S)
                  0000a690    00000020     szime2.0_pem4f.oem4f (.text:ti_sysbios_heaps_HeapMem_Object__delete__S)
                  0000a6b0    00000020     szime2.0_pem4f.oem4f (.text:ti_sysbios_knl_Semaphore_Object__destruct__S)
                  0000a6d0    00000020     sysbios.aem4f : BIOS.obj (.text:ti_sysbios_knl_Task_enter__I)
                  0000a6f0    00000020     szime2.0_pem4f.oem4f (.text:ti_uia_runtime_LoggerStopMode_Object__delete__S)
                  0000a710    00000020     ti.targets.arm.rtsarm.aem4f : Registry.oem4f (.text:xdc_runtime_Registry_findById__F)
                  0000a730    00000020                                 : SysMin.oem4f (.text:xdc_runtime_SysMin_Module_startup__F)
                  0000a750    0000001c     driverlib.lib : uart.obj (.text:UARTDisable)
                  0000a76c    0000001c     ti.sysbios.fatfs.aem4f : diskio.oem4f (.text:disk_initialize)
                  0000a788    0000001c                            : diskio.oem4f (.text:disk_ioctl)
                  0000a7a4    0000001c                            : diskio.oem4f (.text:disk_read)
                  0000a7c0    0000001c                            : diskio.oem4f (.text:disk_status)
                  0000a7dc    0000001c                            : diskio.oem4f (.text:disk_write)
                  0000a7f8    0000001c                            : ff.oem4f (.text:mem_cmp)
                  0000a814    0000001c     sysbios.aem4f : BIOS.obj (.text:ti_sysbios_BIOS_rtsLock__I)
                  0000a830    0000001c                   : BIOS.obj (.text:ti_sysbios_family_arm_m3_Hwi_clearInterrupt__E)
                  0000a84c    0000001c     szime2.0_pem4f.oem4f (.text:ti_sysbios_knl_Queue_Object__destruct__S)
                  0000a868    0000001c     ti.targets.arm.rtsarm.aem4f : Error.oem4f (.text:xdc_runtime_Error_check__F)
                  0000a884    0000001c                                 : Memory.oem4f (.text:xdc_runtime_Memory_valloc__F)
                  0000a8a0    0000001c                                 : SysMin.oem4f (.text:xdc_runtime_SysMin_exit__F)
                  0000a8bc    0000001a     szime2.0_pem4f.oem4f (.text:ti_sysbios_family_arm_m3_Hwi_Handle__label__S)
                  0000a8d6    0000001a     szime2.0_pem4f.oem4f (.text:ti_sysbios_gates_GateHwi_Handle__label__S)
                  0000a8f0    0000001a     szime2.0_pem4f.oem4f (.text:ti_sysbios_gates_GateMutex_Handle__label__S)
                  0000a90a    0000001a     szime2.0_pem4f.oem4f (.text:ti_sysbios_heaps_HeapMem_Handle__label__S)
                  0000a924    0000001a     szime2.0_pem4f.oem4f (.text:ti_sysbios_knl_Swi_Handle__label__S)
                  0000a93e    0000001a     szime2.0_pem4f.oem4f (.text:ti_sysbios_knl_Task_Handle__label__S)
                  0000a958    0000001a     szime2.0_pem4f.oem4f (.text:ti_uia_runtime_LoggerStopMode_Handle__label__S)
                  0000a972    0000001a     szime2.0_pem4f.oem4f (.text:xdc_runtime_System_aprintf__E)
                  0000a98c    0000001a     szime2.0_pem4f.oem4f (.text:xdc_runtime_System_printf__E)
                  0000a9a6    00000018     sysbios.aem4f : m3_TaskSupport_asm.obj (.text:_ti_sysbios_family_arm_m3_TaskSupport_swap__E)
                  0000a9be    00000018     ti.sysbios.fatfs.aem4f : ff.oem4f (.text:clust2sect)
                  0000a9d6    00000018     szime2.0_pem4f.oem4f (.text:free)
                  0000a9ee    00000002     --HOLE-- [fill = 0]
                  0000a9f0    00000018     rtsv7M4_T_le_v4SPD16_eabi.lib : args_main.obj (.text)
                  0000aa08    00000018                                   : strcmp.obj (.text)
                  0000aa20    00000018     szime2.0_pem4f.oem4f (.text:ti_sysbios_family_arm_lm4_Timer_Module__startupDone__F)
                  0000aa38    00000018     szime2.0_pem4f.oem4f (.text:ti_sysbios_family_arm_m3_Hwi_Module__startupDone__F)
                  0000aa50    00000018     sysbios.aem4f : BIOS.obj (.text:ti_sysbios_gates_GateMutex_leave__E)
                  0000aa68    00000018     szime2.0_pem4f.oem4f (.text:ti_sysbios_hal_Timer_Module__startupDone__F)
                  0000aa80    00000018     driverlib.lib : udma.obj (.text:uDMAChannelEnable)
                  0000aa98    00000018                   : udma.obj (.text:uDMAChannelIsEnabled)
                  0000aab0    00000018     ti.sysbios.fatfs.aem4f : ff.oem4f (.text:unlock_fs)
                  0000aac8    00000018     ti.targets.arm.rtsarm.aem4f : Text.oem4f (.text:xdc_runtime_Text_ropeText__F)
                  0000aae0    00000016     rtsv7M4_T_le_v4SPD16_eabi.lib : strchr.obj (.text)
                  0000aaf6    00000016     EKS_LM4F232.obj (.text:ti_sysbios_hal_Hwi_Params_init)
                  0000ab0c    00000016     ti.uia.runtime.aem4f : LoggerStopMode.oem4f (.text:ti_uia_runtime_LoggerStopMode_getFreeSize__E)
                  0000ab22    00000016                          : LoggerStopMode.oem4f (.text:ti_uia_runtime_LoggerStopMode_getUnreadSize__E)
                  0000ab38    00000014     driverlib.lib : uart.obj (.text:UARTEnable)
                  0000ab4c    00000014     rtsv7M4_T_le_v4SPD16_eabi.lib : _lock.obj (.text)
                  0000ab60    00000014                                   : strlen.obj (.text)
                  0000ab74    00000014     sysbios.aem4f : BIOS.obj (.text:ti_sysbios_family_arm_m3_Hwi_disableFxn__E)
                  0000ab88    00000014                   : BIOS.obj (.text:ti_sysbios_family_arm_m3_Hwi_switchFromBootStack__E)
                  0000ab9c    00000014                   : BIOS.obj (.text:ti_sysbios_gates_GateHwi_enter__E)
                  0000abb0    00000014     szime2.0_pem4f.oem4f (.text:ti_sysbios_heaps_HeapMem_Object__get__S)
                  0000abc4    00000014     szime2.0_pem4f.oem4f (.text:ti_sysbios_knl_Swi_Object__get__S)
                  0000abd8    00000014     szime2.0_pem4f.oem4f (.text:ti_sysbios_knl_Task_Object__first__S)
                  0000abec    00000014     szime2.0_pem4f.oem4f (.text:ti_sysbios_knl_Task_Object__get__S)
                  0000ac00    00000014     szime2.0_pem4f.oem4f (.text:ti_sysbios_knl_Task_Object__next__S)
                  0000ac14    00000014     ti.uia.runtime.aem4f : LoggerStopMode.oem4f (.text:ti_uia_runtime_LoggerStopMode_write2__E)
                  0000ac28    00000014     ti.targets.arm.rtsarm.aem4f : System.oem4f (.text:xdc_runtime_System_abort__F)
                  0000ac3c    00000012     driverlib.lib : gpio.obj (.text:GPIOPinTypeGPIOOutput)
                  0000ac4e    00000012                   : gpio.obj (.text:GPIOPinTypeSSI)
                  0000ac60    00000012                   : gpio.obj (.text:GPIOPinTypeUART)
                  0000ac72    00000012                   : ssi.obj (.text:SSIDataGetNonBlocking)
                  0000ac84    00000012     ti.sysbios.fatfs.aem4f : ff.oem4f (.text:chk_chr)
                  0000ac96    00000012     rtsv7M4_T_le_v4SPD16_eabi.lib : copy_zero_init.obj (.text:decompress:ZI)
                  0000aca8    00000012     ti.sysbios.fatfs.aem4f : ffcio.oem4f (.text:ffcio_rename)
                  0000acba    00000012                            : ffcio.oem4f (.text:ffcio_unlink)
                  0000accc    00000012     sysbios.aem4f : BIOS.obj (.text:ti_sysbios_hal_Hwi_Module_startup__F)
                  0000acde    00000012                   : BIOS.obj (.text:ti_sysbios_hal_Timer_Module_startup__F)
                  0000acf0    00000012     ti.uia.runtime.aem4f : LoggerStopMode.oem4f (.text:ti_uia_runtime_LoggerStopMode_write1__E)
                  0000ad02    00000012     szime2.0_pem4f.oem4f (.text:xdc_runtime_Startup_exec__I)
                  0000ad14    00000010     sysbios.aem4f : m3_TaskSupport_asm.obj (.text:_ti_sysbios_family_arm_m3_TaskSupport_glue)
                  0000ad24    00000010                   : m3_Hwi_asm_switch.obj (.text:_ti_sysbios_family_xxx_Hwi_switchToIsrStack)
                  0000ad34    00000010     ti.sysbios.fatfs.aem4f : ff.oem4f (.text:f_close)
                  0000ad44    00000010                            : ff.oem4f (.text:mem_cpy)
                  0000ad54    00000010     rtsv7M4_T_le_v4SPD16_eabi.lib : strcpy.obj (.text)
                  0000ad64    00000010     sysbios.aem4f : BIOS.obj (.text:ti_sysbios_BIOS_getCpuFreq__E)
                  0000ad74    00000010                   : BIOS.obj (.text:ti_sysbios_BIOS_setThreadType__E)
                  0000ad84    00000010                   : BIOS.obj (.text:ti_sysbios_BIOS_start__E)
                  0000ad94    00000010                   : BIOS.obj (.text:ti_sysbios_family_arm_lm4_TimestampProvider_rolloverFunc__E)
                  0000ada4    00000010                   : BIOS.obj (.text:ti_sysbios_family_arm_m3_Hwi_excHandler__I)
                  0000adb4    00000010                   : BIOS.obj (.text:ti_sysbios_gates_GateMutex_Instance_finalize__F)
                  0000adc4    00000010     szime2.0_pem4f.oem4f (.text:ti_sysbios_hal_Hwi_HwiProxy_Object__create__S)
                  0000add4    00000010     sysbios.aem4f : BIOS.obj (.text:ti_sysbios_knl_Semaphore_Instance_finalize__F)
                  0000ade4    00000010                   : BIOS.obj (.text:ti_sysbios_knl_Swi_disable__E)
                  0000adf4    00000010                   : BIOS.obj (.text:ti_sysbios_knl_Task_disable__E)
                  0000ae04    00000010     szime2.0_pem4f.oem4f (.text:ti_uia_runtime_LoggerStopMode_Object__get__S)
                  0000ae14    00000010     ti.uia.runtime.aem4f : LoggerStopMode.oem4f (.text:ti_uia_runtime_LoggerStopMode_write0__E)
                  0000ae24    00000010     driverlib.lib : udma.obj (.text:uDMAEnable)
                  0000ae34    00000010     ti.targets.arm.rtsarm.aem4f : Gate.oem4f (.text:xdc_runtime_Gate_leaveSystem__F)
                  0000ae44    00000010                                 : Memory.oem4f (.text:xdc_runtime_Memory_free__F)
                  0000ae54    00000010                                 : SysMin.oem4f (.text:xdc_runtime_SysMin_ready__F)
                  0000ae64    00000010                                 : System.oem4f (.text:xdc_runtime_System_vsnprintf__F)
                  0000ae74    00000010     szime2.0_pem4f.oem4f (.text:xdc_runtime_Text_visitRope__I)
                  0000ae84    0000000e     driverlib.lib : uart.obj (.text:UARTCharGetNonBlocking)
                  0000ae92    0000000e                   : uart.obj (.text:UARTCharPutNonBlocking)
                  0000aea0    0000000e     rtsv7M4_T_le_v4SPD16_eabi.lib : copy_decompress_none.obj (.text:decompress:none)
                  0000aeae    0000000e     ti.sysbios.fatfs.aem4f : ff.oem4f (.text:mem_set)
                  0000aebc    0000000e     sysbios.aem4f : BIOS.obj (.text:ti_sysbios_family_arm_m3_TaskSupport_checkStack__E)
                  0000aeca    0000000e                   : BIOS.obj (.text:ti_sysbios_knl_Queue_empty__E)
                  0000aed8    0000000e     ti.uia.runtime.aem4f : LoggerStopMode.oem4f (.text:ti_uia_runtime_LoggerStopMode_isEmpty__E)
                  0000aee6    00000002     --HOLE-- [fill = 0]
                  0000aee8    0000000c     szime2.0_pem4f.oem4f (.text:.bootCodeSection:ti_catalog_arm_cortexm4_tiva_ce_Boot_init__I)
                  0000aef4    0000000c     sysbios.aem4f : m3_Hwi_asm_switch.obj (.text:_ti_sysbios_family_xxx_Hwi_switchToTaskStack)
                  0000af00    0000000c                   : BIOS.obj (.text:ti_sysbios_family_arm_lm4_Timer_masterDisable__I)
                  0000af0c    0000000c                   : BIOS.obj (.text:ti_sysbios_family_arm_lm4_TimestampProvider_startTimer__E)
                  0000af18    0000000c     szime2.0_pem4f.oem4f (.text:ti_sysbios_hal_Hwi_Params__init__S)
                  0000af24    0000000c     szime2.0_pem4f.oem4f (.text:ti_sysbios_knl_Queue_Object__get__S)
                  0000af30    0000000c     szime2.0_pem4f.oem4f (.text:ti_sysbios_knl_Semaphore_Params__init__S)
                  0000af3c    0000000c     sysbios.aem4f : BIOS.obj (.text:ti_sysbios_utils_Load_taskRegHook__E)
                  0000af48    0000000c     driverlib.lib : udma.obj (.text:uDMAControlBaseSet)
                  0000af54    0000000c                   : udma.obj (.text:uDMAErrorStatusClear)
                  0000af60    0000000c                   : udma.obj (.text:uDMAErrorStatusGet)
                  0000af6c    0000000c     ti.targets.arm.rtsarm.aem4f : Error.oem4f (.text:xdc_runtime_Error_init__F)
                  0000af78    0000000c                                 : Gate.oem4f (.text:xdc_runtime_Gate_enterSystem__F)
                  0000af84    0000000c                                 : Memory.oem4f (.text:xdc_runtime_Memory_calloc__F)
                  0000af90    0000000c                                 : Memory.oem4f (.text:xdc_runtime_Memory_getMaxDefaultTypeAlign__F)
                  0000af9c    0000000c                                 : System.oem4f (.text:xdc_runtime_System_exit__F)
                  0000afa8    0000000c                                 : System.oem4f (.text:xdc_runtime_System_lastFxn__I)
                  0000afb4    0000000a     driverlib.lib : ssi.obj (.text:SSIDisable)
                  0000afbe    0000000a                   : ssi.obj (.text:SSIEnable)
                  0000afc8    0000000a                   : ssi.obj (.text:SSIIntDisable)
                  0000afd2    0000000a                   : uart.obj (.text:UARTCharGet)
                  0000afdc    0000000a                   : uart.obj (.text:UARTCharPut)
                  0000afe6    0000000a                   : uart.obj (.text:UARTIntDisable)
                  0000aff0    0000000a                   : uart.obj (.text:UARTIntStatus)
                  0000affa    0000000a     sysbios.aem4f : BIOS.obj (.text:ti_sysbios_hal_Hwi_Instance_finalize__F)
                  0000b004    0000000a     szime2.0_pem4f.oem4f (.text:xdc_runtime_IHeap_alloc)
                  0000b00e    0000000a     szime2.0_pem4f.oem4f (.text:xdc_runtime_IHeap_free)
                  0000b018    00000008     spi_tivaware.aem4f : SPITivaDMA.oem4f (.text:SPITivaDMA_init)
                  0000b020    00000008                        : SPITivaDMA.oem4f (.text:SPITivaDMA_transferCallback)
                  0000b028    00000008     driverlib.lib : ssi.obj (.text:SSIDMAEnable)
                  0000b030    00000008                   : uart.obj (.text:UARTIntEnable)
                  0000b038    00000008     uart_tivaware.aem4f : UARTTiva.oem4f (.text:UARTTiva_init)
                  0000b040    00000008     ti.sysbios.fatfs.aem4f : syncsysbios.oem4f (.text:ff_req_grant)
                  0000b048    00000008     uart_tivaware.aem4f : UARTTiva.oem4f (.text:readSemCallback)
                  0000b050    00000008     sysbios.aem4f : BIOS.obj (.text:ti_sysbios_family_arm_m3_Hwi_doSwiRestore__I)
                  0000b058    00000008                   : BIOS.obj (.text:ti_sysbios_family_arm_m3_Hwi_startup__E)
                  0000b060    00000008     szime2.0_pem4f.oem4f (.text:ti_sysbios_fatfs_getFatTime)
                  0000b068    00000008     sysbios.aem4f : BIOS.obj (.text:ti_sysbios_knl_Idle_loop__E)
                  0000b070    00000008     uart_tivaware.aem4f : UARTTiva.oem4f (.text:writeSemCallback)
                  0000b078    00000006     driverlib.lib : gpio.obj (.text:GPIOPinRead)
                  0000b07e    00000006                   : gpio.obj (.text:GPIOPinWrite)
                  0000b084    00000006                   : uart.obj (.text:UARTFIFOLevelSet)
                  0000b08a    00000006     ti.targets.arm.rtsarm.aem4f : xdc_noinit.oem4f (.text:__xdc__init)
                  0000b090    00000006     rtsv7M4_T_le_v4SPD16_eabi.lib : copy_decompress_rle.obj (.text:decompress:rle24)
                  0000b096    00000006     ti.sysbios.fatfs.aem4f : ff.oem4f (.text:lock_fs)
                  0000b09c    00000006     Boot.aem4f : Boot_sysctl.oem4f (.text:ti_catalog_arm_cortexm4_tiva_ce_Boot_sysCtlDelayI__I)
                  0000b0a2    00000006     sysbios.aem4f : BIOS.obj (.text:ti_sysbios_family_arm_lm4_TimestampProvider_Module_startup__F)
                  0000b0a8    00000006                   : BIOS.obj (.text:ti_sysbios_family_arm_m3_Hwi_restoreFxn__E)
                  0000b0ae    00000006                   : BIOS.obj (.text:ti_sysbios_gates_GateHwi_leave__E)
                  0000b0b4    00000006                   : BIOS.obj (.text:ti_sysbios_heaps_HeapMem_isBlocking__E)
                  0000b0ba    00000006                   : BIOS.obj (.text:ti_sysbios_knl_Queue_Instance_init__F)
                  0000b0c0    00000006     ti.uia.runtime.aem4f : LoggerStopMode.oem4f (.text:ti_uia_runtime_LoggerStopMode_getPriority__E)
                  0000b0c6    00000006                          : LoggerStopMode.oem4f (.text:ti_uia_runtime_LoggerStopMode_getTransferType__F)
                  0000b0cc    00000006     ti.targets.arm.rtsarm.aem4f : System.oem4f (.text:xdc_runtime_System_Module_startup__F)
                  0000b0d2    00000004     driverlib.lib : uart.obj (.text:UARTIntClear)
                  0000b0d6    00000004     ti.sysbios.fatfs.aem4f : syncsysbios.oem4f (.text:ff_rel_grant)
                  0000b0da    00000004     szime2.0_pem4f.oem4f (.text:ti_sysbios_BIOS_RtsGateProxy_enter__E)
                  0000b0de    00000004     szime2.0_pem4f.oem4f (.text:ti_sysbios_BIOS_RtsGateProxy_leave__E)
                  0000b0e2    00000004     sysbios.aem4f : BIOS.obj (.text:ti_sysbios_family_arm_lm4_Timer_getPeriod__E)
                  0000b0e6    00000004                   : BIOS.obj (.text:ti_sysbios_family_arm_lm4_Timer_masterEnable__I)
                  0000b0ea    00000004     szime2.0_pem4f.oem4f (.text:ti_sysbios_family_arm_m3_TaskSupport_Module__startupDone__S)
                  0000b0ee    00000004     sysbios.aem4f : BIOS.obj (.text:ti_sysbios_gates_GateHwi_query__F)
                  0000b0f2    00000004                   : BIOS.obj (.text:ti_sysbios_gates_GateMutex_query__F)
                  0000b0f6    00000004     szime2.0_pem4f.oem4f (.text:ti_sysbios_hal_Hwi_HwiProxy_Module__startupDone__S)
                  0000b0fa    00000004     szime2.0_pem4f.oem4f (.text:ti_sysbios_hal_Hwi_HwiProxy_Object__delete__S)
                  0000b0fe    00000004     szime2.0_pem4f.oem4f (.text:ti_sysbios_hal_Timer_TimerProxy_Module__startupDone__S)
                  0000b102    00000004     szime2.0_pem4f.oem4f (.text:ti_sysbios_hal_Timer_TimerProxy_getExpiredCounts__E)
                  0000b106    00000004     szime2.0_pem4f.oem4f (.text:ti_sysbios_hal_Timer_TimerProxy_getPeriod__E)
                  0000b10a    00000004     szime2.0_pem4f.oem4f (.text:ti_sysbios_hal_Timer_TimerProxy_setNextTick__E)
                  0000b10e    00000004     szime2.0_pem4f.oem4f (.text:ti_sysbios_heaps_HeapMem_Module_GateProxy_enter__E)
                  0000b112    00000004     szime2.0_pem4f.oem4f (.text:ti_sysbios_heaps_HeapMem_Module_GateProxy_leave__E)
                  0000b116    00000004     szime2.0_pem4f.oem4f (.text:ti_sysbios_knl_Task_SupportProxy_Module__startupDone__S)
                  0000b11a    00000004     sysbios.aem4f : BIOS.obj (.text:ti_sysbios_knl_Task_startup__E)
                  0000b11e    00000004     szime2.0_pem4f.oem4f (.text:ti_uia_runtime_LogSync_CpuTimestampProxy_Module__startupDone__S)
                  0000b122    00000004     szime2.0_pem4f.oem4f (.text:ti_uia_runtime_LogSync_GlobalTimestampProxy_Module__startupDone__S)
                  0000b126    00000004     ti.uia.runtime.aem4f : LoggerStopMode.oem4f (.text:ti_uia_runtime_LoggerStopMode_getInstanceId__E)
                  0000b12a    00000004                          : LoggerStopMode.oem4f (.text:ti_uia_runtime_LoggerStopMode_getMaxLength__E)
                  0000b12e    00000004                          : LoggerStopMode.oem4f (.text:ti_uia_runtime_LoggerStopMode_setPriority__E)
                  0000b132    00000004     ti.targets.arm.rtsarm.aem4f : Error.oem4f (.text:xdc_runtime_Error_getSite__F)
                  0000b136    00000004     szime2.0_pem4f.oem4f (.text:xdc_runtime_Memory_HeapProxy_alloc__E)
                  0000b13a    00000004     szime2.0_pem4f.oem4f (.text:xdc_runtime_Memory_HeapProxy_free__E)
                  0000b13e    00000004     szime2.0_pem4f.oem4f (.text:xdc_runtime_System_Module_GateProxy_enter__E)
                  0000b142    00000004     szime2.0_pem4f.oem4f (.text:xdc_runtime_System_Module_GateProxy_leave__E)
                  0000b146    00000004     ti.targets.arm.rtsarm.aem4f : System.oem4f (.text:xdc_runtime_System_aprintf_va__F)
                  0000b14a    00000004                                 : System.oem4f (.text:xdc_runtime_System_printf_va__F)
                  0000b14e    00000004     szime2.0_pem4f.oem4f (.text:xdc_runtime_System_vsnprintf__E)
                  0000b152    00000004     szime2.0_pem4f.oem4f (.text:xdc_runtime_TimestampNull_Module__startupDone__S)
                  0000b156    00000004     szime2.0_pem4f.oem4f (.text:xdc_runtime_Timestamp_Module__startupDone__S)

.const     0    0000b15c    00002ea5     
                  0000b15c    000022a7     szime2.0_pem4f.oem4f (.const:xdc_runtime_Text_charTab__A)
                  0000d403    00000001     szime2.0_pem4f.oem4f (.const:ti_sysbios_knl_Clock_tickMode__C)
                  0000d404    00000114     szime2.0_pem4f.oem4f (.const:xdc_runtime_Text_nodeTab__A)
                  0000d518    000000d8     szime2.0_pem4f.oem4f (.const:ti_sysbios_family_arm_m3_Hwi_priorities__A)
                  0000d5f0    000000b4     EKS_LM4F232.obj (.const:gpioHWAttrs)
                  0000d6a4    00000078     driverlib.lib : gpio.obj (.const:g_pui32GPIOBaseAddrs)
                  0000d71c    00000070     EKS_LM4F232.obj (.const:spiTivaDMAHWAttrs)
                  0000d78c    00000060     EKS_LM4F232.obj (.const:UART_config)
                  0000d7ec    00000060     szime2.0_pem4f.oem4f (.const:ti_uia_runtime_LoggerStopMode_Module__FXNS__C)
                  0000d84c    00000048     szime2.0_pem4f.oem4f (.const:.string)
                  0000d894    00000040     EKS_LM4F232.obj (.const:GPIO_config)
                  0000d8d4    0000003c     EKS_LM4F232.obj (.const:SPI_config)
                  0000d910    00000038     EKS_LM4F232.obj (.const:uartTivaHWAttrs)
                  0000d948    00000030     szime2.0_pem4f.oem4f (.const:ti_sysbios_family_arm_m3_Hwi_Object__PARAMS__C)
                  0000d978    00000030     szime2.0_pem4f.oem4f (.const:ti_sysbios_knl_Task_hooks__A)
                  0000d9a8    00000030     szime2.0_pem4f.oem4f (.const:ti_uia_runtime_LoggerStopMode_Object__PARAMS__C)
                  0000d9d8    00000030     szime2.0_pem4f.oem4f (.const:xdc_runtime_Startup_sfxnTab__A)
                  0000da08    0000002c     szime2.0_pem4f.oem4f (.const:ti_sysbios_hal_Hwi_Object__PARAMS__C)
                  0000da34    00000028     szime2.0_pem4f.oem4f (.const:ti_sysbios_heaps_HeapMem_Module__FXNS__C)
                  0000da5c    00000024     uart_tivaware.aem4f : UARTTiva.oem4f (.const:UARTTiva_fxnTable)
                  0000da80    00000024     szime2.0_pem4f.oem4f (.const:ti_sysbios_gates_GateHwi_Module__FXNS__C)
                  0000daa4    00000024     szime2.0_pem4f.oem4f (.const:ti_sysbios_gates_GateMutex_Module__FXNS__C)
                  0000dac8    00000024     szime2.0_pem4f.oem4f (.const:ti_sysbios_heaps_HeapMem_Object__PARAMS__C)
                  0000daec    00000024     szime2.0_pem4f.oem4f (.const:ti_sysbios_knl_Semaphore_Object__PARAMS__C)
                  0000db10    00000020     spi_tivaware.aem4f : SPITivaDMA.oem4f (.const)
                  0000db30    00000020     szime2.0_pem4f.oem4f (.const:ti_sysbios_family_arm_m3_Hwi_Object__DESC__C)
                  0000db50    00000020     szime2.0_pem4f.oem4f (.const:ti_sysbios_gates_GateHwi_Object__DESC__C)
                  0000db70    00000020     szime2.0_pem4f.oem4f (.const:ti_sysbios_gates_GateMutex_Object__DESC__C)
                  0000db90    00000020     szime2.0_pem4f.oem4f (.const:ti_sysbios_hal_Hwi_Object__DESC__C)
                  0000dbb0    00000020     szime2.0_pem4f.oem4f (.const:ti_sysbios_heaps_HeapMem_Object__DESC__C)
                  0000dbd0    00000020     szime2.0_pem4f.oem4f (.const:ti_sysbios_knl_Queue_Object__DESC__C)
                  0000dbf0    00000020     szime2.0_pem4f.oem4f (.const:ti_sysbios_knl_Semaphore_Object__DESC__C)
                  0000dc10    00000020     szime2.0_pem4f.oem4f (.const:ti_uia_runtime_LoggerStopMode_Object__DESC__C)
                  0000dc30    00000018     szime2.0_pem4f.oem4f (.const:ti_sysbios_gates_GateHwi_Object__PARAMS__C)
                  0000dc48    00000018     szime2.0_pem4f.oem4f (.const:ti_sysbios_gates_GateMutex_Object__PARAMS__C)
                  0000dc60    00000018     szime2.0_pem4f.oem4f (.const:ti_sysbios_knl_Queue_Object__PARAMS__C)
                  0000dc78    00000018     szime2.0_pem4f.oem4f (.const:xdc_runtime_Startup_sfxnRts__A)
                  0000dc90    00000014     szime2.0_pem4f.oem4f (.const:xdc_runtime_Startup_firstFxns__A)
                  0000dca4    00000011     ti.targets.arm.rtsarm.aem4f : System.oem4f (.const)
                  0000dcb5    00000010     szime2.0teszt.obj (.const:.string)
                  0000dcc5    00000001     szime2.0_pem4f.oem4f (.const:ti_sysbios_knl_Clock_tickSource__C)
                  0000dcc6    00000002     szime2.0_pem4f.oem4f (.const:ti_catalog_arm_cortexm4_tiva_ce_Boot_Module__id__C)
                  0000dcc8    00000008     szime2.0_pem4f.oem4f (.const:ti_sysbios_family_arm_m3_Hwi_excHookFuncs__A)
                  0000dcd0    00000008     szime2.0_pem4f.oem4f (.const:ti_sysbios_knl_Idle_coreList__A)
                  0000dcd8    00000008     szime2.0_pem4f.oem4f (.const:ti_sysbios_knl_Idle_coreList__C)
                  0000dce0    00000008     szime2.0_pem4f.oem4f (.const:ti_sysbios_knl_Idle_funcList__A)
                  0000dce8    00000008     szime2.0_pem4f.oem4f (.const:ti_sysbios_knl_Idle_funcList__C)
                  0000dcf0    00000008     szime2.0_pem4f.oem4f (.const:ti_sysbios_knl_Task_hooks__C)
                  0000dcf8    00000008     szime2.0_pem4f.oem4f (.const:xdc_runtime_Startup_firstFxns__C)
                  0000dd00    00000008     szime2.0_pem4f.oem4f (.const:xdc_runtime_Startup_lastFxns__A)
                  0000dd08    00000008     szime2.0_pem4f.oem4f (.const:xdc_runtime_Startup_lastFxns__C)
                  0000dd10    00000004     szime2.0_pem4f.oem4f (.const:ti_catalog_arm_cortexm4_tiva_ce_Boot_A_mustUseEnhancedClockMode__C)
                  0000dd14    00000004     szime2.0_pem4f.oem4f (.const:ti_catalog_arm_cortexm4_tiva_ce_Boot_Module__diagsEnabled__C)
                  0000dd18    00000004     szime2.0_pem4f.oem4f (.const:ti_catalog_arm_cortexm4_tiva_ce_Boot_Module__diagsIncluded__C)
                  0000dd1c    00000004     szime2.0_pem4f.oem4f (.const:ti_catalog_arm_cortexm4_tiva_ce_Boot_Module__diagsMask__C)
                  0000dd20    00000004     szime2.0_pem4f.oem4f (.const:ti_sysbios_BIOS_Module__diagsEnabled__C)
                  0000dd24    00000004     szime2.0_pem4f.oem4f (.const:ti_sysbios_BIOS_Module__diagsIncluded__C)
                  0000dd28    00000004     szime2.0_pem4f.oem4f (.const:ti_sysbios_BIOS_Module__diagsMask__C)
                  0000dd2c    00000004     szime2.0_pem4f.oem4f (.const:ti_sysbios_BIOS_installedErrorHook__C)
                  0000dd30    00000004     szime2.0_pem4f.oem4f (.const:ti_sysbios_family_arm_lm4_Timer_numTimerDevices__C)
                  0000dd34    00000004     szime2.0_pem4f.oem4f (.const:ti_sysbios_family_arm_lm4_Timer_startupNeeded__C)
                  0000dd38    00000004     szime2.0_pem4f.oem4f (.const:ti_sysbios_family_arm_m3_Hwi_E_NMI__C)
                  0000dd3c    00000004     szime2.0_pem4f.oem4f (.const:ti_sysbios_family_arm_m3_Hwi_E_alreadyDefined__C)
                  0000dd40    00000004     szime2.0_pem4f.oem4f (.const:ti_sysbios_family_arm_m3_Hwi_E_busFault__C)
                  0000dd44    00000004     szime2.0_pem4f.oem4f (.const:ti_sysbios_family_arm_m3_Hwi_E_debugMon__C)
                  0000dd48    00000004     szime2.0_pem4f.oem4f (.const:ti_sysbios_family_arm_m3_Hwi_E_hardFault__C)
                  0000dd4c    00000004     szime2.0_pem4f.oem4f (.const:ti_sysbios_family_arm_m3_Hwi_E_memFault__C)
                  0000dd50    00000004     szime2.0_pem4f.oem4f (.const:ti_sysbios_family_arm_m3_Hwi_E_noIsr__C)
                  0000dd54    00000004     szime2.0_pem4f.oem4f (.const:ti_sysbios_family_arm_m3_Hwi_E_reserved__C)
                  0000dd58    00000004     szime2.0_pem4f.oem4f (.const:ti_sysbios_family_arm_m3_Hwi_E_svCall__C)
                  0000dd5c    00000004     szime2.0_pem4f.oem4f (.const:ti_sysbios_family_arm_m3_Hwi_E_usageFault__C)
                  0000dd60    00000004     szime2.0_pem4f.oem4f (.const:ti_sysbios_family_arm_m3_Hwi_LD_end__C)
                  0000dd64    00000004     szime2.0_pem4f.oem4f (.const:ti_sysbios_family_arm_m3_Hwi_LM_begin__C)
                  0000dd68    00000004     szime2.0_pem4f.oem4f (.const:ti_sysbios_family_arm_m3_Hwi_Module__diagsEnabled__C)
                  0000dd6c    00000004     szime2.0_pem4f.oem4f (.const:ti_sysbios_family_arm_m3_Hwi_Module__diagsIncluded__C)
                  0000dd70    00000004     szime2.0_pem4f.oem4f (.const:ti_sysbios_family_arm_m3_Hwi_Module__diagsMask__C)
                  0000dd74    00000004     szime2.0_pem4f.oem4f (.const:ti_sysbios_family_arm_m3_Hwi_Module__loggerFxn1__C)
                  0000dd78    00000004     szime2.0_pem4f.oem4f (.const:ti_sysbios_family_arm_m3_Hwi_Module__loggerFxn8__C)
                  0000dd7c    00000004     szime2.0_pem4f.oem4f (.const:ti_sysbios_family_arm_m3_Hwi_Module__loggerObj__C)
                  0000dd80    00000004     szime2.0_pem4f.oem4f (.const:ti_sysbios_family_arm_m3_Hwi_NUM_INTERRUPTS__C)
                  0000dd84    00000004     szime2.0_pem4f.oem4f (.const:ti_sysbios_family_arm_m3_Hwi_ccr__C)
                  0000dd88    00000004     szime2.0_pem4f.oem4f (.const:ti_sysbios_family_arm_m3_Hwi_disablePriority__C)
                  0000dd8c    00000004     szime2.0_pem4f.oem4f (.const:ti_sysbios_family_arm_m3_Hwi_dispatchTable__C)
                  0000dd90    00000004     szime2.0_pem4f.oem4f (.const:ti_sysbios_family_arm_m3_Hwi_excHandlerFunc__C)
                  0000dd94    00000004     szime2.0_pem4f.oem4f (.const:ti_sysbios_family_arm_m3_Hwi_excHookFuncs__C)
                  0000dd98    00000004     szime2.0_pem4f.oem4f (.const:ti_sysbios_family_arm_m3_Hwi_priGroup__C)
                  0000dd9c    00000004     szime2.0_pem4f.oem4f (.const:ti_sysbios_family_arm_m3_Hwi_priorities__C)
                  0000dda0    00000004     szime2.0_pem4f.oem4f (.const:ti_sysbios_gates_GateMutex_A_badContext__C)
                  0000dda4    00000004     szime2.0_pem4f.oem4f (.const:ti_sysbios_gates_GateMutex_Instance_State_sem__O)
                  0000dda8    00000004     szime2.0_pem4f.oem4f (.const:ti_sysbios_gates_GateMutex_Module__diagsEnabled__C)
                  0000ddac    00000004     szime2.0_pem4f.oem4f (.const:ti_sysbios_gates_GateMutex_Module__diagsIncluded__C)
                  0000ddb0    00000004     szime2.0_pem4f.oem4f (.const:ti_sysbios_gates_GateMutex_Module__diagsMask__C)
                  0000ddb4    00000004     szime2.0_pem4f.oem4f (.const:ti_sysbios_hal_Hwi_E_stackOverflow__C)
                  0000ddb8    00000004     szime2.0_pem4f.oem4f (.const:ti_sysbios_heaps_HeapMem_A_align__C)
                  0000ddbc    00000004     szime2.0_pem4f.oem4f (.const:ti_sysbios_heaps_HeapMem_A_heapSize__C)
                  0000ddc0    00000004     szime2.0_pem4f.oem4f (.const:ti_sysbios_heaps_HeapMem_A_invalidFree__C)
                  0000ddc4    00000004     szime2.0_pem4f.oem4f (.const:ti_sysbios_heaps_HeapMem_A_zeroBlock__C)
                  0000ddc8    00000004     szime2.0_pem4f.oem4f (.const:ti_sysbios_heaps_HeapMem_E_memory__C)
                  0000ddcc    00000004     szime2.0_pem4f.oem4f (.const:ti_sysbios_heaps_HeapMem_Module__diagsEnabled__C)
                  0000ddd0    00000004     szime2.0_pem4f.oem4f (.const:ti_sysbios_heaps_HeapMem_Module__diagsIncluded__C)
                  0000ddd4    00000004     szime2.0_pem4f.oem4f (.const:ti_sysbios_heaps_HeapMem_Module__diagsMask__C)
                  0000ddd8    00000004     szime2.0_pem4f.oem4f (.const:ti_sysbios_heaps_HeapMem_Module__gateObj__C)
                  0000dddc    00000004     szime2.0_pem4f.oem4f (.const:ti_sysbios_heaps_HeapMem_Object__count__C)
                  0000dde0    00000004     szime2.0_pem4f.oem4f (.const:ti_sysbios_heaps_HeapMem_reqAlign__C)
                  0000dde4    00000004     szime2.0_pem4f.oem4f (.const:ti_sysbios_knl_Clock_LM_begin__C)
                  0000dde8    00000004     szime2.0_pem4f.oem4f (.const:ti_sysbios_knl_Clock_LM_tick__C)
                  0000ddec    00000004     szime2.0_pem4f.oem4f (.const:ti_sysbios_knl_Clock_LW_delayed__C)
                  0000ddf0    00000004     szime2.0_pem4f.oem4f (.const:ti_sysbios_knl_Clock_Module_State_clockQ__O)
                  0000ddf4    00000004     szime2.0_pem4f.oem4f (.const:ti_sysbios_knl_Clock_Module__diagsEnabled__C)
                  0000ddf8    00000004     szime2.0_pem4f.oem4f (.const:ti_sysbios_knl_Clock_Module__diagsIncluded__C)
                  0000ddfc    00000004     szime2.0_pem4f.oem4f (.const:ti_sysbios_knl_Clock_Module__diagsMask__C)
                  0000de00    00000004     szime2.0_pem4f.oem4f (.const:ti_sysbios_knl_Clock_Module__loggerFxn1__C)
                  0000de04    00000004     szime2.0_pem4f.oem4f (.const:ti_sysbios_knl_Clock_Module__loggerFxn2__C)
                  0000de08    00000004     szime2.0_pem4f.oem4f (.const:ti_sysbios_knl_Clock_Module__loggerObj__C)
                  0000de0c    00000004     szime2.0_pem4f.oem4f (.const:ti_sysbios_knl_Semaphore_A_badContext__C)
                  0000de10    00000004     szime2.0_pem4f.oem4f (.const:ti_sysbios_knl_Semaphore_A_noEvents__C)
                  0000de14    00000004     szime2.0_pem4f.oem4f (.const:ti_sysbios_knl_Semaphore_A_overflow__C)
                  0000de18    00000004     szime2.0_pem4f.oem4f (.const:ti_sysbios_knl_Semaphore_A_pendTaskDisabled__C)
                  0000de1c    00000004     szime2.0_pem4f.oem4f (.const:ti_sysbios_knl_Semaphore_Instance_State_pendQ__O)
                  0000de20    00000004     szime2.0_pem4f.oem4f (.const:ti_sysbios_knl_Semaphore_LM_pend__C)
                  0000de24    00000004     szime2.0_pem4f.oem4f (.const:ti_sysbios_knl_Semaphore_LM_post__C)
                  0000de28    00000004     szime2.0_pem4f.oem4f (.const:ti_sysbios_knl_Semaphore_Module__diagsEnabled__C)
                  0000de2c    00000004     szime2.0_pem4f.oem4f (.const:ti_sysbios_knl_Semaphore_Module__diagsIncluded__C)
                  0000de30    00000004     szime2.0_pem4f.oem4f (.const:ti_sysbios_knl_Semaphore_Module__diagsMask__C)
                  0000de34    00000004     szime2.0_pem4f.oem4f (.const:ti_sysbios_knl_Semaphore_Module__loggerFxn2__C)
                  0000de38    00000004     szime2.0_pem4f.oem4f (.const:ti_sysbios_knl_Semaphore_Module__loggerFxn4__C)
                  0000de3c    00000004     szime2.0_pem4f.oem4f (.const:ti_sysbios_knl_Semaphore_Module__loggerObj__C)
                  0000de40    00000004     szime2.0_pem4f.oem4f (.const:ti_sysbios_knl_Swi_LD_end__C)
                  0000de44    00000004     szime2.0_pem4f.oem4f (.const:ti_sysbios_knl_Swi_LM_begin__C)
                  0000de48    00000004     szime2.0_pem4f.oem4f (.const:ti_sysbios_knl_Swi_LM_post__C)
                  0000de4c    00000004     szime2.0_pem4f.oem4f (.const:ti_sysbios_knl_Swi_Module__diagsEnabled__C)
                  0000de50    00000004     szime2.0_pem4f.oem4f (.const:ti_sysbios_knl_Swi_Module__diagsIncluded__C)
                  0000de54    00000004     szime2.0_pem4f.oem4f (.const:ti_sysbios_knl_Swi_Module__diagsMask__C)
                  0000de58    00000004     szime2.0_pem4f.oem4f (.const:ti_sysbios_knl_Swi_Module__loggerFxn1__C)
                  0000de5c    00000004     szime2.0_pem4f.oem4f (.const:ti_sysbios_knl_Swi_Module__loggerFxn4__C)
                  0000de60    00000004     szime2.0_pem4f.oem4f (.const:ti_sysbios_knl_Swi_Module__loggerObj__C)
                  0000de64    00000004     szime2.0_pem4f.oem4f (.const:ti_sysbios_knl_Swi_Object__count__C)
                  0000de68    00000004     szime2.0_pem4f.oem4f (.const:ti_sysbios_knl_Task_A_badTimeout__C)
                  0000de6c    00000004     szime2.0_pem4f.oem4f (.const:ti_sysbios_knl_Task_A_sleepTaskDisabled__C)
                  0000de70    00000004     szime2.0_pem4f.oem4f (.const:ti_sysbios_knl_Task_E_spOutOfBounds__C)
                  0000de74    00000004     szime2.0_pem4f.oem4f (.const:ti_sysbios_knl_Task_E_stackOverflow__C)
                  0000de78    00000004     szime2.0_pem4f.oem4f (.const:ti_sysbios_knl_Task_LD_block__C)
                  0000de7c    00000004     szime2.0_pem4f.oem4f (.const:ti_sysbios_knl_Task_LD_exit__C)
                  0000de80    00000004     szime2.0_pem4f.oem4f (.const:ti_sysbios_knl_Task_LD_ready__C)
                  0000de84    00000004     szime2.0_pem4f.oem4f (.const:ti_sysbios_knl_Task_LM_sleep__C)
                  0000de88    00000004     szime2.0_pem4f.oem4f (.const:ti_sysbios_knl_Task_LM_switch__C)
                  0000de8c    00000004     szime2.0_pem4f.oem4f (.const:ti_sysbios_knl_Task_Module_State_inactiveQ__O)
                  0000de90    00000004     szime2.0_pem4f.oem4f (.const:ti_sysbios_knl_Task_Module_State_terminatedQ__O)
                  0000de94    00000004     szime2.0_pem4f.oem4f (.const:ti_sysbios_knl_Task_Module__diagsEnabled__C)
                  0000de98    00000004     szime2.0_pem4f.oem4f (.const:ti_sysbios_knl_Task_Module__diagsIncluded__C)
                  0000de9c    00000004     szime2.0_pem4f.oem4f (.const:ti_sysbios_knl_Task_Module__diagsMask__C)
                  0000dea0    00000004     szime2.0_pem4f.oem4f (.const:ti_sysbios_knl_Task_Module__loggerFxn2__C)
                  0000dea4    00000004     szime2.0_pem4f.oem4f (.const:ti_sysbios_knl_Task_Module__loggerFxn4__C)
                  0000dea8    00000004     szime2.0_pem4f.oem4f (.const:ti_sysbios_knl_Task_Module__loggerObj__C)
                  0000deac    00000004     szime2.0_pem4f.oem4f (.const:ti_sysbios_knl_Task_Object__count__C)
                  0000deb0    00000004     szime2.0_pem4f.oem4f (.const:ti_sysbios_knl_Task_Object__heap__C)
                  0000deb4    00000004     szime2.0_pem4f.oem4f (.const:ti_sysbios_knl_Task_allBlockedFunc__C)
                  0000deb8    00000004     szime2.0_pem4f.oem4f (.const:ti_sysbios_knl_Task_numConstructedTasks__C)
                  0000debc    00000004     szime2.0_pem4f.oem4f (.const:ti_sysbios_utils_Load_LS_cpuLoad__C)
                  0000dec0    00000004     szime2.0_pem4f.oem4f (.const:ti_sysbios_utils_Load_LS_hwiLoad__C)
                  0000dec4    00000004     szime2.0_pem4f.oem4f (.const:ti_sysbios_utils_Load_LS_swiLoad__C)
                  0000dec8    00000004     szime2.0_pem4f.oem4f (.const:ti_sysbios_utils_Load_LS_taskLoad__C)
                  0000decc    00000004     szime2.0_pem4f.oem4f (.const:ti_sysbios_utils_Load_Module_State_taskList__O)
                  0000ded0    00000004     szime2.0_pem4f.oem4f (.const:ti_sysbios_utils_Load_Module__diagsEnabled__C)
                  0000ded4    00000004     szime2.0_pem4f.oem4f (.const:ti_sysbios_utils_Load_Module__diagsIncluded__C)
                  0000ded8    00000004     szime2.0_pem4f.oem4f (.const:ti_sysbios_utils_Load_Module__diagsMask__C)
                  0000dedc    00000004     szime2.0_pem4f.oem4f (.const:ti_sysbios_utils_Load_Module__loggerFxn1__C)
                  0000dee0    00000004     szime2.0_pem4f.oem4f (.const:ti_sysbios_utils_Load_Module__loggerFxn2__C)
                  0000dee4    00000004     szime2.0_pem4f.oem4f (.const:ti_sysbios_utils_Load_Module__loggerFxn4__C)
                  0000dee8    00000004     szime2.0_pem4f.oem4f (.const:ti_sysbios_utils_Load_Module__loggerObj__C)
                  0000deec    00000004     szime2.0_pem4f.oem4f (.const:ti_sysbios_utils_Load_postUpdate__C)
                  0000def0    00000004     szime2.0_pem4f.oem4f (.const:ti_sysbios_utils_Load_windowInMs__C)
                  0000def4    00000004     szime2.0_pem4f.oem4f (.const:ti_uia_runtime_ILoggerSnapshot_Interface__BASE__C)
                  0000def8    00000004     szime2.0_pem4f.oem4f (.const:ti_uia_runtime_IUIATransfer_Interface__BASE__C)
                  0000defc    00000004     szime2.0_pem4f.oem4f (.const:ti_uia_runtime_LoggerStopMode_E_badLevel__C)
                  0000df00    00000004     szime2.0_pem4f.oem4f (.const:ti_uia_runtime_LoggerStopMode_Object__count__C)
                  0000df04    00000004     szime2.0_pem4f.oem4f (.const:ti_uia_runtime_LoggerStopMode_overflowLogger__C)
                  0000df08    00000004     szime2.0_pem4f.oem4f (.const:ti_uia_runtime_LoggerStopMode_statusLogger__C)
                  0000df0c    00000004     szime2.0_pem4f.oem4f (.const:xdc_runtime_Assert_E_assertFailed__C)
                  0000df10    00000004     szime2.0_pem4f.oem4f (.const:xdc_runtime_Core_A_initializedParams__C)
                  0000df14    00000004     szime2.0_pem4f.oem4f (.const:xdc_runtime_Core_Module__diagsEnabled__C)
                  0000df18    00000004     szime2.0_pem4f.oem4f (.const:xdc_runtime_Core_Module__diagsIncluded__C)
                  0000df1c    00000004     szime2.0_pem4f.oem4f (.const:xdc_runtime_Core_Module__diagsMask__C)
                  0000df20    00000004     szime2.0_pem4f.oem4f (.const:xdc_runtime_Error_E_memory__C)
                  0000df24    00000004     szime2.0_pem4f.oem4f (.const:xdc_runtime_Error_Module__diagsEnabled__C)
                  0000df28    00000004     szime2.0_pem4f.oem4f (.const:xdc_runtime_Error_Module__diagsIncluded__C)
                  0000df2c    00000004     szime2.0_pem4f.oem4f (.const:xdc_runtime_Error_Module__diagsMask__C)
                  0000df30    00000004     szime2.0_pem4f.oem4f (.const:xdc_runtime_Error_Module__loggerFxn8__C)
                  0000df34    00000004     szime2.0_pem4f.oem4f (.const:xdc_runtime_Error_Module__loggerObj__C)
                  0000df38    00000004     szime2.0_pem4f.oem4f (.const:xdc_runtime_Error_raiseHook__C)
                  0000df3c    00000004     szime2.0_pem4f.oem4f (.const:xdc_runtime_IFilterLogger_Interface__BASE__C)
                  0000df40    00000004     szime2.0_pem4f.oem4f (.const:xdc_runtime_IGateProvider_Interface__BASE__C)
                  0000df44    00000004     szime2.0_pem4f.oem4f (.const:xdc_runtime_IHeap_Interface__BASE__C)
                  0000df48    00000004     szime2.0_pem4f.oem4f (.const:xdc_runtime_ILogger_Interface__BASE__C)
                  0000df4c    00000004     szime2.0_pem4f.oem4f (.const:xdc_runtime_IModule_Interface__BASE__C)
                  0000df50    00000004     szime2.0_pem4f.oem4f (.const:xdc_runtime_Log_L_error__C)
                  0000df54    00000004     szime2.0_pem4f.oem4f (.const:xdc_runtime_Log_L_warning__C)
                  0000df58    00000004     szime2.0_pem4f.oem4f (.const:xdc_runtime_Main_Module__diagsEnabled__C)
                  0000df5c    00000004     szime2.0_pem4f.oem4f (.const:xdc_runtime_Main_Module__diagsIncluded__C)
                  0000df60    00000004     szime2.0_pem4f.oem4f (.const:xdc_runtime_Main_Module__diagsMask__C)
                  0000df64    00000004     szime2.0_pem4f.oem4f (.const:xdc_runtime_Main_Module__loggerFxn2__C)
                  0000df68    00000004     szime2.0_pem4f.oem4f (.const:xdc_runtime_Main_Module__loggerFxn4__C)
                  0000df6c    00000004     szime2.0_pem4f.oem4f (.const:xdc_runtime_Main_Module__loggerFxn8__C)
                  0000df70    00000004     szime2.0_pem4f.oem4f (.const:xdc_runtime_Main_Module__loggerObj__C)
                  0000df74    00000004     szime2.0_pem4f.oem4f (.const:xdc_runtime_Memory_defaultHeapInstance__C)
                  0000df78    00000004     szime2.0_pem4f.oem4f (.const:xdc_runtime_Startup_execImpl__C)
                  0000df7c    00000004     szime2.0_pem4f.oem4f (.const:xdc_runtime_Startup_maxPasses__C)
                  0000df80    00000004     szime2.0_pem4f.oem4f (.const:xdc_runtime_Startup_sfxnRts__C)
                  0000df84    00000004     szime2.0_pem4f.oem4f (.const:xdc_runtime_Startup_sfxnTab__C)
                  0000df88    00000004     szime2.0_pem4f.oem4f (.const:xdc_runtime_SysMin_bufSize__C)
                  0000df8c    00000004     szime2.0_pem4f.oem4f (.const:xdc_runtime_SysMin_outputFunc__C)
                  0000df90    00000004     szime2.0_pem4f.oem4f (.const:xdc_runtime_System_Module__gateObj__C)
                  0000df94    00000004     szime2.0_pem4f.oem4f (.const:xdc_runtime_System_extendFxn__C)
                  0000df98    00000004     szime2.0_pem4f.oem4f (.const:xdc_runtime_System_maxAtexitHandlers__C)
                  0000df9c    00000004     szime2.0_pem4f.oem4f (.const:xdc_runtime_Text_charTab__C)
                  0000dfa0    00000004     szime2.0_pem4f.oem4f (.const:xdc_runtime_Text_nameEmpty__C)
                  0000dfa4    00000004     szime2.0_pem4f.oem4f (.const:xdc_runtime_Text_nameStatic__C)
                  0000dfa8    00000004     szime2.0_pem4f.oem4f (.const:xdc_runtime_Text_nameUnknown__C)
                  0000dfac    00000004     szime2.0_pem4f.oem4f (.const:xdc_runtime_Text_nodeTab__C)
                  0000dfb0    00000004     szime2.0_pem4f.oem4f (.const:xdc_runtime_Text_visitRopeFxn__C)
                  0000dfb4    00000002     szime2.0_pem4f.oem4f (.const:ti_sysbios_BIOS_Module__id__C)
                  0000dfb6    00000002     szime2.0_pem4f.oem4f (.const:ti_sysbios_family_arm_lm4_TimestampProvider_useClockTimer__C)
                  0000dfb8    00000002     szime2.0_pem4f.oem4f (.const:ti_sysbios_family_arm_m3_Hwi_Module__id__C)
                  0000dfba    00000002     szime2.0_pem4f.oem4f (.const:ti_sysbios_family_arm_m3_Hwi_Module__loggerDefined__C)
                  0000dfbc    00000002     szime2.0_pem4f.oem4f (.const:ti_sysbios_gates_GateMutex_Module__id__C)
                  0000dfbe    00000002     szime2.0_pem4f.oem4f (.const:ti_sysbios_hal_Hwi_Module__id__C)
                  0000dfc0    00000002     szime2.0_pem4f.oem4f (.const:ti_sysbios_heaps_HeapMem_Module__id__C)
                  0000dfc2    00000002     szime2.0_pem4f.oem4f (.const:ti_sysbios_knl_Clock_Module__id__C)
                  0000dfc4    00000002     szime2.0_pem4f.oem4f (.const:ti_sysbios_knl_Clock_Module__loggerDefined__C)
                  0000dfc6    00000002     szime2.0_pem4f.oem4f (.const:ti_sysbios_knl_Semaphore_Module__id__C)
                  0000dfc8    00000002     szime2.0_pem4f.oem4f (.const:ti_sysbios_knl_Semaphore_Module__loggerDefined__C)
                  0000dfca    00000002     szime2.0_pem4f.oem4f (.const:ti_sysbios_knl_Swi_Module__id__C)
                  0000dfcc    00000002     szime2.0_pem4f.oem4f (.const:ti_sysbios_knl_Swi_Module__loggerDefined__C)
                  0000dfce    00000002     szime2.0_pem4f.oem4f (.const:ti_sysbios_knl_Task_Module__id__C)
                  0000dfd0    00000002     szime2.0_pem4f.oem4f (.const:ti_sysbios_knl_Task_Module__loggerDefined__C)
                  0000dfd2    00000002     szime2.0_pem4f.oem4f (.const:ti_sysbios_knl_Task_deleteTerminatedTasks__C)
                  0000dfd4    00000002     szime2.0_pem4f.oem4f (.const:ti_sysbios_knl_Task_initStackFlag__C)
                  0000dfd6    00000002     szime2.0_pem4f.oem4f (.const:ti_sysbios_utils_Load_Module__id__C)
                  0000dfd8    00000002     szime2.0_pem4f.oem4f (.const:ti_sysbios_utils_Load_Module__loggerDefined__C)
                  0000dfda    00000002     szime2.0_pem4f.oem4f (.const:ti_sysbios_utils_Load_autoAddTasks__C)
                  0000dfdc    00000002     szime2.0_pem4f.oem4f (.const:ti_sysbios_utils_Load_hwiEnabled__C)
                  0000dfde    00000002     szime2.0_pem4f.oem4f (.const:ti_sysbios_utils_Load_swiEnabled__C)
                  0000dfe0    00000002     szime2.0_pem4f.oem4f (.const:ti_sysbios_utils_Load_taskEnabled__C)
                  0000dfe2    00000002     szime2.0_pem4f.oem4f (.const:ti_sysbios_utils_Load_updateInIdle__C)
                  0000dfe4    00000002     szime2.0_pem4f.oem4f (.const:ti_uia_runtime_LoggerStopMode_Module__id__C)
                  0000dfe6    00000002     szime2.0_pem4f.oem4f (.const:ti_uia_runtime_LoggerStopMode_filterByLevel__C)
                  0000dfe8    00000002     szime2.0_pem4f.oem4f (.const:ti_uia_runtime_LoggerStopMode_isTimestampEnabled__C)
                  0000dfea    00000002     szime2.0_pem4f.oem4f (.const:xdc_runtime_Core_Module__id__C)
                  0000dfec    00000002     szime2.0_pem4f.oem4f (.const:xdc_runtime_Error_Module__loggerDefined__C)
                  0000dfee    00000002     szime2.0_pem4f.oem4f (.const:xdc_runtime_Error_maxDepth__C)
                  0000dff0    00000002     szime2.0_pem4f.oem4f (.const:xdc_runtime_Main_Module__id__C)
                  0000dff2    00000002     szime2.0_pem4f.oem4f (.const:xdc_runtime_Main_Module__loggerDefined__C)
                  0000dff4    00000002     szime2.0_pem4f.oem4f (.const:xdc_runtime_Memory_Module__id__C)
[...]
0000b0eb   ti_sysbios_family_arm_m3_TaskSupport_Module__startupDone__S
0000b0ef   ti_sysbios_gates_GateHwi_query__E
0000b0ef   ti_sysbios_gates_GateHwi_query__F
0000b0ef   xdc_runtime_Main_Module_GateProxy_query__E
0000b0ef   xdc_runtime_System_Module_GateProxy_query__E
0000b0f3   ti_sysbios_BIOS_RtsGateProxy_query__E
0000b0f3   ti_sysbios_gates_GateMutex_query__E
0000b0f3   ti_sysbios_gates_GateMutex_query__F
0000b0f3   ti_sysbios_heaps_HeapMem_Module_GateProxy_query__E
0000b0f7   ti_sysbios_hal_Hwi_HwiProxy_Module__startupDone__S
0000b0fb   ti_sysbios_hal_Hwi_HwiProxy_Object__delete__S
0000b0ff   ti_sysbios_hal_Timer_TimerProxy_Module__startupDone__S
0000b103   ti_sysbios_hal_Timer_TimerProxy_getExpiredCounts__E
0000b107   ti_sysbios_hal_Timer_TimerProxy_getPeriod__E
0000b10b   ti_sysbios_hal_Timer_TimerProxy_setNextTick__E
0000b10f   ti_sysbios_heaps_HeapMem_Module_GateProxy_enter__E
0000b113   ti_sysbios_heaps_HeapMem_Module_GateProxy_leave__E
0000b117   ti_sysbios_knl_Task_SupportProxy_Module__startupDone__S
0000b11b   ti_sysbios_knl_Task_startup__E
0000b11f   ti_uia_runtime_LogSync_CpuTimestampProxy_Module__startupDone__S
0000b123   ti_uia_runtime_LogSync_GlobalTimestampProxy_Module__startupDone__S
0000b127   ti_uia_runtime_LoggerStopMode_getInstanceId__E
0000b12b   ti_uia_runtime_LoggerStopMode_getMaxLength__E
0000b12f   ti_uia_runtime_LoggerStopMode_setPriority__E
0000b133   xdc_runtime_Error_getSite__E
0000b133   xdc_runtime_Error_getSite__F
0000b137   xdc_runtime_Memory_HeapProxy_alloc__E
0000b13b   xdc_runtime_Memory_HeapProxy_free__E
0000b13f   xdc_runtime_System_Module_GateProxy_enter__E
0000b143   xdc_runtime_System_Module_GateProxy_leave__E
0000b147   xdc_runtime_System_aprintf_va__F
0000b14b   xdc_runtime_System_printf_va__F
0000b14f   xdc_runtime_System_vsnprintf__E
0000b153   xdc_runtime_TimestampNull_Module__startupDone__S
0000b157   xdc_runtime_Timestamp_Module__startupDone__S
0000b15c   xdc_runtime_Text_charTab__A
0000d403   ti_sysbios_knl_Clock_tickMode__C
0000d404   xdc_runtime_Text_nodeTab__A
0000d518   ti_sysbios_family_arm_m3_Hwi_priorities__A
0000d5f0   gpioHWAttrs
0000d71c   spiTivaDMAHWAttrs
0000d78c   UART_config
0000d7ec   ti_uia_runtime_LoggerStopMode_Module__FXNS__C
0000d894   GPIO_config
0000d8d4   SPI_config
0000d910   uartTivaHWAttrs
0000d948   ti_sysbios_family_arm_m3_Hwi_Object__PARAMS__C
0000d978   ti_sysbios_knl_Task_hooks__A
0000d9a8   ti_uia_runtime_LoggerStopMode_Object__PARAMS__C
0000d9d8   xdc_runtime_Startup_sfxnTab__A
0000da08   ti_sysbios_hal_Hwi_Object__PARAMS__C
0000da34   ti_sysbios_heaps_HeapMem_Module__FXNS__C
0000da5c   UARTTiva_fxnTable
0000da80   ti_sysbios_gates_GateHwi_Module__FXNS__C
0000daa4   ti_sysbios_gates_GateMutex_Module__FXNS__C
0000dac8   ti_sysbios_heaps_HeapMem_Object__PARAMS__C
0000daec   ti_sysbios_knl_Semaphore_Object__PARAMS__C
0000db10   SPITivaDMA_fxnTable
0000db20   dmaTxConfig
0000db28   dmaRxConfig
0000db30   ti_sysbios_family_arm_m3_Hwi_Object__DESC__C
0000db50   ti_sysbios_gates_GateHwi_Object__DESC__C
0000db70   ti_sysbios_gates_GateMutex_Object__DESC__C
0000db90   ti_sysbios_hal_Hwi_Object__DESC__C
0000dbb0   ti_sysbios_heaps_HeapMem_Object__DESC__C
0000dbd0   ti_sysbios_knl_Queue_Object__DESC__C
0000dbf0   ti_sysbios_knl_Semaphore_Object__DESC__C
0000dc10   ti_uia_runtime_LoggerStopMode_Object__DESC__C
0000dc30   ti_sysbios_gates_GateHwi_Object__PARAMS__C
0000dc48   ti_sysbios_gates_GateMutex_Object__PARAMS__C
0000dc60   ti_sysbios_knl_Queue_Object__PARAMS__C
0000dc78   xdc_runtime_Startup_sfxnRts__A
0000dc90   xdc_runtime_Startup_firstFxns__A
0000dcc5   ti_sysbios_knl_Clock_tickSource__C
0000dcc6   ti_catalog_arm_cortexm4_tiva_ce_Boot_Module__id__C
0000dcc8   ti_sysbios_family_arm_m3_Hwi_excHookFuncs__A
0000dcd0   ti_sysbios_knl_Idle_coreList__A
0000dcd8   ti_sysbios_knl_Idle_coreList__C
0000dce0   ti_sysbios_knl_Idle_funcList__A
0000dce8   ti_sysbios_knl_Idle_funcList__C
0000dcf0   ti_sysbios_knl_Task_hooks__C
0000dcf8   xdc_runtime_Startup_firstFxns__C
0000dd00   xdc_runtime_Startup_lastFxns__A
0000dd08   xdc_runtime_Startup_lastFxns__C
0000dd10   ti_catalog_arm_cortexm4_tiva_ce_Boot_A_mustUseEnhancedClockMode__C
0000dd14   ti_catalog_arm_cortexm4_tiva_ce_Boot_Module__diagsEnabled__C
0000dd18   ti_catalog_arm_cortexm4_tiva_ce_Boot_Module__diagsIncluded__C
0000dd1c   ti_catalog_arm_cortexm4_tiva_ce_Boot_Module__diagsMask__C
0000dd20   ti_sysbios_BIOS_Module__diagsEnabled__C
0000dd24   ti_sysbios_BIOS_Module__diagsIncluded__C
0000dd28   ti_sysbios_BIOS_Module__diagsMask__C
0000dd2c   ti_sysbios_BIOS_installedErrorHook__C
0000dd30   ti_sysbios_family_arm_lm4_Timer_numTimerDevices__C
0000dd34   ti_sysbios_family_arm_lm4_Timer_startupNeeded__C
0000dd38   ti_sysbios_family_arm_m3_Hwi_E_NMI__C
0000dd3c   ti_sysbios_family_arm_m3_Hwi_E_alreadyDefined__C
0000dd40   ti_sysbios_family_arm_m3_Hwi_E_busFault__C
0000dd44   ti_sysbios_family_arm_m3_Hwi_E_debugMon__C
0000dd48   ti_sysbios_family_arm_m3_Hwi_E_hardFault__C
0000dd4c   ti_sysbios_family_arm_m3_Hwi_E_memFault__C
0000dd50   ti_sysbios_family_arm_m3_Hwi_E_noIsr__C
0000dd54   ti_sysbios_family_arm_m3_Hwi_E_reserved__C
0000dd58   ti_sysbios_family_arm_m3_Hwi_E_svCall__C
0000dd5c   ti_sysbios_family_arm_m3_Hwi_E_usageFault__C
0000dd60   ti_sysbios_family_arm_m3_Hwi_LD_end__C
0000dd64   ti_sysbios_family_arm_m3_Hwi_LM_begin__C
0000dd68   ti_sysbios_family_arm_m3_Hwi_Module__diagsEnabled__C
0000dd6c   ti_sysbios_family_arm_m3_Hwi_Module__diagsIncluded__C
0000dd70   ti_sysbios_family_arm_m3_Hwi_Module__diagsMask__C
0000dd74   ti_sysbios_family_arm_m3_Hwi_Module__loggerFxn1__C
0000dd78   ti_sysbios_family_arm_m3_Hwi_Module__loggerFxn8__C
0000dd7c   ti_sysbios_family_arm_m3_Hwi_Module__loggerObj__C
0000dd80   ti_sysbios_family_arm_m3_Hwi_NUM_INTERRUPTS__C
0000dd84   ti_sysbios_family_arm_m3_Hwi_ccr__C
0000dd88   ti_sysbios_family_arm_m3_Hwi_disablePriority__C
0000dd8c   ti_sysbios_family_arm_m3_Hwi_dispatchTable__C
0000dd90   ti_sysbios_family_arm_m3_Hwi_excHandlerFunc__C
0000dd94   ti_sysbios_family_arm_m3_Hwi_excHookFuncs__C
0000dd98   ti_sysbios_family_arm_m3_Hwi_priGroup__C
0000dd9c   ti_sysbios_family_arm_m3_Hwi_priorities__C
0000dda0   ti_sysbios_gates_GateMutex_A_badContext__C
0000dda4   ti_sysbios_gates_GateMutex_Instance_State_sem__O
0000dda8   ti_sysbios_gates_GateMutex_Module__diagsEnabled__C
0000ddac   ti_sysbios_gates_GateMutex_Module__diagsIncluded__C
0000ddb0   ti_sysbios_gates_GateMutex_Module__diagsMask__C
0000ddb4   ti_sysbios_hal_Hwi_E_stackOverflow__C
0000ddb8   ti_sysbios_heaps_HeapMem_A_align__C
0000ddbc   ti_sysbios_heaps_HeapMem_A_heapSize__C
0000ddc0   ti_sysbios_heaps_HeapMem_A_invalidFree__C
0000ddc4   ti_sysbios_heaps_HeapMem_A_zeroBlock__C
0000ddc8   ti_sysbios_heaps_HeapMem_E_memory__C
0000ddcc   ti_sysbios_heaps_HeapMem_Module__diagsEnabled__C
0000ddd0   ti_sysbios_heaps_HeapMem_Module__diagsIncluded__C
0000ddd4   ti_sysbios_heaps_HeapMem_Module__diagsMask__C
0000ddd8   ti_sysbios_heaps_HeapMem_Module__gateObj__C
0000dddc   ti_sysbios_heaps_HeapMem_Object__count__C
0000dde0   ti_sysbios_heaps_HeapMem_reqAlign__C
0000dde4   ti_sysbios_knl_Clock_LM_begin__C
0000dde8   ti_sysbios_knl_Clock_LM_tick__C
0000ddec   ti_sysbios_knl_Clock_LW_delayed__C
0000ddf0   ti_sysbios_knl_Clock_Module_State_clockQ__O
0000ddf4   ti_sysbios_knl_Clock_Module__diagsEnabled__C
0000ddf8   ti_sysbios_knl_Clock_Module__diagsIncluded__C
0000ddfc   ti_sysbios_knl_Clock_Module__diagsMask__C
0000de00   ti_sysbios_knl_Clock_Module__loggerFxn1__C
0000de04   ti_sysbios_knl_Clock_Module__loggerFxn2__C
0000de08   ti_sysbios_knl_Clock_Module__loggerObj__C
0000de0c   ti_sysbios_knl_Semaphore_A_badContext__C
0000de10   ti_sysbios_knl_Semaphore_A_noEvents__C
0000de14   ti_sysbios_knl_Semaphore_A_overflow__C
0000de18   ti_sysbios_knl_Semaphore_A_pendTaskDisabled__C
0000de1c   ti_sysbios_knl_Semaphore_Instance_State_pendQ__O
0000de20   ti_sysbios_knl_Semaphore_LM_pend__C
0000de24   ti_sysbios_knl_Semaphore_LM_post__C
0000de28   ti_sysbios_knl_Semaphore_Module__diagsEnabled__C
0000de2c   ti_sysbios_knl_Semaphore_Module__diagsIncluded__C
0000de30   ti_sysbios_knl_Semaphore_Module__diagsMask__C
0000de34   ti_sysbios_knl_Semaphore_Module__loggerFxn2__C
0000de38   ti_sysbios_knl_Semaphore_Module__loggerFxn4__C
0000de3c   ti_sysbios_knl_Semaphore_Module__loggerObj__C
0000de40   ti_sysbios_knl_Swi_LD_end__C
0000de44   ti_sysbios_knl_Swi_LM_begin__C
0000de48   ti_sysbios_knl_Swi_LM_post__C
0000de4c   ti_sysbios_knl_Swi_Module__diagsEnabled__C
0000de50   ti_sysbios_knl_Swi_Module__diagsIncluded__C
0000de54   ti_sysbios_knl_Swi_Module__diagsMask__C
0000de58   ti_sysbios_knl_Swi_Module__loggerFxn1__C
0000de5c   ti_sysbios_knl_Swi_Module__loggerFxn4__C
0000de60   ti_sysbios_knl_Swi_Module__loggerObj__C
0000de64   ti_sysbios_knl_Swi_Object__count__C
0000de68   ti_sysbios_knl_Task_A_badTimeout__C
0000de6c   ti_sysbios_knl_Task_A_sleepTaskDisabled__C
0000de70   ti_sysbios_knl_Task_E_spOutOfBounds__C
0000de74   ti_sysbios_knl_Task_E_stackOverflow__C
0000de78   ti_sysbios_knl_Task_LD_block__C
0000de7c   ti_sysbios_knl_Task_LD_exit__C
0000de80   ti_sysbios_knl_Task_LD_ready__C
0000de84   ti_sysbios_knl_Task_LM_sleep__C
0000de88   ti_sysbios_knl_Task_LM_switch__C
0000de8c   ti_sysbios_knl_Task_Module_State_inactiveQ__O
0000de90   ti_sysbios_knl_Task_Module_State_terminatedQ__O
0000de94   ti_sysbios_knl_Task_Module__diagsEnabled__C
0000de98   ti_sysbios_knl_Task_Module__diagsIncluded__C
0000de9c   ti_sysbios_knl_Task_Module__diagsMask__C
0000dea0   ti_sysbios_knl_Task_Module__loggerFxn2__C
0000dea4   ti_sysbios_knl_Task_Module__loggerFxn4__C
0000dea8   ti_sysbios_knl_Task_Module__loggerObj__C
0000deac   ti_sysbios_knl_Task_Object__count__C
0000deb0   ti_sysbios_knl_Task_Object__heap__C
0000deb4   ti_sysbios_knl_Task_allBlockedFunc__C
0000deb8   ti_sysbios_knl_Task_numConstructedTasks__C
0000debc   ti_sysbios_utils_Load_LS_cpuLoad__C
0000dec0   ti_sysbios_utils_Load_LS_hwiLoad__C
0000dec4   ti_sysbios_utils_Load_LS_swiLoad__C
0000dec8   ti_sysbios_utils_Load_LS_taskLoad__C
0000decc   ti_sysbios_utils_Load_Module_State_taskList__O
0000ded0   ti_sysbios_utils_Load_Module__diagsEnabled__C
0000ded4   ti_sysbios_utils_Load_Module__diagsIncluded__C
0000ded8   ti_sysbios_utils_Load_Module__diagsMask__C
0000dedc   ti_sysbios_utils_Load_Module__loggerFxn1__C
0000dee0   ti_sysbios_utils_Load_Module__loggerFxn2__C
0000dee4   ti_sysbios_utils_Load_Module__loggerFxn4__C
0000dee8   ti_sysbios_utils_Load_Module__loggerObj__C
0000deec   ti_sysbios_utils_Load_postUpdate__C
0000def0   ti_sysbios_utils_Load_windowInMs__C
0000def4   ti_uia_runtime_ILoggerSnapshot_Interface__BASE__C
0000def8   ti_uia_runtime_IUIATransfer_Interface__BASE__C
0000defc   ti_uia_runtime_LoggerStopMode_E_badLevel__C
0000df00   ti_uia_runtime_LoggerStopMode_Object__count__C
0000df04   ti_uia_runtime_LoggerStopMode_overflowLogger__C
0000df08   ti_uia_runtime_LoggerStopMode_statusLogger__C
0000df0c   xdc_runtime_Assert_E_assertFailed__C
0000df10   xdc_runtime_Core_A_initializedParams__C
0000df14   xdc_runtime_Core_Module__diagsEnabled__C
0000df18   xdc_runtime_Core_Module__diagsIncluded__C
0000df1c   xdc_runtime_Core_Module__diagsMask__C
0000df20   xdc_runtime_Error_E_memory__C
0000df24   xdc_runtime_Error_Module__diagsEnabled__C
0000df28   xdc_runtime_Error_Module__diagsIncluded__C
0000df2c   xdc_runtime_Error_Module__diagsMask__C
0000df30   xdc_runtime_Error_Module__loggerFxn8__C
0000df34   xdc_runtime_Error_Module__loggerObj__C
0000df38   xdc_runtime_Error_raiseHook__C
0000df3c   xdc_runtime_IFilterLogger_Interface__BASE__C
0000df40   xdc_runtime_IGateProvider_Interface__BASE__C
0000df44   xdc_runtime_IHeap_Interface__BASE__C
0000df48   xdc_runtime_ILogger_Interface__BASE__C
0000df4c   xdc_runtime_IModule_Interface__BASE__C
0000df50   xdc_runtime_Log_L_error__C
0000df54   xdc_runtime_Log_L_warning__C
0000df58   xdc_runtime_Main_Module__diagsEnabled__C
0000df5c   xdc_runtime_Main_Module__diagsIncluded__C
0000df60   xdc_runtime_Main_Module__diagsMask__C
0000df64   xdc_runtime_Main_Module__loggerFxn2__C
0000df68   xdc_runtime_Main_Module__loggerFxn4__C
0000df6c   xdc_runtime_Main_Module__loggerFxn8__C
0000df70   xdc_runtime_Main_Module__loggerObj__C
0000df74   xdc_runtime_Memory_defaultHeapInstance__C
0000df78   xdc_runtime_Startup_execImpl__C
0000df7c   xdc_runtime_Startup_maxPasses__C
0000df80   xdc_runtime_Startup_sfxnRts__C
0000df84   xdc_runtime_Startup_sfxnTab__C
0000df88   xdc_runtime_SysMin_bufSize__C
0000df8c   xdc_runtime_SysMin_outputFunc__C
0000df90   xdc_runtime_System_Module__gateObj__C
0000df94   xdc_runtime_System_extendFxn__C
0000df98   xdc_runtime_System_maxAtexitHandlers__C
0000df9c   xdc_runtime_Text_charTab__C
0000dfa0   xdc_runtime_Text_nameEmpty__C
0000dfa4   xdc_runtime_Text_nameStatic__C
0000dfa8   xdc_runtime_Text_nameUnknown__C
0000dfac   xdc_runtime_Text_nodeTab__C
0000dfb0   xdc_runtime_Text_visitRopeFxn__C
0000dfb4   ti_sysbios_BIOS_Module__id__C
0000dfb6   ti_sysbios_family_arm_lm4_TimestampProvider_useClockTimer__C
0000dfb8   ti_sysbios_family_arm_m3_Hwi_Module__id__C
0000dfba   ti_sysbios_family_arm_m3_Hwi_Module__loggerDefined__C
0000dfbc   ti_sysbios_gates_GateMutex_Module__id__C
0000dfbe   ti_sysbios_hal_Hwi_Module__id__C
0000dfc0   ti_sysbios_heaps_HeapMem_Module__id__C
0000dfc2   ti_sysbios_knl_Clock_Module__id__C
0000dfc4   ti_sysbios_knl_Clock_Module__loggerDefined__C
0000dfc6   ti_sysbios_knl_Semaphore_Module__id__C
0000dfc8   ti_sysbios_knl_Semaphore_Module__loggerDefined__C
0000dfca   ti_sysbios_knl_Swi_Module__id__C
0000dfcc   ti_sysbios_knl_Swi_Module__loggerDefined__C
0000dfce   ti_sysbios_knl_Task_Module__id__C
0000dfd0   ti_sysbios_knl_Task_Module__loggerDefined__C
0000dfd2   ti_sysbios_knl_Task_deleteTerminatedTasks__C
0000dfd4   ti_sysbios_knl_Task_initStackFlag__C
0000dfd6   ti_sysbios_utils_Load_Module__id__C
0000dfd8   ti_sysbios_utils_Load_Module__loggerDefined__C
0000dfda   ti_sysbios_utils_Load_autoAddTasks__C
0000dfdc   ti_sysbios_utils_Load_hwiEnabled__C
0000dfde   ti_sysbios_utils_Load_swiEnabled__C
0000dfe0   ti_sysbios_utils_Load_taskEnabled__C
0000dfe2   ti_sysbios_utils_Load_updateInIdle__C
0000dfe4   ti_uia_runtime_LoggerStopMode_Module__id__C
0000dfe6   ti_uia_runtime_LoggerStopMode_filterByLevel__C
0000dfe8   ti_uia_runtime_LoggerStopMode_isTimestampEnabled__C
0000dfea   xdc_runtime_Core_Module__id__C
0000dfec   xdc_runtime_Error_Module__loggerDefined__C
0000dfee   xdc_runtime_Error_maxDepth__C
0000dff0   xdc_runtime_Main_Module__id__C
0000dff2   xdc_runtime_Main_Module__loggerDefined__C
0000dff4   xdc_runtime_Memory_Module__id__C
0000dff6   xdc_runtime_SysMin_flushAtExit__C
0000dff8   xdc_runtime_Text_charCnt__C
0000dffa   xdc_runtime_Text_isLoaded__C
0000dffc   xdc_runtime_Text_registryModsLastId__C
0000dffe   xdc_runtime_Text_unnamedModsLastId__C
0000e000   xdc_runtime_Error_policy__C
0000e630   __TI_Handler_Table_Base
0000e63c   __TI_Handler_Table_Limit
0000e650   __TI_CINIT_Base
0000e668   __TI_CINIT_Limit
20000000   ti_sysbios_family_arm_m3_Hwi_ramVectors
20000400   ti_sysbios_knl_Task_Instance_State_0_stack__A
20000c00   ti_sysbios_knl_Task_Instance_State_1_stack__A
20001400   ti_sysbios_knl_Task_Instance_State_2_stack__A
20001c00   ti_sysbios_knl_Task_Instance_State_3_stack__A
20002400   ti_sysbios_knl_Task_Instance_State_4_stack__A
20002c00   ti_sysbios_heaps_HeapMem_Instance_State_0_buf__A
20003c00   ti_uia_runtime_LoggerStopMode_Instance_State_1_bufferArray__A
20004080   ti_uia_runtime_LoggerStopMode_Instance_State_2_bufferArray__A
20004500   xdc_runtime_SysMin_Module_State_0_outbuf__A
20004900   ti_uia_runtime_LoggerStopMode_Instance_State_0_bufferArray__A
20004b80   spiTivaDMAobjects
20004be0   uartParams
20004e00   uartTivaObjects
20004ff8   __CIOBUF_
20005140   masterRxBuffer
2000515c   slaveRxBuffer
20005180   ti_sysbios_knl_Task_Instance_State_0_hookEnv__A
20005188   ti_sysbios_knl_Task_Instance_State_1_hookEnv__A
20005190   ti_sysbios_knl_Task_Instance_State_2_hookEnv__A
20005198   ti_sysbios_knl_Task_Instance_State_3_hookEnv__A
200051a0   ti_sysbios_knl_Task_Instance_State_4_hookEnv__A
200051a8   uart1
200051ac   uart2
200051b0   uart3
200051b4   uart4
200051b8   uart5
200051bc   uart6
200051c0   uart7
200051c4   __stack
200052c4   __STACK_TOP
200061c4   __STACK_END
200061c4   ti_sysbios_family_arm_m3_Hwi_Module_State_0_dispatchTable__A
20006524   ti_sysbios_BIOS_Module__state__V
20006544   ti_sysbios_family_arm_lm4_Timer_Module__root__V
2000654c   ti_sysbios_family_arm_lm4_Timer_Module_State_0_handles__A
20006564   ti_sysbios_family_arm_lm4_Timer_Module__state__V
20006570   ti_sysbios_family_arm_lm4_TimestampProvider_Module__state__V
20006578   ti_sysbios_family_arm_m3_Hwi_Module__root__V
20006580   ti_sysbios_family_arm_m3_Hwi_Module_State_0_excActive__A
20006584   ti_sysbios_family_arm_m3_Hwi_Module_State_0_excContext__A
20006588   ti_sysbios_family_arm_m3_Hwi_Module_State_0_excStack__A
2000658c   ti_sysbios_gates_GateHwi_Module__root__V
20006594   ti_sysbios_gates_GateHwi_Object__table__V
20006598   ti_sysbios_gates_GateMutex_Module__root__V
200065a0   ti_sysbios_hal_Hwi_Module__root__V
200065a8   ti_sysbios_hal_Timer_Module__root__V
200065b0   ti_sysbios_hal_Timer_Object__table__V
200065b8   ti_sysbios_heaps_HeapMem_Module__root__V
200065c0   ti_sysbios_heaps_HeapMem_Object__table__V
200065d8   ti_sysbios_knl_Clock_Module__root__V
200065e0   ti_sysbios_knl_Clock_Object__table__V
20006600   ti_sysbios_knl_Event_Module__root__V
2000660c   ti_sysbios_knl_Queue_Module__root__V
20006614   ti_sysbios_knl_Semaphore_Module__root__V
20006620   ti_sysbios_knl_Swi_Module__root__V
20006628   ti_sysbios_knl_Swi_Module__state__V
20006644   ti_sysbios_knl_Task_Module__root__V
20006650   ti_sysbios_knl_Task_Module_State_0_idleTask__A
20006654   ti_sysbios_utils_Load_Module__root__V
20006658   ti_sysbios_utils_Load_Module_State_0_taskStartTime__A
2000665c   ti_sysbios_utils_Load_Module_State_0_runningTask__A
20006660   ti_uia_runtime_LogSync_Module__root__V
20006668   ti_uia_runtime_LogSync_Module__state__V
20006674   ti_uia_runtime_LoggerStopMode_Module__root__V
2000667c   ti_uia_runtime_LoggerStopMode_Module__state__V
20006684   ti_uia_runtime_QueueDescriptor_Module__state__V
20006690   xdc_runtime_Error_Module__state__V
20006692   xdc_runtime_Main_Module__root__V
20006694   xdc_runtime_Memory_Module__state__V
20006698   xdc_runtime_Registry_Module__state__V
200066a0   xdc_runtime_Startup_Module__state__V
200066a8   xdc_runtime_SysMin_Module__state__V
200066b4   xdc_runtime_System_Module_State_0_atexitHandlers__A
200066d4   xdc_runtime_System_Module__state__V
200066e0   xdc_runtime_Text_Module__state__V
200066e8   __xdc__init__addr
200066ec   ti_sysbios_knl_Task_Object__table__V
2000682c   TSK_idle
2000687c   ti_uia_runtime_LoggerStopMode_Object__table__V
20006a54   ti_sysbios_knl_Swi_Module_State_0_readyQ__A
20006ad4   ti_sysbios_knl_Task_Module_State_0_readyQ__A
20006b54   ti_sysbios_utils_Load_Module__state__V
20006bd0   ti_sysbios_family_arm_lm4_Timer_Object__table__V
20006c40   ti_sysbios_family_arm_m3_Hwi_Module__state__V
20006ce4   ti_sysbios_knl_Task_Module__state__V
20006d28   ti_sysbios_gates_GateMutex_Object__table__V
20006d60   masterTxBuffer
20006d7a   slaveTxBuffer
20006d94   ti_sysbios_family_arm_lm4_Timer_Module_State_0_device__A
20006dc4   ti_sysbios_family_arm_m3_Hwi_Object__table__V
20006df4   ti_sysbios_knl_Swi_Object__table__V
20006e24   ti_sysbios_knl_Clock_Module__state__V
20006e60   _lock
20006e64   _unlock
20006e68   __TI_cleanup_ptr
20006e6c   __TI_dtors_ptr
20006e70   ti_uia_runtime_QueueDescriptor_gPtrToFirstDescriptor
20006e74   ti_uia_runtime_QueueDescriptor_gUpdateCount
20006e84   main_func_sp
40000400   ti_sysbios_family_arm_ducati_CTM_ctm
e000e000   ti_sysbios_family_arm_m3_Hwi_nvic
ffffffff   __binit__
ffffffff   __c_args__
ffffffff   binit
UNDEFED    SHT$$INIT_ARRAY$$Base
UNDEFED    SHT$$INIT_ARRAY$$Limit

[896 symbols]
