******************************************************************************
                  TI ARM Linker Unix v5.1.2                    
******************************************************************************
>> Linked Sat Oct 12 13:47:00 2013

OUTPUT FILE NAME:   <szime2.0tesztmereshez.out>
ENTRY POINT SYMBOL: "_c_int00"  address: 0000a51d


MEMORY CONFIGURATION

         name            origin    length      used     unused   attr    fill
----------------------  --------  ---------  --------  --------  ----  --------
  FLASH                 00000000   00040000  00010168  0002fe98  R  X
  SRAM                  20000000   00008000  000074a0  00000b60  RW X


SEGMENT ALLOCATION MAP

run origin  load origin   length   init length attrs members
----------  ----------- ---------- ----------- ----- -------
00000000    00000000    00010170   00010170    r-x
  00000000    00000000    00000360   00000360    r-- .resetVecs
  00000360    00000360    0000c62a   0000c62a    r-x .text
  0000c98c    0000c98c    0000314e   0000314e    r-- .const
  0000fae0    0000fae0    00000690   00000690    r-- .cinit
20000000    20000000    00000360   00000000    rw-
  20000000    20000000    00000360   00000000    rw- .vecs
20000400    20000400    00007140   00000000    rw-
  20000400    20000400    0000541c   00000000    rw- .bss
  2000581c    2000581c    00001000   00000000    rw- .stack
  2000681c    2000681c    00000d24   00000000    rw- .data


SECTION ALLOCATION MAP

 output                                  attributes/
section   page    origin      length       input sections
--------  ----  ----------  ----------   ----------------
.bootVecs 
*          0    00000000    00000008     DSECT
                  00000000    00000008     boot.aem4f : boot.oem4f (.bootVecs)

.resetVecs 
*          0    00000000    00000360     
                  00000000    00000360     szime2.0_pem4f.oem4f (.resetVecs)

xdc.meta   0    00000000    000000f0     COPY SECTION
                  00000000    000000f0     szime2.0_pem4f.oem4f (xdc.meta)

.text      0    00000360    0000c62a     
                  00000360    0000046c     uart_tivaware.aem4f : UARTTiva.oem4f (.text:UARTTiva_hwiIntFxn)
                  000007cc    00000440     spi_tivaware.aem4f : SPITivaDMA.oem4f (.text:SPITivaDMA_open)
                  00000c0c    00000424     sysbios.aem4f : BIOS.obj (.text:ti_sysbios_family_arm_m3_Hwi_excDumpRegs__I)
                  00001030    0000041c     uart_tivaware.aem4f : UARTTiva.oem4f (.text:UARTTiva_open)
                  0000144c    000003a8     sdspi_tivaware.aem4f : SDSPITiva.oem4f (.text:SDSPI_diskIOctrl)
                  000017f4    00000348                          : SDSPITiva.oem4f (.text:SDSPI_diskInitialize)
                  00001b3c    00000344     ti.targets.arm.rtsarm.aem4f : System.oem4f (.text:xdc_runtime_System_doPrint__I)
                  00001e80    00000310     szime2.0teszt.obj (.text:SDTask)
                  00002190    00000310     rtsv7M4_T_le_v4SPD16_eabi.lib : lowlev.obj (.text)
                  000024a0    000002f4     ti.sysbios.fatfs.aem4f : ff.oem4f (.text:chk_mounted)
                  00002794    000002d4     rtsv7M4_T_le_v4SPD16_eabi.lib : trgdrv.obj (.text)
                  00002a68    000002b0     sdspi_tivaware.aem4f : SDSPITiva.oem4f (.text:SDSPITiva_open)
                  00002d18    00000270     sysbios.aem4f : BIOS.obj (.text:ti_sysbios_knl_Semaphore_pend__E)
                  00002f88    0000026c     szime2.0teszt.obj (.text:UartTest)
                  000031f4    00000260     sdspi_tivaware.aem4f : SDSPITiva.oem4f (.text:SDSPI_diskWrite)
                  00003454    00000248     sysbios.aem4f : BIOS.obj (.text:ti_sysbios_heaps_HeapMem_free__E)
                  0000369c    00000234                   : BIOS.obj (.text:ti_sysbios_family_arm_lm4_Timer_start__E)
                  000038d0    00000234                   : BIOS.obj (.text:ti_sysbios_heaps_HeapMem_alloc__E)
                  00003b04    00000234                   : BIOS.obj (.text:ti_sysbios_utils_Load_update__E)
                  00003d38    000001fc                   : BIOS.obj (.text:ti_sysbios_family_arm_m3_Hwi_excHandlerMax__I)
                  00003f34    000001ec     uart_tivaware.aem4f : UARTTiva.oem4f (.text:UARTTiva_write)
                  00004120    000001d8     sysbios.aem4f : BIOS.obj (.text:ti_sysbios_knl_Task_sleep__E)
                  000042f8    000001cc     sdspi_tivaware.aem4f : SDSPITiva.oem4f (.text:SDSPI_diskRead)
                  000044c4    000001c8     sysbios.aem4f : BIOS.obj (.text:ti_sysbios_utils_Load_logLoads__I)
                  0000468c    000001ac     ti.uia.runtime.aem4f : LoggerStopMode.oem4f (.text:ti_uia_runtime_LoggerStopMode_write8__E)
                  00004838    000001a6     ti.sysbios.fatfs.aem4f : ff.oem4f (.text:f_write)
                  000049de    00000002     sysbios.aem4f : BIOS.obj (.text:ti_sysbios_BIOS_nullFunc__I)
                  000049e0    000001a4     sdspi_tivaware.aem4f : SDSPITiva.oem4f (.text:SDSPITiva_close)
                  00004b84    0000019c     spi_tivaware.aem4f : SPITivaDMA.oem4f (.text:SPITivaDMA_configDMA)
                  00004d20    0000017c                        : SPITivaDMA.oem4f (.text:SPITivaDMA_hwiFxn)
                  00004e9c    00000174     ti.sysbios.fatfs.aem4f : ff.oem4f (.text:f_read)
                  00005010    00000170     uart_tivaware.aem4f : UARTTiva.oem4f (.text:UARTTiva_readPolling)
                  00005180    00000168     sysbios.aem4f : BIOS.obj (.text:ti_sysbios_family_arm_m3_Hwi_excBusFault__I)
                  000052e8    00000160     uart_tivaware.aem4f : UARTTiva.oem4f (.text:readData)
                  00005448    0000015c     ti.sysbios.fatfs.aem4f : ff.oem4f (.text:f_lseek)
                  000055a4    0000015c     ti.uia.runtime.aem4f : LoggerStopMode.oem4f (.text:ti_uia_runtime_LoggerStopMode_writeMemoryRange__E)
                  00005700    00000154     sysbios.aem4f : BIOS.obj (.text:ti_sysbios_knl_Task_exit__E)
                  00005854    00000150     ti.sysbios.fatfs.aem4f : ff.oem4f (.text:f_open)
                  000059a4    0000014c     sysbios.aem4f : BIOS.obj (.text:ti_sysbios_knl_Semaphore_post__E)
                  00005af0    00000148     sdspi_tivaware.aem4f : SDSPITiva.oem4f (.text:send_cmd)
                  00005c38    00000148     sysbios.aem4f : BIOS.obj (.text:ti_sysbios_family_arm_m3_Hwi_excUsageFault__I)
                  00005d80    00000144                   : BIOS.obj (.text:ti_sysbios_family_arm_lm4_TimestampProvider_get64__E)
                  00005ec4    00000140     ti.uia.runtime.aem4f : LoggerStopMode.oem4f (.text:ti_uia_runtime_LoggerStopMode_write4__E)
                  00006004    0000013c     ti.targets.arm.rtsarm.aem4f : Error.oem4f (.text:xdc_runtime_Error_raiseX__F)
                  00006140    00000138     Boot.aem4f : Boot_sysctl.oem4f (.text:ti_catalog_arm_cortexm4_tiva_ce_Boot_sysCtlClockSetI__I)
                  00006278    00000138     sysbios.aem4f : BIOS.obj (.text:ti_sysbios_heaps_HeapMem_Instance_init__F)
                  000063b0    00000134                   : m3_Hwi_asm.obj (.text:ti_sysbios_family_arm_m3_Hwi_dispatch__I)
                  000064e4    00000134                   : BIOS.obj (.text:ti_sysbios_family_arm_m3_Hwi_excMemFault__I)
                  00006618    00000130                   : BIOS.obj (.text:ti_sysbios_family_arm_lm4_Timer_initDevice__I)
                  00006748    0000012c                   : BIOS.obj (.text:ti_sysbios_family_arm_m3_Hwi_dispatchC__I)
                  00006874    0000012c                   : BIOS.obj (.text:ti_sysbios_knl_Clock_workFunc__E)
                  000069a0    00000126     ti.sysbios.fatfs.aem4f : ff.oem4f (.text:f_rename)
                  00006ac6    00000002     sysbios.aem4f : BIOS.obj (.text:ti_sysbios_gates_GateHwi_Instance_init__F)
                  00006ac8    00000124     EKS_LM4F232.obj (.text:EKS_LM4F232_initUART)
                  00006bec    00000117     ti.sysbios.fatfs.aem4f : ff.oem4f (.text:create_name)
                  00006d03    00000001     --HOLE-- [fill = 0]
                  00006d04    00000114     sysbios.aem4f : BIOS.obj (.text:ti_sysbios_knl_Swi_run__I)
                  00006e18    00000104     ti.targets.arm.rtsarm.aem4f : Core-mem.oem4f (.text:xdc_runtime_Core_createObject__I)
                  00006f1c    00000104     szime2.0_pem4f.oem4f (.text:xdc_runtime_System_printfExtend__I)
                  00007020    00000100     sysbios.aem4f : BIOS.obj (.text:ti_sysbios_knl_Task_schedule__I)
                  00007120    00000100                   : BIOS.obj (.text:ti_sysbios_knl_Task_startCore__E)
                  00007220    000000fa     ti.sysbios.fatfs.aem4f : ff.oem4f (.text:dir_next)
                  0000731a    00000002     szime2.0_pem4f.oem4f (.text:xdc_runtime_Startup_reset__I)
                  0000731c    000000f8     sysbios.aem4f : BIOS.obj (.text:ti_sysbios_knl_Task_postInit__I)
                  00007414    000000f8     ti.targets.arm.rtsarm.aem4f : Startup.oem4f (.text:xdc_runtime_Startup_startMods__I)
                  0000750c    000000f4     gpio_tivaware.aem4f : GPIO.oem4f (.text:GPIO_toggle)
                  00007600    000000f4     rtsv7M4_T_le_v4SPD16_eabi.lib : dtor_list.obj (.text)
                  000076f4    000000f0     gpio_tivaware.aem4f : GPIO.oem4f (.text:GPIO_write)
                  000077e4    000000e4     sysbios.aem4f : BIOS.obj (.text:ti_sysbios_family_arm_m3_Hwi_initNVIC__E)
                  000078c8    000000de     ti.sysbios.fatfs.aem4f : ff.oem4f (.text:put_fat)
                  000079a6    00000002     --HOLE-- [fill = 0]
                  000079a8    000000d4     szime2.0teszt.obj (.text:masterTaskFxn)
                  00007a7c    000000d2     szime2.0teszt.obj (.text:PortTest)
                  00007b4e    00000002     --HOLE-- [fill = 0]
                  00007b50    000000d0     szime2.0teszt.obj (.text:slaveTaskFxn)
                  00007c20    000000cc     ti.sysbios.fatfs.aem4f : ff.oem4f (.text:get_fat)
                  00007cec    000000c8     sdspi_tivaware.aem4f : SDSPITiva.oem4f (.text:send_initial_clock_train)
                  00007db4    000000c8     sysbios.aem4f : BIOS.obj (.text:ti_sysbios_family_arm_lm4_TimestampProvider_get32__E)
                  00007e7c    000000c2     ti.sysbios.fatfs.aem4f : ff.oem4f (.text:f_unlink)
                  00007f3e    00000002     --HOLE-- [fill = 0]
                  00007f40    000000c0     szime2.0teszt.obj (.text:main)
                  00008000    000000c0     ti.sysbios.fatfs.aem4f : ff.oem4f (.text:sync)
                  000080c0    000000c0     sysbios.aem4f : BIOS.obj (.text:ti_sysbios_knl_Task_unblockI__E)
                  00008180    000000bc     EKS_LM4F232.obj (.text:EKS_LM4F232_initGPIO)
                  0000823c    000000bc     sysbios.aem4f : BIOS.obj (.text:ti_sysbios_utils_Load_taskDeleteHook__E)
                  000082f8    000000b8     driverlib.lib : gpio.obj (.text:GPIOPadConfigSet)
                  000083b0    000000b8     sysbios.aem4f : BIOS.obj (.text:ti_sysbios_utils_Load_idleFxn__E)
                  00008468    000000b4     ti.sysbios.fatfs.aem4f : ff.oem4f (.text:f_sync)
                  0000851c    000000b4     sysbios.aem4f : BIOS.obj (.text:ti_sysbios_gates_GateMutex_enter__E)
                  000085d0    000000b4                   : BIOS.obj (.text:ti_sysbios_knl_Task_checkStacks__E)
                  00008684    000000b0     ti.sysbios.fatfs.aem4f : ffcio.oem4f (.text:ffcio_open)
                  00008734    000000b0     sysbios.aem4f : BIOS.obj (.text:ti_sysbios_family_arm_m3_Hwi_excHardFault__I)
                  000087e4    000000b0                   : BIOS.obj (.text:ti_sysbios_knl_Swi_post__E)
                  00008894    000000b0                   : BIOS.obj (.text:ti_sysbios_knl_Swi_schedule__I)
                  00008944    000000ac     uart_tivaware.aem4f : UARTTiva.oem4f (.text:UARTTiva_close)
                  000089f0    000000a8     spi_tivaware.aem4f : SPITivaDMA.oem4f (.text:SPITivaDMA_transfer)
                  00008a98    000000a8     sysbios.aem4f : BIOS.obj (.text:ti_sysbios_family_arm_lm4_Timer_Module_startup__F)
                  00008b40    000000a8                   : BIOS.obj (.text:ti_sysbios_family_arm_m3_Hwi_excDebugMon__I)
                  00008be8    000000a8                   : BIOS.obj (.text:ti_sysbios_knl_Semaphore_Instance_init__F)
                  00008c90    000000a4                   : BIOS.obj (.text:ti_sysbios_family_arm_m3_Hwi_Module_startup__F)
                  00008d34    000000a0     auto_init.aem4f : auto_init.oem4f (.text)
                  00008dd4    000000a0     sysbios.aem4f : BIOS.obj (.text:ti_sysbios_knl_Task_blockI__E)
                  00008e74    0000009c     rtsv7M4_T_le_v4SPD16_eabi.lib : memcpy_t2.obj (.text)
                  00008f10    0000009a     ti.targets.arm.rtsarm.aem4f : Text.oem4f (.text:xdc_runtime_Text_putSite__F)
                  00008faa    0000009a     sdspi_tivaware.aem4f : SDSPITiva.oem4f (.text:xmit_datablock)
                  00009044    00000098     ti.sysbios.fatfs.aem4f : ff.oem4f (.text:create_chain)
                  000090dc    00000094     spi_tivaware.aem4f : SPITivaDMA.oem4f (.text:SPITivaDMA_close)
                  00009170    00000094     Boot.aem4f : Boot.oem4f (.text:ti_catalog_arm_cortexm4_tiva_ce_Boot_sysCtlClockSet__E)
                  00009204    00000094     sysbios.aem4f : BIOS.obj (.text:ti_sysbios_family_arm_m3_Hwi_Instance_init__F)
                  00009298    00000094     ti.targets.arm.rtsarm.aem4f : Text.oem4f (.text:xdc_runtime_Text_putMod__F)
                  0000932c    00000090     EKS_LM4F232.obj (.text:EKS_LM4F232_initGeneral)
                  000093bc    00000090     sysbios.aem4f : BIOS.obj (.text:ti_sysbios_family_arm_lm4_Timer_setNextTick__E)
                  0000944c    0000008e     sdspi_tivaware.aem4f : SDSPITiva.oem4f (.text:rcvr_datablock)
                  000094da    00000002     --HOLE-- [fill = 0]
                  000094dc    0000008c     sysbios.aem4f : m3_TaskSupport_asm.obj (.text:_ti_sysbios_family_arm_m3_TaskSupport_buildTaskStack)
                  00009568    0000008c                   : BIOS.obj (.text:ti_sysbios_utils_Load_taskCreateHook__E)
                  000095f4    00000084     ti.uia.runtime.aem4f : LoggerStopMode.oem4f (.text:ti_uia_runtime_LoggerStopMode_setFilterLevel__E)
                  00009678    00000080     EKS_LM4F232.obj (.text:EKS_LM4F232_initSPI)
                  000096f8    00000080     sysbios.aem4f : BIOS.obj (.text:ti_sysbios_knl_Task_Module_startup__F)
                  00009778    00000080     driverlib.lib : udma.obj (.text:uDMAChannelTransferSet)
                  000097f8    0000007e     ti.uia.runtime.aem4f : LoggerStopMode.oem4f (.text:ti_uia_runtime_LoggerStopMode_getContents__E)
                  00009876    00000002     --HOLE-- [fill = 0]
                  00009878    0000007c     EKS_LM4F232.obj (.text:EKS_LM4F232_initDMA)
                  000098f4    0000007c     ti.sysbios.fatfs.aem4f : ff.oem4f (.text:dir_sdi)
                  00009970    00000078     rtsv7M4_T_le_v4SPD16_eabi.lib : memset_t2.obj (.text)
                  000099e8    00000078     sysbios.aem4f : BIOS.obj (.text:ti_sysbios_family_arm_lm4_Timer_getExpiredCounts__E)
                  00009a60    00000078                   : BIOS.obj (.text:ti_sysbios_utils_Load_addTask__E)
                  00009ad8    00000076     ti.sysbios.fatfs.aem4f : ff.oem4f (.text:follow_path)
                  00009b4e    00000002     --HOLE-- [fill = 0]
                  00009b50    00000074     sysbios.aem4f : BIOS.obj (.text:ti_sysbios_family_arm_lm4_Timer_isrStub__E)
                  00009bc4    00000074                   : BIOS.obj (.text:ti_sysbios_knl_Clock_startI__E)
                  00009c38    00000070     ti.sysbios.fatfs.aem4f : ff.oem4f (.text:check_fs)
                  00009ca8    00000070     szime2.0_pem4f.oem4f (.text:ti_sysbios_family_arm_m3_Hwi_Object__create__S)
                  00009d18    00000070     sysbios.aem4f : BIOS.obj (.text:ti_sysbios_family_arm_m3_Hwi_reconfig__E)
                  00009d88    00000070     szime2.0_pem4f.oem4f (.text:ti_sysbios_hal_Hwi_Object__create__S)
                  00009df8    00000070     ti.uia.runtime.aem4f : LoggerStopMode.oem4f (.text:ti_uia_runtime_LoggerStopMode_getFilterLevel__E)
                  00009e68    00000070                          : QueueDescriptor.oem4f (.text:ti_uia_runtime_QueueDescriptor_addToList__E)
                  00009ed8    00000070     ti.targets.arm.rtsarm.aem4f : Memory.oem4f (.text:xdc_runtime_Memory_alloc__F)
                  00009f48    0000006e     ti.sysbios.fatfs.aem4f : ff.oem4f (.text:move_window)
                  00009fb6    0000006e     ti.uia.runtime.aem4f : LoggerStopMode.oem4f (.text:ti_uia_runtime_LoggerStopMode_writeBlockOfMemory__I)
                  0000a024    0000006c     ti.targets.arm.rtsarm.aem4f : Error.oem4f (.text:xdc_runtime_Error_print__F)
                  0000a090    00000066                                 : Core-mem.oem4f (.text:xdc_runtime_Core_deleteObject__I)
                  0000a0f6    00000064     uart_tivaware.aem4f : UARTTiva.oem4f (.text:UARTTiva_read)
                  0000a15a    00000064     ti.sysbios.fatfs.aem4f : ff.oem4f (.text:remove_chain)
                  0000a1be    00000002     --HOLE-- [fill = 0]
                  0000a1c0    00000064     sysbios.aem4f : BIOS.obj (.text:ti_sysbios_BIOS_rtsUnlock__I)
                  0000a224    00000062     ti.sysbios.fatfs.aem4f : ff.oem4f (.text:dir_register)
                  0000a286    00000002     --HOLE-- [fill = 0]
                  0000a288    00000060     rtsv7M4_T_le_v4SPD16_eabi.lib : trgmsg.obj (.text)
                  0000a2e8    00000060     sysbios.aem4f : BIOS.obj (.text:ti_sysbios_knl_Clock_logTick__E)
                  0000a348    00000060     szime2.0_pem4f.oem4f (.text:ti_uia_runtime_LoggerStopMode_Object__create__S)
                  0000a3a8    0000005e     rtsv7M4_T_le_v4SPD16_eabi.lib : copy_decompress_rle.obj (.text)
                  0000a406    00000002     --HOLE-- [fill = 0]
                  0000a408    0000005c     sysbios.aem4f : BIOS.obj (.text:ti_sysbios_knl_Swi_restoreHwi__E)
                  0000a464    0000005b     ti.targets.arm.rtsarm.aem4f : Text.oem4f (.text:xdc_runtime_Text_putLab__F)
                  0000a4bf    00000001     --HOLE-- [fill = 0]
                  0000a4c0    0000005a     ti.uia.runtime.aem4f : LoggerStopMode.oem4f (.text:ti_uia_runtime_LoggerStopMode_readBlockOfMemory__I)
                  0000a51a    00000002     --HOLE-- [fill = 0]
                  0000a51c    00000058     boot.aem4f : boot.oem4f (.text)
                  0000a574    00000058     sysbios.aem4f : BIOS.obj (.text:ti_sysbios_utils_Load_taskSwitchHook__E)
                  0000a5cc    00000054     ti.uia.runtime.aem4f : QueueDescriptor.oem4f (.text:ti_uia_runtime_QueueDescriptor_removeFromList__E)
                  0000a620    00000050     ti.targets.arm.rtsarm.aem4f : Startup.oem4f (.text:xdc_runtime_Startup_exec__F)
                  0000a670    00000050                                 : System.oem4f (.text:xdc_runtime_System_formatNum__I)
                  0000a6c0    00000050                                 : Text.oem4f (.text:xdc_runtime_Text_visitRope2__I)
                  0000a710    0000004c     sdspi_tivaware.aem4f : SDSPI.oem4f (.text:SDSPI_open)
                  0000a75c    0000004c     uart_tivaware.aem4f : UART.oem4f (.text:UART_Params_init)
                  0000a7a8    0000004c     szime2.0_pem4f.oem4f (.text:ti_sysbios_fatfs_startup)
                  0000a7f4    0000004c     sysbios.aem4f : BIOS.obj (.text:ti_sysbios_knl_Clock_getTicks__E)
                  0000a840    0000004c                   : BIOS.obj (.text:ti_sysbios_knl_Task_allBlockedFunction__I)
                  0000a88c    0000004a     ti.sysbios.fatfs.aem4f : ff.oem4f (.text:dir_find)
                  0000a8d6    0000004a     sdspi_tivaware.aem4f : SDSPITiva.oem4f (.text:wait_ready)
                  0000a920    00000048     driverlib.lib : gpio.obj (.text:GPIOPinConfigure)
                  0000a968    00000048     sysbios.aem4f : BIOS.obj (.text:ti_sysbios_family_arm_m3_Hwi_excReserved__I)
                  0000a9b0    00000048                   : BIOS.obj (.text:ti_sysbios_heaps_HeapMem_getStats__E)
                  0000a9f8    00000048                   : BIOS.obj (.text:ti_sysbios_knl_Semaphore_pendTimeout__I)
                  0000aa40    00000048     ti.targets.arm.rtsarm.aem4f : Assert.oem4f (.text:xdc_runtime_Assert_raise__I)
                  0000aa88    00000048                                 : Core-params.oem4f (.text:xdc_runtime_Core_assignParams__I)
                  0000aad0    00000046     ti.uia.runtime.aem4f : LoggerStopMode.oem4f (.text:ti_uia_runtime_LoggerStopMode_Instance_init__F)
                  0000ab16    00000002     --HOLE-- [fill = 0]
                  0000ab18    00000044     spi_tivaware.aem4f : SPI.oem4f (.text:SPI_open)
                  0000ab5c    00000044     uart_tivaware.aem4f : UART.oem4f (.text:UART_open)
                  0000aba0    00000044     ti.sysbios.fatfs.aem4f : ff.oem4f (.text:f_mount)
                  0000abe4    00000044     rtsv7M4_T_le_v4SPD16_eabi.lib : cpy_tbl.obj (.text)
                  0000ac28    00000044                                   : exit.obj (.text)
                  0000ac6c    00000044     sysbios.aem4f : BIOS.obj (.text:ti_sysbios_BIOS_errorRaiseHook__I)
                  0000acb0    00000044                   : BIOS.obj (.text:ti_sysbios_family_arm_m3_Hwi_disableInterrupt__E)
                  0000acf4    00000044                   : BIOS.obj (.text:ti_sysbios_family_arm_m3_Hwi_enableInterrupt__E)
                  0000ad38    00000044     ti.uia.runtime.aem4f : LoggerStopMode.oem4f (.text:ti_uia_runtime_LoggerStopMode_filterOutEvent__I)
                  0000ad7c    00000044                          : LoggerStopMode.oem4f (.text:ti_uia_runtime_LoggerStopMode_reset__F)
                  0000adc0    00000044     ti.targets.arm.rtsarm.aem4f : SysMin.oem4f (.text:xdc_runtime_SysMin_flush__F)
                  0000ae04    00000042     driverlib.lib : ssi.obj (.text:SSIConfigSetExpClk)
                  0000ae46    00000002     --HOLE-- [fill = 0]
                  0000ae48    00000040     EKS_LM4F232.obj (.text:EKS_LM4F232_initSDSPI)
                  0000ae88    00000040     driverlib.lib : uart.obj (.text:UARTConfigSetExpClk)
                  0000aec8    00000040     uart_tivaware.aem4f : UARTTiva.oem4f (.text:UARTTiva_writePolling)
                  0000af08    00000040     ti.sysbios.fatfs.aem4f : ff.oem4f (.text:dir_read)
                  0000af48    00000040     sysbios.aem4f : BIOS.obj (.text:ti_sysbios_family_arm_lm4_Timer_startup__E)
                  0000af88    00000040     szime2.0_pem4f.oem4f (.text:ti_sysbios_knl_Semaphore_Object__create__S)
                  0000afc8    00000040     sysbios.aem4f : BIOS.obj (.text:ti_sysbios_knl_Swi_startup__E)
                  0000b008    00000040     ti.targets.arm.rtsarm.aem4f : System.oem4f (.text:xdc_runtime_System_atexit__F)
                  0000b048    0000003c     EKS_LM4F232.obj (.text:EKS_LM4F232_errorDMAHwi)
                  0000b084    0000003c     sysbios.aem4f : BIOS.obj (.text:ti_sysbios_family_arm_m3_Hwi_excSvCall__I)
                  0000b0c0    0000003c                   : BIOS.obj (.text:ti_sysbios_family_arm_m3_TaskSupport_start__E)
                  0000b0fc    0000003c                   : BIOS.obj (.text:ti_sysbios_heaps_HeapMem_init__I)
                  0000b138    0000003c     ti.targets.arm.rtsarm.aem4f : Text.oem4f (.text:xdc_runtime_Text_xprintf__I)
                  0000b174    00000038     sdspi_tivaware.aem4f : SDSPI.oem4f (.text:SDSPI_close)
                  0000b1ac    00000038                          : SDSPI.oem4f (.text:SDSPI_init)
                  0000b1e4    00000038     spi_tivaware.aem4f : SPI.oem4f (.text:SPI_Params_init)
                  0000b21c    00000038                        : SPI.oem4f (.text:SPI_close)
                  0000b254    00000038                        : SPI.oem4f (.text:SPI_init)
                  0000b28c    00000038     uart_tivaware.aem4f : UART.oem4f (.text:UART_init)
                  0000b2c4    00000038     sysbios.aem4f : BIOS.obj (.text:ti_sysbios_family_arm_m3_Hwi_excNoIsr__I)
                  0000b2fc    00000038                   : BIOS.obj (.text:ti_sysbios_family_arm_m3_Hwi_getStackInfo__E)
                  0000b334    00000038     szime2.0_pem4f.oem4f (.text:ti_sysbios_gates_GateHwi_Object__create__S)
                  0000b36c    00000038     szime2.0_pem4f.oem4f (.text:ti_sysbios_gates_GateMutex_Object__create__S)
                  0000b3a4    00000038     szime2.0_pem4f.oem4f (.text:ti_sysbios_heaps_HeapMem_Object__create__S)
                  0000b3dc    00000038     szime2.0_pem4f.oem4f (.text:ti_sysbios_knl_Queue_Object__create__S)
                  0000b414    00000038     ti.targets.arm.rtsarm.aem4f : SysMin.oem4f (.text:xdc_runtime_SysMin_putch__F)
                  0000b44c    00000034     spi_tivaware.aem4f : SPI.oem4f (.text:SPI_transfer)
                  0000b480    00000034     driverlib.lib : sysctl.obj (.text:SysCtlPeripheralEnable)
                  0000b4b4    00000034     uart_tivaware.aem4f : UART.oem4f (.text:UART_write)
                  0000b4e8    00000034     ti.sysbios.fatfs.aem4f : ffcio.oem4f (.text:ffcio_lseek)
                  0000b51c    00000034     sysbios.aem4f : BIOS.obj (.text:ti_sysbios_family_arm_m3_Hwi_excNmi__I)
                  0000b550    00000034                   : BIOS.obj (.text:ti_sysbios_hal_Hwi_checkStack:ti_sysbios_hal_Hwi_checkStack)
                  0000b584    00000034                   : BIOS.obj (.text:ti_sysbios_knl_Task_restore__E)
                  0000b5b8    00000034                   : BIOS.obj (.text:ti_sysbios_knl_Task_sleepTimeout__I)
                  0000b5ec    00000032                   : BIOS.obj (.text:ti_sysbios_hal_Hwi_Instance_init__F)
                  0000b61e    00000030     uart_tivaware.aem4f : UARTTiva.oem4f (.text:UARTTiva_readCancel)
                  0000b64e    00000030                         : UARTTiva.oem4f (.text:UARTTiva_writeCancel)
                  0000b67e    00000030     rtsv7M4_T_le_v4SPD16_eabi.lib : strncpy.obj (.text)
                  0000b6ae    00000002     --HOLE-- [fill = 0]
                  0000b6b0    00000030     szime2.0_pem4f.oem4f (.text:ti_sysbios_BIOS_exitFunc__I)
                  0000b6e0    00000030     sysbios.aem4f : BIOS.obj (.text:ti_sysbios_family_arm_lm4_Timer_enableTimers__I)
                  0000b710    00000030                   : BIOS.obj (.text:ti_sysbios_knl_Clock_Module_startup__F)
                  0000b740    00000030                   : BIOS.obj (.text:ti_sysbios_knl_Idle_run__E)
                  0000b770    00000030     ti.sysbios.fatfs.aem4f : ff.oem4f (.text:validate)
                  0000b7a0    00000030     ti.targets.arm.rtsarm.aem4f : Core-label.oem4f (.text:xdc_runtime_Core_assignLabel__I)
                  0000b7d0    00000030                                 : SysMin.oem4f (.text:xdc_runtime_SysMin_abort__F)
                  0000b800    0000002f                                 : Text.oem4f (.text:xdc_runtime_Text_printVisFxn__I)
                  0000b82f    00000001     --HOLE-- [fill = 0]
                  0000b830    0000002e     szime2.0_pem4f.oem4f (.text:malloc)
                  0000b85e    0000002e     EKS_LM4F232.obj (.text:ti_sysbios_hal_Hwi_create)
                  0000b88c    0000002c     sdspi_tivaware.aem4f : SDSPI.oem4f (.text:SDSPI_Params_init)
                  0000b8b8    0000002c     ti.sysbios.fatfs.aem4f : diskio.oem4f (.text:disk_register)
                  0000b8e4    0000002c     sysbios.aem4f : BIOS.obj (.text:ti_sysbios_hal_Hwi_initStack:ti_sysbios_hal_Hwi_initStack)
                  0000b910    0000002c     szime2.0_pem4f.oem4f (.text:ti_sysbios_knl_Clock_doTick__I)
                  0000b93c    0000002c     ti.uia.runtime.aem4f : LoggerStopMode.oem4f (.text:ti_uia_runtime_LoggerStopMode_Module_startup__F)
                  0000b968    0000002c                          : LoggerStopMode.oem4f (.text:ti_uia_runtime_LoggerStopMode_disable__E)
                  0000b994    0000002c                          : LoggerStopMode.oem4f (.text:ti_uia_runtime_LoggerStopMode_enable__E)
                  0000b9c0    0000002c     driverlib.lib : udma.obj (.text:uDMAChannelAssign)
                  0000b9ec    0000002c     ti.targets.arm.rtsarm.aem4f : System.oem4f (.text:xdc_runtime_System_rtsExit__I)
                  0000ba18    0000002c                                 : Text.oem4f (.text:xdc_runtime_Text_cordText__F)
                  0000ba44    0000002a     driverlib.lib : gpio.obj (.text:GPIODirModeSet)
                  0000ba6e    0000002a     szime2.0teszt.obj (.text:GPIOTicker)
                  0000ba98    0000002a     ti.sysbios.fatfs.aem4f : syncsysbios.oem4f (.text:ff_cre_syncobj)
                  0000bac2    0000002a     ti.targets.arm.rtsarm.aem4f : System.oem4f (.text:xdc_runtime_System_putchar__I)
                  0000baec    00000028     sysbios.aem4f : m3_Hwi_asm_switch.obj (.text:_ti_sysbios_family_arm_m3_Hwi_initStacks__E)
                  0000bb14    00000028     szime2.0_pem4f.oem4f (.text:ti_sysbios_BIOS_startFunc__I)
                  0000bb3c    00000028     sysbios.aem4f : BIOS.obj (.text:ti_sysbios_family_arm_m3_Hwi_Instance_finalize__F)
                  0000bb64    00000028                   : BIOS.obj (.text:ti_sysbios_gates_GateMutex_Instance_init__F)
                  0000bb8c    00000028     ti.uia.runtime.aem4f : LogSync.oem4f (.text:ti_uia_runtime_LogSync_Module_startup__F)
                  0000bbb4    00000028                          : QueueDescriptor.oem4f (.text:ti_uia_runtime_QueueDescriptor_initHeader__E)
                  0000bbdc    00000026     ti.targets.arm.rtsarm.aem4f : System.oem4f (.text:xdc_runtime_System_avprintf__F)
                  0000bc02    00000002     --HOLE-- [fill = 0]
                  0000bc04    00000024     gpio_tivaware.aem4f : GPIO.oem4f (.text:GPIO_init)
                  0000bc28    00000024     ti.sysbios.fatfs.aem4f : ff.oem4f (.text:dir_remove)
                  0000bc4c    00000024                            : diskio.oem4f (.text:disk_unregister)
                  0000bc70    00000024                            : ffcio.oem4f (.text:ffcio_close)
                  0000bc94    00000024     sysbios.aem4f : BIOS.obj (.text:ti_sysbios_BIOS_registerRTSLock__I)
                  0000bcb8    00000024                   : BIOS.obj (.text:ti_sysbios_family_arm_m3_Hwi_doTaskRestore__I)
                  0000bcdc    00000024     szime2.0_pem4f.oem4f (.text:ti_sysbios_gates_GateMutex_Object__delete__S)
                  0000bd00    00000024     szime2.0_pem4f.oem4f (.text:ti_sysbios_knl_Semaphore_Object__delete__S)
                  0000bd24    00000024     sysbios.aem4f : BIOS.obj (.text:ti_sysbios_knl_Swi_Module_startup__F)
                  0000bd48    00000024     ti.uia.runtime.aem4f : LoggerStopMode.oem4f (.text:ti_uia_runtime_LoggerStopMode_Instance_finalize__F)
                  0000bd6c    00000024     driverlib.lib : udma.obj (.text:uDMAChannelControlSet)
                  0000bd90    00000024     ti.targets.arm.rtsarm.aem4f : System.oem4f (.text:xdc_runtime_System_vprintf__F)
                  0000bdb4    00000022     szime2.0_pem4f.oem4f (.text:xdc_runtime_SysMin_output__I)
                  0000bdd6    00000002     --HOLE-- [fill = 0]
                  0000bdd8    00000020     ti.sysbios.fatfs.aem4f : ffcio.oem4f (.text:ffcio_read)
                  0000bdf8    00000020                            : ffcio.oem4f (.text:ffcio_write)
                  0000be18    00000020     szime2.0_pem4f.oem4f (.text:ti_sysbios_family_arm_m3_Hwi_Object__delete__S)
                  0000be38    00000020     szime2.0_pem4f.oem4f (.text:ti_sysbios_gates_GateHwi_Object__delete__S)
                  0000be58    00000020     szime2.0_pem4f.oem4f (.text:ti_sysbios_hal_Hwi_Object__delete__S)
                  0000be78    00000020     szime2.0_pem4f.oem4f (.text:ti_sysbios_heaps_HeapMem_Object__delete__S)
                  0000be98    00000020     szime2.0_pem4f.oem4f (.text:ti_sysbios_knl_Semaphore_Object__destruct__S)
                  0000beb8    00000020     sysbios.aem4f : BIOS.obj (.text:ti_sysbios_knl_Task_enter__I)
                  0000bed8    00000020     szime2.0_pem4f.oem4f (.text:ti_uia_runtime_LoggerStopMode_Object__delete__S)
                  0000bef8    00000020     ti.targets.arm.rtsarm.aem4f : Registry.oem4f (.text:xdc_runtime_Registry_findById__F)
                  0000bf18    00000020                                 : SysMin.oem4f (.text:xdc_runtime_SysMin_Module_startup__F)
                  0000bf38    0000001c     driverlib.lib : uart.obj (.text:UARTDisable)
                  0000bf54    0000001c     ti.sysbios.fatfs.aem4f : diskio.oem4f (.text:disk_initialize)
                  0000bf70    0000001c                            : diskio.oem4f (.text:disk_ioctl)
                  0000bf8c    0000001c                            : diskio.oem4f (.text:disk_read)
                  0000bfa8    0000001c                            : diskio.oem4f (.text:disk_status)
                  0000bfc4    0000001c                            : diskio.oem4f (.text:disk_write)
                  0000bfe0    0000001c                            : ff.oem4f (.text:mem_cmp)
                  0000bffc    0000001c     sysbios.aem4f : BIOS.obj (.text:ti_sysbios_BIOS_rtsLock__I)
                  0000c018    0000001c                   : BIOS.obj (.text:ti_sysbios_family_arm_m3_Hwi_clearInterrupt__E)
                  0000c034    0000001c     szime2.0_pem4f.oem4f (.text:ti_sysbios_knl_Queue_Object__destruct__S)
                  0000c050    0000001c     ti.targets.arm.rtsarm.aem4f : Error.oem4f (.text:xdc_runtime_Error_check__F)
                  0000c06c    0000001c                                 : Memory.oem4f (.text:xdc_runtime_Memory_valloc__F)
                  0000c088    0000001c                                 : SysMin.oem4f (.text:xdc_runtime_SysMin_exit__F)
                  0000c0a4    0000001a     szime2.0_pem4f.oem4f (.text:ti_sysbios_family_arm_m3_Hwi_Handle__label__S)
                  0000c0be    0000001a     szime2.0_pem4f.oem4f (.text:ti_sysbios_gates_GateHwi_Handle__label__S)
                  0000c0d8    0000001a     szime2.0_pem4f.oem4f (.text:ti_sysbios_gates_GateMutex_Handle__label__S)
                  0000c0f2    0000001a     szime2.0_pem4f.oem4f (.text:ti_sysbios_heaps_HeapMem_Handle__label__S)
                  0000c10c    0000001a     szime2.0_pem4f.oem4f (.text:ti_sysbios_knl_Swi_Handle__label__S)
                  0000c126    0000001a     szime2.0_pem4f.oem4f (.text:ti_sysbios_knl_Task_Handle__label__S)
                  0000c140    0000001a     szime2.0_pem4f.oem4f (.text:ti_uia_runtime_LoggerStopMode_Handle__label__S)
                  0000c15a    0000001a     szime2.0_pem4f.oem4f (.text:xdc_runtime_System_aprintf__E)
                  0000c174    0000001a     szime2.0_pem4f.oem4f (.text:xdc_runtime_System_printf__E)
                  0000c18e    00000018     sysbios.aem4f : m3_TaskSupport_asm.obj (.text:_ti_sysbios_family_arm_m3_TaskSupport_swap__E)
                  0000c1a6    00000018     ti.sysbios.fatfs.aem4f : ff.oem4f (.text:clust2sect)
                  0000c1be    00000018     szime2.0_pem4f.oem4f (.text:free)
                  0000c1d6    00000002     --HOLE-- [fill = 0]
                  0000c1d8    00000018     rtsv7M4_T_le_v4SPD16_eabi.lib : args_main.obj (.text)
                  0000c1f0    00000018                                   : strcmp.obj (.text)
                  0000c208    00000018     szime2.0_pem4f.oem4f (.text:ti_sysbios_family_arm_lm4_Timer_Module__startupDone__F)
                  0000c220    00000018     szime2.0_pem4f.oem4f (.text:ti_sysbios_family_arm_m3_Hwi_Module__startupDone__F)
                  0000c238    00000018     sysbios.aem4f : BIOS.obj (.text:ti_sysbios_gates_GateMutex_leave__E)
                  0000c250    00000018     szime2.0_pem4f.oem4f (.text:ti_sysbios_hal_Timer_Module__startupDone__F)
                  0000c268    00000018     driverlib.lib : udma.obj (.text:uDMAChannelEnable)
                  0000c280    00000018                   : udma.obj (.text:uDMAChannelIsEnabled)
                  0000c298    00000018     ti.sysbios.fatfs.aem4f : ff.oem4f (.text:unlock_fs)
                  0000c2b0    00000018     ti.targets.arm.rtsarm.aem4f : Text.oem4f (.text:xdc_runtime_Text_ropeText__F)
                  0000c2c8    00000016     rtsv7M4_T_le_v4SPD16_eabi.lib : strchr.obj (.text)
                  0000c2de    00000016     EKS_LM4F232.obj (.text:ti_sysbios_hal_Hwi_Params_init)
                  0000c2f4    00000016     ti.uia.runtime.aem4f : LoggerStopMode.oem4f (.text:ti_uia_runtime_LoggerStopMode_getFreeSize__E)
                  0000c30a    00000016                          : LoggerStopMode.oem4f (.text:ti_uia_runtime_LoggerStopMode_getUnreadSize__E)
                  0000c320    00000014     driverlib.lib : uart.obj (.text:UARTEnable)
                  0000c334    00000014     rtsv7M4_T_le_v4SPD16_eabi.lib : _lock.obj (.text)
                  0000c348    00000014                                   : strlen.obj (.text)
                  0000c35c    00000014     sysbios.aem4f : BIOS.obj (.text:ti_sysbios_family_arm_m3_Hwi_disableFxn__E)
                  0000c370    00000014                   : BIOS.obj (.text:ti_sysbios_family_arm_m3_Hwi_switchFromBootStack__E)
                  0000c384    00000014                   : BIOS.obj (.text:ti_sysbios_gates_GateHwi_enter__E)
                  0000c398    00000014     szime2.0_pem4f.oem4f (.text:ti_sysbios_heaps_HeapMem_Object__get__S)
                  0000c3ac    00000014     szime2.0_pem4f.oem4f (.text:ti_sysbios_knl_Swi_Object__get__S)
                  0000c3c0    00000014     szime2.0_pem4f.oem4f (.text:ti_sysbios_knl_Task_Object__first__S)
                  0000c3d4    00000014     szime2.0_pem4f.oem4f (.text:ti_sysbios_knl_Task_Object__get__S)
                  0000c3e8    00000014     szime2.0_pem4f.oem4f (.text:ti_sysbios_knl_Task_Object__next__S)
                  0000c3fc    00000014     ti.uia.runtime.aem4f : LoggerStopMode.oem4f (.text:ti_uia_runtime_LoggerStopMode_write2__E)
                  0000c410    00000014     ti.targets.arm.rtsarm.aem4f : System.oem4f (.text:xdc_runtime_System_abort__F)
                  0000c424    00000012     driverlib.lib : gpio.obj (.text:GPIOPinTypeGPIOOutput)
                  0000c436    00000012                   : gpio.obj (.text:GPIOPinTypeSSI)
                  0000c448    00000012                   : gpio.obj (.text:GPIOPinTypeUART)
                  0000c45a    00000012     sdspi_tivaware.aem4f : SDSPITiva.oem4f (.text:SDSPITiva_init)
                  0000c46c    00000012     driverlib.lib : ssi.obj (.text:SSIDataGetNonBlocking)
                  0000c47e    00000012     ti.sysbios.fatfs.aem4f : ff.oem4f (.text:chk_chr)
                  0000c490    00000012     rtsv7M4_T_le_v4SPD16_eabi.lib : copy_zero_init.obj (.text:decompress:ZI)
                  0000c4a2    00000012     ti.sysbios.fatfs.aem4f : ffcio.oem4f (.text:ffcio_rename)
                  0000c4b4    00000012                            : ffcio.oem4f (.text:ffcio_unlink)
                  0000c4c6    00000012     sysbios.aem4f : BIOS.obj (.text:ti_sysbios_hal_Hwi_Module_startup__F)
                  0000c4d8    00000012                   : BIOS.obj (.text:ti_sysbios_hal_Timer_Module_startup__F)
                  0000c4ea    00000012     ti.uia.runtime.aem4f : LoggerStopMode.oem4f (.text:ti_uia_runtime_LoggerStopMode_write1__E)
                  0000c4fc    00000012     szime2.0_pem4f.oem4f (.text:xdc_runtime_Startup_exec__I)
                  0000c50e    00000002     --HOLE-- [fill = 0]
                  0000c510    00000010     sdspi_tivaware.aem4f : SDSPITiva.oem4f (.text:SDSPI_diskStatus)
                  0000c520    00000010     sysbios.aem4f : m3_TaskSupport_asm.obj (.text:_ti_sysbios_family_arm_m3_TaskSupport_glue)
                  0000c530    00000010                   : m3_Hwi_asm_switch.obj (.text:_ti_sysbios_family_xxx_Hwi_switchToIsrStack)
                  0000c540    00000010     ti.sysbios.fatfs.aem4f : ff.oem4f (.text:f_close)
                  0000c550    00000010                            : ff.oem4f (.text:mem_cpy)
                  0000c560    00000010     rtsv7M4_T_le_v4SPD16_eabi.lib : strcpy.obj (.text)
                  0000c570    00000010     sysbios.aem4f : BIOS.obj (.text:ti_sysbios_BIOS_getCpuFreq__E)
                  0000c580    00000010                   : BIOS.obj (.text:ti_sysbios_BIOS_setThreadType__E)
                  0000c590    00000010                   : BIOS.obj (.text:ti_sysbios_BIOS_start__E)
                  0000c5a0    00000010                   : BIOS.obj (.text:ti_sysbios_family_arm_lm4_TimestampProvider_rolloverFunc__E)
                  0000c5b0    00000010                   : BIOS.obj (.text:ti_sysbios_family_arm_m3_Hwi_excHandler__I)
                  0000c5c0    00000010                   : BIOS.obj (.text:ti_sysbios_gates_GateMutex_Instance_finalize__F)
                  0000c5d0    00000010     szime2.0_pem4f.oem4f (.text:ti_sysbios_hal_Hwi_HwiProxy_Object__create__S)
                  0000c5e0    00000010     sysbios.aem4f : BIOS.obj (.text:ti_sysbios_knl_Semaphore_Instance_finalize__F)
                  0000c5f0    00000010                   : BIOS.obj (.text:ti_sysbios_knl_Swi_disable__E)
                  0000c600    00000010                   : BIOS.obj (.text:ti_sysbios_knl_Task_disable__E)
                  0000c610    00000010     szime2.0_pem4f.oem4f (.text:ti_uia_runtime_LoggerStopMode_Object__get__S)
                  0000c620    00000010     ti.uia.runtime.aem4f : LoggerStopMode.oem4f (.text:ti_uia_runtime_LoggerStopMode_write0__E)
                  0000c630    00000010     driverlib.lib : udma.obj (.text:uDMAEnable)
                  0000c640    00000010     ti.targets.arm.rtsarm.aem4f : Gate.oem4f (.text:xdc_runtime_Gate_leaveSystem__F)
                  0000c650    00000010                                 : Memory.oem4f (.text:xdc_runtime_Memory_free__F)
                  0000c660    00000010                                 : SysMin.oem4f (.text:xdc_runtime_SysMin_ready__F)
                  0000c670    00000010                                 : System.oem4f (.text:xdc_runtime_System_vsnprintf__F)
                  0000c680    00000010     szime2.0_pem4f.oem4f (.text:xdc_runtime_Text_visitRope__I)
                  0000c690    0000000e     driverlib.lib : uart.obj (.text:UARTCharGetNonBlocking)
                  0000c69e    0000000e                   : uart.obj (.text:UARTCharPutNonBlocking)
                  0000c6ac    0000000e     rtsv7M4_T_le_v4SPD16_eabi.lib : copy_decompress_none.obj (.text:decompress:none)
                  0000c6ba    0000000e     ti.sysbios.fatfs.aem4f : syncsysbios.oem4f (.text:ff_del_syncobj)
                  0000c6c8    0000000e                            : ff.oem4f (.text:mem_set)
                  0000c6d6    0000000e     sysbios.aem4f : BIOS.obj (.text:ti_sysbios_family_arm_m3_TaskSupport_checkStack__E)
                  0000c6e4    0000000e                   : BIOS.obj (.text:ti_sysbios_knl_Queue_empty__E)
                  0000c6f2    0000000e     ti.uia.runtime.aem4f : LoggerStopMode.oem4f (.text:ti_uia_runtime_LoggerStopMode_isEmpty__E)
                  0000c700    0000000c     szime2.0_pem4f.oem4f (.text:.bootCodeSection:ti_catalog_arm_cortexm4_tiva_ce_Boot_init__I)
                  0000c70c    0000000c     driverlib.lib : ssi.obj (.text:SSIDataGet)
                  0000c718    0000000c     sysbios.aem4f : m3_Hwi_asm_switch.obj (.text:_ti_sysbios_family_xxx_Hwi_switchToTaskStack)
                  0000c724    0000000c                   : BIOS.obj (.text:ti_sysbios_family_arm_lm4_Timer_masterDisable__I)
                  0000c730    0000000c                   : BIOS.obj (.text:ti_sysbios_family_arm_lm4_TimestampProvider_startTimer__E)
                  0000c73c    0000000c     szime2.0_pem4f.oem4f (.text:ti_sysbios_hal_Hwi_Params__init__S)
                  0000c748    0000000c     szime2.0_pem4f.oem4f (.text:ti_sysbios_knl_Queue_Object__get__S)
                  0000c754    0000000c     szime2.0_pem4f.oem4f (.text:ti_sysbios_knl_Semaphore_Params__init__S)
                  0000c760    0000000c     sysbios.aem4f : BIOS.obj (.text:ti_sysbios_utils_Load_taskRegHook__E)
                  0000c76c    0000000c     driverlib.lib : udma.obj (.text:uDMAControlBaseSet)
                  0000c778    0000000c                   : udma.obj (.text:uDMAErrorStatusClear)
                  0000c784    0000000c                   : udma.obj (.text:uDMAErrorStatusGet)
                  0000c790    0000000c     ti.targets.arm.rtsarm.aem4f : Error.oem4f (.text:xdc_runtime_Error_init__F)
                  0000c79c    0000000c                                 : Gate.oem4f (.text:xdc_runtime_Gate_enterSystem__F)
                  0000c7a8    0000000c                                 : Memory.oem4f (.text:xdc_runtime_Memory_calloc__F)
                  0000c7b4    0000000c                                 : Memory.oem4f (.text:xdc_runtime_Memory_getMaxDefaultTypeAlign__F)
                  0000c7c0    0000000c                                 : System.oem4f (.text:xdc_runtime_System_exit__F)
                  0000c7cc    0000000c                                 : System.oem4f (.text:xdc_runtime_System_lastFxn__I)
                  0000c7d8    0000000a     driverlib.lib : ssi.obj (.text:SSIDataPut)
                  0000c7e2    0000000a                   : ssi.obj (.text:SSIDisable)
                  0000c7ec    0000000a                   : ssi.obj (.text:SSIEnable)
                  0000c7f6    0000000a                   : ssi.obj (.text:SSIIntDisable)
                  0000c800    0000000a                   : uart.obj (.text:UARTCharGet)
                  0000c80a    0000000a                   : uart.obj (.text:UARTCharPut)
                  0000c814    0000000a                   : uart.obj (.text:UARTIntDisable)
                  0000c81e    0000000a                   : uart.obj (.text:UARTIntStatus)
                  0000c828    0000000a     sysbios.aem4f : BIOS.obj (.text:ti_sysbios_hal_Hwi_Instance_finalize__F)
                  0000c832    0000000a     szime2.0_pem4f.oem4f (.text:xdc_runtime_IHeap_alloc)
                  0000c83c    0000000a     szime2.0_pem4f.oem4f (.text:xdc_runtime_IHeap_free)
                  0000c846    00000008     spi_tivaware.aem4f : SPITivaDMA.oem4f (.text:SPITivaDMA_init)
                  0000c84e    00000008                        : SPITivaDMA.oem4f (.text:SPITivaDMA_transferCallback)
                  0000c856    00000008     driverlib.lib : ssi.obj (.text:SSIDMAEnable)
                  0000c85e    00000008                   : uart.obj (.text:UARTIntEnable)
                  0000c866    00000008     uart_tivaware.aem4f : UARTTiva.oem4f (.text:UARTTiva_init)
                  0000c86e    00000008     ti.sysbios.fatfs.aem4f : syncsysbios.oem4f (.text:ff_req_grant)
                  0000c876    00000008     uart_tivaware.aem4f : UARTTiva.oem4f (.text:readSemCallback)
                  0000c87e    00000008     sysbios.aem4f : BIOS.obj (.text:ti_sysbios_family_arm_m3_Hwi_doSwiRestore__I)
                  0000c886    00000008                   : BIOS.obj (.text:ti_sysbios_family_arm_m3_Hwi_startup__E)
                  0000c88e    00000002     --HOLE-- [fill = 0]
                  0000c890    00000008     szime2.0_pem4f.oem4f (.text:ti_sysbios_fatfs_getFatTime)
                  0000c898    00000008     sysbios.aem4f : BIOS.obj (.text:ti_sysbios_knl_Idle_loop__E)
                  0000c8a0    00000008     uart_tivaware.aem4f : UARTTiva.oem4f (.text:writeSemCallback)
                  0000c8a8    00000006     driverlib.lib : gpio.obj (.text:GPIOPinRead)
                  0000c8ae    00000006                   : gpio.obj (.text:GPIOPinWrite)
                  0000c8b4    00000006                   : uart.obj (.text:UARTFIFOLevelSet)
                  0000c8ba    00000006     ti.targets.arm.rtsarm.aem4f : xdc_noinit.oem4f (.text:__xdc__init)
                  0000c8c0    00000006     rtsv7M4_T_le_v4SPD16_eabi.lib : copy_decompress_rle.obj (.text:decompress:rle24)
                  0000c8c6    00000006     ti.sysbios.fatfs.aem4f : ff.oem4f (.text:lock_fs)
                  0000c8cc    00000006     Boot.aem4f : Boot_sysctl.oem4f (.text:ti_catalog_arm_cortexm4_tiva_ce_Boot_sysCtlDelayI__I)
                  0000c8d2    00000006     sysbios.aem4f : BIOS.obj (.text:ti_sysbios_family_arm_lm4_TimestampProvider_Module_startup__F)
                  0000c8d8    00000006                   : BIOS.obj (.text:ti_sysbios_family_arm_m3_Hwi_restoreFxn__E)
                  0000c8de    00000006                   : BIOS.obj (.text:ti_sysbios_gates_GateHwi_leave__E)
                  0000c8e4    00000006                   : BIOS.obj (.text:ti_sysbios_heaps_HeapMem_isBlocking__E)
                  0000c8ea    00000006                   : BIOS.obj (.text:ti_sysbios_knl_Queue_Instance_init__F)
                  0000c8f0    00000006     ti.uia.runtime.aem4f : LoggerStopMode.oem4f (.text:ti_uia_runtime_LoggerStopMode_getPriority__E)
                  0000c8f6    00000006                          : LoggerStopMode.oem4f (.text:ti_uia_runtime_LoggerStopMode_getTransferType__F)
                  0000c8fc    00000006     ti.targets.arm.rtsarm.aem4f : System.oem4f (.text:xdc_runtime_System_Module_startup__F)
                  0000c902    00000004     driverlib.lib : uart.obj (.text:UARTIntClear)
                  0000c906    00000004     ti.sysbios.fatfs.aem4f : syncsysbios.oem4f (.text:ff_rel_grant)
                  0000c90a    00000004     szime2.0_pem4f.oem4f (.text:ti_sysbios_BIOS_RtsGateProxy_enter__E)
                  0000c90e    00000004     szime2.0_pem4f.oem4f (.text:ti_sysbios_BIOS_RtsGateProxy_leave__E)
                  0000c912    00000004     sysbios.aem4f : BIOS.obj (.text:ti_sysbios_family_arm_lm4_Timer_getPeriod__E)
                  0000c916    00000004                   : BIOS.obj (.text:ti_sysbios_family_arm_lm4_Timer_masterEnable__I)
                  0000c91a    00000004     szime2.0_pem4f.oem4f (.text:ti_sysbios_family_arm_m3_TaskSupport_Module__startupDone__S)
                  0000c91e    00000004     sysbios.aem4f : BIOS.obj (.text:ti_sysbios_gates_GateHwi_query__F)
                  0000c922    00000004                   : BIOS.obj (.text:ti_sysbios_gates_GateMutex_query__F)
                  0000c926    00000004     szime2.0_pem4f.oem4f (.text:ti_sysbios_hal_Hwi_HwiProxy_Module__startupDone__S)
                  0000c92a    00000004     szime2.0_pem4f.oem4f (.text:ti_sysbios_hal_Hwi_HwiProxy_Object__delete__S)
                  0000c92e    00000004     szime2.0_pem4f.oem4f (.text:ti_sysbios_hal_Timer_TimerProxy_Module__startupDone__S)
                  0000c932    00000004     szime2.0_pem4f.oem4f (.text:ti_sysbios_hal_Timer_TimerProxy_getExpiredCounts__E)
                  0000c936    00000004     szime2.0_pem4f.oem4f (.text:ti_sysbios_hal_Timer_TimerProxy_getPeriod__E)
                  0000c93a    00000004     szime2.0_pem4f.oem4f (.text:ti_sysbios_hal_Timer_TimerProxy_setNextTick__E)
                  0000c93e    00000004     szime2.0_pem4f.oem4f (.text:ti_sysbios_heaps_HeapMem_Module_GateProxy_enter__E)
                  0000c942    00000004     szime2.0_pem4f.oem4f (.text:ti_sysbios_heaps_HeapMem_Module_GateProxy_leave__E)
                  0000c946    00000004     szime2.0_pem4f.oem4f (.text:ti_sysbios_knl_Task_SupportProxy_Module__startupDone__S)
                  0000c94a    00000004     sysbios.aem4f : BIOS.obj (.text:ti_sysbios_knl_Task_startup__E)
                  0000c94e    00000004     szime2.0_pem4f.oem4f (.text:ti_uia_runtime_LogSync_CpuTimestampProxy_Module__startupDone__S)
                  0000c952    00000004     szime2.0_pem4f.oem4f (.text:ti_uia_runtime_LogSync_GlobalTimestampProxy_Module__startupDone__S)
                  0000c956    00000004     ti.uia.runtime.aem4f : LoggerStopMode.oem4f (.text:ti_uia_runtime_LoggerStopMode_getInstanceId__E)
                  0000c95a    00000004                          : LoggerStopMode.oem4f (.text:ti_uia_runtime_LoggerStopMode_getMaxLength__E)
                  0000c95e    00000004                          : LoggerStopMode.oem4f (.text:ti_uia_runtime_LoggerStopMode_setPriority__E)
                  0000c962    00000004     ti.targets.arm.rtsarm.aem4f : Error.oem4f (.text:xdc_runtime_Error_getSite__F)
                  0000c966    00000004     szime2.0_pem4f.oem4f (.text:xdc_runtime_Memory_HeapProxy_alloc__E)
                  0000c96a    00000004     szime2.0_pem4f.oem4f (.text:xdc_runtime_Memory_HeapProxy_free__E)
                  0000c96e    00000004     szime2.0_pem4f.oem4f (.text:xdc_runtime_System_Module_GateProxy_enter__E)
                  0000c972    00000004     szime2.0_pem4f.oem4f (.text:xdc_runtime_System_Module_GateProxy_leave__E)
                  0000c976    00000004     ti.targets.arm.rtsarm.aem4f : System.oem4f (.text:xdc_runtime_System_aprintf_va__F)
                  0000c97a    00000004                                 : System.oem4f (.text:xdc_runtime_System_printf_va__F)
                  0000c97e    00000004     szime2.0_pem4f.oem4f (.text:xdc_runtime_System_vsnprintf__E)
                  0000c982    00000004     szime2.0_pem4f.oem4f (.text:xdc_runtime_TimestampNull_Module__startupDone__S)
                  0000c986    00000004     szime2.0_pem4f.oem4f (.text:xdc_runtime_Timestamp_Module__startupDone__S)

.const     0    0000c98c    0000314e     
                  0000c98c    000022ae     szime2.0_pem4f.oem4f (.const:xdc_runtime_Text_charTab__A)
                  0000ec3a    00000241     szime2.0teszt.obj (.const:.string:textarray)
                  0000ee7b    00000001     szime2.0_pem4f.oem4f (.const:ti_sysbios_knl_Clock_tickMode__C)
                  0000ee7c    00000114     szime2.0_pem4f.oem4f (.const:xdc_runtime_Text_nodeTab__A)
                  0000ef90    000000d8     szime2.0_pem4f.oem4f (.const:ti_sysbios_family_arm_m3_Hwi_priorities__A)
                  0000f068    000000b4     EKS_LM4F232.obj (.const:gpioHWAttrs)
                  0000f11c    00000078     driverlib.lib : gpio.obj (.const:g_pui32GPIOBaseAddrs)
                  0000f194    00000070     EKS_LM4F232.obj (.const:spiTivaDMAHWAttrs)
                  0000f204    00000060     EKS_LM4F232.obj (.const:UART_config)
                  0000f264    00000060     szime2.0_pem4f.oem4f (.const:ti_uia_runtime_LoggerStopMode_Module__FXNS__C)
                  0000f2c4    00000048     szime2.0_pem4f.oem4f (.const:.string)
                  0000f30c    00000040     EKS_LM4F232.obj (.const:GPIO_config)
                  0000f34c    0000003c     EKS_LM4F232.obj (.const:SPI_config)
                  0000f388    00000038     EKS_LM4F232.obj (.const:uartTivaHWAttrs)
                  0000f3c0    00000030     szime2.0_pem4f.oem4f (.const:ti_sysbios_family_arm_m3_Hwi_Object__PARAMS__C)
                  0000f3f0    00000030     szime2.0_pem4f.oem4f (.const:ti_sysbios_knl_Task_hooks__A)
                  0000f420    00000030     szime2.0_pem4f.oem4f (.const:ti_uia_runtime_LoggerStopMode_Object__PARAMS__C)
                  0000f450    00000030     szime2.0_pem4f.oem4f (.const:xdc_runtime_Startup_sfxnTab__A)
                  0000f480    0000002c     szime2.0_pem4f.oem4f (.const:ti_sysbios_hal_Hwi_Object__PARAMS__C)
                  0000f4ac    00000029     szime2.0teszt.obj (.const:.string)
                  0000f4d5    00000001     szime2.0_pem4f.oem4f (.const:ti_sysbios_knl_Clock_tickSource__C)
                  0000f4d6    00000002     szime2.0_pem4f.oem4f (.const:ti_catalog_arm_cortexm4_tiva_ce_Boot_Module__id__C)
                  0000f4d8    00000028     szime2.0_pem4f.oem4f (.const:ti_sysbios_heaps_HeapMem_Module__FXNS__C)
                  0000f500    00000024     uart_tivaware.aem4f : UARTTiva.oem4f (.const:UARTTiva_fxnTable)
                  0000f524    00000024     EKS_LM4F232.obj (.const:sdspiTivaHWattrs)
                  0000f548    00000024     szime2.0_pem4f.oem4f (.const:ti_sysbios_gates_GateHwi_Module__FXNS__C)
                  0000f56c    00000024     szime2.0_pem4f.oem4f (.const:ti_sysbios_gates_GateMutex_Module__FXNS__C)
                  0000f590    00000024     szime2.0_pem4f.oem4f (.const:ti_sysbios_heaps_HeapMem_Object__PARAMS__C)
                  0000f5b4    00000024     szime2.0_pem4f.oem4f (.const:ti_sysbios_knl_Semaphore_Object__PARAMS__C)
                  0000f5d8    00000020     spi_tivaware.aem4f : SPITivaDMA.oem4f (.const)
                  0000f5f8    00000020     szime2.0_pem4f.oem4f (.const:ti_sysbios_family_arm_m3_Hwi_Object__DESC__C)
                  0000f618    00000020     szime2.0_pem4f.oem4f (.const:ti_sysbios_gates_GateHwi_Object__DESC__C)
                  0000f638    00000020     szime2.0_pem4f.oem4f (.const:ti_sysbios_gates_GateMutex_Object__DESC__C)
                  0000f658    00000020     szime2.0_pem4f.oem4f (.const:ti_sysbios_hal_Hwi_Object__DESC__C)
                  0000f678    00000020     szime2.0_pem4f.oem4f (.const:ti_sysbios_heaps_HeapMem_Object__DESC__C)
                  0000f698    00000020     szime2.0_pem4f.oem4f (.const:ti_sysbios_knl_Queue_Object__DESC__C)
                  0000f6b8    00000020     szime2.0_pem4f.oem4f (.const:ti_sysbios_knl_Semaphore_Object__DESC__C)
                  0000f6d8    00000020     szime2.0_pem4f.oem4f (.const:ti_uia_runtime_LoggerStopMode_Object__DESC__C)
                  0000f6f8    00000018     EKS_LM4F232.obj (.const)
                  0000f710    00000018     szime2.0_pem4f.oem4f (.const:ti_sysbios_gates_GateHwi_Object__PARAMS__C)
                  0000f728    00000018     szime2.0_pem4f.oem4f (.const:ti_sysbios_gates_GateMutex_Object__PARAMS__C)
                  0000f740    00000018     szime2.0_pem4f.oem4f (.const:ti_sysbios_knl_Queue_Object__PARAMS__C)
                  0000f758    00000018     szime2.0_pem4f.oem4f (.const:xdc_runtime_Startup_sfxnRts__A)
                  0000f770    00000014     szime2.0_pem4f.oem4f (.const:xdc_runtime_Startup_firstFxns__A)
                  0000f784    00000011     ti.targets.arm.rtsarm.aem4f : System.oem4f (.const)
                  0000f795    00000001     szime2.0_pem4f.oem4f (.const:xdc_runtime_Error_policy__C)
                  0000f796    00000002     szime2.0_pem4f.oem4f (.const:ti_sysbios_BIOS_Module__id__C)
                  0000f798    0000000c     sdspi_tivaware.aem4f : SDSPITiva.oem4f (.const)
                  0000f7a4    00000008     szime2.0_pem4f.oem4f (.const:ti_sysbios_family_arm_m3_Hwi_excHookFuncs__A)
                  0000f7ac    00000008     szime2.0_pem4f.oem4f (.const:ti_sysbios_knl_Idle_coreList__A)
                  0000f7b4    00000008     szime2.0_pem4f.oem4f (.const:ti_sysbios_knl_Idle_coreList__C)
                  0000f7bc    00000008     szime2.0_pem4f.oem4f (.const:ti_sysbios_knl_Idle_funcList__A)
                  0000f7c4    00000008     szime2.0_pem4f.oem4f (.const:ti_sysbios_knl_Idle_funcList__C)
                  0000f7cc    00000008     szime2.0_pem4f.oem4f (.const:ti_sysbios_knl_Task_hooks__C)
                  0000f7d4    00000008     szime2.0_pem4f.oem4f (.const:xdc_runtime_Startup_firstFxns__C)
                  0000f7dc    00000008     szime2.0_pem4f.oem4f (.const:xdc_runtime_Startup_lastFxns__A)
                  0000f7e4    00000008     szime2.0_pem4f.oem4f (.const:xdc_runtime_Startup_lastFxns__C)
                  0000f7ec    00000004     szime2.0_pem4f.oem4f (.const:ti_catalog_arm_cortexm4_tiva_ce_Boot_A_mustUseEnhancedClockMode__C)
                  0000f7f0    00000004     szime2.0_pem4f.oem4f (.const:ti_catalog_arm_cortexm4_tiva_ce_Boot_Module__diagsEnabled__C)
                  0000f7f4    00000004     szime2.0_pem4f.oem4f (.const:ti_catalog_arm_cortexm4_tiva_ce_Boot_Module__diagsIncluded__C)
                  0000f7f8    00000004     szime2.0_pem4f.oem4f (.const:ti_catalog_arm_cortexm4_tiva_ce_Boot_Module__diagsMask__C)
                  0000f7fc    00000004     szime2.0_pem4f.oem4f (.const:ti_sysbios_BIOS_Module__diagsEnabled__C)
                  0000f800    00000004     szime2.0_pem4f.oem4f (.const:ti_sysbios_BIOS_Module__diagsIncluded__C)
                  0000f804    00000004     szime2.0_pem4f.oem4f (.const:ti_sysbios_BIOS_Module__diagsMask__C)
                  0000f808    00000004     szime2.0_pem4f.oem4f (.const:ti_sysbios_BIOS_installedErrorHook__C)
                  0000f80c    00000004     szime2.0_pem4f.oem4f (.const:ti_sysbios_family_arm_lm4_Timer_numTimerDevices__C)
                  0000f810    00000004     szime2.0_pem4f.oem4f (.const:ti_sysbios_family_arm_lm4_Timer_startupNeeded__C)
                  0000f814    00000004     szime2.0_pem4f.oem4f (.const:ti_sysbios_family_arm_m3_Hwi_E_NMI__C)
                  0000f818    00000004     szime2.0_pem4f.oem4f (.const:ti_sysbios_family_arm_m3_Hwi_E_alreadyDefined__C)
                  0000f81c    00000004     szime2.0_pem4f.oem4f (.const:ti_sysbios_family_arm_m3_Hwi_E_busFault__C)
                  0000f820    00000004     szime2.0_pem4f.oem4f (.const:ti_sysbios_family_arm_m3_Hwi_E_debugMon__C)
                  0000f824    00000004     szime2.0_pem4f.oem4f (.const:ti_sysbios_family_arm_m3_Hwi_E_hardFault__C)
                  0000f828    00000004     szime2.0_pem4f.oem4f (.const:ti_sysbios_family_arm_m3_Hwi_E_memFault__C)
                  0000f82c    00000004     szime2.0_pem4f.oem4f (.const:ti_sysbios_family_arm_m3_Hwi_E_noIsr__C)
                  0000f830    00000004     szime2.0_pem4f.oem4f (.const:ti_sysbios_family_arm_m3_Hwi_E_reserved__C)
                  0000f834    00000004     szime2.0_pem4f.oem4f (.const:ti_sysbios_family_arm_m3_Hwi_E_svCall__C)
                  0000f838    00000004     szime2.0_pem4f.oem4f (.const:ti_sysbios_family_arm_m3_Hwi_E_usageFault__C)
                  0000f83c    00000004     szime2.0_pem4f.oem4f (.const:ti_sysbios_family_arm_m3_Hwi_LD_end__C)
                  0000f840    00000004     szime2.0_pem4f.oem4f (.const:ti_sysbios_family_arm_m3_Hwi_LM_begin__C)
                  0000f844    00000004     szime2.0_pem4f.oem4f (.const:ti_sysbios_family_arm_m3_Hwi_Module__diagsEnabled__C)
                  0000f848    00000004     szime2.0_pem4f.oem4f (.const:ti_sysbios_family_arm_m3_Hwi_Module__diagsIncluded__C)
                  0000f84c    00000004     szime2.0_pem4f.oem4f (.const:ti_sysbios_family_arm_m3_Hwi_Module__diagsMask__C)
                  0000f850    00000004     szime2.0_pem4f.oem4f (.const:ti_sysbios_family_arm_m3_Hwi_Module__loggerFxn1__C)
                  0000f854    00000004     szime2.0_pem4f.oem4f (.const:ti_sysbios_family_arm_m3_Hwi_Module__loggerFxn8__C)
                  0000f858    00000004     szime2.0_pem4f.oem4f (.const:ti_sysbios_family_arm_m3_Hwi_Module__loggerObj__C)
                  0000f85c    00000004     szime2.0_pem4f.oem4f (.const:ti_sysbios_family_arm_m3_Hwi_NUM_INTERRUPTS__C)
                  0000f860    00000004     szime2.0_pem4f.oem4f (.const:ti_sysbios_family_arm_m3_Hwi_ccr__C)
                  0000f864    00000004     szime2.0_pem4f.oem4f (.const:ti_sysbios_family_arm_m3_Hwi_disablePriority__C)
                  0000f868    00000004     szime2.0_pem4f.oem4f (.const:ti_sysbios_family_arm_m3_Hwi_dispatchTable__C)
                  0000f86c    00000004     szime2.0_pem4f.oem4f (.const:ti_sysbios_family_arm_m3_Hwi_excHandlerFunc__C)
                  0000f870    00000004     szime2.0_pem4f.oem4f (.const:ti_sysbios_family_arm_m3_Hwi_excHookFuncs__C)
                  0000f874    00000004     szime2.0_pem4f.oem4f (.const:ti_sysbios_family_arm_m3_Hwi_priGroup__C)
                  0000f878    00000004     szime2.0_pem4f.oem4f (.const:ti_sysbios_family_arm_m3_Hwi_priorities__C)
                  0000f87c    00000004     szime2.0_pem4f.oem4f (.const:ti_sysbios_gates_GateMutex_A_badContext__C)
                  0000f880    00000004     szime2.0_pem4f.oem4f (.const:ti_sysbios_gates_GateMutex_Instance_State_sem__O)
                  0000f884    00000004     szime2.0_pem4f.oem4f (.const:ti_sysbios_gates_GateMutex_Module__diagsEnabled__C)
                  0000f888    00000004     szime2.0_pem4f.oem4f (.const:ti_sysbios_gates_GateMutex_Module__diagsIncluded__C)
                  0000f88c    00000004     szime2.0_pem4f.oem4f (.const:ti_sysbios_gates_GateMutex_Module__diagsMask__C)
                  0000f890    00000004     szime2.0_pem4f.oem4f (.const:ti_sysbios_hal_Hwi_E_stackOverflow__C)
                  0000f894    00000004     szime2.0_pem4f.oem4f (.const:ti_sysbios_heaps_HeapMem_A_align__C)
                  0000f898    00000004     szime2.0_pem4f.oem4f (.const:ti_sysbios_heaps_HeapMem_A_heapSize__C)
                  0000f89c    00000004     szime2.0_pem4f.oem4f (.const:ti_sysbios_heaps_HeapMem_A_invalidFree__C)
                  0000f8a0    00000004     szime2.0_pem4f.oem4f (.const:ti_sysbios_heaps_HeapMem_A_zeroBlock__C)
                  0000f8a4    00000004     szime2.0_pem4f.oem4f (.const:ti_sysbios_heaps_HeapMem_E_memory__C)
                  0000f8a8    00000004     szime2.0_pem4f.oem4f (.const:ti_sysbios_heaps_HeapMem_Module__diagsEnabled__C)
                  0000f8ac    00000004     szime2.0_pem4f.oem4f (.const:ti_sysbios_heaps_HeapMem_Module__diagsIncluded__C)
                  0000f8b0    00000004     szime2.0_pem4f.oem4f (.const:ti_sysbios_heaps_HeapMem_Module__diagsMask__C)
                  0000f8b4    00000004     szime2.0_pem4f.oem4f (.const:ti_sysbios_heaps_HeapMem_Module__gateObj__C)
                  0000f8b8    00000004     szime2.0_pem4f.oem4f (.const:ti_sysbios_heaps_HeapMem_Object__count__C)
                  0000f8bc    00000004     szime2.0_pem4f.oem4f (.const:ti_sysbios_heaps_HeapMem_reqAlign__C)
                  0000f8c0    00000004     szime2.0_pem4f.oem4f (.const:ti_sysbios_knl_Clock_LM_begin__C)
                  0000f8c4    00000004     szime2.0_pem4f.oem4f (.const:ti_sysbios_knl_Clock_LM_tick__C)
                  0000f8c8    00000004     szime2.0_pem4f.oem4f (.const:ti_sysbios_knl_Clock_LW_delayed__C)
                  0000f8cc    00000004     szime2.0_pem4f.oem4f (.const:ti_sysbios_knl_Clock_Module_State_clockQ__O)
                  0000f8d0    00000004     szime2.0_pem4f.oem4f (.const:ti_sysbios_knl_Clock_Module__diagsEnabled__C)
                  0000f8d4    00000004     szime2.0_pem4f.oem4f (.const:ti_sysbios_knl_Clock_Module__diagsIncluded__C)
                  0000f8d8    00000004     szime2.0_pem4f.oem4f (.const:ti_sysbios_knl_Clock_Module__diagsMask__C)
                  0000f8dc    00000004     szime2.0_pem4f.oem4f (.const:ti_sysbios_knl_Clock_Module__loggerFxn1__C)
                  0000f8e0    00000004     szime2.0_pem4f.oem4f (.const:ti_sysbios_knl_Clock_Module__loggerFxn2__C)
                  0000f8e4    00000004     szime2.0_pem4f.oem4f (.const:ti_sysbios_knl_Clock_Module__loggerObj__C)
                  0000f8e8    00000004     szime2.0_pem4f.oem4f (.const:ti_sysbios_knl_Semaphore_A_badContext__C)
                  0000f8ec    00000004     szime2.0_pem4f.oem4f (.const:ti_sysbios_knl_Semaphore_A_noEvents__C)
                  0000f8f0    00000004     szime2.0_pem4f.oem4f (.const:ti_sysbios_knl_Semaphore_A_overflow__C)
                  0000f8f4    00000004     szime2.0_pem4f.oem4f (.const:ti_sysbios_knl_Semaphore_A_pendTaskDisabled__C)
                  0000f8f8    00000004     szime2.0_pem4f.oem4f (.const:ti_sysbios_knl_Semaphore_Instance_State_pendQ__O)
                  0000f8fc    00000004     szime2.0_pem4f.oem4f (.const:ti_sysbios_knl_Semaphore_LM_pend__C)
                  0000f900    00000004     szime2.0_pem4f.oem4f (.const:ti_sysbios_knl_Semaphore_LM_post__C)
                  0000f904    00000004     szime2.0_pem4f.oem4f (.const:ti_sysbios_knl_Semaphore_Module__diagsEnabled__C)
                  0000f908    00000004     szime2.0_pem4f.oem4f (.const:ti_sysbios_knl_Semaphore_Module__diagsIncluded__C)
                  0000f90c    00000004     szime2.0_pem4f.oem4f (.const:ti_sysbios_knl_Semaphore_Module__diagsMask__C)
                  0000f910    00000004     szime2.0_pem4f.oem4f (.const:ti_sysbios_knl_Semaphore_Module__loggerFxn2__C)
                  0000f914    00000004     szime2.0_pem4f.oem4f (.const:ti_sysbios_knl_Semaphore_Module__loggerFxn4__C)
                  0000f918    00000004     szime2.0_pem4f.oem4f (.const:ti_sysbios_knl_Semaphore_Module__loggerObj__C)
                  0000f91c    00000004     szime2.0_pem4f.oem4f (.const:ti_sysbios_knl_Swi_LD_end__C)
                  0000f920    00000004     szime2.0_pem4f.oem4f (.const:ti_sysbios_knl_Swi_LM_begin__C)
                  0000f924    00000004     szime2.0_pem4f.oem4f (.const:ti_sysbios_knl_Swi_LM_post__C)
                  0000f928    00000004     szime2.0_pem4f.oem4f (.const:ti_sysbios_knl_Swi_Module__diagsEnabled__C)
                  0000f92c    00000004     szime2.0_pem4f.oem4f (.const:ti_sysbios_knl_Swi_Module__diagsIncluded__C)
                  0000f930    00000004     szime2.0_pem4f.oem4f (.const:ti_sysbios_knl_Swi_Module__diagsMask__C)
                  0000f934    00000004     szime2.0_pem4f.oem4f (.const:ti_sysbios_knl_Swi_Module__loggerFxn1__C)
                  0000f938    00000004     szime2.0_pem4f.oem4f (.const:ti_sysbios_knl_Swi_Module__loggerFxn4__C)
                  0000f93c    00000004     szime2.0_pem4f.oem4f (.const:ti_sysbios_knl_Swi_Module__loggerObj__C)
                  0000f940    00000004     szime2.0_pem4f.oem4f (.const:ti_sysbios_knl_Swi_Object__count__C)
                  0000f944    00000004     szime2.0_pem4f.oem4f (.const:ti_sysbios_knl_Task_A_badTimeout__C)
                  0000f948    00000004     szime2.0_pem4f.oem4f (.const:ti_sysbios_knl_Task_A_sleepTaskDisabled__C)
                  0000f94c    00000004     szime2.0_pem4f.oem4f (.const:ti_sysbios_knl_Task_E_spOutOfBounds__C)
                  0000f950    00000004     szime2.0_pem4f.oem4f (.const:ti_sysbios_knl_Task_E_stackOverflow__C)
                  0000f954    00000004     szime2.0_pem4f.oem4f (.const:ti_sysbios_knl_Task_LD_block__C)
                  0000f958    00000004     szime2.0_pem4f.oem4f (.const:ti_sysbios_knl_Task_LD_exit__C)
                  0000f95c    00000004     szime2.0_pem4f.oem4f (.const:ti_sysbios_knl_Task_LD_ready__C)
                  0000f960    00000004     szime2.0_pem4f.oem4f (.const:ti_sysbios_knl_Task_LM_sleep__C)
                  0000f964    00000004     szime2.0_pem4f.oem4f (.const:ti_sysbios_knl_Task_LM_switch__C)
                  0000f968    00000004     szime2.0_pem4f.oem4f (.const:ti_sysbios_knl_Task_Module_State_inactiveQ__O)
                  0000f96c    00000004     szime2.0_pem4f.oem4f (.const:ti_sysbios_knl_Task_Module_State_terminatedQ__O)
                  0000f970    00000004     szime2.0_pem4f.oem4f (.const:ti_sysbios_knl_Task_Module__diagsEnabled__C)
                  0000f974    00000004     szime2.0_pem4f.oem4f (.const:ti_sysbios_knl_Task_Module__diagsIncluded__C)
                  0000f978    00000004     szime2.0_pem4f.oem4f (.const:ti_sysbios_knl_Task_Module__diagsMask__C)
                  0000f97c    00000004     szime2.0_pem4f.oem4f (.const:ti_sysbios_knl_Task_Module__loggerFxn2__C)
                  0000f980    00000004     szime2.0_pem4f.oem4f (.const:ti_sysbios_knl_Task_Module__loggerFxn4__C)
                  0000f984    00000004     szime2.0_pem4f.oem4f (.const:ti_sysbios_knl_Task_Module__loggerObj__C)
                  0000f988    00000004     szime2.0_pem4f.oem4f (.const:ti_sysbios_knl_Task_Object__count__C)
                  0000f98c    00000004     szime2.0_pem4f.oem4f (.const:ti_sysbios_knl_Task_Object__heap__C)
                  0000f990    00000004     szime2.0_pem4f.oem4f (.const:ti_sysbios_knl_Task_allBlockedFunc__C)
                  0000f994    00000004     szime2.0_pem4f.oem4f (.const:ti_sysbios_knl_Task_numConstructedTasks__C)
                  0000f998    00000004     szime2.0_pem4f.oem4f (.const:ti_sysbios_utils_Load_LS_cpuLoad__C)
                  0000f99c    00000004     szime2.0_pem4f.oem4f (.const:ti_sysbios_utils_Load_LS_hwiLoad__C)
                  0000f9a0    00000004     szime2.0_pem4f.oem4f (.const:ti_sysbios_utils_Load_LS_swiLoad__C)
                  0000f9a4    00000004     szime2.0_pem4f.oem4f (.const:ti_sysbios_utils_Load_LS_taskLoad__C)
                  0000f9a8    00000004     szime2.0_pem4f.oem4f (.const:ti_sysbios_utils_Load_Module_State_taskList__O)
                  0000f9ac    00000004     szime2.0_pem4f.oem4f (.const:ti_sysbios_utils_Load_Module__diagsEnabled__C)
                  0000f9b0    00000004     szime2.0_pem4f.oem4f (.const:ti_sysbios_utils_Load_Module__diagsIncluded__C)
                  0000f9b4    00000004     szime2.0_pem4f.oem4f (.const:ti_sysbios_utils_Load_Module__diagsMask__C)
                  0000f9b8    00000004     szime2.0_pem4f.oem4f (.const:ti_sysbios_utils_Load_Module__loggerFxn1__C)
                  0000f9bc    00000004     szime2.0_pem4f.oem4f (.const:ti_sysbios_utils_Load_Module__loggerFxn2__C)
                  0000f9c0    00000004     szime2.0_pem4f.oem4f (.const:ti_sysbios_utils_Load_Module__loggerFxn4__C)
                  0000f9c4    00000004     szime2.0_pem4f.oem4f (.const:ti_sysbios_utils_Load_Module__loggerObj__C)
                  0000f9c8    00000004     szime2.0_pem4f.oem4f (.const:ti_sysbios_utils_Load_postUpdate__C)
                  0000f9cc    00000004     szime2.0_pem4f.oem4f (.const:ti_sysbios_utils_Load_windowInMs__C)
                  0000f9d0    00000004     szime2.0_pem4f.oem4f (.const:ti_uia_runtime_ILoggerSnapshot_Interface__BASE__C)
                  0000f9d4    00000004     szime2.0_pem4f.oem4f (.const:ti_uia_runtime_IUIATransfer_Interface__BASE__C)
                  0000f9d8    00000004     szime2.0_pem4f.oem4f (.const:ti_uia_runtime_LoggerStopMode_E_badLevel__C)
                  0000f9dc    00000004     szime2.0_pem4f.oem4f (.const:ti_uia_runtime_LoggerStopMode_Object__count__C)
                  0000f9e0    00000004     szime2.0_pem4f.oem4f (.const:ti_uia_runtime_LoggerStopMode_overflowLogger__C)
                  0000f9e4    00000004     szime2.0_pem4f.oem4f (.const:ti_uia_runtime_LoggerStopMode_statusLogger__C)
                  0000f9e8    00000004     szime2.0_pem4f.oem4f (.const:xdc_runtime_Assert_E_assertFailed__C)
                  0000f9ec    00000004     szime2.0_pem4f.oem4f (.const:xdc_runtime_Core_A_initializedParams__C)
                  0000f9f0    00000004     szime2.0_pem4f.oem4f (.const:xdc_runtime_Core_Module__diagsEnabled__C)
                  0000f9f4    00000004     szime2.0_pem4f.oem4f (.const:xdc_runtime_Core_Module__diagsIncluded__C)
                  0000f9f8    00000004     szime2.0_pem4f.oem4f (.const:xdc_runtime_Core_Module__diagsMask__C)
                  0000f9fc    00000004     szime2.0_pem4f.oem4f (.const:xdc_runtime_Error_E_memory__C)
                  0000fa00    00000004     szime2.0_pem4f.oem4f (.const:xdc_runtime_Error_Module__diagsEnabled__C)
                  0000fa04    00000004     szime2.0_pem4f.oem4f (.const:xdc_runtime_Error_Module__diagsIncluded__C)
                  0000fa08    00000004     szime2.0_pem4f.oem4f (.const:xdc_runtime_Error_Module__diagsMask__C)
                  0000fa0c    00000004     szime2.0_pem4f.oem4f (.const:xdc_runtime_Error_Module__loggerFxn8__C)
                  0000fa10    00000004     szime2.0_pem4f.oem4f (.const:xdc_runtime_Error_Module__loggerObj__C)
                  0000fa14    00000004     szime2.0_pem4f.oem4f (.const:xdc_runtime_Error_raiseHook__C)
                  0000fa18    00000004     szime2.0_pem4f.oem4f (.const:xdc_runtime_IFilterLogger_Interface__BASE__C)
                  0000fa1c    00000004     szime2.0_pem4f.oem4f (.const:xdc_runtime_IGateProvider_Interface__BASE__C)
                  0000fa20    00000004     szime2.0_pem4f.oem4f (.const:xdc_runtime_IHeap_Interface__BASE__C)
                  0000fa24    00000004     szime2.0_pem4f.oem4f (.const:xdc_runtime_ILogger_Interface__BASE__C)
                  0000fa28    00000004     szime2.0_pem4f.oem4f (.const:xdc_runtime_IModule_Interface__BASE__C)
                  0000fa2c    00000004     szime2.0_pem4f.oem4f (.const:xdc_runtime_Log_L_error__C)
                  0000fa30    00000004     szime2.0_pem4f.oem4f (.const:xdc_runtime_Log_L_warning__C)
                  0000fa34    00000004     szime2.0_pem4f.oem4f (.const:xdc_runtime_Main_Module__diagsEnabled__C)
                  0000fa38    00000004     szime2.0_pem4f.oem4f (.const:xdc_runtime_Main_Module__diagsIncluded__C)
                  0000fa3c    00000004     szime2.0_pem4f.oem4f (.const:xdc_runtime_Main_Module__diagsMask__C)
                  0000fa40    00000004     szime2.0_pem4f.oem4f (.const:xdc_runtime_Main_Module__loggerFxn2__C)
                  0000fa44    00000004     szime2.0_pem4f.oem4f (.const:xdc_runtime_Main_Module__loggerFxn4__C)
                  0000fa48    00000004     szime2.0_pem4f.oem4f (.const:xdc_runtime_Main_Module__loggerFxn8__C)
                  0000fa4c    00000004     szime2.0_pem4f.oem4f (.const:xdc_runtime_Main_Module__loggerObj__C)
                  0000fa50    00000004     szime2.0_pem4f.oem4f (.const:xdc_runtime_Memory_defaultHeapInstance__C)
                  0000fa54    00000004     szime2.0_pem4f.oem4f (.const:xdc_runtime_Startup_execImpl__C)
                  0000fa58    00000004     szime2.0_pem4f.oem4f (.const:xdc_runtime_Startup_maxPasses__C)
                  0000fa5c    00000004     szime2.0_pem4f.oem4f (.const:xdc_runtime_Startup_sfxnRts__C)
                  0000fa60    00000004     szime2.0_pem4f.oem4f (.const:xdc_runtime_Startup_sfxnTab__C)
                  0000fa64    00000004     szime2.0_pem4f.oem4f (.const:xdc_runtime_SysMin_bufSize__C)
                  0000fa68    00000004     szime2.0_pem4f.oem4f (.const:xdc_runtime_SysMin_outputFunc__C)
                  0000fa6c    00000004     szime2.0_pem4f.oem4f (.const:xdc_runtime_System_Module__gateObj__C)
                  0000fa70    00000004     szime2.0_pem4f.oem4f (.const:xdc_runtime_System_extendFxn__C)
                  0000fa74    00000004     szime2.0_pem4f.oem4f (.const:xdc_runtime_System_maxAtexitHandlers__C)
                  0000fa78    00000004     szime2.0_pem4f.oem4f (.const:xdc_runtime_Text_charTab__C)
                  0000fa7c    00000004     szime2.0_pem4f.oem4f (.const:xdc_runtime_Text_nameEmpty__C)
                  0000fa80    00000004     szime2.0_pem4f.oem4f (.const:xdc_runtime_Text_nameStatic__C)
                  0000fa84    00000004     szime2.0_pem4f.oem4f (.const:xdc_runtime_Text_nameUnknown__C)
                  0000fa88    00000004     szime2.0_pem4f.oem4f (.const:xdc_runtime_Text_nodeTab__C)
                  0000fa8c    00000004     szime2.0_pem4f.oem4f (.const:xdc_runtime_Text_visitRopeFxn__C)
                  0000fa90    00000002     szime2.0_pem4f.oem4f (.const:ti_sysbios_family_arm_lm4_TimestampProvider_useClockTimer__C)
                  0000fa92    00000002     szime2.0_pem4f.oem4f (.const:ti_sysbios_family_arm_m3_Hwi_Module__id__C)
                  0000fa94    00000002     szime2.0_pem4f.oem4f (.const:ti_sysbios_family_arm_m3_Hwi_Module__loggerDefined__C)
                  0000fa96    00000002     szime2.0_pem4f.oem4f (.const:ti_sysbios_gates_GateMutex_Module__id__C)
                  0000fa98    00000002     szime2.0_pem4f.oem4f (.const:ti_sysbios_hal_Hwi_Module__id__C)
[...]
0000c923   ti_sysbios_BIOS_RtsGateProxy_query__E
0000c923   ti_sysbios_gates_GateMutex_query__E
0000c923   ti_sysbios_gates_GateMutex_query__F
0000c923   ti_sysbios_heaps_HeapMem_Module_GateProxy_query__E
0000c927   ti_sysbios_hal_Hwi_HwiProxy_Module__startupDone__S
0000c92b   ti_sysbios_hal_Hwi_HwiProxy_Object__delete__S
0000c92f   ti_sysbios_hal_Timer_TimerProxy_Module__startupDone__S
0000c933   ti_sysbios_hal_Timer_TimerProxy_getExpiredCounts__E
0000c937   ti_sysbios_hal_Timer_TimerProxy_getPeriod__E
0000c93b   ti_sysbios_hal_Timer_TimerProxy_setNextTick__E
0000c93f   ti_sysbios_heaps_HeapMem_Module_GateProxy_enter__E
0000c943   ti_sysbios_heaps_HeapMem_Module_GateProxy_leave__E
0000c947   ti_sysbios_knl_Task_SupportProxy_Module__startupDone__S
0000c94b   ti_sysbios_knl_Task_startup__E
0000c94f   ti_uia_runtime_LogSync_CpuTimestampProxy_Module__startupDone__S
0000c953   ti_uia_runtime_LogSync_GlobalTimestampProxy_Module__startupDone__S
0000c957   ti_uia_runtime_LoggerStopMode_getInstanceId__E
0000c95b   ti_uia_runtime_LoggerStopMode_getMaxLength__E
0000c95f   ti_uia_runtime_LoggerStopMode_setPriority__E
0000c963   xdc_runtime_Error_getSite__E
0000c963   xdc_runtime_Error_getSite__F
0000c967   xdc_runtime_Memory_HeapProxy_alloc__E
0000c96b   xdc_runtime_Memory_HeapProxy_free__E
0000c96f   xdc_runtime_System_Module_GateProxy_enter__E
0000c973   xdc_runtime_System_Module_GateProxy_leave__E
0000c977   xdc_runtime_System_aprintf_va__F
0000c97b   xdc_runtime_System_printf_va__F
0000c97f   xdc_runtime_System_vsnprintf__E
0000c983   xdc_runtime_TimestampNull_Module__startupDone__S
0000c987   xdc_runtime_Timestamp_Module__startupDone__S
0000c98c   xdc_runtime_Text_charTab__A
0000ec3a   textarray
0000ee7b   ti_sysbios_knl_Clock_tickMode__C
0000ee7c   xdc_runtime_Text_nodeTab__A
0000ef90   ti_sysbios_family_arm_m3_Hwi_priorities__A
0000f068   gpioHWAttrs
0000f194   spiTivaDMAHWAttrs
0000f204   UART_config
0000f264   ti_uia_runtime_LoggerStopMode_Module__FXNS__C
0000f30c   GPIO_config
0000f34c   SPI_config
0000f388   uartTivaHWAttrs
0000f3c0   ti_sysbios_family_arm_m3_Hwi_Object__PARAMS__C
0000f3f0   ti_sysbios_knl_Task_hooks__A
0000f420   ti_uia_runtime_LoggerStopMode_Object__PARAMS__C
0000f450   xdc_runtime_Startup_sfxnTab__A
0000f480   ti_sysbios_hal_Hwi_Object__PARAMS__C
0000f4ac   inputfile
0000f4b8   outputfile
0000f4d5   ti_sysbios_knl_Clock_tickSource__C
0000f4d6   ti_catalog_arm_cortexm4_tiva_ce_Boot_Module__id__C
0000f4d8   ti_sysbios_heaps_HeapMem_Module__FXNS__C
0000f500   UARTTiva_fxnTable
0000f524   sdspiTivaHWattrs
0000f548   ti_sysbios_gates_GateHwi_Module__FXNS__C
0000f56c   ti_sysbios_gates_GateMutex_Module__FXNS__C
0000f590   ti_sysbios_heaps_HeapMem_Object__PARAMS__C
0000f5b4   ti_sysbios_knl_Semaphore_Object__PARAMS__C
0000f5d8   SPITivaDMA_fxnTable
0000f5e8   dmaTxConfig
0000f5f0   dmaRxConfig
0000f5f8   ti_sysbios_family_arm_m3_Hwi_Object__DESC__C
0000f618   ti_sysbios_gates_GateHwi_Object__DESC__C
0000f638   ti_sysbios_gates_GateMutex_Object__DESC__C
0000f658   ti_sysbios_hal_Hwi_Object__DESC__C
0000f678   ti_sysbios_heaps_HeapMem_Object__DESC__C
0000f698   ti_sysbios_knl_Queue_Object__DESC__C
0000f6b8   ti_sysbios_knl_Semaphore_Object__DESC__C
0000f6d8   ti_uia_runtime_LoggerStopMode_Object__DESC__C
0000f6f8   SDSPI_config
0000f710   ti_sysbios_gates_GateHwi_Object__PARAMS__C
0000f728   ti_sysbios_gates_GateMutex_Object__PARAMS__C
0000f740   ti_sysbios_knl_Queue_Object__PARAMS__C
0000f758   xdc_runtime_Startup_sfxnRts__A
0000f770   xdc_runtime_Startup_firstFxns__A
0000f795   xdc_runtime_Error_policy__C
0000f796   ti_sysbios_BIOS_Module__id__C
0000f798   SDSPITiva_fxnTable
0000f7a4   ti_sysbios_family_arm_m3_Hwi_excHookFuncs__A
0000f7ac   ti_sysbios_knl_Idle_coreList__A
0000f7b4   ti_sysbios_knl_Idle_coreList__C
0000f7bc   ti_sysbios_knl_Idle_funcList__A
0000f7c4   ti_sysbios_knl_Idle_funcList__C
0000f7cc   ti_sysbios_knl_Task_hooks__C
0000f7d4   xdc_runtime_Startup_firstFxns__C
0000f7dc   xdc_runtime_Startup_lastFxns__A
0000f7e4   xdc_runtime_Startup_lastFxns__C
0000f7ec   ti_catalog_arm_cortexm4_tiva_ce_Boot_A_mustUseEnhancedClockMode__C
0000f7f0   ti_catalog_arm_cortexm4_tiva_ce_Boot_Module__diagsEnabled__C
0000f7f4   ti_catalog_arm_cortexm4_tiva_ce_Boot_Module__diagsIncluded__C
0000f7f8   ti_catalog_arm_cortexm4_tiva_ce_Boot_Module__diagsMask__C
0000f7fc   ti_sysbios_BIOS_Module__diagsEnabled__C
0000f800   ti_sysbios_BIOS_Module__diagsIncluded__C
0000f804   ti_sysbios_BIOS_Module__diagsMask__C
0000f808   ti_sysbios_BIOS_installedErrorHook__C
0000f80c   ti_sysbios_family_arm_lm4_Timer_numTimerDevices__C
0000f810   ti_sysbios_family_arm_lm4_Timer_startupNeeded__C
0000f814   ti_sysbios_family_arm_m3_Hwi_E_NMI__C
0000f818   ti_sysbios_family_arm_m3_Hwi_E_alreadyDefined__C
0000f81c   ti_sysbios_family_arm_m3_Hwi_E_busFault__C
0000f820   ti_sysbios_family_arm_m3_Hwi_E_debugMon__C
0000f824   ti_sysbios_family_arm_m3_Hwi_E_hardFault__C
0000f828   ti_sysbios_family_arm_m3_Hwi_E_memFault__C
0000f82c   ti_sysbios_family_arm_m3_Hwi_E_noIsr__C
0000f830   ti_sysbios_family_arm_m3_Hwi_E_reserved__C
0000f834   ti_sysbios_family_arm_m3_Hwi_E_svCall__C
0000f838   ti_sysbios_family_arm_m3_Hwi_E_usageFault__C
0000f83c   ti_sysbios_family_arm_m3_Hwi_LD_end__C
0000f840   ti_sysbios_family_arm_m3_Hwi_LM_begin__C
0000f844   ti_sysbios_family_arm_m3_Hwi_Module__diagsEnabled__C
0000f848   ti_sysbios_family_arm_m3_Hwi_Module__diagsIncluded__C
0000f84c   ti_sysbios_family_arm_m3_Hwi_Module__diagsMask__C
0000f850   ti_sysbios_family_arm_m3_Hwi_Module__loggerFxn1__C
0000f854   ti_sysbios_family_arm_m3_Hwi_Module__loggerFxn8__C
0000f858   ti_sysbios_family_arm_m3_Hwi_Module__loggerObj__C
0000f85c   ti_sysbios_family_arm_m3_Hwi_NUM_INTERRUPTS__C
0000f860   ti_sysbios_family_arm_m3_Hwi_ccr__C
0000f864   ti_sysbios_family_arm_m3_Hwi_disablePriority__C
0000f868   ti_sysbios_family_arm_m3_Hwi_dispatchTable__C
0000f86c   ti_sysbios_family_arm_m3_Hwi_excHandlerFunc__C
0000f870   ti_sysbios_family_arm_m3_Hwi_excHookFuncs__C
0000f874   ti_sysbios_family_arm_m3_Hwi_priGroup__C
0000f878   ti_sysbios_family_arm_m3_Hwi_priorities__C
0000f87c   ti_sysbios_gates_GateMutex_A_badContext__C
0000f880   ti_sysbios_gates_GateMutex_Instance_State_sem__O
0000f884   ti_sysbios_gates_GateMutex_Module__diagsEnabled__C
0000f888   ti_sysbios_gates_GateMutex_Module__diagsIncluded__C
0000f88c   ti_sysbios_gates_GateMutex_Module__diagsMask__C
0000f890   ti_sysbios_hal_Hwi_E_stackOverflow__C
0000f894   ti_sysbios_heaps_HeapMem_A_align__C
0000f898   ti_sysbios_heaps_HeapMem_A_heapSize__C
0000f89c   ti_sysbios_heaps_HeapMem_A_invalidFree__C
0000f8a0   ti_sysbios_heaps_HeapMem_A_zeroBlock__C
0000f8a4   ti_sysbios_heaps_HeapMem_E_memory__C
0000f8a8   ti_sysbios_heaps_HeapMem_Module__diagsEnabled__C
0000f8ac   ti_sysbios_heaps_HeapMem_Module__diagsIncluded__C
0000f8b0   ti_sysbios_heaps_HeapMem_Module__diagsMask__C
0000f8b4   ti_sysbios_heaps_HeapMem_Module__gateObj__C
0000f8b8   ti_sysbios_heaps_HeapMem_Object__count__C
0000f8bc   ti_sysbios_heaps_HeapMem_reqAlign__C
0000f8c0   ti_sysbios_knl_Clock_LM_begin__C
0000f8c4   ti_sysbios_knl_Clock_LM_tick__C
0000f8c8   ti_sysbios_knl_Clock_LW_delayed__C
0000f8cc   ti_sysbios_knl_Clock_Module_State_clockQ__O
0000f8d0   ti_sysbios_knl_Clock_Module__diagsEnabled__C
0000f8d4   ti_sysbios_knl_Clock_Module__diagsIncluded__C
0000f8d8   ti_sysbios_knl_Clock_Module__diagsMask__C
0000f8dc   ti_sysbios_knl_Clock_Module__loggerFxn1__C
0000f8e0   ti_sysbios_knl_Clock_Module__loggerFxn2__C
0000f8e4   ti_sysbios_knl_Clock_Module__loggerObj__C
0000f8e8   ti_sysbios_knl_Semaphore_A_badContext__C
0000f8ec   ti_sysbios_knl_Semaphore_A_noEvents__C
0000f8f0   ti_sysbios_knl_Semaphore_A_overflow__C
0000f8f4   ti_sysbios_knl_Semaphore_A_pendTaskDisabled__C
0000f8f8   ti_sysbios_knl_Semaphore_Instance_State_pendQ__O
0000f8fc   ti_sysbios_knl_Semaphore_LM_pend__C
0000f900   ti_sysbios_knl_Semaphore_LM_post__C
0000f904   ti_sysbios_knl_Semaphore_Module__diagsEnabled__C
0000f908   ti_sysbios_knl_Semaphore_Module__diagsIncluded__C
0000f90c   ti_sysbios_knl_Semaphore_Module__diagsMask__C
0000f910   ti_sysbios_knl_Semaphore_Module__loggerFxn2__C
0000f914   ti_sysbios_knl_Semaphore_Module__loggerFxn4__C
0000f918   ti_sysbios_knl_Semaphore_Module__loggerObj__C
0000f91c   ti_sysbios_knl_Swi_LD_end__C
0000f920   ti_sysbios_knl_Swi_LM_begin__C
0000f924   ti_sysbios_knl_Swi_LM_post__C
0000f928   ti_sysbios_knl_Swi_Module__diagsEnabled__C
0000f92c   ti_sysbios_knl_Swi_Module__diagsIncluded__C
0000f930   ti_sysbios_knl_Swi_Module__diagsMask__C
0000f934   ti_sysbios_knl_Swi_Module__loggerFxn1__C
0000f938   ti_sysbios_knl_Swi_Module__loggerFxn4__C
0000f93c   ti_sysbios_knl_Swi_Module__loggerObj__C
0000f940   ti_sysbios_knl_Swi_Object__count__C
0000f944   ti_sysbios_knl_Task_A_badTimeout__C
0000f948   ti_sysbios_knl_Task_A_sleepTaskDisabled__C
0000f94c   ti_sysbios_knl_Task_E_spOutOfBounds__C
0000f950   ti_sysbios_knl_Task_E_stackOverflow__C
0000f954   ti_sysbios_knl_Task_LD_block__C
0000f958   ti_sysbios_knl_Task_LD_exit__C
0000f95c   ti_sysbios_knl_Task_LD_ready__C
0000f960   ti_sysbios_knl_Task_LM_sleep__C
0000f964   ti_sysbios_knl_Task_LM_switch__C
0000f968   ti_sysbios_knl_Task_Module_State_inactiveQ__O
0000f96c   ti_sysbios_knl_Task_Module_State_terminatedQ__O
0000f970   ti_sysbios_knl_Task_Module__diagsEnabled__C
0000f974   ti_sysbios_knl_Task_Module__diagsIncluded__C
0000f978   ti_sysbios_knl_Task_Module__diagsMask__C
0000f97c   ti_sysbios_knl_Task_Module__loggerFxn2__C
0000f980   ti_sysbios_knl_Task_Module__loggerFxn4__C
0000f984   ti_sysbios_knl_Task_Module__loggerObj__C
0000f988   ti_sysbios_knl_Task_Object__count__C
0000f98c   ti_sysbios_knl_Task_Object__heap__C
0000f990   ti_sysbios_knl_Task_allBlockedFunc__C
0000f994   ti_sysbios_knl_Task_numConstructedTasks__C
0000f998   ti_sysbios_utils_Load_LS_cpuLoad__C
0000f99c   ti_sysbios_utils_Load_LS_hwiLoad__C
0000f9a0   ti_sysbios_utils_Load_LS_swiLoad__C
0000f9a4   ti_sysbios_utils_Load_LS_taskLoad__C
0000f9a8   ti_sysbios_utils_Load_Module_State_taskList__O
0000f9ac   ti_sysbios_utils_Load_Module__diagsEnabled__C
0000f9b0   ti_sysbios_utils_Load_Module__diagsIncluded__C
0000f9b4   ti_sysbios_utils_Load_Module__diagsMask__C
0000f9b8   ti_sysbios_utils_Load_Module__loggerFxn1__C
0000f9bc   ti_sysbios_utils_Load_Module__loggerFxn2__C
0000f9c0   ti_sysbios_utils_Load_Module__loggerFxn4__C
0000f9c4   ti_sysbios_utils_Load_Module__loggerObj__C
0000f9c8   ti_sysbios_utils_Load_postUpdate__C
0000f9cc   ti_sysbios_utils_Load_windowInMs__C
0000f9d0   ti_uia_runtime_ILoggerSnapshot_Interface__BASE__C
0000f9d4   ti_uia_runtime_IUIATransfer_Interface__BASE__C
0000f9d8   ti_uia_runtime_LoggerStopMode_E_badLevel__C
0000f9dc   ti_uia_runtime_LoggerStopMode_Object__count__C
0000f9e0   ti_uia_runtime_LoggerStopMode_overflowLogger__C
0000f9e4   ti_uia_runtime_LoggerStopMode_statusLogger__C
0000f9e8   xdc_runtime_Assert_E_assertFailed__C
0000f9ec   xdc_runtime_Core_A_initializedParams__C
0000f9f0   xdc_runtime_Core_Module__diagsEnabled__C
0000f9f4   xdc_runtime_Core_Module__diagsIncluded__C
0000f9f8   xdc_runtime_Core_Module__diagsMask__C
0000f9fc   xdc_runtime_Error_E_memory__C
0000fa00   xdc_runtime_Error_Module__diagsEnabled__C
0000fa04   xdc_runtime_Error_Module__diagsIncluded__C
0000fa08   xdc_runtime_Error_Module__diagsMask__C
0000fa0c   xdc_runtime_Error_Module__loggerFxn8__C
0000fa10   xdc_runtime_Error_Module__loggerObj__C
0000fa14   xdc_runtime_Error_raiseHook__C
0000fa18   xdc_runtime_IFilterLogger_Interface__BASE__C
0000fa1c   xdc_runtime_IGateProvider_Interface__BASE__C
0000fa20   xdc_runtime_IHeap_Interface__BASE__C
0000fa24   xdc_runtime_ILogger_Interface__BASE__C
0000fa28   xdc_runtime_IModule_Interface__BASE__C
0000fa2c   xdc_runtime_Log_L_error__C
0000fa30   xdc_runtime_Log_L_warning__C
0000fa34   xdc_runtime_Main_Module__diagsEnabled__C
0000fa38   xdc_runtime_Main_Module__diagsIncluded__C
0000fa3c   xdc_runtime_Main_Module__diagsMask__C
0000fa40   xdc_runtime_Main_Module__loggerFxn2__C
0000fa44   xdc_runtime_Main_Module__loggerFxn4__C
0000fa48   xdc_runtime_Main_Module__loggerFxn8__C
0000fa4c   xdc_runtime_Main_Module__loggerObj__C
0000fa50   xdc_runtime_Memory_defaultHeapInstance__C
0000fa54   xdc_runtime_Startup_execImpl__C
0000fa58   xdc_runtime_Startup_maxPasses__C
0000fa5c   xdc_runtime_Startup_sfxnRts__C
0000fa60   xdc_runtime_Startup_sfxnTab__C
0000fa64   xdc_runtime_SysMin_bufSize__C
0000fa68   xdc_runtime_SysMin_outputFunc__C
0000fa6c   xdc_runtime_System_Module__gateObj__C
0000fa70   xdc_runtime_System_extendFxn__C
0000fa74   xdc_runtime_System_maxAtexitHandlers__C
0000fa78   xdc_runtime_Text_charTab__C
0000fa7c   xdc_runtime_Text_nameEmpty__C
0000fa80   xdc_runtime_Text_nameStatic__C
0000fa84   xdc_runtime_Text_nameUnknown__C
0000fa88   xdc_runtime_Text_nodeTab__C
0000fa8c   xdc_runtime_Text_visitRopeFxn__C
0000fa90   ti_sysbios_family_arm_lm4_TimestampProvider_useClockTimer__C
0000fa92   ti_sysbios_family_arm_m3_Hwi_Module__id__C
0000fa94   ti_sysbios_family_arm_m3_Hwi_Module__loggerDefined__C
0000fa96   ti_sysbios_gates_GateMutex_Module__id__C
0000fa98   ti_sysbios_hal_Hwi_Module__id__C
0000fa9a   ti_sysbios_heaps_HeapMem_Module__id__C
0000fa9c   ti_sysbios_knl_Clock_Module__id__C
0000fa9e   ti_sysbios_knl_Clock_Module__loggerDefined__C
0000faa0   ti_sysbios_knl_Semaphore_Module__id__C
0000faa2   ti_sysbios_knl_Semaphore_Module__loggerDefined__C
0000faa4   ti_sysbios_knl_Swi_Module__id__C
0000faa6   ti_sysbios_knl_Swi_Module__loggerDefined__C
0000faa8   ti_sysbios_knl_Task_Module__id__C
0000faaa   ti_sysbios_knl_Task_Module__loggerDefined__C
0000faac   ti_sysbios_knl_Task_deleteTerminatedTasks__C
0000faae   ti_sysbios_knl_Task_initStackFlag__C
0000fab0   ti_sysbios_utils_Load_Module__id__C
0000fab2   ti_sysbios_utils_Load_Module__loggerDefined__C
0000fab4   ti_sysbios_utils_Load_autoAddTasks__C
0000fab6   ti_sysbios_utils_Load_hwiEnabled__C
0000fab8   ti_sysbios_utils_Load_swiEnabled__C
0000faba   ti_sysbios_utils_Load_taskEnabled__C
0000fabc   ti_sysbios_utils_Load_updateInIdle__C
0000fabe   ti_uia_runtime_LoggerStopMode_Module__id__C
0000fac0   ti_uia_runtime_LoggerStopMode_filterByLevel__C
0000fac2   ti_uia_runtime_LoggerStopMode_isTimestampEnabled__C
0000fac4   xdc_runtime_Core_Module__id__C
0000fac6   xdc_runtime_Error_Module__loggerDefined__C
0000fac8   xdc_runtime_Error_maxDepth__C
0000faca   xdc_runtime_Main_Module__id__C
0000facc   xdc_runtime_Main_Module__loggerDefined__C
0000face   xdc_runtime_Memory_Module__id__C
0000fad0   xdc_runtime_SysMin_flushAtExit__C
0000fad2   xdc_runtime_Text_charCnt__C
0000fad4   xdc_runtime_Text_isLoaded__C
0000fad6   xdc_runtime_Text_registryModsLastId__C
0000fad8   xdc_runtime_Text_unnamedModsLastId__C
0001013c   __TI_Handler_Table_Base
00010148   __TI_Handler_Table_Limit
00010158   __TI_CINIT_Base
00010170   __TI_CINIT_Limit
20000000   ti_sysbios_family_arm_m3_Hwi_ramVectors
20000400   ti_sysbios_knl_Task_Instance_State_0_stack__A
20000800   ti_sysbios_knl_Task_Instance_State_1_stack__A
20001000   ti_sysbios_knl_Task_Instance_State_2_stack__A
20001400   ti_sysbios_knl_Task_Instance_State_3_stack__A
20001800   ti_sysbios_knl_Task_Instance_State_4_stack__A
20002000   ti_sysbios_knl_Task_Instance_State_5_stack__A
20002800   ti_sysbios_heaps_HeapMem_Instance_State_0_buf__A
20003800   cpy_buff
20004000   ti_uia_runtime_LoggerStopMode_Instance_State_1_bufferArray__A
20004480   ti_uia_runtime_LoggerStopMode_Instance_State_2_bufferArray__A
20004900   xdc_runtime_SysMin_Module_State_0_outbuf__A
20004d00   ti_uia_runtime_LoggerStopMode_Instance_State_0_bufferArray__A
20004f80   sdspiTivaobjects
200051c0   uartTivaObjects
200053e0   uartParams
20005600   __CIOBUF_
20005720   spiTivaDMAobjects
20005780   masterRxBuffer
2000579c   slaveRxBuffer
200057d0   ti_sysbios_knl_Task_Instance_State_0_hookEnv__A
200057d8   ti_sysbios_knl_Task_Instance_State_1_hookEnv__A
200057e0   ti_sysbios_knl_Task_Instance_State_2_hookEnv__A
200057e8   ti_sysbios_knl_Task_Instance_State_3_hookEnv__A
200057f0   ti_sysbios_knl_Task_Instance_State_4_hookEnv__A
200057f8   ti_sysbios_knl_Task_Instance_State_5_hookEnv__A
20005800   uart1
20005804   uart2
20005808   uart3
2000580c   uart4
20005810   uart5
20005814   uart6
20005818   uart7
2000581c   __stack
2000591c   __STACK_TOP
2000681c   __STACK_END
2000681c   ti_sysbios_family_arm_m3_Hwi_Module_State_0_dispatchTable__A
20006b7c   ti_sysbios_knl_Task_Object__table__V
20006d0c   TSK_idle
20006d5c   ti_sysbios_BIOS_Module__state__V
20006d7c   ti_sysbios_family_arm_lm4_Timer_Module__root__V
20006d84   ti_sysbios_family_arm_lm4_Timer_Module_State_0_handles__A
20006d9c   ti_sysbios_family_arm_lm4_Timer_Module__state__V
20006da8   ti_sysbios_family_arm_lm4_TimestampProvider_Module__state__V
20006db0   ti_sysbios_family_arm_m3_Hwi_Module__root__V
20006db8   ti_sysbios_family_arm_m3_Hwi_Module_State_0_excActive__A
20006dbc   ti_sysbios_family_arm_m3_Hwi_Module_State_0_excContext__A
20006dc0   ti_sysbios_family_arm_m3_Hwi_Module_State_0_excStack__A
20006dc4   ti_sysbios_gates_GateHwi_Module__root__V
20006dcc   ti_sysbios_gates_GateHwi_Object__table__V
20006dd0   ti_sysbios_gates_GateMutex_Module__root__V
20006dd8   ti_sysbios_hal_Hwi_Module__root__V
20006de0   ti_sysbios_hal_Timer_Module__root__V
20006de8   ti_sysbios_hal_Timer_Object__table__V
20006df0   ti_sysbios_heaps_HeapMem_Module__root__V
20006df8   ti_sysbios_heaps_HeapMem_Object__table__V
20006e10   ti_sysbios_knl_Clock_Module__root__V
20006e18   ti_sysbios_knl_Clock_Object__table__V
20006e38   ti_sysbios_knl_Event_Module__root__V
20006e44   ti_sysbios_knl_Queue_Module__root__V
20006e4c   ti_sysbios_knl_Semaphore_Module__root__V
20006e58   ti_sysbios_knl_Swi_Module__root__V
20006e60   ti_sysbios_knl_Swi_Module__state__V
20006e7c   ti_sysbios_knl_Task_Module__root__V
20006e88   ti_sysbios_knl_Task_Module_State_0_idleTask__A
20006e8c   ti_sysbios_utils_Load_Module__root__V
20006e90   ti_sysbios_utils_Load_Module_State_0_taskStartTime__A
20006e94   ti_sysbios_utils_Load_Module_State_0_runningTask__A
20006e98   ti_uia_runtime_LogSync_Module__root__V
20006ea0   ti_uia_runtime_LogSync_Module__state__V
20006eac   ti_uia_runtime_LoggerStopMode_Module__root__V
20006eb4   ti_uia_runtime_LoggerStopMode_Module__state__V
20006ebc   ti_uia_runtime_QueueDescriptor_Module__state__V
20006ec8   xdc_runtime_Error_Module__state__V
20006eca   xdc_runtime_Main_Module__root__V
20006ecc   xdc_runtime_Memory_Module__state__V
20006ed0   xdc_runtime_Registry_Module__state__V
20006ed8   xdc_runtime_Startup_Module__state__V
20006ee0   xdc_runtime_SysMin_Module__state__V
20006eec   xdc_runtime_System_Module_State_0_atexitHandlers__A
20006f0c   xdc_runtime_System_Module__state__V
20006f18   xdc_runtime_Text_Module__state__V
20006f20   __xdc__init__addr
20006f24   ti_uia_runtime_LoggerStopMode_Object__table__V
200070fc   ti_sysbios_knl_Swi_Module_State_0_readyQ__A
2000717c   ti_sysbios_knl_Task_Module_State_0_readyQ__A
200071fc   ti_sysbios_utils_Load_Module__state__V
20007278   ti_sysbios_family_arm_lm4_Timer_Object__table__V
200072e8   ti_sysbios_family_arm_m3_Hwi_Module__state__V
2000738c   ti_sysbios_knl_Task_Module__state__V
200073d0   ti_sysbios_gates_GateMutex_Object__table__V
20007408   masterTxBuffer
20007422   slaveTxBuffer
2000743c   ti_sysbios_family_arm_lm4_Timer_Module_State_0_device__A
2000746c   ti_sysbios_family_arm_m3_Hwi_Object__table__V
2000749c   ti_sysbios_knl_Swi_Object__table__V
200074cc   ti_sysbios_knl_Clock_Module__state__V
20007508   _lock
2000750c   _unlock
20007510   __TI_cleanup_ptr
20007514   __TI_dtors_ptr
20007518   ti_uia_runtime_QueueDescriptor_gPtrToFirstDescriptor
2000751c   ti_uia_runtime_QueueDescriptor_gUpdateCount
2000752c   main_func_sp
40000400   ti_sysbios_family_arm_ducati_CTM_ctm
e000e000   ti_sysbios_family_arm_m3_Hwi_nvic
ffffffff   __binit__
ffffffff   __c_args__
ffffffff   binit
UNDEFED    SHT$$INIT_ARRAY$$Base
UNDEFED    SHT$$INIT_ARRAY$$Limit

[924 symbols]
