******************************************************************************
                  TI ARM Linker Unix v5.1.2                    
******************************************************************************
>> Linked Fri Oct 11 08:33:00 2013

OUTPUT FILE NAME:   <szime2.0tesztmereshez.out>
ENTRY POINT SYMBOL: "_c_int00"  address: 0000839d


MEMORY CONFIGURATION

         name            origin    length      used     unused   attr    fill
----------------------  --------  ---------  --------  --------  ----  --------
  FLASH                 00000000   00040000  0000d61e  000329e2  R  X
  SRAM                  20000000   00008000  000069e0  00001620  RW X


SEGMENT ALLOCATION MAP

run origin  load origin   length   init length attrs members
----------  ----------- ---------- ----------- ----- -------
00000000    00000000    0000d620   0000d620    r-x
  00000000    00000000    00000360   00000360    r-- .resetVecs
  00000360    00000360    00009f2e   00009f2e    r-x .text
  0000a290    0000a290    00002dc0   00002dc0    r-- .const
  0000d050    0000d050    000005d0   000005d0    r-- .cinit
20000000    20000000    000069e0   00000000    rw-
  20000000    20000000    00000360   00000000    rw- .vecs
  20000360    20000360    00004a8c   00000000    rw- .bss
  20004dec    20004dec    00001000   00000000    rw- .stack
  20005dec    20005dec    00000bf4   00000000    rw- .data


SECTION ALLOCATION MAP

 output                                  attributes/
section   page    origin      length       input sections
--------  ----  ----------  ----------   ----------------
.bootVecs 
*          0    00000000    00000008     DSECT
                  00000000    00000008     boot.aem4f : boot.oem4f (.bootVecs)

.resetVecs 
*          0    00000000    00000360     
                  00000000    00000360     szime2.0_pem4f.oem4f (.resetVecs)

xdc.meta   0    00000000    000000f0     COPY SECTION
                  00000000    000000f0     szime2.0_pem4f.oem4f (xdc.meta)

.text      0    00000360    00009f2e     
                  00000360    0000046c     uart_tivaware.aem4f : UARTTiva.oem4f (.text:UARTTiva_hwiIntFxn)
                  000007cc    00000424     sysbios.aem4f : BIOS.obj (.text:ti_sysbios_family_arm_m3_Hwi_excDumpRegs__I)
                  00000bf0    0000041c     uart_tivaware.aem4f : UARTTiva.oem4f (.text:UARTTiva_open)
                  0000100c    00000344     ti.targets.arm.rtsarm.aem4f : System.oem4f (.text:xdc_runtime_System_doPrint__I)
                  00001350    00000310     rtsv7M4_T_le_v4SPD16_eabi.lib : lowlev.obj (.text)
                  00001660    000002f4     ti.sysbios.fatfs.aem4f : ff.oem4f (.text:chk_mounted)
                  00001954    000002d4     rtsv7M4_T_le_v4SPD16_eabi.lib : trgdrv.obj (.text)
                  00001c28    00000270     sysbios.aem4f : BIOS.obj (.text:ti_sysbios_knl_Semaphore_pend__E)
                  00001e98    00000264     szime2.0teszt.obj (.text:UartTest)
                  000020fc    00000248     sysbios.aem4f : BIOS.obj (.text:ti_sysbios_heaps_HeapMem_free__E)
                  00002344    00000234                   : BIOS.obj (.text:ti_sysbios_family_arm_lm4_Timer_start__E)
                  00002578    00000234                   : BIOS.obj (.text:ti_sysbios_heaps_HeapMem_alloc__E)
                  000027ac    00000234                   : BIOS.obj (.text:ti_sysbios_utils_Load_update__E)
                  000029e0    000001fc                   : BIOS.obj (.text:ti_sysbios_family_arm_m3_Hwi_excHandlerMax__I)
                  00002bdc    000001ec     uart_tivaware.aem4f : UARTTiva.oem4f (.text:UARTTiva_write)
                  00002dc8    000001d8     sysbios.aem4f : BIOS.obj (.text:ti_sysbios_knl_Task_sleep__E)
                  00002fa0    000001c8                   : BIOS.obj (.text:ti_sysbios_utils_Load_logLoads__I)
                  00003168    000001ac     ti.uia.runtime.aem4f : LoggerStopMode.oem4f (.text:ti_uia_runtime_LoggerStopMode_write8__E)
                  00003314    000001a6     ti.sysbios.fatfs.aem4f : ff.oem4f (.text:f_write)
                  000034ba    00000174                            : ff.oem4f (.text:f_read)
                  0000362e    00000002     sysbios.aem4f : BIOS.obj (.text:ti_sysbios_BIOS_nullFunc__I)
                  00003630    00000170     uart_tivaware.aem4f : UARTTiva.oem4f (.text:UARTTiva_readPolling)
                  000037a0    00000168     sysbios.aem4f : BIOS.obj (.text:ti_sysbios_family_arm_m3_Hwi_excBusFault__I)
                  00003908    00000160     uart_tivaware.aem4f : UARTTiva.oem4f (.text:readData)
                  00003a68    0000015c     ti.sysbios.fatfs.aem4f : ff.oem4f (.text:f_lseek)
                  00003bc4    0000015c     ti.uia.runtime.aem4f : LoggerStopMode.oem4f (.text:ti_uia_runtime_LoggerStopMode_writeMemoryRange__E)
                  00003d20    00000154     sysbios.aem4f : BIOS.obj (.text:ti_sysbios_knl_Task_exit__E)
                  00003e74    00000150     ti.sysbios.fatfs.aem4f : ff.oem4f (.text:f_open)
                  00003fc4    0000014c     sysbios.aem4f : BIOS.obj (.text:ti_sysbios_knl_Semaphore_post__E)
                  00004110    00000148                   : BIOS.obj (.text:ti_sysbios_family_arm_m3_Hwi_excUsageFault__I)
                  00004258    00000144                   : BIOS.obj (.text:ti_sysbios_family_arm_lm4_TimestampProvider_get64__E)
                  0000439c    00000140     ti.uia.runtime.aem4f : LoggerStopMode.oem4f (.text:ti_uia_runtime_LoggerStopMode_write4__E)
                  000044dc    0000013c     ti.targets.arm.rtsarm.aem4f : Error.oem4f (.text:xdc_runtime_Error_raiseX__F)
                  00004618    00000138     Boot.aem4f : Boot_sysctl.oem4f (.text:ti_catalog_arm_cortexm4_tiva_ce_Boot_sysCtlClockSetI__I)
                  00004750    00000138     sysbios.aem4f : BIOS.obj (.text:ti_sysbios_heaps_HeapMem_Instance_init__F)
                  00004888    00000134                   : m3_Hwi_asm.obj (.text:ti_sysbios_family_arm_m3_Hwi_dispatch__I)
                  000049bc    00000134                   : BIOS.obj (.text:ti_sysbios_family_arm_m3_Hwi_excMemFault__I)
                  00004af0    00000130                   : BIOS.obj (.text:ti_sysbios_family_arm_lm4_Timer_initDevice__I)
                  00004c20    0000012c                   : BIOS.obj (.text:ti_sysbios_family_arm_m3_Hwi_dispatchC__I)
                  00004d4c    0000012c                   : BIOS.obj (.text:ti_sysbios_knl_Clock_workFunc__E)
                  00004e78    00000126     ti.sysbios.fatfs.aem4f : ff.oem4f (.text:f_rename)
                  00004f9e    00000002     sysbios.aem4f : BIOS.obj (.text:ti_sysbios_gates_GateHwi_Instance_init__F)
                  00004fa0    00000124     EKS_LM4F232.obj (.text:EKS_LM4F232_initUART)
                  000050c4    00000117     ti.sysbios.fatfs.aem4f : ff.oem4f (.text:create_name)
                  000051db    00000001     --HOLE-- [fill = 0]
                  000051dc    00000114     sysbios.aem4f : BIOS.obj (.text:ti_sysbios_knl_Swi_run__I)
                  000052f0    00000104     ti.targets.arm.rtsarm.aem4f : Core-mem.oem4f (.text:xdc_runtime_Core_createObject__I)
                  000053f4    00000104     szime2.0_pem4f.oem4f (.text:xdc_runtime_System_printfExtend__I)
                  000054f8    00000100     sysbios.aem4f : BIOS.obj (.text:ti_sysbios_knl_Task_schedule__I)
                  000055f8    00000100                   : BIOS.obj (.text:ti_sysbios_knl_Task_startCore__E)
                  000056f8    000000fa     ti.sysbios.fatfs.aem4f : ff.oem4f (.text:dir_next)
                  000057f2    00000002     szime2.0_pem4f.oem4f (.text:xdc_runtime_Startup_reset__I)
                  000057f4    000000f8     sysbios.aem4f : BIOS.obj (.text:ti_sysbios_knl_Task_postInit__I)
                  000058ec    000000f8     ti.targets.arm.rtsarm.aem4f : Startup.oem4f (.text:xdc_runtime_Startup_startMods__I)
                  000059e4    000000f4     gpio_tivaware.aem4f : GPIO.oem4f (.text:GPIO_toggle)
                  00005ad8    000000f4     rtsv7M4_T_le_v4SPD16_eabi.lib : dtor_list.obj (.text)
                  00005bcc    000000f0     gpio_tivaware.aem4f : GPIO.oem4f (.text:GPIO_write)
                  00005cbc    000000e4     sysbios.aem4f : BIOS.obj (.text:ti_sysbios_family_arm_m3_Hwi_initNVIC__E)
                  00005da0    000000de     ti.sysbios.fatfs.aem4f : ff.oem4f (.text:put_fat)
                  00005e7e    000000d2     szime2.0teszt.obj (.text:PortTest)
                  00005f50    000000cc     ti.sysbios.fatfs.aem4f : ff.oem4f (.text:get_fat)
                  0000601c    000000c8     sysbios.aem4f : BIOS.obj (.text:ti_sysbios_family_arm_lm4_TimestampProvider_get32__E)
                  000060e4    000000c2     ti.sysbios.fatfs.aem4f : ff.oem4f (.text:f_unlink)
                  000061a6    000000c0                            : ff.oem4f (.text:sync)
                  00006266    00000002     --HOLE-- [fill = 0]
                  00006268    000000c0     sysbios.aem4f : BIOS.obj (.text:ti_sysbios_knl_Task_unblockI__E)
                  00006328    000000bc     EKS_LM4F232.obj (.text:EKS_LM4F232_initGPIO)
                  000063e4    000000bc     sysbios.aem4f : BIOS.obj (.text:ti_sysbios_utils_Load_taskDeleteHook__E)
                  000064a0    000000b8     driverlib.lib : gpio.obj (.text:GPIOPadConfigSet)
                  00006558    000000b8     szime2.0teszt.obj (.text:main)
                  00006610    000000b8     sysbios.aem4f : BIOS.obj (.text:ti_sysbios_utils_Load_idleFxn__E)
                  000066c8    000000b4     ti.sysbios.fatfs.aem4f : ff.oem4f (.text:f_sync)
                  0000677c    000000b4     sysbios.aem4f : BIOS.obj (.text:ti_sysbios_gates_GateMutex_enter__E)
                  00006830    000000b4                   : BIOS.obj (.text:ti_sysbios_knl_Task_checkStacks__E)
                  000068e4    000000b0     ti.sysbios.fatfs.aem4f : ffcio.oem4f (.text:ffcio_open)
                  00006994    000000b0     sysbios.aem4f : BIOS.obj (.text:ti_sysbios_family_arm_m3_Hwi_excHardFault__I)
                  00006a44    000000b0                   : BIOS.obj (.text:ti_sysbios_knl_Swi_post__E)
                  00006af4    000000b0                   : BIOS.obj (.text:ti_sysbios_knl_Swi_schedule__I)
                  00006ba4    000000ac     uart_tivaware.aem4f : UARTTiva.oem4f (.text:UARTTiva_close)
                  00006c50    000000a8     sysbios.aem4f : BIOS.obj (.text:ti_sysbios_family_arm_lm4_Timer_Module_startup__F)
                  00006cf8    000000a8                   : BIOS.obj (.text:ti_sysbios_family_arm_m3_Hwi_excDebugMon__I)
                  00006da0    000000a8                   : BIOS.obj (.text:ti_sysbios_knl_Semaphore_Instance_init__F)
                  00006e48    000000a4                   : BIOS.obj (.text:ti_sysbios_family_arm_m3_Hwi_Module_startup__F)
                  00006eec    000000a0     auto_init.aem4f : auto_init.oem4f (.text)
                  00006f8c    000000a0     sysbios.aem4f : BIOS.obj (.text:ti_sysbios_knl_Task_blockI__E)
                  0000702c    0000009c     rtsv7M4_T_le_v4SPD16_eabi.lib : memcpy_t2.obj (.text)
                  000070c8    0000009a     ti.targets.arm.rtsarm.aem4f : Text.oem4f (.text:xdc_runtime_Text_putSite__F)
                  00007162    00000098     ti.sysbios.fatfs.aem4f : ff.oem4f (.text:create_chain)
                  000071fa    00000002     --HOLE-- [fill = 0]
                  000071fc    00000094     Boot.aem4f : Boot.oem4f (.text:ti_catalog_arm_cortexm4_tiva_ce_Boot_sysCtlClockSet__E)
                  00007290    00000094     sysbios.aem4f : BIOS.obj (.text:ti_sysbios_family_arm_m3_Hwi_Instance_init__F)
                  00007324    00000094     ti.targets.arm.rtsarm.aem4f : Text.oem4f (.text:xdc_runtime_Text_putMod__F)
                  000073b8    00000090     EKS_LM4F232.obj (.text:EKS_LM4F232_initGeneral)
                  00007448    00000090     sysbios.aem4f : BIOS.obj (.text:ti_sysbios_family_arm_lm4_Timer_setNextTick__E)
                  000074d8    0000008c                   : m3_TaskSupport_asm.obj (.text:_ti_sysbios_family_arm_m3_TaskSupport_buildTaskStack)
                  00007564    0000008c                   : BIOS.obj (.text:ti_sysbios_utils_Load_taskCreateHook__E)
                  000075f0    00000084     ti.uia.runtime.aem4f : LoggerStopMode.oem4f (.text:ti_uia_runtime_LoggerStopMode_setFilterLevel__E)
                  00007674    00000080     sysbios.aem4f : BIOS.obj (.text:ti_sysbios_knl_Task_Module_startup__F)
                  000076f4    0000007e     ti.uia.runtime.aem4f : LoggerStopMode.oem4f (.text:ti_uia_runtime_LoggerStopMode_getContents__E)
                  00007772    0000007c     ti.sysbios.fatfs.aem4f : ff.oem4f (.text:dir_sdi)
                  000077ee    00000078     rtsv7M4_T_le_v4SPD16_eabi.lib : memset_t2.obj (.text)
                  00007866    00000002     --HOLE-- [fill = 0]
                  00007868    00000078     sysbios.aem4f : BIOS.obj (.text:ti_sysbios_family_arm_lm4_Timer_getExpiredCounts__E)
                  000078e0    00000078                   : BIOS.obj (.text:ti_sysbios_utils_Load_addTask__E)
                  00007958    00000076     ti.sysbios.fatfs.aem4f : ff.oem4f (.text:follow_path)
                  000079ce    00000002     --HOLE-- [fill = 0]
                  000079d0    00000074     sysbios.aem4f : BIOS.obj (.text:ti_sysbios_family_arm_lm4_Timer_isrStub__E)
                  00007a44    00000074                   : BIOS.obj (.text:ti_sysbios_knl_Clock_startI__E)
                  00007ab8    00000070     ti.sysbios.fatfs.aem4f : ff.oem4f (.text:check_fs)
                  00007b28    00000070     szime2.0_pem4f.oem4f (.text:ti_sysbios_family_arm_m3_Hwi_Object__create__S)
                  00007b98    00000070     sysbios.aem4f : BIOS.obj (.text:ti_sysbios_family_arm_m3_Hwi_reconfig__E)
                  00007c08    00000070     szime2.0_pem4f.oem4f (.text:ti_sysbios_hal_Hwi_Object__create__S)
                  00007c78    00000070     ti.uia.runtime.aem4f : LoggerStopMode.oem4f (.text:ti_uia_runtime_LoggerStopMode_getFilterLevel__E)
                  00007ce8    00000070                          : QueueDescriptor.oem4f (.text:ti_uia_runtime_QueueDescriptor_addToList__E)
                  00007d58    00000070     ti.targets.arm.rtsarm.aem4f : Memory.oem4f (.text:xdc_runtime_Memory_alloc__F)
                  00007dc8    0000006e     ti.sysbios.fatfs.aem4f : ff.oem4f (.text:move_window)
                  00007e36    0000006e     ti.uia.runtime.aem4f : LoggerStopMode.oem4f (.text:ti_uia_runtime_LoggerStopMode_writeBlockOfMemory__I)
                  00007ea4    0000006c     ti.targets.arm.rtsarm.aem4f : Error.oem4f (.text:xdc_runtime_Error_print__F)
                  00007f10    00000066                                 : Core-mem.oem4f (.text:xdc_runtime_Core_deleteObject__I)
                  00007f76    00000064     uart_tivaware.aem4f : UARTTiva.oem4f (.text:UARTTiva_read)
                  00007fda    00000064     ti.sysbios.fatfs.aem4f : ff.oem4f (.text:remove_chain)
                  0000803e    00000002     --HOLE-- [fill = 0]
                  00008040    00000064     sysbios.aem4f : BIOS.obj (.text:ti_sysbios_BIOS_rtsUnlock__I)
                  000080a4    00000062     ti.sysbios.fatfs.aem4f : ff.oem4f (.text:dir_register)
                  00008106    00000002     --HOLE-- [fill = 0]
                  00008108    00000060     rtsv7M4_T_le_v4SPD16_eabi.lib : trgmsg.obj (.text)
                  00008168    00000060     sysbios.aem4f : BIOS.obj (.text:ti_sysbios_knl_Clock_logTick__E)
                  000081c8    00000060     szime2.0_pem4f.oem4f (.text:ti_uia_runtime_LoggerStopMode_Object__create__S)
                  00008228    0000005e     rtsv7M4_T_le_v4SPD16_eabi.lib : copy_decompress_rle.obj (.text)
                  00008286    00000002     --HOLE-- [fill = 0]
                  00008288    0000005c     sysbios.aem4f : BIOS.obj (.text:ti_sysbios_knl_Swi_restoreHwi__E)
                  000082e4    0000005b     ti.targets.arm.rtsarm.aem4f : Text.oem4f (.text:xdc_runtime_Text_putLab__F)
                  0000833f    00000001     --HOLE-- [fill = 0]
                  00008340    0000005a     ti.uia.runtime.aem4f : LoggerStopMode.oem4f (.text:ti_uia_runtime_LoggerStopMode_readBlockOfMemory__I)
                  0000839a    00000002     --HOLE-- [fill = 0]
                  0000839c    00000058     boot.aem4f : boot.oem4f (.text)
                  000083f4    00000058     sysbios.aem4f : BIOS.obj (.text:ti_sysbios_utils_Load_taskSwitchHook__E)
                  0000844c    00000054     ti.uia.runtime.aem4f : QueueDescriptor.oem4f (.text:ti_uia_runtime_QueueDescriptor_removeFromList__E)
                  000084a0    00000050     ti.targets.arm.rtsarm.aem4f : Startup.oem4f (.text:xdc_runtime_Startup_exec__F)
                  000084f0    00000050                                 : System.oem4f (.text:xdc_runtime_System_formatNum__I)
                  00008540    00000050                                 : Text.oem4f (.text:xdc_runtime_Text_visitRope2__I)
                  00008590    0000004c     uart_tivaware.aem4f : UART.oem4f (.text:UART_Params_init)
                  000085dc    0000004c     szime2.0_pem4f.oem4f (.text:ti_sysbios_fatfs_startup)
                  00008628    0000004c     sysbios.aem4f : BIOS.obj (.text:ti_sysbios_knl_Clock_getTicks__E)
                  00008674    0000004c                   : BIOS.obj (.text:ti_sysbios_knl_Task_allBlockedFunction__I)
                  000086c0    0000004a     ti.sysbios.fatfs.aem4f : ff.oem4f (.text:dir_find)
                  0000870a    00000002     --HOLE-- [fill = 0]
                  0000870c    00000048     driverlib.lib : gpio.obj (.text:GPIOPinConfigure)
                  00008754    00000048     sysbios.aem4f : BIOS.obj (.text:ti_sysbios_family_arm_m3_Hwi_excReserved__I)
                  0000879c    00000048                   : BIOS.obj (.text:ti_sysbios_heaps_HeapMem_getStats__E)
                  000087e4    00000048                   : BIOS.obj (.text:ti_sysbios_knl_Semaphore_pendTimeout__I)
                  0000882c    00000048     ti.targets.arm.rtsarm.aem4f : Assert.oem4f (.text:xdc_runtime_Assert_raise__I)
                  00008874    00000048                                 : Core-params.oem4f (.text:xdc_runtime_Core_assignParams__I)
                  000088bc    00000046     ti.uia.runtime.aem4f : LoggerStopMode.oem4f (.text:ti_uia_runtime_LoggerStopMode_Instance_init__F)
                  00008902    00000002     --HOLE-- [fill = 0]
                  00008904    00000044     uart_tivaware.aem4f : UART.oem4f (.text:UART_open)
                  00008948    00000044     rtsv7M4_T_le_v4SPD16_eabi.lib : cpy_tbl.obj (.text)
                  0000898c    00000044                                   : exit.obj (.text)
                  000089d0    00000044     sysbios.aem4f : BIOS.obj (.text:ti_sysbios_BIOS_errorRaiseHook__I)
                  00008a14    00000044                   : BIOS.obj (.text:ti_sysbios_family_arm_m3_Hwi_disableInterrupt__E)
                  00008a58    00000044                   : BIOS.obj (.text:ti_sysbios_family_arm_m3_Hwi_enableInterrupt__E)
                  00008a9c    00000044     ti.uia.runtime.aem4f : LoggerStopMode.oem4f (.text:ti_uia_runtime_LoggerStopMode_filterOutEvent__I)
                  00008ae0    00000044                          : LoggerStopMode.oem4f (.text:ti_uia_runtime_LoggerStopMode_reset__F)
                  00008b24    00000044     ti.targets.arm.rtsarm.aem4f : SysMin.oem4f (.text:xdc_runtime_SysMin_flush__F)
                  00008b68    00000040     driverlib.lib : uart.obj (.text:UARTConfigSetExpClk)
                  00008ba8    00000040     uart_tivaware.aem4f : UARTTiva.oem4f (.text:UARTTiva_writePolling)
                  00008be8    00000040     ti.sysbios.fatfs.aem4f : ff.oem4f (.text:dir_read)
                  00008c28    00000040     sysbios.aem4f : BIOS.obj (.text:ti_sysbios_family_arm_lm4_Timer_startup__E)
                  00008c68    00000040     szime2.0_pem4f.oem4f (.text:ti_sysbios_knl_Semaphore_Object__create__S)
                  00008ca8    00000040     sysbios.aem4f : BIOS.obj (.text:ti_sysbios_knl_Swi_startup__E)
                  00008ce8    00000040     ti.targets.arm.rtsarm.aem4f : System.oem4f (.text:xdc_runtime_System_atexit__F)
                  00008d28    0000003c     sysbios.aem4f : BIOS.obj (.text:ti_sysbios_family_arm_m3_Hwi_excSvCall__I)
                  00008d64    0000003c                   : BIOS.obj (.text:ti_sysbios_family_arm_m3_TaskSupport_start__E)
                  00008da0    0000003c                   : BIOS.obj (.text:ti_sysbios_heaps_HeapMem_init__I)
                  00008ddc    0000003c     ti.targets.arm.rtsarm.aem4f : Text.oem4f (.text:xdc_runtime_Text_xprintf__I)
                  00008e18    00000038     uart_tivaware.aem4f : UART.oem4f (.text:UART_init)
                  00008e50    00000038     sysbios.aem4f : BIOS.obj (.text:ti_sysbios_family_arm_m3_Hwi_excNoIsr__I)
                  00008e88    00000038                   : BIOS.obj (.text:ti_sysbios_family_arm_m3_Hwi_getStackInfo__E)
                  00008ec0    00000038     szime2.0_pem4f.oem4f (.text:ti_sysbios_gates_GateHwi_Object__create__S)
                  00008ef8    00000038     szime2.0_pem4f.oem4f (.text:ti_sysbios_gates_GateMutex_Object__create__S)
                  00008f30    00000038     szime2.0_pem4f.oem4f (.text:ti_sysbios_heaps_HeapMem_Object__create__S)
                  00008f68    00000038     szime2.0_pem4f.oem4f (.text:ti_sysbios_knl_Queue_Object__create__S)
                  00008fa0    00000038     ti.targets.arm.rtsarm.aem4f : SysMin.oem4f (.text:xdc_runtime_SysMin_putch__F)
                  00008fd8    00000034     driverlib.lib : sysctl.obj (.text:SysCtlPeripheralEnable)
                  0000900c    00000034     uart_tivaware.aem4f : UART.oem4f (.text:UART_write)
                  00009040    00000034     ti.sysbios.fatfs.aem4f : ffcio.oem4f (.text:ffcio_lseek)
                  00009074    00000034     sysbios.aem4f : BIOS.obj (.text:ti_sysbios_family_arm_m3_Hwi_excNmi__I)
                  000090a8    00000034                   : BIOS.obj (.text:ti_sysbios_hal_Hwi_checkStack:ti_sysbios_hal_Hwi_checkStack)
                  000090dc    00000034                   : BIOS.obj (.text:ti_sysbios_knl_Task_restore__E)
                  00009110    00000034                   : BIOS.obj (.text:ti_sysbios_knl_Task_sleepTimeout__I)
                  00009144    00000032                   : BIOS.obj (.text:ti_sysbios_hal_Hwi_Instance_init__F)
                  00009176    00000030     uart_tivaware.aem4f : UARTTiva.oem4f (.text:UARTTiva_readCancel)
                  000091a6    00000030                         : UARTTiva.oem4f (.text:UARTTiva_writeCancel)
                  000091d6    00000030     rtsv7M4_T_le_v4SPD16_eabi.lib : strncpy.obj (.text)
                  00009206    00000002     --HOLE-- [fill = 0]
                  00009208    00000030     szime2.0_pem4f.oem4f (.text:ti_sysbios_BIOS_exitFunc__I)
                  00009238    00000030     sysbios.aem4f : BIOS.obj (.text:ti_sysbios_family_arm_lm4_Timer_enableTimers__I)
                  00009268    00000030                   : BIOS.obj (.text:ti_sysbios_knl_Clock_Module_startup__F)
                  00009298    00000030                   : BIOS.obj (.text:ti_sysbios_knl_Idle_run__E)
                  000092c8    00000030     ti.sysbios.fatfs.aem4f : ff.oem4f (.text:validate)
                  000092f8    00000030     ti.targets.arm.rtsarm.aem4f : Core-label.oem4f (.text:xdc_runtime_Core_assignLabel__I)
                  00009328    00000030                                 : SysMin.oem4f (.text:xdc_runtime_SysMin_abort__F)
                  00009358    0000002f                                 : Text.oem4f (.text:xdc_runtime_Text_printVisFxn__I)
                  00009387    00000001     --HOLE-- [fill = 0]
                  00009388    0000002e     szime2.0_pem4f.oem4f (.text:malloc)
                  000093b6    0000002c     sysbios.aem4f : BIOS.obj (.text:ti_sysbios_hal_Hwi_initStack:ti_sysbios_hal_Hwi_initStack)
                  000093e2    00000002     --HOLE-- [fill = 0]
                  000093e4    0000002c     szime2.0_pem4f.oem4f (.text:ti_sysbios_knl_Clock_doTick__I)
                  00009410    0000002c     ti.uia.runtime.aem4f : LoggerStopMode.oem4f (.text:ti_uia_runtime_LoggerStopMode_Module_startup__F)
                  0000943c    0000002c                          : LoggerStopMode.oem4f (.text:ti_uia_runtime_LoggerStopMode_disable__E)
                  00009468    0000002c                          : LoggerStopMode.oem4f (.text:ti_uia_runtime_LoggerStopMode_enable__E)
                  00009494    0000002c     ti.targets.arm.rtsarm.aem4f : System.oem4f (.text:xdc_runtime_System_rtsExit__I)
                  000094c0    0000002c                                 : Text.oem4f (.text:xdc_runtime_Text_cordText__F)
                  000094ec    0000002a     driverlib.lib : gpio.obj (.text:GPIODirModeSet)
                  00009516    0000002a     szime2.0teszt.obj (.text:GPIOTicker)
                  00009540    0000002a     ti.targets.arm.rtsarm.aem4f : System.oem4f (.text:xdc_runtime_System_putchar__I)
                  0000956a    00000002     --HOLE-- [fill = 0]
                  0000956c    00000028     sysbios.aem4f : m3_Hwi_asm_switch.obj (.text:_ti_sysbios_family_arm_m3_Hwi_initStacks__E)
                  00009594    00000028     szime2.0_pem4f.oem4f (.text:ti_sysbios_BIOS_startFunc__I)
                  000095bc    00000028     sysbios.aem4f : BIOS.obj (.text:ti_sysbios_family_arm_m3_Hwi_Instance_finalize__F)
                  000095e4    00000028                   : BIOS.obj (.text:ti_sysbios_gates_GateMutex_Instance_init__F)
                  0000960c    00000028     ti.uia.runtime.aem4f : LogSync.oem4f (.text:ti_uia_runtime_LogSync_Module_startup__F)
                  00009634    00000028                          : QueueDescriptor.oem4f (.text:ti_uia_runtime_QueueDescriptor_initHeader__E)
                  0000965c    00000026     ti.targets.arm.rtsarm.aem4f : System.oem4f (.text:xdc_runtime_System_avprintf__F)
                  00009682    00000002     --HOLE-- [fill = 0]
                  00009684    00000024     gpio_tivaware.aem4f : GPIO.oem4f (.text:GPIO_init)
                  000096a8    00000024     ti.sysbios.fatfs.aem4f : ff.oem4f (.text:dir_remove)
                  000096cc    00000024                            : ffcio.oem4f (.text:ffcio_close)
                  000096f0    00000024     sysbios.aem4f : BIOS.obj (.text:ti_sysbios_BIOS_registerRTSLock__I)
                  00009714    00000024                   : BIOS.obj (.text:ti_sysbios_family_arm_m3_Hwi_doTaskRestore__I)
                  00009738    00000024     szime2.0_pem4f.oem4f (.text:ti_sysbios_gates_GateMutex_Object__delete__S)
                  0000975c    00000024     szime2.0_pem4f.oem4f (.text:ti_sysbios_knl_Semaphore_Object__delete__S)
                  00009780    00000024     sysbios.aem4f : BIOS.obj (.text:ti_sysbios_knl_Swi_Module_startup__F)
                  000097a4    00000024     ti.uia.runtime.aem4f : LoggerStopMode.oem4f (.text:ti_uia_runtime_LoggerStopMode_Instance_finalize__F)
                  000097c8    00000024     ti.targets.arm.rtsarm.aem4f : System.oem4f (.text:xdc_runtime_System_vprintf__F)
                  000097ec    00000022     szime2.0_pem4f.oem4f (.text:xdc_runtime_SysMin_output__I)
                  0000980e    00000002     --HOLE-- [fill = 0]
                  00009810    00000020     ti.sysbios.fatfs.aem4f : ffcio.oem4f (.text:ffcio_read)
                  00009830    00000020                            : ffcio.oem4f (.text:ffcio_write)
                  00009850    00000020     szime2.0_pem4f.oem4f (.text:ti_sysbios_family_arm_m3_Hwi_Object__delete__S)
                  00009870    00000020     szime2.0_pem4f.oem4f (.text:ti_sysbios_gates_GateHwi_Object__delete__S)
                  00009890    00000020     szime2.0_pem4f.oem4f (.text:ti_sysbios_hal_Hwi_Object__delete__S)
                  000098b0    00000020     szime2.0_pem4f.oem4f (.text:ti_sysbios_heaps_HeapMem_Object__delete__S)
                  000098d0    00000020     szime2.0_pem4f.oem4f (.text:ti_sysbios_knl_Semaphore_Object__destruct__S)
                  000098f0    00000020     sysbios.aem4f : BIOS.obj (.text:ti_sysbios_knl_Task_enter__I)
                  00009910    00000020     szime2.0_pem4f.oem4f (.text:ti_uia_runtime_LoggerStopMode_Object__delete__S)
                  00009930    00000020     ti.targets.arm.rtsarm.aem4f : Registry.oem4f (.text:xdc_runtime_Registry_findById__F)
                  00009950    00000020                                 : SysMin.oem4f (.text:xdc_runtime_SysMin_Module_startup__F)
                  00009970    0000001c     driverlib.lib : uart.obj (.text:UARTDisable)
                  0000998c    0000001c     ti.sysbios.fatfs.aem4f : diskio.oem4f (.text:disk_initialize)
                  000099a8    0000001c                            : diskio.oem4f (.text:disk_ioctl)
                  000099c4    0000001c                            : diskio.oem4f (.text:disk_read)
                  000099e0    0000001c                            : diskio.oem4f (.text:disk_status)
                  000099fc    0000001c                            : diskio.oem4f (.text:disk_write)
                  00009a18    0000001c                            : ff.oem4f (.text:mem_cmp)
                  00009a34    0000001c     sysbios.aem4f : BIOS.obj (.text:ti_sysbios_BIOS_rtsLock__I)
                  00009a50    0000001c     szime2.0_pem4f.oem4f (.text:ti_sysbios_knl_Queue_Object__destruct__S)
                  00009a6c    0000001c     ti.targets.arm.rtsarm.aem4f : Error.oem4f (.text:xdc_runtime_Error_check__F)
                  00009a88    0000001c                                 : Memory.oem4f (.text:xdc_runtime_Memory_valloc__F)
                  00009aa4    0000001c                                 : SysMin.oem4f (.text:xdc_runtime_SysMin_exit__F)
                  00009ac0    0000001a     szime2.0_pem4f.oem4f (.text:ti_sysbios_family_arm_m3_Hwi_Handle__label__S)
                  00009ada    0000001a     szime2.0_pem4f.oem4f (.text:ti_sysbios_gates_GateHwi_Handle__label__S)
                  00009af4    0000001a     szime2.0_pem4f.oem4f (.text:ti_sysbios_gates_GateMutex_Handle__label__S)
                  00009b0e    0000001a     szime2.0_pem4f.oem4f (.text:ti_sysbios_heaps_HeapMem_Handle__label__S)
                  00009b28    0000001a     szime2.0_pem4f.oem4f (.text:ti_sysbios_knl_Swi_Handle__label__S)
                  00009b42    0000001a     szime2.0_pem4f.oem4f (.text:ti_sysbios_knl_Task_Handle__label__S)
                  00009b5c    0000001a     szime2.0_pem4f.oem4f (.text:ti_uia_runtime_LoggerStopMode_Handle__label__S)
                  00009b76    0000001a     szime2.0_pem4f.oem4f (.text:xdc_runtime_System_aprintf__E)
                  00009b90    0000001a     szime2.0_pem4f.oem4f (.text:xdc_runtime_System_printf__E)
                  00009baa    00000018     sysbios.aem4f : m3_TaskSupport_asm.obj (.text:_ti_sysbios_family_arm_m3_TaskSupport_swap__E)
                  00009bc2    00000018     ti.sysbios.fatfs.aem4f : ff.oem4f (.text:clust2sect)
                  00009bda    00000018     szime2.0_pem4f.oem4f (.text:free)
                  00009bf2    00000002     --HOLE-- [fill = 0]
                  00009bf4    00000018     rtsv7M4_T_le_v4SPD16_eabi.lib : args_main.obj (.text)
                  00009c0c    00000018                                   : strcmp.obj (.text)
                  00009c24    00000018     szime2.0_pem4f.oem4f (.text:ti_sysbios_family_arm_lm4_Timer_Module__startupDone__F)
                  00009c3c    00000018     szime2.0_pem4f.oem4f (.text:ti_sysbios_family_arm_m3_Hwi_Module__startupDone__F)
                  00009c54    00000018     sysbios.aem4f : BIOS.obj (.text:ti_sysbios_gates_GateMutex_leave__E)
                  00009c6c    00000018     szime2.0_pem4f.oem4f (.text:ti_sysbios_hal_Timer_Module__startupDone__F)
                  00009c84    00000018     ti.sysbios.fatfs.aem4f : ff.oem4f (.text:unlock_fs)
                  00009c9c    00000018     ti.targets.arm.rtsarm.aem4f : Text.oem4f (.text:xdc_runtime_Text_ropeText__F)
                  00009cb4    00000016     rtsv7M4_T_le_v4SPD16_eabi.lib : strchr.obj (.text)
                  00009cca    00000016     ti.uia.runtime.aem4f : LoggerStopMode.oem4f (.text:ti_uia_runtime_LoggerStopMode_getFreeSize__E)
                  00009ce0    00000016                          : LoggerStopMode.oem4f (.text:ti_uia_runtime_LoggerStopMode_getUnreadSize__E)
                  00009cf6    00000014     driverlib.lib : uart.obj (.text:UARTEnable)
                  00009d0a    00000002     --HOLE-- [fill = 0]
                  00009d0c    00000014     rtsv7M4_T_le_v4SPD16_eabi.lib : _lock.obj (.text)
                  00009d20    00000014                                   : strlen.obj (.text)
                  00009d34    00000014     sysbios.aem4f : BIOS.obj (.text:ti_sysbios_family_arm_m3_Hwi_disableFxn__E)
                  00009d48    00000014                   : BIOS.obj (.text:ti_sysbios_family_arm_m3_Hwi_switchFromBootStack__E)
                  00009d5c    00000014                   : BIOS.obj (.text:ti_sysbios_gates_GateHwi_enter__E)
                  00009d70    00000014     szime2.0_pem4f.oem4f (.text:ti_sysbios_heaps_HeapMem_Object__get__S)
                  00009d84    00000014     szime2.0_pem4f.oem4f (.text:ti_sysbios_knl_Swi_Object__get__S)
                  00009d98    00000014     szime2.0_pem4f.oem4f (.text:ti_sysbios_knl_Task_Object__first__S)
                  00009dac    00000014     szime2.0_pem4f.oem4f (.text:ti_sysbios_knl_Task_Object__get__S)
                  00009dc0    00000014     szime2.0_pem4f.oem4f (.text:ti_sysbios_knl_Task_Object__next__S)
                  00009dd4    00000014     ti.uia.runtime.aem4f : LoggerStopMode.oem4f (.text:ti_uia_runtime_LoggerStopMode_write2__E)
                  00009de8    00000014     ti.targets.arm.rtsarm.aem4f : System.oem4f (.text:xdc_runtime_System_abort__F)
                  00009dfc    00000012     driverlib.lib : gpio.obj (.text:GPIOPinTypeGPIOOutput)
                  00009e0e    00000012                   : gpio.obj (.text:GPIOPinTypeUART)
                  00009e20    00000012     ti.sysbios.fatfs.aem4f : ff.oem4f (.text:chk_chr)
                  00009e32    00000012     rtsv7M4_T_le_v4SPD16_eabi.lib : copy_zero_init.obj (.text:decompress:ZI)
                  00009e44    00000012     ti.sysbios.fatfs.aem4f : ffcio.oem4f (.text:ffcio_rename)
                  00009e56    00000012                            : ffcio.oem4f (.text:ffcio_unlink)
                  00009e68    00000012     sysbios.aem4f : BIOS.obj (.text:ti_sysbios_hal_Hwi_Module_startup__F)
                  00009e7a    00000012                   : BIOS.obj (.text:ti_sysbios_hal_Timer_Module_startup__F)
                  00009e8c    00000012     ti.uia.runtime.aem4f : LoggerStopMode.oem4f (.text:ti_uia_runtime_LoggerStopMode_write1__E)
                  00009e9e    00000012     szime2.0_pem4f.oem4f (.text:xdc_runtime_Startup_exec__I)
                  00009eb0    00000010     sysbios.aem4f : m3_TaskSupport_asm.obj (.text:_ti_sysbios_family_arm_m3_TaskSupport_glue)
                  00009ec0    00000010                   : m3_Hwi_asm_switch.obj (.text:_ti_sysbios_family_xxx_Hwi_switchToIsrStack)
                  00009ed0    00000010     ti.sysbios.fatfs.aem4f : ff.oem4f (.text:f_close)
                  00009ee0    00000010                            : ff.oem4f (.text:mem_cpy)
                  00009ef0    00000010     rtsv7M4_T_le_v4SPD16_eabi.lib : strcpy.obj (.text)
                  00009f00    00000010     sysbios.aem4f : BIOS.obj (.text:ti_sysbios_BIOS_getCpuFreq__E)
                  00009f10    00000010                   : BIOS.obj (.text:ti_sysbios_BIOS_setThreadType__E)
                  00009f20    00000010                   : BIOS.obj (.text:ti_sysbios_BIOS_start__E)
                  00009f30    00000010                   : BIOS.obj (.text:ti_sysbios_family_arm_lm4_TimestampProvider_rolloverFunc__E)
                  00009f40    00000010                   : BIOS.obj (.text:ti_sysbios_family_arm_m3_Hwi_excHandler__I)
                  00009f50    00000010                   : BIOS.obj (.text:ti_sysbios_gates_GateMutex_Instance_finalize__F)
                  00009f60    00000010     szime2.0_pem4f.oem4f (.text:ti_sysbios_hal_Hwi_HwiProxy_Object__create__S)
                  00009f70    00000010     sysbios.aem4f : BIOS.obj (.text:ti_sysbios_knl_Semaphore_Instance_finalize__F)
                  00009f80    00000010                   : BIOS.obj (.text:ti_sysbios_knl_Swi_disable__E)
                  00009f90    00000010                   : BIOS.obj (.text:ti_sysbios_knl_Task_disable__E)
                  00009fa0    00000010     szime2.0_pem4f.oem4f (.text:ti_uia_runtime_LoggerStopMode_Object__get__S)
                  00009fb0    00000010     ti.uia.runtime.aem4f : LoggerStopMode.oem4f (.text:ti_uia_runtime_LoggerStopMode_write0__E)
                  00009fc0    00000010     ti.targets.arm.rtsarm.aem4f : Gate.oem4f (.text:xdc_runtime_Gate_leaveSystem__F)
                  00009fd0    00000010                                 : Memory.oem4f (.text:xdc_runtime_Memory_free__F)
                  00009fe0    00000010                                 : SysMin.oem4f (.text:xdc_runtime_SysMin_ready__F)
                  00009ff0    00000010                                 : System.oem4f (.text:xdc_runtime_System_vsnprintf__F)
                  0000a000    00000010     szime2.0_pem4f.oem4f (.text:xdc_runtime_Text_visitRope__I)
                  0000a010    0000000e     driverlib.lib : uart.obj (.text:UARTCharGetNonBlocking)
                  0000a01e    0000000e                   : uart.obj (.text:UARTCharPutNonBlocking)
                  0000a02c    0000000e     rtsv7M4_T_le_v4SPD16_eabi.lib : copy_decompress_none.obj (.text:decompress:none)
                  0000a03a    0000000e     ti.sysbios.fatfs.aem4f : ff.oem4f (.text:mem_set)
                  0000a048    0000000e     sysbios.aem4f : BIOS.obj (.text:ti_sysbios_family_arm_m3_TaskSupport_checkStack__E)
                  0000a056    0000000e                   : BIOS.obj (.text:ti_sysbios_knl_Queue_empty__E)
                  0000a064    0000000e     ti.uia.runtime.aem4f : LoggerStopMode.oem4f (.text:ti_uia_runtime_LoggerStopMode_isEmpty__E)
                  0000a072    00000002     --HOLE-- [fill = 0]
                  0000a074    0000000c     szime2.0_pem4f.oem4f (.text:.bootCodeSection:ti_catalog_arm_cortexm4_tiva_ce_Boot_init__I)
                  0000a080    0000000c     sysbios.aem4f : m3_Hwi_asm_switch.obj (.text:_ti_sysbios_family_xxx_Hwi_switchToTaskStack)
                  0000a08c    0000000c                   : BIOS.obj (.text:ti_sysbios_family_arm_lm4_Timer_masterDisable__I)
                  0000a098    0000000c                   : BIOS.obj (.text:ti_sysbios_family_arm_lm4_TimestampProvider_startTimer__E)
                  0000a0a4    0000000c     szime2.0_pem4f.oem4f (.text:ti_sysbios_hal_Hwi_Params__init__S)
                  0000a0b0    0000000c     szime2.0_pem4f.oem4f (.text:ti_sysbios_knl_Queue_Object__get__S)
                  0000a0bc    0000000c     szime2.0_pem4f.oem4f (.text:ti_sysbios_knl_Semaphore_Params__init__S)
                  0000a0c8    0000000c     sysbios.aem4f : BIOS.obj (.text:ti_sysbios_utils_Load_taskRegHook__E)
                  0000a0d4    0000000c     ti.targets.arm.rtsarm.aem4f : Error.oem4f (.text:xdc_runtime_Error_init__F)
                  0000a0e0    0000000c                                 : Gate.oem4f (.text:xdc_runtime_Gate_enterSystem__F)
                  0000a0ec    0000000c                                 : Memory.oem4f (.text:xdc_runtime_Memory_calloc__F)
                  0000a0f8    0000000c                                 : Memory.oem4f (.text:xdc_runtime_Memory_getMaxDefaultTypeAlign__F)
                  0000a104    0000000c                                 : System.oem4f (.text:xdc_runtime_System_exit__F)
                  0000a110    0000000c                                 : System.oem4f (.text:xdc_runtime_System_lastFxn__I)
                  0000a11c    0000000a     driverlib.lib : uart.obj (.text:UARTCharGet)
                  0000a126    0000000a                   : uart.obj (.text:UARTCharPut)
                  0000a130    0000000a                   : uart.obj (.text:UARTIntDisable)
                  0000a13a    0000000a                   : uart.obj (.text:UARTIntStatus)
                  0000a144    0000000a     sysbios.aem4f : BIOS.obj (.text:ti_sysbios_hal_Hwi_Instance_finalize__F)
                  0000a14e    0000000a     szime2.0_pem4f.oem4f (.text:xdc_runtime_IHeap_alloc)
                  0000a158    0000000a     szime2.0_pem4f.oem4f (.text:xdc_runtime_IHeap_free)
                  0000a162    00000008     driverlib.lib : uart.obj (.text:UARTIntEnable)
                  0000a16a    00000008     uart_tivaware.aem4f : UARTTiva.oem4f (.text:UARTTiva_init)
                  0000a172    00000008     ti.sysbios.fatfs.aem4f : syncsysbios.oem4f (.text:ff_req_grant)
                  0000a17a    00000008     uart_tivaware.aem4f : UARTTiva.oem4f (.text:readSemCallback)
                  0000a182    00000008     sysbios.aem4f : BIOS.obj (.text:ti_sysbios_family_arm_m3_Hwi_doSwiRestore__I)
                  0000a18a    00000008                   : BIOS.obj (.text:ti_sysbios_family_arm_m3_Hwi_startup__E)
                  0000a192    00000002     --HOLE-- [fill = 0]
                  0000a194    00000008     szime2.0_pem4f.oem4f (.text:ti_sysbios_fatfs_getFatTime)
                  0000a19c    00000008     sysbios.aem4f : BIOS.obj (.text:ti_sysbios_knl_Idle_loop__E)
                  0000a1a4    00000008     uart_tivaware.aem4f : UARTTiva.oem4f (.text:writeSemCallback)
                  0000a1ac    00000006     driverlib.lib : gpio.obj (.text:GPIOPinRead)
                  0000a1b2    00000006                   : gpio.obj (.text:GPIOPinWrite)
                  0000a1b8    00000006                   : uart.obj (.text:UARTFIFOLevelSet)
                  0000a1be    00000006     ti.targets.arm.rtsarm.aem4f : xdc_noinit.oem4f (.text:__xdc__init)
                  0000a1c4    00000006     rtsv7M4_T_le_v4SPD16_eabi.lib : copy_decompress_rle.obj (.text:decompress:rle24)
                  0000a1ca    00000006     ti.sysbios.fatfs.aem4f : ff.oem4f (.text:lock_fs)
                  0000a1d0    00000006     Boot.aem4f : Boot_sysctl.oem4f (.text:ti_catalog_arm_cortexm4_tiva_ce_Boot_sysCtlDelayI__I)
                  0000a1d6    00000006     sysbios.aem4f : BIOS.obj (.text:ti_sysbios_family_arm_lm4_TimestampProvider_Module_startup__F)
                  0000a1dc    00000006                   : BIOS.obj (.text:ti_sysbios_family_arm_m3_Hwi_restoreFxn__E)
                  0000a1e2    00000006                   : BIOS.obj (.text:ti_sysbios_gates_GateHwi_leave__E)
                  0000a1e8    00000006                   : BIOS.obj (.text:ti_sysbios_heaps_HeapMem_isBlocking__E)
                  0000a1ee    00000006                   : BIOS.obj (.text:ti_sysbios_knl_Queue_Instance_init__F)
                  0000a1f4    00000006     ti.uia.runtime.aem4f : LoggerStopMode.oem4f (.text:ti_uia_runtime_LoggerStopMode_getPriority__E)
                  0000a1fa    00000006                          : LoggerStopMode.oem4f (.text:ti_uia_runtime_LoggerStopMode_getTransferType__F)
                  0000a200    00000006     ti.targets.arm.rtsarm.aem4f : System.oem4f (.text:xdc_runtime_System_Module_startup__F)
                  0000a206    00000004     driverlib.lib : uart.obj (.text:UARTIntClear)
                  0000a20a    00000004     ti.sysbios.fatfs.aem4f : syncsysbios.oem4f (.text:ff_rel_grant)
                  0000a20e    00000004     szime2.0_pem4f.oem4f (.text:ti_sysbios_BIOS_RtsGateProxy_enter__E)
                  0000a212    00000004     szime2.0_pem4f.oem4f (.text:ti_sysbios_BIOS_RtsGateProxy_leave__E)
                  0000a216    00000004     sysbios.aem4f : BIOS.obj (.text:ti_sysbios_family_arm_lm4_Timer_getPeriod__E)
                  0000a21a    00000004                   : BIOS.obj (.text:ti_sysbios_family_arm_lm4_Timer_masterEnable__I)
                  0000a21e    00000004     szime2.0_pem4f.oem4f (.text:ti_sysbios_family_arm_m3_TaskSupport_Module__startupDone__S)
                  0000a222    00000004     sysbios.aem4f : BIOS.obj (.text:ti_sysbios_gates_GateHwi_query__F)
                  0000a226    00000004                   : BIOS.obj (.text:ti_sysbios_gates_GateMutex_query__F)
                  0000a22a    00000004     szime2.0_pem4f.oem4f (.text:ti_sysbios_hal_Hwi_HwiProxy_Module__startupDone__S)
                  0000a22e    00000004     szime2.0_pem4f.oem4f (.text:ti_sysbios_hal_Hwi_HwiProxy_Object__delete__S)
                  0000a232    00000004     szime2.0_pem4f.oem4f (.text:ti_sysbios_hal_Timer_TimerProxy_Module__startupDone__S)
                  0000a236    00000004     szime2.0_pem4f.oem4f (.text:ti_sysbios_hal_Timer_TimerProxy_getExpiredCounts__E)
                  0000a23a    00000004     szime2.0_pem4f.oem4f (.text:ti_sysbios_hal_Timer_TimerProxy_getPeriod__E)
                  0000a23e    00000004     szime2.0_pem4f.oem4f (.text:ti_sysbios_hal_Timer_TimerProxy_setNextTick__E)
                  0000a242    00000004     szime2.0_pem4f.oem4f (.text:ti_sysbios_heaps_HeapMem_Module_GateProxy_enter__E)
                  0000a246    00000004     szime2.0_pem4f.oem4f (.text:ti_sysbios_heaps_HeapMem_Module_GateProxy_leave__E)
                  0000a24a    00000004     szime2.0_pem4f.oem4f (.text:ti_sysbios_knl_Task_SupportProxy_Module__startupDone__S)
                  0000a24e    00000004     sysbios.aem4f : BIOS.obj (.text:ti_sysbios_knl_Task_startup__E)
                  0000a252    00000004     szime2.0_pem4f.oem4f (.text:ti_uia_runtime_LogSync_CpuTimestampProxy_Module__startupDone__S)
                  0000a256    00000004     szime2.0_pem4f.oem4f (.text:ti_uia_runtime_LogSync_GlobalTimestampProxy_Module__startupDone__S)
                  0000a25a    00000004     ti.uia.runtime.aem4f : LoggerStopMode.oem4f (.text:ti_uia_runtime_LoggerStopMode_getInstanceId__E)
                  0000a25e    00000004                          : LoggerStopMode.oem4f (.text:ti_uia_runtime_LoggerStopMode_getMaxLength__E)
                  0000a262    00000004                          : LoggerStopMode.oem4f (.text:ti_uia_runtime_LoggerStopMode_setPriority__E)
                  0000a266    00000004     ti.targets.arm.rtsarm.aem4f : Error.oem4f (.text:xdc_runtime_Error_getSite__F)
                  0000a26a    00000004     szime2.0_pem4f.oem4f (.text:xdc_runtime_Memory_HeapProxy_alloc__E)
                  0000a26e    00000004     szime2.0_pem4f.oem4f (.text:xdc_runtime_Memory_HeapProxy_free__E)
                  0000a272    00000004     szime2.0_pem4f.oem4f (.text:xdc_runtime_System_Module_GateProxy_enter__E)
                  0000a276    00000004     szime2.0_pem4f.oem4f (.text:xdc_runtime_System_Module_GateProxy_leave__E)
                  0000a27a    00000004     ti.targets.arm.rtsarm.aem4f : System.oem4f (.text:xdc_runtime_System_aprintf_va__F)
                  0000a27e    00000004                                 : System.oem4f (.text:xdc_runtime_System_printf_va__F)
                  0000a282    00000004     szime2.0_pem4f.oem4f (.text:xdc_runtime_System_vsnprintf__E)
                  0000a286    00000004     szime2.0_pem4f.oem4f (.text:xdc_runtime_TimestampNull_Module__startupDone__S)
                  0000a28a    00000004     szime2.0_pem4f.oem4f (.text:xdc_runtime_Timestamp_Module__startupDone__S)

.const     0    0000a290    00002dc0     
                  0000a290    00002292     szime2.0_pem4f.oem4f (.const:xdc_runtime_Text_charTab__A)
                  0000c522    00000114     szime2.0_pem4f.oem4f (.const:xdc_runtime_Text_nodeTab__A)
                  0000c636    000000d8     szime2.0_pem4f.oem4f (.const:ti_sysbios_family_arm_m3_Hwi_priorities__A)
                  0000c70e    00000002     szime2.0_pem4f.oem4f (.const:ti_catalog_arm_cortexm4_tiva_ce_Boot_Module__id__C)
                  0000c710    000000b4     EKS_LM4F232.obj (.const:gpioHWAttrs)
                  0000c7c4    00000078     driverlib.lib : gpio.obj (.const:g_pui32GPIOBaseAddrs)
                  0000c83c    00000060     EKS_LM4F232.obj (.const:UART_config)
                  0000c89c    00000060     szime2.0_pem4f.oem4f (.const:ti_uia_runtime_LoggerStopMode_Module__FXNS__C)
                  0000c8fc    00000048     szime2.0_pem4f.oem4f (.const:.string)
                  0000c944    00000040     EKS_LM4F232.obj (.const:GPIO_config)
                  0000c984    00000038     EKS_LM4F232.obj (.const:uartTivaHWAttrs)
                  0000c9bc    00000030     szime2.0_pem4f.oem4f (.const:ti_sysbios_family_arm_m3_Hwi_Object__PARAMS__C)
                  0000c9ec    00000030     szime2.0_pem4f.oem4f (.const:ti_sysbios_knl_Task_hooks__A)
                  0000ca1c    00000030     szime2.0_pem4f.oem4f (.const:ti_uia_runtime_LoggerStopMode_Object__PARAMS__C)
                  0000ca4c    00000030     szime2.0_pem4f.oem4f (.const:xdc_runtime_Startup_sfxnTab__A)
                  0000ca7c    0000002c     szime2.0_pem4f.oem4f (.const:ti_sysbios_hal_Hwi_Object__PARAMS__C)
                  0000caa8    00000028     szime2.0_pem4f.oem4f (.const:ti_sysbios_heaps_HeapMem_Module__FXNS__C)
                  0000cad0    00000024     uart_tivaware.aem4f : UARTTiva.oem4f (.const:UARTTiva_fxnTable)
                  0000caf4    00000024     szime2.0_pem4f.oem4f (.const:ti_sysbios_gates_GateHwi_Module__FXNS__C)
                  0000cb18    00000024     szime2.0_pem4f.oem4f (.const:ti_sysbios_gates_GateMutex_Module__FXNS__C)
                  0000cb3c    00000024     szime2.0_pem4f.oem4f (.const:ti_sysbios_heaps_HeapMem_Object__PARAMS__C)
                  0000cb60    00000024     szime2.0_pem4f.oem4f (.const:ti_sysbios_knl_Semaphore_Object__PARAMS__C)
                  0000cb84    00000020     szime2.0_pem4f.oem4f (.const:ti_sysbios_family_arm_m3_Hwi_Object__DESC__C)
                  0000cba4    00000020     szime2.0_pem4f.oem4f (.const:ti_sysbios_gates_GateHwi_Object__DESC__C)
                  0000cbc4    00000020     szime2.0_pem4f.oem4f (.const:ti_sysbios_gates_GateMutex_Object__DESC__C)
                  0000cbe4    00000020     szime2.0_pem4f.oem4f (.const:ti_sysbios_hal_Hwi_Object__DESC__C)
                  0000cc04    00000020     szime2.0_pem4f.oem4f (.const:ti_sysbios_heaps_HeapMem_Object__DESC__C)
                  0000cc24    00000020     szime2.0_pem4f.oem4f (.const:ti_sysbios_knl_Queue_Object__DESC__C)
                  0000cc44    00000020     szime2.0_pem4f.oem4f (.const:ti_sysbios_knl_Semaphore_Object__DESC__C)
                  0000cc64    00000020     szime2.0_pem4f.oem4f (.const:ti_uia_runtime_LoggerStopMode_Object__DESC__C)
                  0000cc84    00000018     szime2.0_pem4f.oem4f (.const:ti_sysbios_gates_GateHwi_Object__PARAMS__C)
                  0000cc9c    00000018     szime2.0_pem4f.oem4f (.const:ti_sysbios_gates_GateMutex_Object__PARAMS__C)
                  0000ccb4    00000018     szime2.0_pem4f.oem4f (.const:ti_sysbios_knl_Queue_Object__PARAMS__C)
                  0000cccc    00000018     szime2.0_pem4f.oem4f (.const:xdc_runtime_Startup_sfxnRts__A)
                  0000cce4    00000014     szime2.0_pem4f.oem4f (.const:xdc_runtime_Startup_firstFxns__A)
                  0000ccf8    00000011     ti.targets.arm.rtsarm.aem4f : System.oem4f (.const)
                  0000cd09    00000010     szime2.0teszt.obj (.const:.string)
                  0000cd19    00000001     szime2.0_pem4f.oem4f (.const:ti_sysbios_knl_Clock_tickMode__C)
                  0000cd1a    00000002     szime2.0_pem4f.oem4f (.const:ti_sysbios_BIOS_Module__id__C)
                  0000cd1c    00000008     szime2.0_pem4f.oem4f (.const:ti_sysbios_family_arm_m3_Hwi_excHookFuncs__A)
                  0000cd24    00000008     szime2.0_pem4f.oem4f (.const:ti_sysbios_knl_Idle_coreList__A)
                  0000cd2c    00000008     szime2.0_pem4f.oem4f (.const:ti_sysbios_knl_Idle_coreList__C)
                  0000cd34    00000008     szime2.0_pem4f.oem4f (.const:ti_sysbios_knl_Idle_funcList__A)
                  0000cd3c    00000008     szime2.0_pem4f.oem4f (.const:ti_sysbios_knl_Idle_funcList__C)
                  0000cd44    00000008     szime2.0_pem4f.oem4f (.const:ti_sysbios_knl_Task_hooks__C)
                  0000cd4c    00000008     szime2.0_pem4f.oem4f (.const:xdc_runtime_Startup_firstFxns__C)
                  0000cd54    00000008     szime2.0_pem4f.oem4f (.const:xdc_runtime_Startup_lastFxns__A)
                  0000cd5c    00000008     szime2.0_pem4f.oem4f (.const:xdc_runtime_Startup_lastFxns__C)
                  0000cd64    00000004     szime2.0_pem4f.oem4f (.const:ti_catalog_arm_cortexm4_tiva_ce_Boot_A_mustUseEnhancedClockMode__C)
                  0000cd68    00000004     szime2.0_pem4f.oem4f (.const:ti_catalog_arm_cortexm4_tiva_ce_Boot_Module__diagsEnabled__C)
                  0000cd6c    00000004     szime2.0_pem4f.oem4f (.const:ti_catalog_arm_cortexm4_tiva_ce_Boot_Module__diagsIncluded__C)
                  0000cd70    00000004     szime2.0_pem4f.oem4f (.const:ti_catalog_arm_cortexm4_tiva_ce_Boot_Module__diagsMask__C)
                  0000cd74    00000004     szime2.0_pem4f.oem4f (.const:ti_sysbios_BIOS_Module__diagsEnabled__C)
                  0000cd78    00000004     szime2.0_pem4f.oem4f (.const:ti_sysbios_BIOS_Module__diagsIncluded__C)
                  0000cd7c    00000004     szime2.0_pem4f.oem4f (.const:ti_sysbios_BIOS_Module__diagsMask__C)
                  0000cd80    00000004     szime2.0_pem4f.oem4f (.const:ti_sysbios_BIOS_installedErrorHook__C)
                  0000cd84    00000004     szime2.0_pem4f.oem4f (.const:ti_sysbios_family_arm_lm4_Timer_numTimerDevices__C)
                  0000cd88    00000004     szime2.0_pem4f.oem4f (.const:ti_sysbios_family_arm_lm4_Timer_startupNeeded__C)
                  0000cd8c    00000004     szime2.0_pem4f.oem4f (.const:ti_sysbios_family_arm_m3_Hwi_E_NMI__C)
                  0000cd90    00000004     szime2.0_pem4f.oem4f (.const:ti_sysbios_family_arm_m3_Hwi_E_alreadyDefined__C)
                  0000cd94    00000004     szime2.0_pem4f.oem4f (.const:ti_sysbios_family_arm_m3_Hwi_E_busFault__C)
                  0000cd98    00000004     szime2.0_pem4f.oem4f (.const:ti_sysbios_family_arm_m3_Hwi_E_debugMon__C)
                  0000cd9c    00000004     szime2.0_pem4f.oem4f (.const:ti_sysbios_family_arm_m3_Hwi_E_hardFault__C)
                  0000cda0    00000004     szime2.0_pem4f.oem4f (.const:ti_sysbios_family_arm_m3_Hwi_E_memFault__C)
                  0000cda4    00000004     szime2.0_pem4f.oem4f (.const:ti_sysbios_family_arm_m3_Hwi_E_noIsr__C)
                  0000cda8    00000004     szime2.0_pem4f.oem4f (.const:ti_sysbios_family_arm_m3_Hwi_E_reserved__C)
                  0000cdac    00000004     szime2.0_pem4f.oem4f (.const:ti_sysbios_family_arm_m3_Hwi_E_svCall__C)
                  0000cdb0    00000004     szime2.0_pem4f.oem4f (.const:ti_sysbios_family_arm_m3_Hwi_E_usageFault__C)
                  0000cdb4    00000004     szime2.0_pem4f.oem4f (.const:ti_sysbios_family_arm_m3_Hwi_LD_end__C)
                  0000cdb8    00000004     szime2.0_pem4f.oem4f (.const:ti_sysbios_family_arm_m3_Hwi_LM_begin__C)
                  0000cdbc    00000004     szime2.0_pem4f.oem4f (.const:ti_sysbios_family_arm_m3_Hwi_Module__diagsEnabled__C)
                  0000cdc0    00000004     szime2.0_pem4f.oem4f (.const:ti_sysbios_family_arm_m3_Hwi_Module__diagsIncluded__C)
                  0000cdc4    00000004     szime2.0_pem4f.oem4f (.const:ti_sysbios_family_arm_m3_Hwi_Module__diagsMask__C)
                  0000cdc8    00000004     szime2.0_pem4f.oem4f (.const:ti_sysbios_family_arm_m3_Hwi_Module__loggerFxn1__C)
                  0000cdcc    00000004     szime2.0_pem4f.oem4f (.const:ti_sysbios_family_arm_m3_Hwi_Module__loggerFxn8__C)
                  0000cdd0    00000004     szime2.0_pem4f.oem4f (.const:ti_sysbios_family_arm_m3_Hwi_Module__loggerObj__C)
                  0000cdd4    00000004     szime2.0_pem4f.oem4f (.const:ti_sysbios_family_arm_m3_Hwi_NUM_INTERRUPTS__C)
                  0000cdd8    00000004     szime2.0_pem4f.oem4f (.const:ti_sysbios_family_arm_m3_Hwi_ccr__C)
                  0000cddc    00000004     szime2.0_pem4f.oem4f (.const:ti_sysbios_family_arm_m3_Hwi_disablePriority__C)
                  0000cde0    00000004     szime2.0_pem4f.oem4f (.const:ti_sysbios_family_arm_m3_Hwi_dispatchTable__C)
                  0000cde4    00000004     szime2.0_pem4f.oem4f (.const:ti_sysbios_family_arm_m3_Hwi_excHandlerFunc__C)
                  0000cde8    00000004     szime2.0_pem4f.oem4f (.const:ti_sysbios_family_arm_m3_Hwi_excHookFuncs__C)
                  0000cdec    00000004     szime2.0_pem4f.oem4f (.const:ti_sysbios_family_arm_m3_Hwi_priGroup__C)
                  0000cdf0    00000004     szime2.0_pem4f.oem4f (.const:ti_sysbios_family_arm_m3_Hwi_priorities__C)
                  0000cdf4    00000004     szime2.0_pem4f.oem4f (.const:ti_sysbios_gates_GateMutex_A_badContext__C)
                  0000cdf8    00000004     szime2.0_pem4f.oem4f (.const:ti_sysbios_gates_GateMutex_Instance_State_sem__O)
                  0000cdfc    00000004     szime2.0_pem4f.oem4f (.const:ti_sysbios_gates_GateMutex_Module__diagsEnabled__C)
                  0000ce00    00000004     szime2.0_pem4f.oem4f (.const:ti_sysbios_gates_GateMutex_Module__diagsIncluded__C)
                  0000ce04    00000004     szime2.0_pem4f.oem4f (.const:ti_sysbios_gates_GateMutex_Module__diagsMask__C)
                  0000ce08    00000004     szime2.0_pem4f.oem4f (.const:ti_sysbios_hal_Hwi_E_stackOverflow__C)
                  0000ce0c    00000004     szime2.0_pem4f.oem4f (.const:ti_sysbios_heaps_HeapMem_A_align__C)
                  0000ce10    00000004     szime2.0_pem4f.oem4f (.const:ti_sysbios_heaps_HeapMem_A_heapSize__C)
                  0000ce14    00000004     szime2.0_pem4f.oem4f (.const:ti_sysbios_heaps_HeapMem_A_invalidFree__C)
                  0000ce18    00000004     szime2.0_pem4f.oem4f (.const:ti_sysbios_heaps_HeapMem_A_zeroBlock__C)
                  0000ce1c    00000004     szime2.0_pem4f.oem4f (.const:ti_sysbios_heaps_HeapMem_E_memory__C)
                  0000ce20    00000004     szime2.0_pem4f.oem4f (.const:ti_sysbios_heaps_HeapMem_Module__diagsEnabled__C)
                  0000ce24    00000004     szime2.0_pem4f.oem4f (.const:ti_sysbios_heaps_HeapMem_Module__diagsIncluded__C)
                  0000ce28    00000004     szime2.0_pem4f.oem4f (.const:ti_sysbios_heaps_HeapMem_Module__diagsMask__C)
                  0000ce2c    00000004     szime2.0_pem4f.oem4f (.const:ti_sysbios_heaps_HeapMem_Module__gateObj__C)
                  0000ce30    00000004     szime2.0_pem4f.oem4f (.const:ti_sysbios_heaps_HeapMem_Object__count__C)
                  0000ce34    00000004     szime2.0_pem4f.oem4f (.const:ti_sysbios_heaps_HeapMem_reqAlign__C)
                  0000ce38    00000004     szime2.0_pem4f.oem4f (.const:ti_sysbios_knl_Clock_LM_begin__C)
                  0000ce3c    00000004     szime2.0_pem4f.oem4f (.const:ti_sysbios_knl_Clock_LM_tick__C)
                  0000ce40    00000004     szime2.0_pem4f.oem4f (.const:ti_sysbios_knl_Clock_LW_delayed__C)
                  0000ce44    00000004     szime2.0_pem4f.oem4f (.const:ti_sysbios_knl_Clock_Module_State_clockQ__O)
                  0000ce48    00000004     szime2.0_pem4f.oem4f (.const:ti_sysbios_knl_Clock_Module__diagsEnabled__C)
                  0000ce4c    00000004     szime2.0_pem4f.oem4f (.const:ti_sysbios_knl_Clock_Module__diagsIncluded__C)
                  0000ce50    00000004     szime2.0_pem4f.oem4f (.const:ti_sysbios_knl_Clock_Module__diagsMask__C)
                  0000ce54    00000004     szime2.0_pem4f.oem4f (.const:ti_sysbios_knl_Clock_Module__loggerFxn1__C)
                  0000ce58    00000004     szime2.0_pem4f.oem4f (.const:ti_sysbios_knl_Clock_Module__loggerFxn2__C)
                  0000ce5c    00000004     szime2.0_pem4f.oem4f (.const:ti_sysbios_knl_Clock_Module__loggerObj__C)
                  0000ce60    00000004     szime2.0_pem4f.oem4f (.const:ti_sysbios_knl_Semaphore_A_badContext__C)
                  0000ce64    00000004     szime2.0_pem4f.oem4f (.const:ti_sysbios_knl_Semaphore_A_noEvents__C)
                  0000ce68    00000004     szime2.0_pem4f.oem4f (.const:ti_sysbios_knl_Semaphore_A_overflow__C)
                  0000ce6c    00000004     szime2.0_pem4f.oem4f (.const:ti_sysbios_knl_Semaphore_A_pendTaskDisabled__C)
                  0000ce70    00000004     szime2.0_pem4f.oem4f (.const:ti_sysbios_knl_Semaphore_Instance_State_pendQ__O)
                  0000ce74    00000004     szime2.0_pem4f.oem4f (.const:ti_sysbios_knl_Semaphore_LM_pend__C)
                  0000ce78    00000004     szime2.0_pem4f.oem4f (.const:ti_sysbios_knl_Semaphore_LM_post__C)
                  0000ce7c    00000004     szime2.0_pem4f.oem4f (.const:ti_sysbios_knl_Semaphore_Module__diagsEnabled__C)
                  0000ce80    00000004     szime2.0_pem4f.oem4f (.const:ti_sysbios_knl_Semaphore_Module__diagsIncluded__C)
                  0000ce84    00000004     szime2.0_pem4f.oem4f (.const:ti_sysbios_knl_Semaphore_Module__diagsMask__C)
                  0000ce88    00000004     szime2.0_pem4f.oem4f (.const:ti_sysbios_knl_Semaphore_Module__loggerFxn2__C)
                  0000ce8c    00000004     szime2.0_pem4f.oem4f (.const:ti_sysbios_knl_Semaphore_Module__loggerFxn4__C)
                  0000ce90    00000004     szime2.0_pem4f.oem4f (.const:ti_sysbios_knl_Semaphore_Module__loggerObj__C)
                  0000ce94    00000004     szime2.0_pem4f.oem4f (.const:ti_sysbios_knl_Swi_LD_end__C)
                  0000ce98    00000004     szime2.0_pem4f.oem4f (.const:ti_sysbios_knl_Swi_LM_begin__C)
                  0000ce9c    00000004     szime2.0_pem4f.oem4f (.const:ti_sysbios_knl_Swi_LM_post__C)
                  0000cea0    00000004     szime2.0_pem4f.oem4f (.const:ti_sysbios_knl_Swi_Module__diagsEnabled__C)
                  0000cea4    00000004     szime2.0_pem4f.oem4f (.const:ti_sysbios_knl_Swi_Module__diagsIncluded__C)
                  0000cea8    00000004     szime2.0_pem4f.oem4f (.const:ti_sysbios_knl_Swi_Module__diagsMask__C)
                  0000ceac    00000004     szime2.0_pem4f.oem4f (.const:ti_sysbios_knl_Swi_Module__loggerFxn1__C)
                  0000ceb0    00000004     szime2.0_pem4f.oem4f (.const:ti_sysbios_knl_Swi_Module__loggerFxn4__C)
                  0000ceb4    00000004     szime2.0_pem4f.oem4f (.const:ti_sysbios_knl_Swi_Module__loggerObj__C)
                  0000ceb8    00000004     szime2.0_pem4f.oem4f (.const:ti_sysbios_knl_Swi_Object__count__C)
                  0000cebc    00000004     szime2.0_pem4f.oem4f (.const:ti_sysbios_knl_Task_A_badTimeout__C)
                  0000cec0    00000004     szime2.0_pem4f.oem4f (.const:ti_sysbios_knl_Task_A_sleepTaskDisabled__C)
                  0000cec4    00000004     szime2.0_pem4f.oem4f (.const:ti_sysbios_knl_Task_E_spOutOfBounds__C)
                  0000cec8    00000004     szime2.0_pem4f.oem4f (.const:ti_sysbios_knl_Task_E_stackOverflow__C)
                  0000cecc    00000004     szime2.0_pem4f.oem4f (.const:ti_sysbios_knl_Task_LD_block__C)
                  0000ced0    00000004     szime2.0_pem4f.oem4f (.const:ti_sysbios_knl_Task_LD_exit__C)
                  0000ced4    00000004     szime2.0_pem4f.oem4f (.const:ti_sysbios_knl_Task_LD_ready__C)
                  0000ced8    00000004     szime2.0_pem4f.oem4f (.const:ti_sysbios_knl_Task_LM_sleep__C)
                  0000cedc    00000004     szime2.0_pem4f.oem4f (.const:ti_sysbios_knl_Task_LM_switch__C)
                  0000cee0    00000004     szime2.0_pem4f.oem4f (.const:ti_sysbios_knl_Task_Module_State_inactiveQ__O)
                  0000cee4    00000004     szime2.0_pem4f.oem4f (.const:ti_sysbios_knl_Task_Module_State_terminatedQ__O)
                  0000cee8    00000004     szime2.0_pem4f.oem4f (.const:ti_sysbios_knl_Task_Module__diagsEnabled__C)
                  0000ceec    00000004     szime2.0_pem4f.oem4f (.const:ti_sysbios_knl_Task_Module__diagsIncluded__C)
                  0000cef0    00000004     szime2.0_pem4f.oem4f (.const:ti_sysbios_knl_Task_Module__diagsMask__C)
                  0000cef4    00000004     szime2.0_pem4f.oem4f (.const:ti_sysbios_knl_Task_Module__loggerFxn2__C)
                  0000cef8    00000004     szime2.0_pem4f.oem4f (.const:ti_sysbios_knl_Task_Module__loggerFxn4__C)
                  0000cefc    00000004     szime2.0_pem4f.oem4f (.const:ti_sysbios_knl_Task_Module__loggerObj__C)
                  0000cf00    00000004     szime2.0_pem4f.oem4f (.const:ti_sysbios_knl_Task_Object__count__C)
                  0000cf04    00000004     szime2.0_pem4f.oem4f (.const:ti_sysbios_knl_Task_Object__heap__C)
                  0000cf08    00000004     szime2.0_pem4f.oem4f (.const:ti_sysbios_knl_Task_allBlockedFunc__C)
                  0000cf0c    00000004     szime2.0_pem4f.oem4f (.const:ti_sysbios_knl_Task_numConstructedTasks__C)
                  0000cf10    00000004     szime2.0_pem4f.oem4f (.const:ti_sysbios_utils_Load_LS_cpuLoad__C)
                  0000cf14    00000004     szime2.0_pem4f.oem4f (.const:ti_sysbios_utils_Load_LS_hwiLoad__C)
                  0000cf18    00000004     szime2.0_pem4f.oem4f (.const:ti_sysbios_utils_Load_LS_swiLoad__C)
                  0000cf1c    00000004     szime2.0_pem4f.oem4f (.const:ti_sysbios_utils_Load_LS_taskLoad__C)
                  0000cf20    00000004     szime2.0_pem4f.oem4f (.const:ti_sysbios_utils_Load_Module_State_taskList__O)
                  0000cf24    00000004     szime2.0_pem4f.oem4f (.const:ti_sysbios_utils_Load_Module__diagsEnabled__C)
                  0000cf28    00000004     szime2.0_pem4f.oem4f (.const:ti_sysbios_utils_Load_Module__diagsIncluded__C)
                  0000cf2c    00000004     szime2.0_pem4f.oem4f (.const:ti_sysbios_utils_Load_Module__diagsMask__C)
                  0000cf30    00000004     szime2.0_pem4f.oem4f (.const:ti_sysbios_utils_Load_Module__loggerFxn1__C)
                  0000cf34    00000004     szime2.0_pem4f.oem4f (.const:ti_sysbios_utils_Load_Module__loggerFxn2__C)
                  0000cf38    00000004     szime2.0_pem4f.oem4f (.const:ti_sysbios_utils_Load_Module__loggerFxn4__C)
                  0000cf3c    00000004     szime2.0_pem4f.oem4f (.const:ti_sysbios_utils_Load_Module__loggerObj__C)
                  0000cf40    00000004     szime2.0_pem4f.oem4f (.const:ti_sysbios_utils_Load_postUpdate__C)
                  0000cf44    00000004     szime2.0_pem4f.oem4f (.const:ti_sysbios_utils_Load_windowInMs__C)
                  0000cf48    00000004     szime2.0_pem4f.oem4f (.const:ti_uia_runtime_ILoggerSnapshot_Interface__BASE__C)
                  0000cf4c    00000004     szime2.0_pem4f.oem4f (.const:ti_uia_runtime_IUIATransfer_Interface__BASE__C)
                  0000cf50    00000004     szime2.0_pem4f.oem4f (.const:ti_uia_runtime_LoggerStopMode_E_badLevel__C)
                  0000cf54    00000004     szime2.0_pem4f.oem4f (.const:ti_uia_runtime_LoggerStopMode_Object__count__C)
                  0000cf58    00000004     szime2.0_pem4f.oem4f (.const:ti_uia_runtime_LoggerStopMode_overflowLogger__C)
                  0000cf5c    00000004     szime2.0_pem4f.oem4f (.const:ti_uia_runtime_LoggerStopMode_statusLogger__C)
                  0000cf60    00000004     szime2.0_pem4f.oem4f (.const:xdc_runtime_Assert_E_assertFailed__C)
                  0000cf64    00000004     szime2.0_pem4f.oem4f (.const:xdc_runtime_Core_A_initializedParams__C)
                  0000cf68    00000004     szime2.0_pem4f.oem4f (.const:xdc_runtime_Core_Module__diagsEnabled__C)
                  0000cf6c    00000004     szime2.0_pem4f.oem4f (.const:xdc_runtime_Core_Module__diagsIncluded__C)
                  0000cf70    00000004     szime2.0_pem4f.oem4f (.const:xdc_runtime_Core_Module__diagsMask__C)
                  0000cf74    00000004     szime2.0_pem4f.oem4f (.const:xdc_runtime_Error_E_memory__C)
                  0000cf78    00000004     szime2.0_pem4f.oem4f (.const:xdc_runtime_Error_Module__diagsEnabled__C)
                  0000cf7c    00000004     szime2.0_pem4f.oem4f (.const:xdc_runtime_Error_Module__diagsIncluded__C)
                  0000cf80    00000004     szime2.0_pem4f.oem4f (.const:xdc_runtime_Error_Module__diagsMask__C)
                  0000cf84    00000004     szime2.0_pem4f.oem4f (.const:xdc_runtime_Error_Module__loggerFxn8__C)
                  0000cf88    00000004     szime2.0_pem4f.oem4f (.const:xdc_runtime_Error_Module__loggerObj__C)
                  0000cf8c    00000004     szime2.0_pem4f.oem4f (.const:xdc_runtime_Error_raiseHook__C)
                  0000cf90    00000004     szime2.0_pem4f.oem4f (.const:xdc_runtime_IFilterLogger_Interface__BASE__C)
                  0000cf94    00000004     szime2.0_pem4f.oem4f (.const:xdc_runtime_IGateProvider_Interface__BASE__C)
                  0000cf98    00000004     szime2.0_pem4f.oem4f (.const:xdc_runtime_IHeap_Interface__BASE__C)
                  0000cf9c    00000004     szime2.0_pem4f.oem4f (.const:xdc_runtime_ILogger_Interface__BASE__C)
                  0000cfa0    00000004     szime2.0_pem4f.oem4f (.const:xdc_runtime_IModule_Interface__BASE__C)
                  0000cfa4    00000004     szime2.0_pem4f.oem4f (.const:xdc_runtime_Log_L_error__C)
                  0000cfa8    00000004     szime2.0_pem4f.oem4f (.const:xdc_runtime_Log_L_warning__C)
                  0000cfac    00000004     szime2.0_pem4f.oem4f (.const:xdc_runtime_Main_Module__diagsEnabled__C)
                  0000cfb0    00000004     szime2.0_pem4f.oem4f (.const:xdc_runtime_Main_Module__diagsIncluded__C)
                  0000cfb4    00000004     szime2.0_pem4f.oem4f (.const:xdc_runtime_Main_Module__diagsMask__C)
                  0000cfb8    00000004     szime2.0_pem4f.oem4f (.const:xdc_runtime_Main_Module__loggerFxn2__C)
                  0000cfbc    00000004     szime2.0_pem4f.oem4f (.const:xdc_runtime_Main_Module__loggerFxn4__C)
                  0000cfc0    00000004     szime2.0_pem4f.oem4f (.const:xdc_runtime_Main_Module__loggerObj__C)
                  0000cfc4    00000004     szime2.0_pem4f.oem4f (.const:xdc_runtime_Memory_defaultHeapInstance__C)
                  0000cfc8    00000004     szime2.0_pem4f.oem4f (.const:xdc_runtime_Startup_execImpl__C)
                  0000cfcc    00000004     szime2.0_pem4f.oem4f (.const:xdc_runtime_Startup_maxPasses__C)
                  0000cfd0    00000004     szime2.0_pem4f.oem4f (.const:xdc_runtime_Startup_sfxnRts__C)
                  0000cfd4    00000004     szime2.0_pem4f.oem4f (.const:xdc_runtime_Startup_sfxnTab__C)
                  0000cfd8    00000004     szime2.0_pem4f.oem4f (.const:xdc_runtime_SysMin_bufSize__C)
                  0000cfdc    00000004     szime2.0_pem4f.oem4f (.const:xdc_runtime_SysMin_outputFunc__C)
                  0000cfe0    00000004     szime2.0_pem4f.oem4f (.const:xdc_runtime_System_Module__gateObj__C)
                  0000cfe4    00000004     szime2.0_pem4f.oem4f (.const:xdc_runtime_System_extendFxn__C)
                  0000cfe8    00000004     szime2.0_pem4f.oem4f (.const:xdc_runtime_System_maxAtexitHandlers__C)
                  0000cfec    00000004     szime2.0_pem4f.oem4f (.const:xdc_runtime_Text_charTab__C)
                  0000cff0    00000004     szime2.0_pem4f.oem4f (.const:xdc_runtime_Text_nameEmpty__C)
                  0000cff4    00000004     szime2.0_pem4f.oem4f (.const:xdc_runtime_Text_nameStatic__C)
                  0000cff8    00000004     szime2.0_pem4f.oem4f (.const:xdc_runtime_Text_nameUnknown__C)
                  0000cffc    00000004     szime2.0_pem4f.oem4f (.const:xdc_runtime_Text_nodeTab__C)
                  0000d000    00000004     szime2.0_pem4f.oem4f (.const:xdc_runtime_Text_visitRopeFxn__C)
                  0000d004    00000002     szime2.0_pem4f.oem4f (.const:ti_sysbios_family_arm_lm4_TimestampProvider_useClockTimer__C)
                  0000d006    00000002     szime2.0_pem4f.oem4f (.const:ti_sysbios_family_arm_m3_Hwi_Module__id__C)
                  0000d008    00000002     szime2.0_pem4f.oem4f (.const:ti_sysbios_family_arm_m3_Hwi_Module__loggerDefined__C)
                  0000d00a    00000002     szime2.0_pem4f.oem4f (.const:ti_sysbios_gates_GateMutex_Module__id__C)
                  0000d00c    00000002     szime2.0_pem4f.oem4f (.const:ti_sysbios_hal_Hwi_Module__id__C)
                  0000d00e    00000002     szime2.0_pem4f.oem4f (.const:ti_sysbios_heaps_HeapMem_Module__id__C)
                  0000d010    00000002     szime2.0_pem4f.oem4f (.const:ti_sysbios_knl_Clock_Module__id__C)
                  0000d012    00000002     szime2.0_pem4f.oem4f (.const:ti_sysbios_knl_Clock_Module__loggerDefined__C)
                  0000d014    00000002     szime2.0_pem4f.oem4f (.const:ti_sysbios_knl_Semaphore_Module__id__C)
                  0000d016    00000002     szime2.0_pem4f.oem4f (.const:ti_sysbios_knl_Semaphore_Module__loggerDefined__C)
                  0000d018    00000002     szime2.0_pem4f.oem4f (.const:ti_sysbios_knl_Swi_Module__id__C)
                  0000d01a    00000002     szime2.0_pem4f.oem4f (.const:ti_sysbios_knl_Swi_Module__loggerDefined__C)
                  0000d01c    00000002     szime2.0_pem4f.oem4f (.const:ti_sysbios_knl_Task_Module__id__C)
                  0000d01e    00000002     szime2.0_pem4f.oem4f (.const:ti_sysbios_knl_Task_Module__loggerDefined__C)
                  0000d020    00000002     szime2.0_pem4f.oem4f (.const:ti_sysbios_knl_Task_deleteTerminatedTasks__C)
                  0000d022    00000002     szime2.0_pem4f.oem4f (.const:ti_sysbios_knl_Task_initStackFlag__C)
                  0000d024    00000002     szime2.0_pem4f.oem4f (.const:ti_sysbios_utils_Load_Module__id__C)
                  0000d026    00000002     szime2.0_pem4f.oem4f (.const:ti_sysbios_utils_Load_Module__loggerDefined__C)
                  0000d028    00000002     szime2.0_pem4f.oem4f (.const:ti_sysbios_utils_Load_autoAddTasks__C)
                  0000d02a    00000002     szime2.0_pem4f.oem4f (.const:ti_sysbios_utils_Load_hwiEnabled__C)
                  0000d02c    00000002     szime2.0_pem4f.oem4f (.const:ti_sysbios_utils_Load_swiEnabled__C)
                  0000d02e    00000002     szime2.0_pem4f.oem4f (.const:ti_sysbios_utils_Load_taskEnabled__C)
                  0000d030    00000002     szime2.0_pem4f.oem4f (.const:ti_sysbios_utils_Load_updateInIdle__C)
                  0000d032    00000002     szime2.0_pem4f.oem4f (.const:ti_uia_runtime_LoggerStopMode_Module__id__C)
                  0000d034    00000002     szime2.0_pem4f.oem4f (.const:ti_uia_runtime_LoggerStopMode_filterByLevel__C)
                  0000d036    00000002     szime2.0_pem4f.oem4f (.const:ti_uia_runtime_LoggerStopMode_isTimestampEnabled__C)
                  0000d038    00000002     szime2.0_pem4f.oem4f (.const:xdc_runtime_Core_Module__id__C)
                  0000d03a    00000002     szime2.0_pem4f.oem4f (.const:xdc_runtime_Error_Module__loggerDefined__C)
                  0000d03c    00000002     szime2.0_pem4f.oem4f (.const:xdc_runtime_Error_maxDepth__C)
                  0000d03e    00000002     szime2.0_pem4f.oem4f (.const:xdc_runtime_Main_Module__id__C)
                  0000d040    00000002     szime2.0_pem4f.oem4f (.const:xdc_runtime_Main_Module__loggerDefined__C)
                  0000d042    00000002     szime2.0_pem4f.oem4f (.const:xdc_runtime_Memory_Module__id__C)
                  0000d044    00000002     szime2.0_pem4f.oem4f (.const:xdc_runtime_SysMin_flushAtExit__C)
                  0000d046    00000002     szime2.0_pem4f.oem4f (.const:xdc_runtime_Text_charCnt__C)
                  0000d048    00000002     szime2.0_pem4f.oem4f (.const:xdc_runtime_Text_isLoaded__C)
                  0000d04a    00000002     szime2.0_pem4f.oem4f (.const:xdc_runtime_Text_registryModsLastId__C)
                  0000d04c    00000002     szime2.0_pem4f.oem4f (.const:xdc_runtime_Text_unnamedModsLastId__C)
                  0000d04e    00000001     szime2.0_pem4f.oem4f (.const:ti_sysbios_knl_Clock_tickSource__C)
                  0000d04f    00000001     szime2.0_pem4f.oem4f (.const:xdc_runtime_Error_policy__C)

.cinit     0    0000d050    000005d0     
                  0000d050    00000598     (.cinit..data.load) [load image, compression = rle]
                  0000d5e8    0000000c     (__TI_handler_table)
                  0000d5f4    00000004     --HOLE-- [fill = 0]
                  0000d5f8    00000008     (.cinit..bss.load) [load image, compression = zero_init]
                  0000d600    00000008     (.cinit..vecs.load) [load image, compression = zero_init]
                  0000d608    00000018     (__TI_cinit_table)

.vecs      0    20000000    00000360     UNINITIALIZED
                  20000000    00000360     szime2.0_pem4f.oem4f (.vecs)

.bss       0    20000360    00004a8c     UNINITIALIZED
                  20000360    00002770     szime2.0_pem4f.oem4f (.bss:taskStackSection)
                  20002ad0    00001000     szime2.0_pem4f.oem4f (.bss:ti_sysbios_heaps_HeapMem_Instance_State_0_buf__A)
                  20003ad0    00000480     szime2.0_pem4f.oem4f (.bss:ti_uia_runtime_LoggerStopMode_Instance_State_1_bufferArray__A)
                  20003f50    00000480     szime2.0_pem4f.oem4f (.bss:ti_uia_runtime_LoggerStopMode_Instance_State_2_bufferArray__A)
                  200043d0    00000400     szime2.0_pem4f.oem4f (.bss:xdc_runtime_SysMin_Module_State_0_outbuf__A)
                  200047d0    00000280     szime2.0_pem4f.oem4f (.bss:ti_uia_runtime_LoggerStopMode_Instance_State_0_bufferArray__A)
                  20004a50    000001f8     EKS_LM4F232.obj (.bss:uartTivaObjects)
                  20004c48    00000120     rtsv7M4_T_le_v4SPD16_eabi.lib : trgmsg.obj (.bss:__CIOBUF_)
                  20004d68    00000028     ti.sysbios.fatfs.aem4f : ffcio.oem4f (.bss:filTable)
                  20004d90    00000020     (.common:uartParams)
                  20004db0    00000008     (.common:parmbuf)
                  20004db8    00000008     (.common:ti_sysbios_knl_Task_Instance_State_0_hookEnv__A)
                  20004dc0    00000008     (.common:ti_sysbios_knl_Task_Instance_State_1_hookEnv__A)
                  20004dc8    00000008     (.common:ti_sysbios_knl_Task_Instance_State_2_hookEnv__A)
                  20004dd0    00000004     (.common:uart1)
                  20004dd4    00000004     (.common:uart2)
                  20004dd8    00000004     (.common:uart3)
                  20004ddc    00000004     (.common:uart4)
                  20004de0    00000004     (.common:uart5)
                  20004de4    00000004     (.common:uart6)
                  20004de8    00000004     (.common:uart7)

.stack     0    20004dec    00001000     UNINITIALIZED
                  20004dec    00001000     --HOLE--

.data      0    20005dec    00000bf4     UNINITIALIZED
                  20005dec    00000360     szime2.0_pem4f.oem4f (.data:ti_sysbios_family_arm_m3_Hwi_Module_State_0_dispatchTable__A)
                  2000614c    000001c8     szime2.0_pem4f.oem4f (.data)
                  20006314    00000108     szime2.0_pem4f.oem4f (.data:ti_uia_runtime_LoggerStopMode_Object__table__V)
                  2000641c    000000f0     szime2.0_pem4f.oem4f (.data:ti_sysbios_knl_Task_Object__table__V)
[...]
0000a1ef   ti_sysbios_knl_Queue_Instance_init__F
0000a1f5   ti_uia_runtime_LoggerStopMode_getPriority__E
0000a1fb   ti_uia_runtime_LoggerStopMode_getTransferType__E
0000a1fb   ti_uia_runtime_LoggerStopMode_getTransferType__F
0000a201   xdc_runtime_System_Module_startup__E
0000a201   xdc_runtime_System_Module_startup__F
0000a207   UARTIntClear
0000a20b   ff_rel_grant
0000a20f   ti_sysbios_BIOS_RtsGateProxy_enter__E
0000a213   ti_sysbios_BIOS_RtsGateProxy_leave__E
0000a217   ti_sysbios_family_arm_lm4_Timer_getPeriod__E
0000a21b   ti_sysbios_family_arm_lm4_Timer_masterEnable__I
0000a21f   ti_sysbios_family_arm_m3_TaskSupport_Module__startupDone__S
0000a223   ti_sysbios_gates_GateHwi_query__E
0000a223   ti_sysbios_gates_GateHwi_query__F
0000a223   xdc_runtime_Main_Module_GateProxy_query__E
0000a223   xdc_runtime_System_Module_GateProxy_query__E
0000a227   ti_sysbios_BIOS_RtsGateProxy_query__E
0000a227   ti_sysbios_gates_GateMutex_query__E
0000a227   ti_sysbios_gates_GateMutex_query__F
0000a227   ti_sysbios_heaps_HeapMem_Module_GateProxy_query__E
0000a22b   ti_sysbios_hal_Hwi_HwiProxy_Module__startupDone__S
0000a22f   ti_sysbios_hal_Hwi_HwiProxy_Object__delete__S
0000a233   ti_sysbios_hal_Timer_TimerProxy_Module__startupDone__S
0000a237   ti_sysbios_hal_Timer_TimerProxy_getExpiredCounts__E
0000a23b   ti_sysbios_hal_Timer_TimerProxy_getPeriod__E
0000a23f   ti_sysbios_hal_Timer_TimerProxy_setNextTick__E
0000a243   ti_sysbios_heaps_HeapMem_Module_GateProxy_enter__E
0000a247   ti_sysbios_heaps_HeapMem_Module_GateProxy_leave__E
0000a24b   ti_sysbios_knl_Task_SupportProxy_Module__startupDone__S
0000a24f   ti_sysbios_knl_Task_startup__E
0000a253   ti_uia_runtime_LogSync_CpuTimestampProxy_Module__startupDone__S
0000a257   ti_uia_runtime_LogSync_GlobalTimestampProxy_Module__startupDone__S
0000a25b   ti_uia_runtime_LoggerStopMode_getInstanceId__E
0000a25f   ti_uia_runtime_LoggerStopMode_getMaxLength__E
0000a263   ti_uia_runtime_LoggerStopMode_setPriority__E
0000a267   xdc_runtime_Error_getSite__E
0000a267   xdc_runtime_Error_getSite__F
0000a26b   xdc_runtime_Memory_HeapProxy_alloc__E
0000a26f   xdc_runtime_Memory_HeapProxy_free__E
0000a273   xdc_runtime_System_Module_GateProxy_enter__E
0000a277   xdc_runtime_System_Module_GateProxy_leave__E
0000a27b   xdc_runtime_System_aprintf_va__F
0000a27f   xdc_runtime_System_printf_va__F
0000a283   xdc_runtime_System_vsnprintf__E
0000a287   xdc_runtime_TimestampNull_Module__startupDone__S
0000a28b   xdc_runtime_Timestamp_Module__startupDone__S
0000a290   xdc_runtime_Text_charTab__A
0000c522   xdc_runtime_Text_nodeTab__A
0000c636   ti_sysbios_family_arm_m3_Hwi_priorities__A
0000c70e   ti_catalog_arm_cortexm4_tiva_ce_Boot_Module__id__C
0000c710   gpioHWAttrs
0000c83c   UART_config
0000c89c   ti_uia_runtime_LoggerStopMode_Module__FXNS__C
0000c944   GPIO_config
0000c984   uartTivaHWAttrs
0000c9bc   ti_sysbios_family_arm_m3_Hwi_Object__PARAMS__C
0000c9ec   ti_sysbios_knl_Task_hooks__A
0000ca1c   ti_uia_runtime_LoggerStopMode_Object__PARAMS__C
0000ca4c   xdc_runtime_Startup_sfxnTab__A
0000ca7c   ti_sysbios_hal_Hwi_Object__PARAMS__C
0000caa8   ti_sysbios_heaps_HeapMem_Module__FXNS__C
0000cad0   UARTTiva_fxnTable
0000caf4   ti_sysbios_gates_GateHwi_Module__FXNS__C
0000cb18   ti_sysbios_gates_GateMutex_Module__FXNS__C
0000cb3c   ti_sysbios_heaps_HeapMem_Object__PARAMS__C
0000cb60   ti_sysbios_knl_Semaphore_Object__PARAMS__C
0000cb84   ti_sysbios_family_arm_m3_Hwi_Object__DESC__C
0000cba4   ti_sysbios_gates_GateHwi_Object__DESC__C
0000cbc4   ti_sysbios_gates_GateMutex_Object__DESC__C
0000cbe4   ti_sysbios_hal_Hwi_Object__DESC__C
0000cc04   ti_sysbios_heaps_HeapMem_Object__DESC__C
0000cc24   ti_sysbios_knl_Queue_Object__DESC__C
0000cc44   ti_sysbios_knl_Semaphore_Object__DESC__C
0000cc64   ti_uia_runtime_LoggerStopMode_Object__DESC__C
0000cc84   ti_sysbios_gates_GateHwi_Object__PARAMS__C
0000cc9c   ti_sysbios_gates_GateMutex_Object__PARAMS__C
0000ccb4   ti_sysbios_knl_Queue_Object__PARAMS__C
0000cccc   xdc_runtime_Startup_sfxnRts__A
0000cce4   xdc_runtime_Startup_firstFxns__A
0000cd19   ti_sysbios_knl_Clock_tickMode__C
0000cd1a   ti_sysbios_BIOS_Module__id__C
0000cd1c   ti_sysbios_family_arm_m3_Hwi_excHookFuncs__A
0000cd24   ti_sysbios_knl_Idle_coreList__A
0000cd2c   ti_sysbios_knl_Idle_coreList__C
0000cd34   ti_sysbios_knl_Idle_funcList__A
0000cd3c   ti_sysbios_knl_Idle_funcList__C
0000cd44   ti_sysbios_knl_Task_hooks__C
0000cd4c   xdc_runtime_Startup_firstFxns__C
0000cd54   xdc_runtime_Startup_lastFxns__A
0000cd5c   xdc_runtime_Startup_lastFxns__C
0000cd64   ti_catalog_arm_cortexm4_tiva_ce_Boot_A_mustUseEnhancedClockMode__C
0000cd68   ti_catalog_arm_cortexm4_tiva_ce_Boot_Module__diagsEnabled__C
0000cd6c   ti_catalog_arm_cortexm4_tiva_ce_Boot_Module__diagsIncluded__C
0000cd70   ti_catalog_arm_cortexm4_tiva_ce_Boot_Module__diagsMask__C
0000cd74   ti_sysbios_BIOS_Module__diagsEnabled__C
0000cd78   ti_sysbios_BIOS_Module__diagsIncluded__C
0000cd7c   ti_sysbios_BIOS_Module__diagsMask__C
0000cd80   ti_sysbios_BIOS_installedErrorHook__C
0000cd84   ti_sysbios_family_arm_lm4_Timer_numTimerDevices__C
0000cd88   ti_sysbios_family_arm_lm4_Timer_startupNeeded__C
0000cd8c   ti_sysbios_family_arm_m3_Hwi_E_NMI__C
0000cd90   ti_sysbios_family_arm_m3_Hwi_E_alreadyDefined__C
0000cd94   ti_sysbios_family_arm_m3_Hwi_E_busFault__C
0000cd98   ti_sysbios_family_arm_m3_Hwi_E_debugMon__C
0000cd9c   ti_sysbios_family_arm_m3_Hwi_E_hardFault__C
0000cda0   ti_sysbios_family_arm_m3_Hwi_E_memFault__C
0000cda4   ti_sysbios_family_arm_m3_Hwi_E_noIsr__C
0000cda8   ti_sysbios_family_arm_m3_Hwi_E_reserved__C
0000cdac   ti_sysbios_family_arm_m3_Hwi_E_svCall__C
0000cdb0   ti_sysbios_family_arm_m3_Hwi_E_usageFault__C
0000cdb4   ti_sysbios_family_arm_m3_Hwi_LD_end__C
0000cdb8   ti_sysbios_family_arm_m3_Hwi_LM_begin__C
0000cdbc   ti_sysbios_family_arm_m3_Hwi_Module__diagsEnabled__C
0000cdc0   ti_sysbios_family_arm_m3_Hwi_Module__diagsIncluded__C
0000cdc4   ti_sysbios_family_arm_m3_Hwi_Module__diagsMask__C
0000cdc8   ti_sysbios_family_arm_m3_Hwi_Module__loggerFxn1__C
0000cdcc   ti_sysbios_family_arm_m3_Hwi_Module__loggerFxn8__C
0000cdd0   ti_sysbios_family_arm_m3_Hwi_Module__loggerObj__C
0000cdd4   ti_sysbios_family_arm_m3_Hwi_NUM_INTERRUPTS__C
0000cdd8   ti_sysbios_family_arm_m3_Hwi_ccr__C
0000cddc   ti_sysbios_family_arm_m3_Hwi_disablePriority__C
0000cde0   ti_sysbios_family_arm_m3_Hwi_dispatchTable__C
0000cde4   ti_sysbios_family_arm_m3_Hwi_excHandlerFunc__C
0000cde8   ti_sysbios_family_arm_m3_Hwi_excHookFuncs__C
0000cdec   ti_sysbios_family_arm_m3_Hwi_priGroup__C
0000cdf0   ti_sysbios_family_arm_m3_Hwi_priorities__C
0000cdf4   ti_sysbios_gates_GateMutex_A_badContext__C
0000cdf8   ti_sysbios_gates_GateMutex_Instance_State_sem__O
0000cdfc   ti_sysbios_gates_GateMutex_Module__diagsEnabled__C
0000ce00   ti_sysbios_gates_GateMutex_Module__diagsIncluded__C
0000ce04   ti_sysbios_gates_GateMutex_Module__diagsMask__C
0000ce08   ti_sysbios_hal_Hwi_E_stackOverflow__C
0000ce0c   ti_sysbios_heaps_HeapMem_A_align__C
0000ce10   ti_sysbios_heaps_HeapMem_A_heapSize__C
0000ce14   ti_sysbios_heaps_HeapMem_A_invalidFree__C
0000ce18   ti_sysbios_heaps_HeapMem_A_zeroBlock__C
0000ce1c   ti_sysbios_heaps_HeapMem_E_memory__C
0000ce20   ti_sysbios_heaps_HeapMem_Module__diagsEnabled__C
0000ce24   ti_sysbios_heaps_HeapMem_Module__diagsIncluded__C
0000ce28   ti_sysbios_heaps_HeapMem_Module__diagsMask__C
0000ce2c   ti_sysbios_heaps_HeapMem_Module__gateObj__C
0000ce30   ti_sysbios_heaps_HeapMem_Object__count__C
0000ce34   ti_sysbios_heaps_HeapMem_reqAlign__C
0000ce38   ti_sysbios_knl_Clock_LM_begin__C
0000ce3c   ti_sysbios_knl_Clock_LM_tick__C
0000ce40   ti_sysbios_knl_Clock_LW_delayed__C
0000ce44   ti_sysbios_knl_Clock_Module_State_clockQ__O
0000ce48   ti_sysbios_knl_Clock_Module__diagsEnabled__C
0000ce4c   ti_sysbios_knl_Clock_Module__diagsIncluded__C
0000ce50   ti_sysbios_knl_Clock_Module__diagsMask__C
0000ce54   ti_sysbios_knl_Clock_Module__loggerFxn1__C
0000ce58   ti_sysbios_knl_Clock_Module__loggerFxn2__C
0000ce5c   ti_sysbios_knl_Clock_Module__loggerObj__C
0000ce60   ti_sysbios_knl_Semaphore_A_badContext__C
0000ce64   ti_sysbios_knl_Semaphore_A_noEvents__C
0000ce68   ti_sysbios_knl_Semaphore_A_overflow__C
0000ce6c   ti_sysbios_knl_Semaphore_A_pendTaskDisabled__C
0000ce70   ti_sysbios_knl_Semaphore_Instance_State_pendQ__O
0000ce74   ti_sysbios_knl_Semaphore_LM_pend__C
0000ce78   ti_sysbios_knl_Semaphore_LM_post__C
0000ce7c   ti_sysbios_knl_Semaphore_Module__diagsEnabled__C
0000ce80   ti_sysbios_knl_Semaphore_Module__diagsIncluded__C
0000ce84   ti_sysbios_knl_Semaphore_Module__diagsMask__C
0000ce88   ti_sysbios_knl_Semaphore_Module__loggerFxn2__C
0000ce8c   ti_sysbios_knl_Semaphore_Module__loggerFxn4__C
0000ce90   ti_sysbios_knl_Semaphore_Module__loggerObj__C
0000ce94   ti_sysbios_knl_Swi_LD_end__C
0000ce98   ti_sysbios_knl_Swi_LM_begin__C
0000ce9c   ti_sysbios_knl_Swi_LM_post__C
0000cea0   ti_sysbios_knl_Swi_Module__diagsEnabled__C
0000cea4   ti_sysbios_knl_Swi_Module__diagsIncluded__C
0000cea8   ti_sysbios_knl_Swi_Module__diagsMask__C
0000ceac   ti_sysbios_knl_Swi_Module__loggerFxn1__C
0000ceb0   ti_sysbios_knl_Swi_Module__loggerFxn4__C
0000ceb4   ti_sysbios_knl_Swi_Module__loggerObj__C
0000ceb8   ti_sysbios_knl_Swi_Object__count__C
0000cebc   ti_sysbios_knl_Task_A_badTimeout__C
0000cec0   ti_sysbios_knl_Task_A_sleepTaskDisabled__C
0000cec4   ti_sysbios_knl_Task_E_spOutOfBounds__C
0000cec8   ti_sysbios_knl_Task_E_stackOverflow__C
0000cecc   ti_sysbios_knl_Task_LD_block__C
0000ced0   ti_sysbios_knl_Task_LD_exit__C
0000ced4   ti_sysbios_knl_Task_LD_ready__C
0000ced8   ti_sysbios_knl_Task_LM_sleep__C
0000cedc   ti_sysbios_knl_Task_LM_switch__C
0000cee0   ti_sysbios_knl_Task_Module_State_inactiveQ__O
0000cee4   ti_sysbios_knl_Task_Module_State_terminatedQ__O
0000cee8   ti_sysbios_knl_Task_Module__diagsEnabled__C
0000ceec   ti_sysbios_knl_Task_Module__diagsIncluded__C
0000cef0   ti_sysbios_knl_Task_Module__diagsMask__C
0000cef4   ti_sysbios_knl_Task_Module__loggerFxn2__C
0000cef8   ti_sysbios_knl_Task_Module__loggerFxn4__C
0000cefc   ti_sysbios_knl_Task_Module__loggerObj__C
0000cf00   ti_sysbios_knl_Task_Object__count__C
0000cf04   ti_sysbios_knl_Task_Object__heap__C
0000cf08   ti_sysbios_knl_Task_allBlockedFunc__C
0000cf0c   ti_sysbios_knl_Task_numConstructedTasks__C
0000cf10   ti_sysbios_utils_Load_LS_cpuLoad__C
0000cf14   ti_sysbios_utils_Load_LS_hwiLoad__C
0000cf18   ti_sysbios_utils_Load_LS_swiLoad__C
0000cf1c   ti_sysbios_utils_Load_LS_taskLoad__C
0000cf20   ti_sysbios_utils_Load_Module_State_taskList__O
0000cf24   ti_sysbios_utils_Load_Module__diagsEnabled__C
0000cf28   ti_sysbios_utils_Load_Module__diagsIncluded__C
0000cf2c   ti_sysbios_utils_Load_Module__diagsMask__C
0000cf30   ti_sysbios_utils_Load_Module__loggerFxn1__C
0000cf34   ti_sysbios_utils_Load_Module__loggerFxn2__C
0000cf38   ti_sysbios_utils_Load_Module__loggerFxn4__C
0000cf3c   ti_sysbios_utils_Load_Module__loggerObj__C
0000cf40   ti_sysbios_utils_Load_postUpdate__C
0000cf44   ti_sysbios_utils_Load_windowInMs__C
0000cf48   ti_uia_runtime_ILoggerSnapshot_Interface__BASE__C
0000cf4c   ti_uia_runtime_IUIATransfer_Interface__BASE__C
0000cf50   ti_uia_runtime_LoggerStopMode_E_badLevel__C
0000cf54   ti_uia_runtime_LoggerStopMode_Object__count__C
0000cf58   ti_uia_runtime_LoggerStopMode_overflowLogger__C
0000cf5c   ti_uia_runtime_LoggerStopMode_statusLogger__C
0000cf60   xdc_runtime_Assert_E_assertFailed__C
0000cf64   xdc_runtime_Core_A_initializedParams__C
0000cf68   xdc_runtime_Core_Module__diagsEnabled__C
0000cf6c   xdc_runtime_Core_Module__diagsIncluded__C
0000cf70   xdc_runtime_Core_Module__diagsMask__C
0000cf74   xdc_runtime_Error_E_memory__C
0000cf78   xdc_runtime_Error_Module__diagsEnabled__C
0000cf7c   xdc_runtime_Error_Module__diagsIncluded__C
0000cf80   xdc_runtime_Error_Module__diagsMask__C
0000cf84   xdc_runtime_Error_Module__loggerFxn8__C
0000cf88   xdc_runtime_Error_Module__loggerObj__C
0000cf8c   xdc_runtime_Error_raiseHook__C
0000cf90   xdc_runtime_IFilterLogger_Interface__BASE__C
0000cf94   xdc_runtime_IGateProvider_Interface__BASE__C
0000cf98   xdc_runtime_IHeap_Interface__BASE__C
0000cf9c   xdc_runtime_ILogger_Interface__BASE__C
0000cfa0   xdc_runtime_IModule_Interface__BASE__C
0000cfa4   xdc_runtime_Log_L_error__C
0000cfa8   xdc_runtime_Log_L_warning__C
0000cfac   xdc_runtime_Main_Module__diagsEnabled__C
0000cfb0   xdc_runtime_Main_Module__diagsIncluded__C
0000cfb4   xdc_runtime_Main_Module__diagsMask__C
0000cfb8   xdc_runtime_Main_Module__loggerFxn2__C
0000cfbc   xdc_runtime_Main_Module__loggerFxn4__C
0000cfc0   xdc_runtime_Main_Module__loggerObj__C
0000cfc4   xdc_runtime_Memory_defaultHeapInstance__C
0000cfc8   xdc_runtime_Startup_execImpl__C
0000cfcc   xdc_runtime_Startup_maxPasses__C
0000cfd0   xdc_runtime_Startup_sfxnRts__C
0000cfd4   xdc_runtime_Startup_sfxnTab__C
0000cfd8   xdc_runtime_SysMin_bufSize__C
0000cfdc   xdc_runtime_SysMin_outputFunc__C
0000cfe0   xdc_runtime_System_Module__gateObj__C
0000cfe4   xdc_runtime_System_extendFxn__C
0000cfe8   xdc_runtime_System_maxAtexitHandlers__C
0000cfec   xdc_runtime_Text_charTab__C
0000cff0   xdc_runtime_Text_nameEmpty__C
0000cff4   xdc_runtime_Text_nameStatic__C
0000cff8   xdc_runtime_Text_nameUnknown__C
0000cffc   xdc_runtime_Text_nodeTab__C
0000d000   xdc_runtime_Text_visitRopeFxn__C
0000d004   ti_sysbios_family_arm_lm4_TimestampProvider_useClockTimer__C
0000d006   ti_sysbios_family_arm_m3_Hwi_Module__id__C
0000d008   ti_sysbios_family_arm_m3_Hwi_Module__loggerDefined__C
0000d00a   ti_sysbios_gates_GateMutex_Module__id__C
0000d00c   ti_sysbios_hal_Hwi_Module__id__C
0000d00e   ti_sysbios_heaps_HeapMem_Module__id__C
0000d010   ti_sysbios_knl_Clock_Module__id__C
0000d012   ti_sysbios_knl_Clock_Module__loggerDefined__C
0000d014   ti_sysbios_knl_Semaphore_Module__id__C
0000d016   ti_sysbios_knl_Semaphore_Module__loggerDefined__C
0000d018   ti_sysbios_knl_Swi_Module__id__C
0000d01a   ti_sysbios_knl_Swi_Module__loggerDefined__C
0000d01c   ti_sysbios_knl_Task_Module__id__C
0000d01e   ti_sysbios_knl_Task_Module__loggerDefined__C
0000d020   ti_sysbios_knl_Task_deleteTerminatedTasks__C
0000d022   ti_sysbios_knl_Task_initStackFlag__C
0000d024   ti_sysbios_utils_Load_Module__id__C
0000d026   ti_sysbios_utils_Load_Module__loggerDefined__C
0000d028   ti_sysbios_utils_Load_autoAddTasks__C
0000d02a   ti_sysbios_utils_Load_hwiEnabled__C
0000d02c   ti_sysbios_utils_Load_swiEnabled__C
0000d02e   ti_sysbios_utils_Load_taskEnabled__C
0000d030   ti_sysbios_utils_Load_updateInIdle__C
0000d032   ti_uia_runtime_LoggerStopMode_Module__id__C
0000d034   ti_uia_runtime_LoggerStopMode_filterByLevel__C
0000d036   ti_uia_runtime_LoggerStopMode_isTimestampEnabled__C
0000d038   xdc_runtime_Core_Module__id__C
0000d03a   xdc_runtime_Error_Module__loggerDefined__C
0000d03c   xdc_runtime_Error_maxDepth__C
0000d03e   xdc_runtime_Main_Module__id__C
0000d040   xdc_runtime_Main_Module__loggerDefined__C
0000d042   xdc_runtime_Memory_Module__id__C
0000d044   xdc_runtime_SysMin_flushAtExit__C
0000d046   xdc_runtime_Text_charCnt__C
0000d048   xdc_runtime_Text_isLoaded__C
0000d04a   xdc_runtime_Text_registryModsLastId__C
0000d04c   xdc_runtime_Text_unnamedModsLastId__C
0000d04e   ti_sysbios_knl_Clock_tickSource__C
0000d04f   xdc_runtime_Error_policy__C
0000d5e8   __TI_Handler_Table_Base
0000d5f4   __TI_Handler_Table_Limit
0000d608   __TI_CINIT_Base
0000d620   __TI_CINIT_Limit
20000000   ti_sysbios_family_arm_m3_Hwi_ramVectors
20000360   ti_sysbios_knl_Task_Instance_State_0_stack__A
20000b60   ti_sysbios_knl_Task_Instance_State_1_stack__A
200022d0   ti_sysbios_knl_Task_Instance_State_2_stack__A
20002ad0   ti_sysbios_heaps_HeapMem_Instance_State_0_buf__A
20003ad0   ti_uia_runtime_LoggerStopMode_Instance_State_1_bufferArray__A
20003f50   ti_uia_runtime_LoggerStopMode_Instance_State_2_bufferArray__A
200043d0   xdc_runtime_SysMin_Module_State_0_outbuf__A
200047d0   ti_uia_runtime_LoggerStopMode_Instance_State_0_bufferArray__A
20004a50   uartTivaObjects
20004c48   __CIOBUF_
20004d90   uartParams
20004db8   ti_sysbios_knl_Task_Instance_State_0_hookEnv__A
20004dc0   ti_sysbios_knl_Task_Instance_State_1_hookEnv__A
20004dc8   ti_sysbios_knl_Task_Instance_State_2_hookEnv__A
20004dd0   uart1
20004dd4   uart2
20004dd8   uart3
20004ddc   uart4
20004de0   uart5
20004de4   uart6
20004de8   uart7
20004dec   __stack
20004eec   __STACK_TOP
20005dec   __STACK_END
20005dec   ti_sysbios_family_arm_m3_Hwi_Module_State_0_dispatchTable__A
2000614c   ti_sysbios_BIOS_Module__state__V
2000616c   ti_sysbios_family_arm_lm4_Timer_Module__root__V
20006174   ti_sysbios_family_arm_lm4_Timer_Module_State_0_handles__A
2000618c   ti_sysbios_family_arm_lm4_Timer_Module__state__V
20006198   ti_sysbios_family_arm_lm4_TimestampProvider_Module__state__V
200061a0   ti_sysbios_family_arm_m3_Hwi_Module__root__V
200061a8   ti_sysbios_family_arm_m3_Hwi_Module_State_0_excActive__A
200061ac   ti_sysbios_family_arm_m3_Hwi_Module_State_0_excContext__A
200061b0   ti_sysbios_family_arm_m3_Hwi_Module_State_0_excStack__A
200061b4   ti_sysbios_gates_GateHwi_Module__root__V
200061bc   ti_sysbios_gates_GateHwi_Object__table__V
200061c0   ti_sysbios_gates_GateMutex_Module__root__V
200061c8   ti_sysbios_hal_Hwi_Module__root__V
200061d0   ti_sysbios_hal_Timer_Module__root__V
200061d8   ti_sysbios_hal_Timer_Object__table__V
200061e0   ti_sysbios_heaps_HeapMem_Module__root__V
200061e8   ti_sysbios_heaps_HeapMem_Object__table__V
20006200   ti_sysbios_knl_Clock_Module__root__V
20006208   ti_sysbios_knl_Clock_Object__table__V
20006228   ti_sysbios_knl_Event_Module__root__V
20006234   ti_sysbios_knl_Queue_Module__root__V
2000623c   ti_sysbios_knl_Semaphore_Module__root__V
20006248   ti_sysbios_knl_Swi_Module__root__V
20006250   ti_sysbios_knl_Swi_Module__state__V
2000626c   ti_sysbios_knl_Task_Module__root__V
20006278   ti_sysbios_knl_Task_Module_State_0_idleTask__A
2000627c   ti_sysbios_utils_Load_Module__root__V
20006280   ti_sysbios_utils_Load_Module_State_0_taskStartTime__A
20006284   ti_sysbios_utils_Load_Module_State_0_runningTask__A
20006288   ti_uia_runtime_LogSync_Module__root__V
20006290   ti_uia_runtime_LogSync_Module__state__V
2000629c   ti_uia_runtime_LoggerStopMode_Module__root__V
200062a4   ti_uia_runtime_LoggerStopMode_Module__state__V
200062ac   ti_uia_runtime_QueueDescriptor_Module__state__V
200062b8   xdc_runtime_Error_Module__state__V
200062ba   xdc_runtime_Main_Module__root__V
200062bc   xdc_runtime_Memory_Module__state__V
200062c0   xdc_runtime_Registry_Module__state__V
200062c8   xdc_runtime_Startup_Module__state__V
200062d0   xdc_runtime_SysMin_Module__state__V
200062dc   xdc_runtime_System_Module_State_0_atexitHandlers__A
200062fc   xdc_runtime_System_Module__state__V
20006308   xdc_runtime_Text_Module__state__V
20006310   __xdc__init__addr
20006314   ti_uia_runtime_LoggerStopMode_Object__table__V
2000641c   ti_sysbios_knl_Task_Object__table__V
200064bc   TSK_idle
200065dc   ti_sysbios_knl_Swi_Module_State_0_readyQ__A
2000665c   ti_sysbios_knl_Task_Module_State_0_readyQ__A
200066dc   ti_sysbios_utils_Load_Module__state__V
20006758   ti_sysbios_family_arm_lm4_Timer_Object__table__V
200067c8   ti_sysbios_family_arm_m3_Hwi_Module__state__V
2000686c   ti_sysbios_knl_Task_Module__state__V
200068b0   ti_sysbios_gates_GateMutex_Object__table__V
200068e8   ti_sysbios_family_arm_lm4_Timer_Module_State_0_device__A
20006918   ti_sysbios_family_arm_m3_Hwi_Object__table__V
20006948   ti_sysbios_knl_Swi_Object__table__V
20006978   ti_sysbios_knl_Clock_Module__state__V
200069b4   _lock
200069b8   _unlock
200069bc   __TI_cleanup_ptr
200069c0   __TI_dtors_ptr
200069c4   ti_uia_runtime_QueueDescriptor_gPtrToFirstDescriptor
200069c8   ti_uia_runtime_QueueDescriptor_gUpdateCount
200069d4   main_func_sp
40000400   ti_sysbios_family_arm_ducati_CTM_ctm
e000e000   ti_sysbios_family_arm_m3_Hwi_nvic
ffffffff   __binit__
ffffffff   __c_args__
ffffffff   binit
UNDEFED    SHT$$INIT_ARRAY$$Base
UNDEFED    SHT$$INIT_ARRAY$$Limit

[853 symbols]
